2025-04-23 10:36:49,388 INFO:Updated is_started=true for IDs: [1, 2]
2025-04-23 10:36:49,388 INFO:Entering trade_function with row: {'id': 1, 'user_id': 1, 'strategy_id': '123qwe', 'stock_token': '3045', 'trade_count': 2, 'quantity': 150, 'created_at': datetime.datetime(2025, 4, 20, 9, 2, 21, 884300), 'updated_at': datetime.datetime(2025, 4, 20, 9, 2, 21, 884300), 'is_active': True, 'is_started': False, 'deactivated_at': None, 'deactivated_by': None}
2025-04-23 10:36:49,394 INFO:Extracting values from row
2025-04-23 10:36:49,394 INFO:Extracted quantity: 150
2025-04-23 10:36:49,394 INFO:Extracted stock_token: 3045
2025-04-23 10:36:49,394 INFO:Extracted trade_count: 2
2025-04-23 10:36:49,394 INFO:Extracted user_id: 1
2025-04-23 10:36:49,394 INFO:Extracted strategy_id: 123qwe
2025-04-23 10:36:49,394 INFO:Processing trade for user_id=1, strategy_id=123qwe, stock_token=3045
2025-04-23 10:36:49,394 INFO:Fetching user details for user_id: 1
2025-04-23 10:36:49,399 INFO:Fetched user details: [{'id': 1, 'name': 'veera', 'email': 'veerakumarhgkfm@gmail.com', 'age': 27, 'gender': 'male'}]
2025-04-23 10:36:49,399 INFO:Fetching strategy details for strategy_id: 123qwe
2025-04-23 10:36:49,402 INFO:Fetched strategy details: [{'id': 4, 'strategy_name': '3 EMA', 'uuid': '123qwe', 'created_at': datetime.datetime(2025, 4, 20, 1, 49, 44, 678215), 'updated_at': datetime.datetime(2025, 4, 20, 1, 49, 44, 678215), 'created_by': 0, 'is_deleted': False, 'deleted_at': None, 'deleted_by': 0}]
2025-04-23 10:36:49,402 INFO:Fetching stock details for stock_token: 3045
2025-04-23 10:36:49,433 INFO:Fetched stock details: [{'id': 2, 'stock_name': 'SBIN-EQ', 'token': '3045', 'ltp': 81760, 'last_update': datetime.datetime(2025, 4, 23, 10, 36, 46, 918539)}]
2025-04-23 10:36:49,437 INFO:Fetching historical data for stock_token: 3045
2025-04-23 10:36:50,197 INFO:Fetched historical data:                     timestamp    open    high     low   close  ...        long  buy  sell  buy_exit  sell_exit
0   2025-04-22 09:15:00+05:30  821.10  821.10  817.00  818.80  ...  818.800000  NaN   NaN       NaN        NaN
1   2025-04-22 09:16:00+05:30  818.75  818.75  814.60  814.60  ...  818.668750  NaN   NaN       NaN        NaN
2   2025-04-22 09:17:00+05:30  814.60  816.00  814.00  815.35  ...  818.565039  NaN   NaN       NaN        NaN
3   2025-04-22 09:18:00+05:30  815.30  816.00  814.75  815.50  ...  818.469257  NaN   NaN       NaN        NaN
4   2025-04-22 09:19:00+05:30  815.55  815.75  814.50  814.60  ...  818.348342  NaN   NaN       NaN        NaN
..                        ...     ...     ...     ...     ...  ...         ...  ...   ...       ...        ...
452 2025-04-23 10:32:00+05:30  817.50  817.60  817.15  817.55  ...  818.667038  NaN   NaN       NaN        NaN
453 2025-04-23 10:33:00+05:30  817.50  817.60  816.50  816.70  ...  818.605568  NaN   NaN       NaN        NaN
454 2025-04-23 10:34:00+05:30  816.75  816.80  816.20  816.35  ...  818.535082  NaN   NaN       NaN        NaN
455 2025-04-23 10:35:00+05:30  816.45  816.75  816.15  816.65  ...  818.476173  NaN   NaN       NaN        NaN
456 2025-04-23 10:36:00+05:30  816.70  817.85  816.55  817.85  ...  818.456605  NaN   NaN       NaN        NaN

[457 rows x 13 columns]
2025-04-23 10:36:50,197 INFO:Entering while loop with trade_count: 2
2025-04-23 10:36:50,262 INFO:Combined historical with live algo:                       timestamp    open    high     low     close  ...         long  buy  sell  buy_exit  sell_exit
0     2025-04-22 09:15:00+05:30  821.10  821.10  817.00    818.80  ...   818.800000  NaN   NaN       NaN        NaN
1     2025-04-22 09:16:00+05:30  818.75  818.75  814.60    814.60  ...   818.668750  NaN   NaN       NaN        NaN
2     2025-04-22 09:17:00+05:30  814.60  816.00  814.00    815.35  ...   818.565039  NaN   NaN       NaN        NaN
3     2025-04-22 09:18:00+05:30  815.30  816.00  814.75    815.50  ...   818.469257  NaN   NaN       NaN        NaN
4     2025-04-22 09:19:00+05:30  815.55  815.75  814.50    814.60  ...   818.348342  NaN   NaN       NaN        NaN
..                          ...     ...     ...     ...       ...  ...          ...  ...   ...       ...        ...
453   2025-04-23 10:33:00+05:30  817.50  817.60  816.50    816.70  ...   818.605568  NaN   NaN       NaN        NaN
454   2025-04-23 10:34:00+05:30  816.75  816.80  816.20    816.35  ...   818.535082  NaN   NaN       NaN        NaN
455   2025-04-23 10:35:00+05:30  816.45  816.75  816.15    816.65  ...   818.476173  NaN   NaN       NaN        NaN
456   2025-04-23 10:36:00+05:30  816.70  817.85  816.55    817.85  ...   818.456605  NaN   NaN       NaN        NaN
457  2025-04-23 10:36:49.887298     NaN     NaN     NaN  81785.00  ...  3348.661086  NaN   NaN       NaN        NaN

[458 rows x 13 columns]
2025-04-23 10:36:50,266 INFO:Final row: {'timestamp': Timestamp('2025-04-23 10:36:49.887298'), 'open': nan, 'high': nan, 'low': nan, 'close': 81785.0, 'volume': nan, 'short': 27806.442905012856, 'middle': 8177.667096757767, 'long': 3348.6610859762204, 'buy': nan, 'sell': nan, 'buy_exit': nan, 'sell_exit': nan}
2025-04-23 10:36:50,722 ERROR:Error processing trade for user_id=1 - local variable 'order_params' referenced before assignment
Traceback (most recent call last):
  File "D:\POC\smartAPI\sub-Modules\place_order\app.py", line 139, in trade_function
    place_angelone_order(smart_api_obj=get_auth(api_key=api_key, username=username, pwd=pwd, token=token), order_details=order_params)
UnboundLocalError: local variable 'order_params' referenced before assignment
2025-04-23 10:38:13,890 INFO:Updated is_started=true for IDs: [1, 2]
2025-04-23 10:38:13,890 INFO:Entering trade_function with row: {'id': 1, 'user_id': 1, 'strategy_id': '123qwe', 'stock_token': '3045', 'trade_count': 2, 'quantity': 150, 'created_at': datetime.datetime(2025, 4, 20, 9, 2, 21, 884300), 'updated_at': datetime.datetime(2025, 4, 20, 9, 2, 21, 884300), 'is_active': True, 'is_started': False, 'deactivated_at': None, 'deactivated_by': None}
2025-04-23 10:38:13,890 INFO:Extracting values from row
2025-04-23 10:38:13,890 INFO:Extracted quantity: 150
2025-04-23 10:38:13,890 INFO:Extracted stock_token: 3045
2025-04-23 10:38:13,890 INFO:Extracted trade_count: 2
2025-04-23 10:38:13,890 INFO:Extracted user_id: 1
2025-04-23 10:38:13,890 INFO:Extracted strategy_id: 123qwe
2025-04-23 10:38:13,890 INFO:Processing trade for user_id=1, strategy_id=123qwe, stock_token=3045
2025-04-23 10:38:13,890 INFO:Fetching user details for user_id: 1
2025-04-23 10:38:13,899 INFO:Fetched user details: [{'id': 1, 'name': 'veera', 'email': 'veerakumarhgkfm@gmail.com', 'age': 27, 'gender': 'male'}]
2025-04-23 10:38:13,899 INFO:Fetching strategy details for strategy_id: 123qwe
2025-04-23 10:38:13,909 INFO:Fetched strategy details: [{'id': 4, 'strategy_name': '3 EMA', 'uuid': '123qwe', 'created_at': datetime.datetime(2025, 4, 20, 1, 49, 44, 678215), 'updated_at': datetime.datetime(2025, 4, 20, 1, 49, 44, 678215), 'created_by': 0, 'is_deleted': False, 'deleted_at': None, 'deleted_by': 0}]
2025-04-23 10:38:13,909 INFO:Fetching stock details for stock_token: 3045
2025-04-23 10:38:13,931 INFO:Fetched stock details: [{'id': 2, 'stock_name': 'SBIN-EQ', 'token': '3045', 'ltp': 81785, 'last_update': datetime.datetime(2025, 4, 23, 10, 38, 13, 34555)}]
2025-04-23 10:38:13,931 INFO:Fetching historical data for stock_token: 3045
2025-04-23 10:38:14,827 INFO:Fetched historical data:                     timestamp    open    high     low   close  ...        long  buy  sell  buy_exit  sell_exit
0   2025-04-22 09:15:00+05:30  821.10  821.10  817.00  818.80  ...  818.800000  NaN   NaN       NaN        NaN
1   2025-04-22 09:16:00+05:30  818.75  818.75  814.60  814.60  ...  818.668750  NaN   NaN       NaN        NaN
2   2025-04-22 09:17:00+05:30  814.60  816.00  814.00  815.35  ...  818.565039  NaN   NaN       NaN        NaN
3   2025-04-22 09:18:00+05:30  815.30  816.00  814.75  815.50  ...  818.469257  NaN   NaN       NaN        NaN
4   2025-04-22 09:19:00+05:30  815.55  815.75  814.50  814.60  ...  818.348342  NaN   NaN       NaN        NaN
..                        ...     ...     ...     ...     ...  ...         ...  ...   ...       ...        ...
454 2025-04-23 10:34:00+05:30  816.75  816.80  816.20  816.35  ...  818.535082  NaN   NaN       NaN        NaN
455 2025-04-23 10:35:00+05:30  816.45  816.75  816.15  816.65  ...  818.476173  NaN   NaN       NaN        NaN
456 2025-04-23 10:36:00+05:30  816.70  818.25  816.55  818.15  ...  818.465980  NaN   NaN       NaN        NaN
457 2025-04-23 10:37:00+05:30  818.25  818.50  817.40  817.85  ...  818.446731  NaN   NaN       NaN        NaN
458 2025-04-23 10:38:00+05:30  817.90  817.95  817.60  817.85  ...  818.428083  NaN   NaN       NaN        NaN

[459 rows x 13 columns]
2025-04-23 10:38:14,827 INFO:Entering while loop with trade_count: 2
2025-04-23 10:38:14,886 INFO:Combined historical with live algo:                       timestamp    open    high     low     close  ...         long  buy  sell  buy_exit  sell_exit
0     2025-04-22 09:15:00+05:30  821.10  821.10  817.00    818.80  ...   818.800000  NaN   NaN       NaN        NaN
1     2025-04-22 09:16:00+05:30  818.75  818.75  814.60    814.60  ...   818.668750  NaN   NaN       NaN        NaN
2     2025-04-22 09:17:00+05:30  814.60  816.00  814.00    815.35  ...   818.565039  NaN   NaN       NaN        NaN
3     2025-04-22 09:18:00+05:30  815.30  816.00  814.75    815.50  ...   818.469257  NaN   NaN       NaN        NaN
4     2025-04-22 09:19:00+05:30  815.55  815.75  814.50    814.60  ...   818.348342  NaN   NaN       NaN        NaN
..                          ...     ...     ...     ...       ...  ...          ...  ...   ...       ...        ...
455   2025-04-23 10:35:00+05:30  816.45  816.75  816.15    816.65  ...   818.476173  NaN   NaN       NaN        NaN
456   2025-04-23 10:36:00+05:30  816.70  818.25  816.55    818.15  ...   818.465980  NaN   NaN       NaN        NaN
457   2025-04-23 10:37:00+05:30  818.25  818.50  817.40    817.85  ...   818.446731  NaN   NaN       NaN        NaN
458   2025-04-23 10:38:00+05:30  817.90  817.95  817.60    817.85  ...   818.428083  NaN   NaN       NaN        NaN
459  2025-04-23 10:38:13.963196     NaN     NaN     NaN  81785.00  ...  3348.633455  NaN   NaN       NaN        NaN

[460 rows x 13 columns]
2025-04-23 10:38:14,890 INFO:Final row: {'timestamp': Timestamp('2025-04-23 10:38:13.963196'), 'open': nan, 'high': nan, 'low': nan, 'close': 81785.0, 'volume': nan, 'short': 27806.72647630201, 'middle': 8177.8321406166915, 'long': 3348.6334550953898, 'buy': nan, 'sell': nan, 'buy_exit': nan, 'sell_exit': nan}
2025-04-23 10:38:14,890 INFO:Buy exit signal received
2025-04-23 10:38:14,890 INFO:Sell exit signal received
2025-04-23 10:38:14,890 INFO:Entering while loop with trade_count: 2
2025-04-23 10:38:14,945 INFO:Combined historical with live algo:                       timestamp    open    high     low     close  ...         long  buy  sell  buy_exit  sell_exit
0     2025-04-22 09:15:00+05:30  821.10  821.10  817.00    818.80  ...   818.800000  NaN   NaN       NaN        NaN
1     2025-04-22 09:16:00+05:30  818.75  818.75  814.60    814.60  ...   818.668750  NaN   NaN       NaN        NaN
2     2025-04-22 09:17:00+05:30  814.60  816.00  814.00    815.35  ...   818.565039  NaN   NaN       NaN        NaN
3     2025-04-22 09:18:00+05:30  815.30  816.00  814.75    815.50  ...   818.469257  NaN   NaN       NaN        NaN
4     2025-04-22 09:19:00+05:30  815.55  815.75  814.50    814.60  ...   818.348342  NaN   NaN       NaN        NaN
..                          ...     ...     ...     ...       ...  ...          ...  ...   ...       ...        ...
456   2025-04-23 10:36:00+05:30  816.70  818.25  816.55    818.15  ...   818.465980  NaN   NaN       NaN        NaN
457   2025-04-23 10:37:00+05:30  818.25  818.50  817.40    817.85  ...   818.446731  NaN   NaN       NaN        NaN
458   2025-04-23 10:38:00+05:30  817.90  817.95  817.60    817.85  ...   818.428083  NaN   NaN       NaN        NaN
459  2025-04-23 10:38:13.963196     NaN     NaN     NaN  81785.00  ...  3348.633455  NaN   NaN       NaN        NaN
460  2025-04-23 10:38:13.963196     NaN     NaN     NaN  81785.00  ...  5799.769910  NaN   NaN       NaN        NaN

[461 rows x 13 columns]
2025-04-23 10:38:14,945 INFO:Final row: {'timestamp': Timestamp('2025-04-23 10:38:13.963196'), 'open': nan, 'high': nan, 'low': nan, 'close': 81785.0, 'volume': nan, 'short': 45799.484317534676, 'middle': 14869.392855106082, 'long': 5799.769909623659, 'buy': nan, 'sell': nan, 'buy_exit': nan, 'sell_exit': nan}
2025-04-23 10:38:14,945 INFO:Buy exit signal received
2025-04-23 10:38:14,945 INFO:Sell exit signal received
2025-04-23 10:38:14,945 INFO:Entering while loop with trade_count: 2
2025-04-23 10:38:15,012 INFO:Combined historical with live algo:                       timestamp    open    high     low     close  ...         long  buy  sell  buy_exit  sell_exit
0     2025-04-22 09:15:00+05:30  821.10  821.10  817.00    818.80  ...   818.800000  NaN   NaN       NaN        NaN
1     2025-04-22 09:16:00+05:30  818.75  818.75  814.60    814.60  ...   818.668750  NaN   NaN       NaN        NaN
2     2025-04-22 09:17:00+05:30  814.60  816.00  814.00    815.35  ...   818.565039  NaN   NaN       NaN        NaN
3     2025-04-22 09:18:00+05:30  815.30  816.00  814.75    815.50  ...   818.469257  NaN   NaN       NaN        NaN
4     2025-04-22 09:19:00+05:30  815.55  815.75  814.50    814.60  ...   818.348342  NaN   NaN       NaN        NaN
..                          ...     ...     ...     ...       ...  ...          ...  ...   ...       ...        ...
457   2025-04-23 10:37:00+05:30  818.25  818.50  817.40    817.85  ...   818.446731  NaN   NaN       NaN        NaN
458   2025-04-23 10:38:00+05:30  817.90  817.95  817.60    817.85  ...   818.428083  NaN   NaN       NaN        NaN
459  2025-04-23 10:38:13.963196     NaN     NaN     NaN  81785.00  ...  3348.633455  NaN   NaN       NaN        NaN
460  2025-04-23 10:38:13.963196     NaN     NaN     NaN  81785.00  ...  5799.769910  NaN   NaN       NaN        NaN
461  2025-04-23 10:38:13.963196     NaN     NaN     NaN  81785.00  ...  8174.308350  NaN   NaN       NaN        NaN

[462 rows x 13 columns]
2025-04-23 10:38:15,012 INFO:Final row: {'timestamp': Timestamp('2025-04-23 10:38:13.963196'), 'open': nan, 'high': nan, 'low': nan, 'close': 81785.0, 'volume': nan, 'short': 57794.656211689784, 'middle': 20952.629868278258, 'long': 8174.30834994792, 'buy': nan, 'sell': nan, 'buy_exit': nan, 'sell_exit': nan}
2025-04-23 10:38:15,012 INFO:Buy exit signal received
2025-04-23 10:38:15,012 INFO:Sell exit signal received
2025-04-23 10:38:15,012 INFO:Entering while loop with trade_count: 2
2025-04-23 10:38:15,078 INFO:Combined historical with live algo:                       timestamp    open    high     low     close  ...          long  buy  sell  buy_exit  sell_exit
0     2025-04-22 09:15:00+05:30  821.10  821.10  817.00    818.80  ...    818.800000  NaN   NaN       NaN        NaN
1     2025-04-22 09:16:00+05:30  818.75  818.75  814.60    814.60  ...    818.668750  NaN   NaN       NaN        NaN
2     2025-04-22 09:17:00+05:30  814.60  816.00  814.00    815.35  ...    818.565039  NaN   NaN       NaN        NaN
3     2025-04-22 09:18:00+05:30  815.30  816.00  814.75    815.50  ...    818.469257  NaN   NaN       NaN        NaN
4     2025-04-22 09:19:00+05:30  815.55  815.75  814.50    814.60  ...    818.348342  NaN   NaN       NaN        NaN
..                          ...     ...     ...     ...       ...  ...           ...  ...   ...       ...        ...
458   2025-04-23 10:38:00+05:30  817.90  817.95  817.60    817.85  ...    818.428083  NaN   NaN       NaN        NaN
459  2025-04-23 10:38:13.963196     NaN     NaN     NaN  81785.00  ...   3348.633455  NaN   NaN       NaN        NaN
460  2025-04-23 10:38:13.963196     NaN     NaN     NaN  81785.00  ...   5799.769910  NaN   NaN       NaN        NaN
461  2025-04-23 10:38:13.963196     NaN     NaN     NaN  81785.00  ...   8174.308350  NaN   NaN       NaN        NaN
462  2025-04-23 10:38:14.984274     NaN     NaN     NaN  81785.00  ...  10474.642464  NaN   NaN       NaN        NaN

[463 rows x 13 columns]
2025-04-23 10:38:15,078 INFO:Final row: {'timestamp': Timestamp('2025-04-23 10:38:14.984274'), 'open': nan, 'high': nan, 'low': nan, 'close': 81785.0, 'volume': nan, 'short': 65791.43747445986, 'middle': 26482.845334798414, 'long': 10474.642464012048, 'buy': nan, 'sell': nan, 'buy_exit': nan, 'sell_exit': nan}
2025-04-23 10:38:15,078 INFO:Buy exit signal received
2025-04-23 10:38:15,078 INFO:Sell exit signal received
2025-04-23 10:38:15,078 INFO:Entering while loop with trade_count: 2
2025-04-23 10:38:15,146 INFO:Combined historical with live algo:                       timestamp    open    high     low     close  ...          long  buy  sell  buy_exit  sell_exit
0     2025-04-22 09:15:00+05:30  821.10  821.10  817.00    818.80  ...    818.800000  NaN   NaN       NaN        NaN
1     2025-04-22 09:16:00+05:30  818.75  818.75  814.60    814.60  ...    818.668750  NaN   NaN       NaN        NaN
2     2025-04-22 09:17:00+05:30  814.60  816.00  814.00    815.35  ...    818.565039  NaN   NaN       NaN        NaN
3     2025-04-22 09:18:00+05:30  815.30  816.00  814.75    815.50  ...    818.469257  NaN   NaN       NaN        NaN
4     2025-04-22 09:19:00+05:30  815.55  815.75  814.50    814.60  ...    818.348342  NaN   NaN       NaN        NaN
..                          ...     ...     ...     ...       ...  ...           ...  ...   ...       ...        ...
459  2025-04-23 10:38:13.963196     NaN     NaN     NaN  81785.00  ...   3348.633455  NaN   NaN       NaN        NaN
460  2025-04-23 10:38:13.963196     NaN     NaN     NaN  81785.00  ...   5799.769910  NaN   NaN       NaN        NaN
461  2025-04-23 10:38:13.963196     NaN     NaN     NaN  81785.00  ...   8174.308350  NaN   NaN       NaN        NaN
462  2025-04-23 10:38:14.984274     NaN     NaN     NaN  81785.00  ...  10474.642464  NaN   NaN       NaN        NaN
463  2025-04-23 10:38:15.022950     NaN     NaN     NaN  81785.00  ...  12703.091137  NaN   NaN       NaN        NaN

[464 rows x 13 columns]
2025-04-23 10:38:15,151 INFO:Final row: {'timestamp': Timestamp('2025-04-23 10:38:15.022950'), 'open': nan, 'high': nan, 'low': nan, 'close': 81785.0, 'volume': nan, 'short': 71122.62498297324, 'middle': 31510.31394072583, 'long': 12703.091137011672, 'buy': nan, 'sell': nan, 'buy_exit': nan, 'sell_exit': nan}
2025-04-23 10:38:15,151 INFO:Buy exit signal received
2025-04-23 10:38:15,151 INFO:Sell exit signal received
2025-04-23 10:38:15,151 INFO:Entering while loop with trade_count: 2
2025-04-23 10:38:15,201 INFO:Combined historical with live algo:                       timestamp    open    high     low     close  ...          long  buy  sell  buy_exit  sell_exit
0     2025-04-22 09:15:00+05:30  821.10  821.10  817.00    818.80  ...    818.800000  NaN   NaN       NaN        NaN
1     2025-04-22 09:16:00+05:30  818.75  818.75  814.60    814.60  ...    818.668750  NaN   NaN       NaN        NaN
2     2025-04-22 09:17:00+05:30  814.60  816.00  814.00    815.35  ...    818.565039  NaN   NaN       NaN        NaN
3     2025-04-22 09:18:00+05:30  815.30  816.00  814.75    815.50  ...    818.469257  NaN   NaN       NaN        NaN
4     2025-04-22 09:19:00+05:30  815.55  815.75  814.50    814.60  ...    818.348342  NaN   NaN       NaN        NaN
..                          ...     ...     ...     ...       ...  ...           ...  ...   ...       ...        ...
460  2025-04-23 10:38:13.963196     NaN     NaN     NaN  81785.00  ...   5799.769910  NaN   NaN       NaN        NaN
461  2025-04-23 10:38:13.963196     NaN     NaN     NaN  81785.00  ...   8174.308350  NaN   NaN       NaN        NaN
462  2025-04-23 10:38:14.984274     NaN     NaN     NaN  81785.00  ...  10474.642464  NaN   NaN       NaN        NaN
463  2025-04-23 10:38:15.022950     NaN     NaN     NaN  81785.00  ...  12703.091137  NaN   NaN       NaN        NaN
464  2025-04-23 10:38:15.022950     NaN     NaN     NaN  81785.00  ...  14861.900789  NaN   NaN       NaN        NaN

[465 rows x 13 columns]
2025-04-23 10:38:15,201 INFO:Final row: {'timestamp': Timestamp('2025-04-23 10:38:15.022950'), 'open': nan, 'high': nan, 'low': nan, 'close': 81785.0, 'volume': nan, 'short': 74676.74998864884, 'middle': 36080.739946114394, 'long': 14861.900788980058, 'buy': nan, 'sell': nan, 'buy_exit': nan, 'sell_exit': nan}
2025-04-23 10:38:15,201 INFO:Buy exit signal received
2025-04-23 10:38:15,201 INFO:Sell exit signal received
2025-04-23 10:38:15,201 INFO:Entering while loop with trade_count: 2
2025-04-23 10:38:15,261 INFO:Combined historical with live algo:                       timestamp    open    high     low     close  ...          long  buy  sell  buy_exit  sell_exit
0     2025-04-22 09:15:00+05:30  821.10  821.10  817.00    818.80  ...    818.800000  NaN   NaN       NaN        NaN
1     2025-04-22 09:16:00+05:30  818.75  818.75  814.60    814.60  ...    818.668750  NaN   NaN       NaN        NaN
2     2025-04-22 09:17:00+05:30  814.60  816.00  814.00    815.35  ...    818.565039  NaN   NaN       NaN        NaN
3     2025-04-22 09:18:00+05:30  815.30  816.00  814.75    815.50  ...    818.469257  NaN   NaN       NaN        NaN
4     2025-04-22 09:19:00+05:30  815.55  815.75  814.50    814.60  ...    818.348342  NaN   NaN       NaN        NaN
..                          ...     ...     ...     ...       ...  ...           ...  ...   ...       ...        ...
461  2025-04-23 10:38:13.963196     NaN     NaN     NaN  81785.00  ...   8174.308350  NaN   NaN       NaN        NaN
462  2025-04-23 10:38:14.984274     NaN     NaN     NaN  81785.00  ...  10474.642464  NaN   NaN       NaN        NaN
463  2025-04-23 10:38:15.022950     NaN     NaN     NaN  81785.00  ...  12703.091137  NaN   NaN       NaN        NaN
464  2025-04-23 10:38:15.022950     NaN     NaN     NaN  81785.00  ...  14861.900789  NaN   NaN       NaN        NaN
465  2025-04-23 10:38:15.022950     NaN     NaN     NaN  81785.00  ...  16953.247639  NaN   NaN       NaN        NaN

[466 rows x 13 columns]
2025-04-23 10:38:15,261 INFO:Final row: {'timestamp': Timestamp('2025-04-23 10:38:15.022950'), 'open': nan, 'high': nan, 'low': nan, 'close': 81785.0, 'volume': nan, 'short': 77046.16665909922, 'middle': 40235.67267828581, 'long': 16953.24763932443, 'buy': nan, 'sell': nan, 'buy_exit': nan, 'sell_exit': nan}
2025-04-23 10:38:15,261 INFO:Buy exit signal received
2025-04-23 10:38:15,261 INFO:Sell exit signal received
2025-04-23 10:38:15,261 INFO:Entering while loop with trade_count: 2
2025-04-23 10:38:15,325 INFO:Combined historical with live algo:                       timestamp    open    high     low     close  ...          long  buy  sell  buy_exit  sell_exit
0     2025-04-22 09:15:00+05:30  821.10  821.10  817.00    818.80  ...    818.800000  NaN   NaN       NaN        NaN
1     2025-04-22 09:16:00+05:30  818.75  818.75  814.60    814.60  ...    818.668750  NaN   NaN       NaN        NaN
2     2025-04-22 09:17:00+05:30  814.60  816.00  814.00    815.35  ...    818.565039  NaN   NaN       NaN        NaN
3     2025-04-22 09:18:00+05:30  815.30  816.00  814.75    815.50  ...    818.469257  NaN   NaN       NaN        NaN
4     2025-04-22 09:19:00+05:30  815.55  815.75  814.50    814.60  ...    818.348342  NaN   NaN       NaN        NaN
..                          ...     ...     ...     ...       ...  ...           ...  ...   ...       ...        ...
462  2025-04-23 10:38:14.984274     NaN     NaN     NaN  81785.00  ...  10474.642464  NaN   NaN       NaN        NaN
463  2025-04-23 10:38:15.022950     NaN     NaN     NaN  81785.00  ...  12703.091137  NaN   NaN       NaN        NaN
464  2025-04-23 10:38:15.022950     NaN     NaN     NaN  81785.00  ...  14861.900789  NaN   NaN       NaN        NaN
465  2025-04-23 10:38:15.022950     NaN     NaN     NaN  81785.00  ...  16953.247639  NaN   NaN       NaN        NaN
466  2025-04-23 10:38:15.022950     NaN     NaN     NaN  81785.00  ...  18979.239901  NaN   NaN       NaN        NaN

[467 rows x 13 columns]
2025-04-23 10:38:15,326 INFO:Final row: {'timestamp': Timestamp('2025-04-23 10:38:15.022950'), 'open': nan, 'high': nan, 'low': nan, 'close': 81785.0, 'volume': nan, 'short': 78625.77777273282, 'middle': 44012.884252987096, 'long': 18979.23990059554, 'buy': nan, 'sell': nan, 'buy_exit': nan, 'sell_exit': nan}
2025-04-23 10:38:15,327 INFO:Buy exit signal received
2025-04-23 10:38:15,327 INFO:Sell exit signal received
2025-04-23 10:38:15,327 INFO:Entering while loop with trade_count: 2
2025-04-23 10:38:15,386 INFO:Combined historical with live algo:                       timestamp    open    high     low     close  ...          long  buy  sell  buy_exit  sell_exit
0     2025-04-22 09:15:00+05:30  821.10  821.10  817.00    818.80  ...    818.800000  NaN   NaN       NaN        NaN
1     2025-04-22 09:16:00+05:30  818.75  818.75  814.60    814.60  ...    818.668750  NaN   NaN       NaN        NaN
2     2025-04-22 09:17:00+05:30  814.60  816.00  814.00    815.35  ...    818.565039  NaN   NaN       NaN        NaN
3     2025-04-22 09:18:00+05:30  815.30  816.00  814.75    815.50  ...    818.469257  NaN   NaN       NaN        NaN
4     2025-04-22 09:19:00+05:30  815.55  815.75  814.50    814.60  ...    818.348342  NaN   NaN       NaN        NaN
..                          ...     ...     ...     ...       ...  ...           ...  ...   ...       ...        ...
463  2025-04-23 10:38:15.022950     NaN     NaN     NaN  81785.00  ...  12703.091137  NaN   NaN       NaN        NaN
464  2025-04-23 10:38:15.022950     NaN     NaN     NaN  81785.00  ...  14861.900789  NaN   NaN       NaN        NaN
465  2025-04-23 10:38:15.022950     NaN     NaN     NaN  81785.00  ...  16953.247639  NaN   NaN       NaN        NaN
466  2025-04-23 10:38:15.022950     NaN     NaN     NaN  81785.00  ...  18979.239901  NaN   NaN       NaN        NaN
467  2025-04-23 10:38:15.022950     NaN     NaN     NaN  81785.00  ...  20941.919904  NaN   NaN       NaN        NaN

[468 rows x 13 columns]
2025-04-23 10:38:15,386 INFO:Final row: {'timestamp': Timestamp('2025-04-23 10:38:15.022950'), 'open': nan, 'high': nan, 'low': nan, 'close': 81785.0, 'volume': nan, 'short': 79678.85184848856, 'middle': 47446.71295726099, 'long': 20941.91990370193, 'buy': nan, 'sell': nan, 'buy_exit': nan, 'sell_exit': nan}
2025-04-23 10:38:15,386 INFO:Buy exit signal received
2025-04-23 10:38:15,386 INFO:Sell exit signal received
2025-04-23 10:38:15,386 INFO:Entering while loop with trade_count: 2
2025-04-23 10:38:15,440 INFO:Combined historical with live algo:                       timestamp    open    high     low     close  ...          long  buy  sell  buy_exit  sell_exit
0     2025-04-22 09:15:00+05:30  821.10  821.10  817.00    818.80  ...    818.800000  NaN   NaN       NaN        NaN
1     2025-04-22 09:16:00+05:30  818.75  818.75  814.60    814.60  ...    818.668750  NaN   NaN       NaN        NaN
2     2025-04-22 09:17:00+05:30  814.60  816.00  814.00    815.35  ...    818.565039  NaN   NaN       NaN        NaN
3     2025-04-22 09:18:00+05:30  815.30  816.00  814.75    815.50  ...    818.469257  NaN   NaN       NaN        NaN
4     2025-04-22 09:19:00+05:30  815.55  815.75  814.50    814.60  ...    818.348342  NaN   NaN       NaN        NaN
..                          ...     ...     ...     ...       ...  ...           ...  ...   ...       ...        ...
464  2025-04-23 10:38:15.022950     NaN     NaN     NaN  81785.00  ...  14861.900789  NaN   NaN       NaN        NaN
465  2025-04-23 10:38:15.022950     NaN     NaN     NaN  81785.00  ...  16953.247639  NaN   NaN       NaN        NaN
466  2025-04-23 10:38:15.022950     NaN     NaN     NaN  81785.00  ...  18979.239901  NaN   NaN       NaN        NaN
467  2025-04-23 10:38:15.022950     NaN     NaN     NaN  81785.00  ...  20941.919904  NaN   NaN       NaN        NaN
468  2025-04-23 10:38:15.022950     NaN     NaN     NaN  81785.00  ...  22843.266157  NaN   NaN       NaN        NaN

[469 rows x 13 columns]
2025-04-23 10:38:15,440 INFO:Final row: {'timestamp': Timestamp('2025-04-23 10:38:15.022950'), 'open': nan, 'high': nan, 'low': nan, 'close': 81785.0, 'volume': nan, 'short': 80380.9012323257, 'middle': 50568.37541569181, 'long': 22843.266156711245, 'buy': nan, 'sell': nan, 'buy_exit': nan, 'sell_exit': nan}
2025-04-23 10:38:15,442 INFO:Buy exit signal received
2025-04-23 10:38:15,442 INFO:Sell exit signal received
2025-04-23 10:38:15,442 INFO:Entering while loop with trade_count: 2
2025-04-23 10:38:15,492 INFO:Combined historical with live algo:                       timestamp    open    high     low     close  ...          long  buy  sell  buy_exit  sell_exit
0     2025-04-22 09:15:00+05:30  821.10  821.10  817.00    818.80  ...    818.800000  NaN   NaN       NaN        NaN
1     2025-04-22 09:16:00+05:30  818.75  818.75  814.60    814.60  ...    818.668750  NaN   NaN       NaN        NaN
2     2025-04-22 09:17:00+05:30  814.60  816.00  814.00    815.35  ...    818.565039  NaN   NaN       NaN        NaN
3     2025-04-22 09:18:00+05:30  815.30  816.00  814.75    815.50  ...    818.469257  NaN   NaN       NaN        NaN
4     2025-04-22 09:19:00+05:30  815.55  815.75  814.50    814.60  ...    818.348342  NaN   NaN       NaN        NaN
..                          ...     ...     ...     ...       ...  ...           ...  ...   ...       ...        ...
465  2025-04-23 10:38:15.022950     NaN     NaN     NaN  81785.00  ...  16953.247639  NaN   NaN       NaN        NaN
466  2025-04-23 10:38:15.022950     NaN     NaN     NaN  81785.00  ...  18979.239901  NaN   NaN       NaN        NaN
467  2025-04-23 10:38:15.022950     NaN     NaN     NaN  81785.00  ...  20941.919904  NaN   NaN       NaN        NaN
468  2025-04-23 10:38:15.022950     NaN     NaN     NaN  81785.00  ...  22843.266157  NaN   NaN       NaN        NaN
469  2025-04-23 10:38:15.022950     NaN     NaN     NaN  81785.00  ...  24685.195339  NaN   NaN       NaN        NaN

[470 rows x 13 columns]
2025-04-23 10:38:15,492 INFO:Final row: {'timestamp': Timestamp('2025-04-23 10:38:15.022950'), 'open': nan, 'high': nan, 'low': nan, 'close': 81785.0, 'volume': nan, 'short': 80848.93415488381, 'middle': 53406.25037790164, 'long': 24685.195339314017, 'buy': nan, 'sell': nan, 'buy_exit': nan, 'sell_exit': nan}
2025-04-23 10:38:15,492 INFO:Buy exit signal received
2025-04-23 10:38:15,492 INFO:Sell exit signal received
2025-04-23 10:38:15,492 INFO:Entering while loop with trade_count: 2
2025-04-23 10:38:15,545 INFO:Combined historical with live algo:                       timestamp    open    high     low     close  ...          long  buy  sell  buy_exit  sell_exit
0     2025-04-22 09:15:00+05:30  821.10  821.10  817.00    818.80  ...    818.800000  NaN   NaN       NaN        NaN
1     2025-04-22 09:16:00+05:30  818.75  818.75  814.60    814.60  ...    818.668750  NaN   NaN       NaN        NaN
2     2025-04-22 09:17:00+05:30  814.60  816.00  814.00    815.35  ...    818.565039  NaN   NaN       NaN        NaN
3     2025-04-22 09:18:00+05:30  815.30  816.00  814.75    815.50  ...    818.469257  NaN   NaN       NaN        NaN
4     2025-04-22 09:19:00+05:30  815.55  815.75  814.50    814.60  ...    818.348342  NaN   NaN       NaN        NaN
..                          ...     ...     ...     ...       ...  ...           ...  ...   ...       ...        ...
466  2025-04-23 10:38:15.022950     NaN     NaN     NaN  81785.00  ...  18979.239901  NaN   NaN       NaN        NaN
467  2025-04-23 10:38:15.022950     NaN     NaN     NaN  81785.00  ...  20941.919904  NaN   NaN       NaN        NaN
468  2025-04-23 10:38:15.022950     NaN     NaN     NaN  81785.00  ...  22843.266157  NaN   NaN       NaN        NaN
469  2025-04-23 10:38:15.022950     NaN     NaN     NaN  81785.00  ...  24685.195339  NaN   NaN       NaN        NaN
470  2025-04-23 10:38:15.022950     NaN     NaN     NaN  81785.00  ...  26469.564235  NaN   NaN       NaN        NaN

[471 rows x 13 columns]
2025-04-23 10:38:15,546 INFO:Final row: {'timestamp': Timestamp('2025-04-23 10:38:15.022950'), 'open': nan, 'high': nan, 'low': nan, 'close': 81785.0, 'volume': nan, 'short': 81160.95610325588, 'middle': 55986.13670718331, 'long': 26469.564234960453, 'buy': nan, 'sell': nan, 'buy_exit': nan, 'sell_exit': nan}
2025-04-23 10:38:15,546 INFO:Buy exit signal received
2025-04-23 10:38:15,546 INFO:Sell exit signal received
2025-04-23 10:38:15,547 INFO:Entering while loop with trade_count: 2
2025-04-23 10:38:15,599 INFO:Combined historical with live algo:                       timestamp    open    high     low     close  ...          long  buy  sell  buy_exit  sell_exit
0     2025-04-22 09:15:00+05:30  821.10  821.10  817.00    818.80  ...    818.800000  NaN   NaN       NaN        NaN
1     2025-04-22 09:16:00+05:30  818.75  818.75  814.60    814.60  ...    818.668750  NaN   NaN       NaN        NaN
2     2025-04-22 09:17:00+05:30  814.60  816.00  814.00    815.35  ...    818.565039  NaN   NaN       NaN        NaN
3     2025-04-22 09:18:00+05:30  815.30  816.00  814.75    815.50  ...    818.469257  NaN   NaN       NaN        NaN
4     2025-04-22 09:19:00+05:30  815.55  815.75  814.50    814.60  ...    818.348342  NaN   NaN       NaN        NaN
..                          ...     ...     ...     ...       ...  ...           ...  ...   ...       ...        ...
467  2025-04-23 10:38:15.022950     NaN     NaN     NaN  81785.00  ...  20941.919904  NaN   NaN       NaN        NaN
468  2025-04-23 10:38:15.022950     NaN     NaN     NaN  81785.00  ...  22843.266157  NaN   NaN       NaN        NaN
469  2025-04-23 10:38:15.022950     NaN     NaN     NaN  81785.00  ...  24685.195339  NaN   NaN       NaN        NaN
470  2025-04-23 10:38:15.022950     NaN     NaN     NaN  81785.00  ...  26469.564235  NaN   NaN       NaN        NaN
471  2025-04-23 10:38:15.022950     NaN     NaN     NaN  81785.00  ...  28198.171603  NaN   NaN       NaN        NaN

[472 rows x 13 columns]
2025-04-23 10:38:15,599 INFO:Final row: {'timestamp': Timestamp('2025-04-23 10:38:15.022950'), 'open': nan, 'high': nan, 'low': nan, 'close': 81785.0, 'volume': nan, 'short': 81368.97073550393, 'middle': 58331.48791562119, 'long': 28198.17160261794, 'buy': nan, 'sell': nan, 'buy_exit': nan, 'sell_exit': nan}
2025-04-23 10:38:15,599 INFO:Buy exit signal received
2025-04-23 10:38:15,599 INFO:Sell exit signal received
2025-04-23 10:38:15,599 INFO:Entering while loop with trade_count: 2
2025-04-23 10:38:15,650 INFO:Combined historical with live algo:                       timestamp    open    high     low     close  ...          long  buy  sell  buy_exit  sell_exit
0     2025-04-22 09:15:00+05:30  821.10  821.10  817.00    818.80  ...    818.800000  NaN   NaN       NaN        NaN
1     2025-04-22 09:16:00+05:30  818.75  818.75  814.60    814.60  ...    818.668750  NaN   NaN       NaN        NaN
2     2025-04-22 09:17:00+05:30  814.60  816.00  814.00    815.35  ...    818.565039  NaN   NaN       NaN        NaN
3     2025-04-22 09:18:00+05:30  815.30  816.00  814.75    815.50  ...    818.469257  NaN   NaN       NaN        NaN
4     2025-04-22 09:19:00+05:30  815.55  815.75  814.50    814.60  ...    818.348342  NaN   NaN       NaN        NaN
..                          ...     ...     ...     ...       ...  ...           ...  ...   ...       ...        ...
468  2025-04-23 10:38:15.022950     NaN     NaN     NaN  81785.00  ...  22843.266157  NaN   NaN       NaN        NaN
469  2025-04-23 10:38:15.022950     NaN     NaN     NaN  81785.00  ...  24685.195339  NaN   NaN       NaN        NaN
470  2025-04-23 10:38:15.022950     NaN     NaN     NaN  81785.00  ...  26469.564235  NaN   NaN       NaN        NaN
471  2025-04-23 10:38:15.022950     NaN     NaN     NaN  81785.00  ...  28198.171603  NaN   NaN       NaN        NaN
472  2025-04-23 10:38:15.022950     NaN     NaN     NaN  81785.00  ...  29872.759990  NaN   NaN       NaN        NaN

[473 rows x 13 columns]
2025-04-23 10:38:15,652 INFO:Final row: {'timestamp': Timestamp('2025-04-23 10:38:15.022950'), 'open': nan, 'high': nan, 'low': nan, 'close': 81785.0, 'volume': nan, 'short': 81507.64715700262, 'middle': 60463.625377837445, 'long': 29872.759990036127, 'buy': nan, 'sell': nan, 'buy_exit': nan, 'sell_exit': nan}
2025-04-23 10:38:15,652 INFO:Buy exit signal received
2025-04-23 10:38:15,652 INFO:Sell exit signal received
2025-04-23 10:38:15,652 INFO:Entering while loop with trade_count: 2
2025-04-23 10:38:15,707 INFO:Combined historical with live algo:                       timestamp    open    high     low     close  ...          long  buy  sell  buy_exit  sell_exit
0     2025-04-22 09:15:00+05:30  821.10  821.10  817.00    818.80  ...    818.800000  NaN   NaN       NaN        NaN
1     2025-04-22 09:16:00+05:30  818.75  818.75  814.60    814.60  ...    818.668750  NaN   NaN       NaN        NaN
2     2025-04-22 09:17:00+05:30  814.60  816.00  814.00    815.35  ...    818.565039  NaN   NaN       NaN        NaN
3     2025-04-22 09:18:00+05:30  815.30  816.00  814.75    815.50  ...    818.469257  NaN   NaN       NaN        NaN
4     2025-04-22 09:19:00+05:30  815.55  815.75  814.50    814.60  ...    818.348342  NaN   NaN       NaN        NaN
..                          ...     ...     ...     ...       ...  ...           ...  ...   ...       ...        ...
469  2025-04-23 10:38:15.022950     NaN     NaN     NaN  81785.00  ...  24685.195339  NaN   NaN       NaN        NaN
470  2025-04-23 10:38:15.022950     NaN     NaN     NaN  81785.00  ...  26469.564235  NaN   NaN       NaN        NaN
471  2025-04-23 10:38:15.022950     NaN     NaN     NaN  81785.00  ...  28198.171603  NaN   NaN       NaN        NaN
472  2025-04-23 10:38:15.022950     NaN     NaN     NaN  81785.00  ...  29872.759990  NaN   NaN       NaN        NaN
473  2025-04-23 10:38:15.022950     NaN     NaN     NaN  81785.00  ...  31495.017490  NaN   NaN       NaN        NaN

[474 rows x 13 columns]
2025-04-23 10:38:15,707 INFO:Final row: {'timestamp': Timestamp('2025-04-23 10:38:15.022950'), 'open': nan, 'high': nan, 'low': nan, 'close': 81785.0, 'volume': nan, 'short': 81600.09810466842, 'middle': 62401.932161670404, 'long': 31495.017490347498, 'buy': nan, 'sell': nan, 'buy_exit': nan, 'sell_exit': nan}
2025-04-23 10:38:15,707 INFO:Buy exit signal received
2025-04-23 10:38:15,707 INFO:Sell exit signal received
2025-04-23 10:38:15,707 INFO:Entering while loop with trade_count: 2
2025-04-23 10:38:15,770 INFO:Combined historical with live algo:                       timestamp    open    high     low     close  ...          long  buy  sell  buy_exit  sell_exit
0     2025-04-22 09:15:00+05:30  821.10  821.10  817.00    818.80  ...    818.800000  NaN   NaN       NaN        NaN
1     2025-04-22 09:16:00+05:30  818.75  818.75  814.60    814.60  ...    818.668750  NaN   NaN       NaN        NaN
2     2025-04-22 09:17:00+05:30  814.60  816.00  814.00    815.35  ...    818.565039  NaN   NaN       NaN        NaN
3     2025-04-22 09:18:00+05:30  815.30  816.00  814.75    815.50  ...    818.469257  NaN   NaN       NaN        NaN
4     2025-04-22 09:19:00+05:30  815.55  815.75  814.50    814.60  ...    818.348342  NaN   NaN       NaN        NaN
..                          ...     ...     ...     ...       ...  ...           ...  ...   ...       ...        ...
470  2025-04-23 10:38:15.022950     NaN     NaN     NaN  81785.00  ...  26469.564235  NaN   NaN       NaN        NaN
471  2025-04-23 10:38:15.022950     NaN     NaN     NaN  81785.00  ...  28198.171603  NaN   NaN       NaN        NaN
472  2025-04-23 10:38:15.022950     NaN     NaN     NaN  81785.00  ...  29872.759990  NaN   NaN       NaN        NaN
473  2025-04-23 10:38:15.022950     NaN     NaN     NaN  81785.00  ...  31495.017490  NaN   NaN       NaN        NaN
474  2025-04-23 10:38:15.022950     NaN     NaN     NaN  81785.00  ...  33066.579444  NaN   NaN       NaN        NaN

[475 rows x 13 columns]
2025-04-23 10:38:15,770 INFO:Final row: {'timestamp': Timestamp('2025-04-23 10:38:15.022950'), 'open': nan, 'high': nan, 'low': nan, 'close': 81785.0, 'volume': nan, 'short': 81661.73206977895, 'middle': 64164.02923788218, 'long': 33066.57944377414, 'buy': nan, 'sell': nan, 'buy_exit': nan, 'sell_exit': nan}
2025-04-23 10:38:15,770 INFO:Buy exit signal received
2025-04-23 10:38:15,770 INFO:Sell exit signal received
2025-04-23 10:38:15,770 INFO:Entering while loop with trade_count: 2
2025-04-23 10:38:15,828 INFO:Combined historical with live algo:                       timestamp    open    high     low     close  ...          long  buy  sell  buy_exit  sell_exit
0     2025-04-22 09:15:00+05:30  821.10  821.10  817.00    818.80  ...    818.800000  NaN   NaN       NaN        NaN
1     2025-04-22 09:16:00+05:30  818.75  818.75  814.60    814.60  ...    818.668750  NaN   NaN       NaN        NaN
2     2025-04-22 09:17:00+05:30  814.60  816.00  814.00    815.35  ...    818.565039  NaN   NaN       NaN        NaN
3     2025-04-22 09:18:00+05:30  815.30  816.00  814.75    815.50  ...    818.469257  NaN   NaN       NaN        NaN
4     2025-04-22 09:19:00+05:30  815.55  815.75  814.50    814.60  ...    818.348342  NaN   NaN       NaN        NaN
..                          ...     ...     ...     ...       ...  ...           ...  ...   ...       ...        ...
471  2025-04-23 10:38:15.022950     NaN     NaN     NaN  81785.00  ...  28198.171603  NaN   NaN       NaN        NaN
472  2025-04-23 10:38:15.022950     NaN     NaN     NaN  81785.00  ...  29872.759990  NaN   NaN       NaN        NaN
473  2025-04-23 10:38:15.022950     NaN     NaN     NaN  81785.00  ...  31495.017490  NaN   NaN       NaN        NaN
474  2025-04-23 10:38:15.022950     NaN     NaN     NaN  81785.00  ...  33066.579444  NaN   NaN       NaN        NaN
475  2025-04-23 10:38:15.022950     NaN     NaN     NaN  81785.00  ...  34589.030086  NaN   NaN       NaN        NaN

[476 rows x 13 columns]
2025-04-23 10:38:15,829 INFO:Final row: {'timestamp': Timestamp('2025-04-23 10:38:15.022950'), 'open': nan, 'high': nan, 'low': nan, 'close': 81785.0, 'volume': nan, 'short': 81702.82137985264, 'middle': 65765.93567080199, 'long': 34589.0300861562, 'buy': nan, 'sell': nan, 'buy_exit': nan, 'sell_exit': nan}
2025-04-23 10:38:15,829 INFO:Buy exit signal received
2025-04-23 10:38:15,829 INFO:Sell exit signal received
2025-04-23 10:38:15,829 INFO:Entering while loop with trade_count: 2
2025-04-23 10:38:15,884 INFO:Combined historical with live algo:                       timestamp    open    high     low     close  ...          long  buy  sell  buy_exit  sell_exit
0     2025-04-22 09:15:00+05:30  821.10  821.10  817.00    818.80  ...    818.800000  NaN   NaN       NaN        NaN
1     2025-04-22 09:16:00+05:30  818.75  818.75  814.60    814.60  ...    818.668750  NaN   NaN       NaN        NaN
2     2025-04-22 09:17:00+05:30  814.60  816.00  814.00    815.35  ...    818.565039  NaN   NaN       NaN        NaN
3     2025-04-22 09:18:00+05:30  815.30  816.00  814.75    815.50  ...    818.469257  NaN   NaN       NaN        NaN
4     2025-04-22 09:19:00+05:30  815.55  815.75  814.50    814.60  ...    818.348342  NaN   NaN       NaN        NaN
..                          ...     ...     ...     ...       ...  ...           ...  ...   ...       ...        ...
472  2025-04-23 10:38:15.022950     NaN     NaN     NaN  81785.00  ...  29872.759990  NaN   NaN       NaN        NaN
473  2025-04-23 10:38:15.022950     NaN     NaN     NaN  81785.00  ...  31495.017490  NaN   NaN       NaN        NaN
474  2025-04-23 10:38:15.022950     NaN     NaN     NaN  81785.00  ...  33066.579444  NaN   NaN       NaN        NaN
475  2025-04-23 10:38:15.022950     NaN     NaN     NaN  81785.00  ...  34589.030086  NaN   NaN       NaN        NaN
476  2025-04-23 10:38:15.022950     NaN     NaN     NaN  81785.00  ...  36063.904146  NaN   NaN       NaN        NaN

[477 rows x 13 columns]
2025-04-23 10:38:15,884 INFO:Final row: {'timestamp': Timestamp('2025-04-23 10:38:15.022950'), 'open': nan, 'high': nan, 'low': nan, 'close': 81785.0, 'volume': nan, 'short': 81730.2142532351, 'middle': 67222.21424618363, 'long': 36063.90414596382, 'buy': nan, 'sell': nan, 'buy_exit': nan, 'sell_exit': nan}
2025-04-23 10:38:15,884 INFO:Buy exit signal received
2025-04-23 10:38:15,884 INFO:Sell exit signal received
2025-04-23 10:38:15,884 INFO:Entering while loop with trade_count: 2
2025-04-23 10:38:15,947 INFO:Combined historical with live algo:                       timestamp    open    high     low     close  ...          long  buy  sell  buy_exit  sell_exit
0     2025-04-22 09:15:00+05:30  821.10  821.10  817.00    818.80  ...    818.800000  NaN   NaN       NaN        NaN
1     2025-04-22 09:16:00+05:30  818.75  818.75  814.60    814.60  ...    818.668750  NaN   NaN       NaN        NaN
2     2025-04-22 09:17:00+05:30  814.60  816.00  814.00    815.35  ...    818.565039  NaN   NaN       NaN        NaN
3     2025-04-22 09:18:00+05:30  815.30  816.00  814.75    815.50  ...    818.469257  NaN   NaN       NaN        NaN
4     2025-04-22 09:19:00+05:30  815.55  815.75  814.50    814.60  ...    818.348342  NaN   NaN       NaN        NaN
..                          ...     ...     ...     ...       ...  ...           ...  ...   ...       ...        ...
473  2025-04-23 10:38:15.022950     NaN     NaN     NaN  81785.00  ...  31495.017490  NaN   NaN       NaN        NaN
474  2025-04-23 10:38:15.022950     NaN     NaN     NaN  81785.00  ...  33066.579444  NaN   NaN       NaN        NaN
475  2025-04-23 10:38:15.022950     NaN     NaN     NaN  81785.00  ...  34589.030086  NaN   NaN       NaN        NaN
476  2025-04-23 10:38:15.022950     NaN     NaN     NaN  81785.00  ...  36063.904146  NaN   NaN       NaN        NaN
477  2025-04-23 10:38:15.022950     NaN     NaN     NaN  81785.00  ...  37492.688391  NaN   NaN       NaN        NaN

[478 rows x 13 columns]
2025-04-23 10:38:15,947 INFO:Final row: {'timestamp': Timestamp('2025-04-23 10:38:15.022950'), 'open': nan, 'high': nan, 'low': nan, 'close': 81785.0, 'volume': nan, 'short': 81748.4761688234, 'middle': 68546.10386016694, 'long': 37492.68839140245, 'buy': nan, 'sell': nan, 'buy_exit': nan, 'sell_exit': nan}
2025-04-23 10:38:15,947 INFO:Buy exit signal received
2025-04-23 10:38:15,947 INFO:Sell exit signal received
2025-04-23 10:38:15,947 INFO:Entering while loop with trade_count: 2
2025-04-23 10:38:16,052 INFO:Combined historical with live algo:                       timestamp    open    high     low     close  ...          long  buy  sell  buy_exit  sell_exit
0     2025-04-22 09:15:00+05:30  821.10  821.10  817.00    818.80  ...    818.800000  NaN   NaN       NaN        NaN
1     2025-04-22 09:16:00+05:30  818.75  818.75  814.60    814.60  ...    818.668750  NaN   NaN       NaN        NaN
2     2025-04-22 09:17:00+05:30  814.60  816.00  814.00    815.35  ...    818.565039  NaN   NaN       NaN        NaN
3     2025-04-22 09:18:00+05:30  815.30  816.00  814.75    815.50  ...    818.469257  NaN   NaN       NaN        NaN
4     2025-04-22 09:19:00+05:30  815.55  815.75  814.50    814.60  ...    818.348342  NaN   NaN       NaN        NaN
..                          ...     ...     ...     ...       ...  ...           ...  ...   ...       ...        ...
474  2025-04-23 10:38:15.022950     NaN     NaN     NaN  81785.00  ...  33066.579444  NaN   NaN       NaN        NaN
475  2025-04-23 10:38:15.022950     NaN     NaN     NaN  81785.00  ...  34589.030086  NaN   NaN       NaN        NaN
476  2025-04-23 10:38:15.022950     NaN     NaN     NaN  81785.00  ...  36063.904146  NaN   NaN       NaN        NaN
477  2025-04-23 10:38:15.022950     NaN     NaN     NaN  81785.00  ...  37492.688391  NaN   NaN       NaN        NaN
478  2025-04-23 10:38:15.899607     NaN     NaN     NaN  81785.00  ...  38876.823129  NaN   NaN       NaN        NaN

[479 rows x 13 columns]
2025-04-23 10:38:16,055 INFO:Final row: {'timestamp': Timestamp('2025-04-23 10:38:15.899607'), 'open': nan, 'high': nan, 'low': nan, 'close': 81785.0, 'volume': nan, 'short': 81760.6507792156, 'middle': 69749.63987287904, 'long': 38876.82312917113, 'buy': nan, 'sell': nan, 'buy_exit': nan, 'sell_exit': nan}
2025-04-23 10:38:16,055 INFO:Buy exit signal received
2025-04-23 10:38:16,055 INFO:Sell exit signal received
2025-04-23 10:38:16,055 INFO:Entering while loop with trade_count: 2
2025-04-23 10:38:16,119 INFO:Combined historical with live algo:                       timestamp    open    high     low     close  ...          long  buy  sell  buy_exit  sell_exit
0     2025-04-22 09:15:00+05:30  821.10  821.10  817.00    818.80  ...    818.800000  NaN   NaN       NaN        NaN
1     2025-04-22 09:16:00+05:30  818.75  818.75  814.60    814.60  ...    818.668750  NaN   NaN       NaN        NaN
2     2025-04-22 09:17:00+05:30  814.60  816.00  814.00    815.35  ...    818.565039  NaN   NaN       NaN        NaN
3     2025-04-22 09:18:00+05:30  815.30  816.00  814.75    815.50  ...    818.469257  NaN   NaN       NaN        NaN
4     2025-04-22 09:19:00+05:30  815.55  815.75  814.50    814.60  ...    818.348342  NaN   NaN       NaN        NaN
..                          ...     ...     ...     ...       ...  ...           ...  ...   ...       ...        ...
475  2025-04-23 10:38:15.022950     NaN     NaN     NaN  81785.00  ...  34589.030086  NaN   NaN       NaN        NaN
476  2025-04-23 10:38:15.022950     NaN     NaN     NaN  81785.00  ...  36063.904146  NaN   NaN       NaN        NaN
477  2025-04-23 10:38:15.022950     NaN     NaN     NaN  81785.00  ...  37492.688391  NaN   NaN       NaN        NaN
478  2025-04-23 10:38:15.899607     NaN     NaN     NaN  81785.00  ...  38876.823129  NaN   NaN       NaN        NaN
479  2025-04-23 10:38:15.899607     NaN     NaN     NaN  81785.00  ...  40217.703656  NaN   NaN       NaN        NaN

[480 rows x 13 columns]
2025-04-23 10:38:16,121 INFO:Final row: {'timestamp': Timestamp('2025-04-23 10:38:15.899607'), 'open': nan, 'high': nan, 'low': nan, 'close': 81785.0, 'volume': nan, 'short': 81768.76718614374, 'middle': 70843.76352079913, 'long': 40217.70365638453, 'buy': nan, 'sell': nan, 'buy_exit': nan, 'sell_exit': nan}
2025-04-23 10:38:16,121 INFO:Buy exit signal received
2025-04-23 10:38:16,121 INFO:Sell exit signal received
2025-04-23 10:38:16,121 INFO:Entering while loop with trade_count: 2
2025-04-23 10:38:16,181 INFO:Combined historical with live algo:                       timestamp    open    high     low     close  ...          long  buy  sell  buy_exit  sell_exit
0     2025-04-22 09:15:00+05:30  821.10  821.10  817.00    818.80  ...    818.800000  NaN   NaN       NaN        NaN
1     2025-04-22 09:16:00+05:30  818.75  818.75  814.60    814.60  ...    818.668750  NaN   NaN       NaN        NaN
2     2025-04-22 09:17:00+05:30  814.60  816.00  814.00    815.35  ...    818.565039  NaN   NaN       NaN        NaN
3     2025-04-22 09:18:00+05:30  815.30  816.00  814.75    815.50  ...    818.469257  NaN   NaN       NaN        NaN
4     2025-04-22 09:19:00+05:30  815.55  815.75  814.50    814.60  ...    818.348342  NaN   NaN       NaN        NaN
..                          ...     ...     ...     ...       ...  ...           ...  ...   ...       ...        ...
476  2025-04-23 10:38:15.022950     NaN     NaN     NaN  81785.00  ...  36063.904146  NaN   NaN       NaN        NaN
477  2025-04-23 10:38:15.022950     NaN     NaN     NaN  81785.00  ...  37492.688391  NaN   NaN       NaN        NaN
478  2025-04-23 10:38:15.899607     NaN     NaN     NaN  81785.00  ...  38876.823129  NaN   NaN       NaN        NaN
479  2025-04-23 10:38:15.899607     NaN     NaN     NaN  81785.00  ...  40217.703656  NaN   NaN       NaN        NaN
480  2025-04-23 10:38:15.899607     NaN     NaN     NaN  81785.00  ...  41516.681667  NaN   NaN       NaN        NaN

[481 rows x 13 columns]
2025-04-23 10:38:16,183 INFO:Final row: {'timestamp': Timestamp('2025-04-23 10:38:15.899607'), 'open': nan, 'high': nan, 'low': nan, 'close': 81785.0, 'volume': nan, 'short': 81774.17812409584, 'middle': 71838.42138254465, 'long': 41516.68166712252, 'buy': nan, 'sell': nan, 'buy_exit': nan, 'sell_exit': nan}
2025-04-23 10:38:16,183 INFO:Buy exit signal received
2025-04-23 10:38:16,183 INFO:Sell exit signal received
2025-04-23 10:38:16,183 INFO:Entering while loop with trade_count: 2
2025-04-23 10:38:16,244 INFO:Combined historical with live algo:                       timestamp    open    high     low     close  ...          long  buy  sell  buy_exit  sell_exit
0     2025-04-22 09:15:00+05:30  821.10  821.10  817.00    818.80  ...    818.800000  NaN   NaN       NaN        NaN
1     2025-04-22 09:16:00+05:30  818.75  818.75  814.60    814.60  ...    818.668750  NaN   NaN       NaN        NaN
2     2025-04-22 09:17:00+05:30  814.60  816.00  814.00    815.35  ...    818.565039  NaN   NaN       NaN        NaN
3     2025-04-22 09:18:00+05:30  815.30  816.00  814.75    815.50  ...    818.469257  NaN   NaN       NaN        NaN
4     2025-04-22 09:19:00+05:30  815.55  815.75  814.50    814.60  ...    818.348342  NaN   NaN       NaN        NaN
..                          ...     ...     ...     ...       ...  ...           ...  ...   ...       ...        ...
477  2025-04-23 10:38:15.022950     NaN     NaN     NaN  81785.00  ...  37492.688391  NaN   NaN       NaN        NaN
478  2025-04-23 10:38:15.899607     NaN     NaN     NaN  81785.00  ...  38876.823129  NaN   NaN       NaN        NaN
479  2025-04-23 10:38:15.899607     NaN     NaN     NaN  81785.00  ...  40217.703656  NaN   NaN       NaN        NaN
480  2025-04-23 10:38:15.899607     NaN     NaN     NaN  81785.00  ...  41516.681667  NaN   NaN       NaN        NaN
481  2025-04-23 10:38:15.899607     NaN     NaN     NaN  81785.00  ...  42775.066615  NaN   NaN       NaN        NaN

[482 rows x 13 columns]
2025-04-23 10:38:16,244 INFO:Final row: {'timestamp': Timestamp('2025-04-23 10:38:15.899607'), 'open': nan, 'high': nan, 'low': nan, 'close': 81785.0, 'volume': nan, 'short': 81777.7854160639, 'middle': 72742.65580231333, 'long': 42775.06661502494, 'buy': nan, 'sell': nan, 'buy_exit': nan, 'sell_exit': nan}
2025-04-23 10:38:16,244 INFO:Buy exit signal received
2025-04-23 10:38:16,244 INFO:Sell exit signal received
2025-04-23 10:38:16,244 INFO:Entering while loop with trade_count: 2
2025-04-23 10:38:16,295 INFO:Combined historical with live algo:                       timestamp    open    high     low     close  ...          long  buy  sell  buy_exit  sell_exit
0     2025-04-22 09:15:00+05:30  821.10  821.10  817.00    818.80  ...    818.800000  NaN   NaN       NaN        NaN
1     2025-04-22 09:16:00+05:30  818.75  818.75  814.60    814.60  ...    818.668750  NaN   NaN       NaN        NaN
2     2025-04-22 09:17:00+05:30  814.60  816.00  814.00    815.35  ...    818.565039  NaN   NaN       NaN        NaN
3     2025-04-22 09:18:00+05:30  815.30  816.00  814.75    815.50  ...    818.469257  NaN   NaN       NaN        NaN
4     2025-04-22 09:19:00+05:30  815.55  815.75  814.50    814.60  ...    818.348342  NaN   NaN       NaN        NaN
..                          ...     ...     ...     ...       ...  ...           ...  ...   ...       ...        ...
478  2025-04-23 10:38:15.899607     NaN     NaN     NaN  81785.00  ...  38876.823129  NaN   NaN       NaN        NaN
479  2025-04-23 10:38:15.899607     NaN     NaN     NaN  81785.00  ...  40217.703656  NaN   NaN       NaN        NaN
480  2025-04-23 10:38:15.899607     NaN     NaN     NaN  81785.00  ...  41516.681667  NaN   NaN       NaN        NaN
481  2025-04-23 10:38:15.899607     NaN     NaN     NaN  81785.00  ...  42775.066615  NaN   NaN       NaN        NaN
482  2025-04-23 10:38:16.213304     NaN     NaN     NaN  81785.00  ...  43994.127033  NaN   NaN       NaN        NaN

[483 rows x 13 columns]
2025-04-23 10:38:16,295 INFO:Final row: {'timestamp': Timestamp('2025-04-23 10:38:16.213304'), 'open': nan, 'high': nan, 'low': nan, 'close': 81785.0, 'volume': nan, 'short': 81780.19027737594, 'middle': 73564.68709301211, 'long': 43994.127033305405, 'buy': nan, 'sell': nan, 'buy_exit': nan, 'sell_exit': nan}
2025-04-23 10:38:16,295 INFO:Buy exit signal received
2025-04-23 10:38:16,295 INFO:Sell exit signal received
2025-04-23 10:38:16,295 INFO:Entering while loop with trade_count: 2
2025-04-23 10:38:16,350 INFO:Combined historical with live algo:                       timestamp    open    high     low     close  ...          long  buy  sell  buy_exit  sell_exit
0     2025-04-22 09:15:00+05:30  821.10  821.10  817.00    818.80  ...    818.800000  NaN   NaN       NaN        NaN
1     2025-04-22 09:16:00+05:30  818.75  818.75  814.60    814.60  ...    818.668750  NaN   NaN       NaN        NaN
2     2025-04-22 09:17:00+05:30  814.60  816.00  814.00    815.35  ...    818.565039  NaN   NaN       NaN        NaN
3     2025-04-22 09:18:00+05:30  815.30  816.00  814.75    815.50  ...    818.469257  NaN   NaN       NaN        NaN
4     2025-04-22 09:19:00+05:30  815.55  815.75  814.50    814.60  ...    818.348342  NaN   NaN       NaN        NaN
..                          ...     ...     ...     ...       ...  ...           ...  ...   ...       ...        ...
479  2025-04-23 10:38:15.899607     NaN     NaN     NaN  81785.00  ...  40217.703656  NaN   NaN       NaN        NaN
480  2025-04-23 10:38:15.899607     NaN     NaN     NaN  81785.00  ...  41516.681667  NaN   NaN       NaN        NaN
481  2025-04-23 10:38:15.899607     NaN     NaN     NaN  81785.00  ...  42775.066615  NaN   NaN       NaN        NaN
482  2025-04-23 10:38:16.213304     NaN     NaN     NaN  81785.00  ...  43994.127033  NaN   NaN       NaN        NaN
483  2025-04-23 10:38:16.213304     NaN     NaN     NaN  81785.00  ...  45175.091814  NaN   NaN       NaN        NaN

[484 rows x 13 columns]
2025-04-23 10:38:16,350 INFO:Final row: {'timestamp': Timestamp('2025-04-23 10:38:16.213304'), 'open': nan, 'high': nan, 'low': nan, 'close': 81785.0, 'volume': nan, 'short': 81781.79351825063, 'middle': 74311.98826637464, 'long': 45175.09181351461, 'buy': nan, 'sell': nan, 'buy_exit': nan, 'sell_exit': nan}
2025-04-23 10:38:16,350 INFO:Buy exit signal received
2025-04-23 10:38:16,350 INFO:Sell exit signal received
2025-04-23 10:38:16,350 INFO:Entering while loop with trade_count: 2
2025-04-23 10:38:16,394 INFO:Combined historical with live algo:                       timestamp    open    high     low     close  ...          long  buy  sell  buy_exit  sell_exit
0     2025-04-22 09:15:00+05:30  821.10  821.10  817.00    818.80  ...    818.800000  NaN   NaN       NaN        NaN
1     2025-04-22 09:16:00+05:30  818.75  818.75  814.60    814.60  ...    818.668750  NaN   NaN       NaN        NaN
2     2025-04-22 09:17:00+05:30  814.60  816.00  814.00    815.35  ...    818.565039  NaN   NaN       NaN        NaN
3     2025-04-22 09:18:00+05:30  815.30  816.00  814.75    815.50  ...    818.469257  NaN   NaN       NaN        NaN
4     2025-04-22 09:19:00+05:30  815.55  815.75  814.50    814.60  ...    818.348342  NaN   NaN       NaN        NaN
..                          ...     ...     ...     ...       ...  ...           ...  ...   ...       ...        ...
480  2025-04-23 10:38:15.899607     NaN     NaN     NaN  81785.00  ...  41516.681667  NaN   NaN       NaN        NaN
481  2025-04-23 10:38:15.899607     NaN     NaN     NaN  81785.00  ...  42775.066615  NaN   NaN       NaN        NaN
482  2025-04-23 10:38:16.213304     NaN     NaN     NaN  81785.00  ...  43994.127033  NaN   NaN       NaN        NaN
483  2025-04-23 10:38:16.213304     NaN     NaN     NaN  81785.00  ...  45175.091814  NaN   NaN       NaN        NaN
484  2025-04-23 10:38:16.213304     NaN     NaN     NaN  81785.00  ...  46319.151444  NaN   NaN       NaN        NaN

[485 rows x 13 columns]
2025-04-23 10:38:16,403 INFO:Final row: {'timestamp': Timestamp('2025-04-23 10:38:16.213304'), 'open': nan, 'high': nan, 'low': nan, 'close': 81785.0, 'volume': nan, 'short': 81782.86234550043, 'middle': 74991.3529694315, 'long': 46319.15144434228, 'buy': nan, 'sell': nan, 'buy_exit': nan, 'sell_exit': nan}
2025-04-23 10:38:16,403 INFO:Buy exit signal received
2025-04-23 10:38:16,403 INFO:Sell exit signal received
2025-04-23 10:38:16,403 INFO:Entering while loop with trade_count: 2
2025-04-23 10:38:16,455 INFO:Combined historical with live algo:                       timestamp    open    high     low     close  ...          long  buy  sell  buy_exit  sell_exit
0     2025-04-22 09:15:00+05:30  821.10  821.10  817.00    818.80  ...    818.800000  NaN   NaN       NaN        NaN
1     2025-04-22 09:16:00+05:30  818.75  818.75  814.60    814.60  ...    818.668750  NaN   NaN       NaN        NaN
2     2025-04-22 09:17:00+05:30  814.60  816.00  814.00    815.35  ...    818.565039  NaN   NaN       NaN        NaN
3     2025-04-22 09:18:00+05:30  815.30  816.00  814.75    815.50  ...    818.469257  NaN   NaN       NaN        NaN
4     2025-04-22 09:19:00+05:30  815.55  815.75  814.50    814.60  ...    818.348342  NaN   NaN       NaN        NaN
..                          ...     ...     ...     ...       ...  ...           ...  ...   ...       ...        ...
481  2025-04-23 10:38:15.899607     NaN     NaN     NaN  81785.00  ...  42775.066615  NaN   NaN       NaN        NaN
482  2025-04-23 10:38:16.213304     NaN     NaN     NaN  81785.00  ...  43994.127033  NaN   NaN       NaN        NaN
483  2025-04-23 10:38:16.213304     NaN     NaN     NaN  81785.00  ...  45175.091814  NaN   NaN       NaN        NaN
484  2025-04-23 10:38:16.213304     NaN     NaN     NaN  81785.00  ...  46319.151444  NaN   NaN       NaN        NaN
485  2025-04-23 10:38:16.213304     NaN     NaN     NaN  81785.00  ...  47427.459212  NaN   NaN       NaN        NaN

[486 rows x 13 columns]
2025-04-23 10:38:16,456 INFO:Final row: {'timestamp': Timestamp('2025-04-23 10:38:16.213304'), 'open': nan, 'high': nan, 'low': nan, 'close': 81785.0, 'volume': nan, 'short': 81783.57489700029, 'middle': 75608.95724493772, 'long': 47427.459211706584, 'buy': nan, 'sell': nan, 'buy_exit': nan, 'sell_exit': nan}
2025-04-23 10:38:16,456 INFO:Buy exit signal received
2025-04-23 10:38:16,456 INFO:Sell exit signal received
2025-04-23 10:38:16,456 INFO:Entering while loop with trade_count: 2
2025-04-23 10:38:16,494 INFO:Combined historical with live algo:                       timestamp    open    high     low     close  ...          long  buy  sell  buy_exit  sell_exit
0     2025-04-22 09:15:00+05:30  821.10  821.10  817.00    818.80  ...    818.800000  NaN   NaN       NaN        NaN
1     2025-04-22 09:16:00+05:30  818.75  818.75  814.60    814.60  ...    818.668750  NaN   NaN       NaN        NaN
2     2025-04-22 09:17:00+05:30  814.60  816.00  814.00    815.35  ...    818.565039  NaN   NaN       NaN        NaN
3     2025-04-22 09:18:00+05:30  815.30  816.00  814.75    815.50  ...    818.469257  NaN   NaN       NaN        NaN
4     2025-04-22 09:19:00+05:30  815.55  815.75  814.50    814.60  ...    818.348342  NaN   NaN       NaN        NaN
..                          ...     ...     ...     ...       ...  ...           ...  ...   ...       ...        ...
482  2025-04-23 10:38:16.213304     NaN     NaN     NaN  81785.00  ...  43994.127033  NaN   NaN       NaN        NaN
483  2025-04-23 10:38:16.213304     NaN     NaN     NaN  81785.00  ...  45175.091814  NaN   NaN       NaN        NaN
484  2025-04-23 10:38:16.213304     NaN     NaN     NaN  81785.00  ...  46319.151444  NaN   NaN       NaN        NaN
485  2025-04-23 10:38:16.213304     NaN     NaN     NaN  81785.00  ...  47427.459212  NaN   NaN       NaN        NaN
486  2025-04-23 10:38:16.213304     NaN     NaN     NaN  81785.00  ...  48501.132361  NaN   NaN       NaN        NaN

[487 rows x 13 columns]
2025-04-23 10:38:16,505 INFO:Final row: {'timestamp': Timestamp('2025-04-23 10:38:16.213304'), 'open': nan, 'high': nan, 'low': nan, 'close': 81785.0, 'volume': nan, 'short': 81784.04993133353, 'middle': 76170.41567721611, 'long': 48501.13236134075, 'buy': nan, 'sell': nan, 'buy_exit': nan, 'sell_exit': nan}
2025-04-23 10:38:16,505 INFO:Buy exit signal received
2025-04-23 10:38:16,505 INFO:Sell exit signal received
2025-04-23 10:38:16,505 INFO:Entering while loop with trade_count: 2
2025-04-23 10:38:16,554 INFO:Combined historical with live algo:                       timestamp    open    high     low     close  ...          long  buy  sell  buy_exit  sell_exit
0     2025-04-22 09:15:00+05:30  821.10  821.10  817.00    818.80  ...    818.800000  NaN   NaN       NaN        NaN
1     2025-04-22 09:16:00+05:30  818.75  818.75  814.60    814.60  ...    818.668750  NaN   NaN       NaN        NaN
2     2025-04-22 09:17:00+05:30  814.60  816.00  814.00    815.35  ...    818.565039  NaN   NaN       NaN        NaN
3     2025-04-22 09:18:00+05:30  815.30  816.00  814.75    815.50  ...    818.469257  NaN   NaN       NaN        NaN
4     2025-04-22 09:19:00+05:30  815.55  815.75  814.50    814.60  ...    818.348342  NaN   NaN       NaN        NaN
..                          ...     ...     ...     ...       ...  ...           ...  ...   ...       ...        ...
483  2025-04-23 10:38:16.213304     NaN     NaN     NaN  81785.00  ...  45175.091814  NaN   NaN       NaN        NaN
484  2025-04-23 10:38:16.213304     NaN     NaN     NaN  81785.00  ...  46319.151444  NaN   NaN       NaN        NaN
485  2025-04-23 10:38:16.213304     NaN     NaN     NaN  81785.00  ...  47427.459212  NaN   NaN       NaN        NaN
486  2025-04-23 10:38:16.213304     NaN     NaN     NaN  81785.00  ...  48501.132361  NaN   NaN       NaN        NaN
487  2025-04-23 10:38:16.213304     NaN     NaN     NaN  81785.00  ...  49541.253225  NaN   NaN       NaN        NaN

[488 rows x 13 columns]
2025-04-23 10:38:16,555 INFO:Final row: {'timestamp': Timestamp('2025-04-23 10:38:16.213304'), 'open': nan, 'high': nan, 'low': nan, 'close': 81785.0, 'volume': nan, 'short': 81784.36662088902, 'middle': 76680.83243383282, 'long': 49541.25322504885, 'buy': nan, 'sell': nan, 'buy_exit': nan, 'sell_exit': nan}
2025-04-23 10:38:16,555 INFO:Buy exit signal received
2025-04-23 10:38:16,555 INFO:Sell exit signal received
2025-04-23 10:38:16,555 INFO:Entering while loop with trade_count: 2
2025-04-23 10:38:16,604 INFO:Combined historical with live algo:                       timestamp    open    high     low     close  ...          long  buy  sell  buy_exit  sell_exit
0     2025-04-22 09:15:00+05:30  821.10  821.10  817.00    818.80  ...    818.800000  NaN   NaN       NaN        NaN
1     2025-04-22 09:16:00+05:30  818.75  818.75  814.60    814.60  ...    818.668750  NaN   NaN       NaN        NaN
2     2025-04-22 09:17:00+05:30  814.60  816.00  814.00    815.35  ...    818.565039  NaN   NaN       NaN        NaN
3     2025-04-22 09:18:00+05:30  815.30  816.00  814.75    815.50  ...    818.469257  NaN   NaN       NaN        NaN
4     2025-04-22 09:19:00+05:30  815.55  815.75  814.50    814.60  ...    818.348342  NaN   NaN       NaN        NaN
..                          ...     ...     ...     ...       ...  ...           ...  ...   ...       ...        ...
484  2025-04-23 10:38:16.213304     NaN     NaN     NaN  81785.00  ...  46319.151444  NaN   NaN       NaN        NaN
485  2025-04-23 10:38:16.213304     NaN     NaN     NaN  81785.00  ...  47427.459212  NaN   NaN       NaN        NaN
486  2025-04-23 10:38:16.213304     NaN     NaN     NaN  81785.00  ...  48501.132361  NaN   NaN       NaN        NaN
487  2025-04-23 10:38:16.213304     NaN     NaN     NaN  81785.00  ...  49541.253225  NaN   NaN       NaN        NaN
488  2025-04-23 10:38:16.213304     NaN     NaN     NaN  81785.00  ...  50548.870312  NaN   NaN       NaN        NaN

[489 rows x 13 columns]
2025-04-23 10:38:16,605 INFO:Final row: {'timestamp': Timestamp('2025-04-23 10:38:16.213304'), 'open': nan, 'high': nan, 'low': nan, 'close': 81785.0, 'volume': nan, 'short': 81784.57774725935, 'middle': 77144.84766712075, 'long': 50548.87031176608, 'buy': nan, 'sell': nan, 'buy_exit': nan, 'sell_exit': nan}
2025-04-23 10:38:16,605 INFO:Buy exit signal received
2025-04-23 10:38:16,605 INFO:Sell exit signal received
2025-04-23 10:38:16,605 INFO:Entering while loop with trade_count: 2
2025-04-23 10:38:16,653 INFO:Combined historical with live algo:                       timestamp    open    high     low     close  ...          long  buy  sell  buy_exit  sell_exit
0     2025-04-22 09:15:00+05:30  821.10  821.10  817.00    818.80  ...    818.800000  NaN   NaN       NaN        NaN
1     2025-04-22 09:16:00+05:30  818.75  818.75  814.60    814.60  ...    818.668750  NaN   NaN       NaN        NaN
2     2025-04-22 09:17:00+05:30  814.60  816.00  814.00    815.35  ...    818.565039  NaN   NaN       NaN        NaN
3     2025-04-22 09:18:00+05:30  815.30  816.00  814.75    815.50  ...    818.469257  NaN   NaN       NaN        NaN
4     2025-04-22 09:19:00+05:30  815.55  815.75  814.50    814.60  ...    818.348342  NaN   NaN       NaN        NaN
..                          ...     ...     ...     ...       ...  ...           ...  ...   ...       ...        ...
485  2025-04-23 10:38:16.213304     NaN     NaN     NaN  81785.00  ...  47427.459212  NaN   NaN       NaN        NaN
486  2025-04-23 10:38:16.213304     NaN     NaN     NaN  81785.00  ...  48501.132361  NaN   NaN       NaN        NaN
487  2025-04-23 10:38:16.213304     NaN     NaN     NaN  81785.00  ...  49541.253225  NaN   NaN       NaN        NaN
488  2025-04-23 10:38:16.213304     NaN     NaN     NaN  81785.00  ...  50548.870312  NaN   NaN       NaN        NaN
489  2025-04-23 10:38:16.213304     NaN     NaN     NaN  81785.00  ...  51524.999365  NaN   NaN       NaN        NaN

[490 rows x 13 columns]
2025-04-23 10:38:16,653 INFO:Final row: {'timestamp': Timestamp('2025-04-23 10:38:16.213304'), 'open': nan, 'high': nan, 'low': nan, 'close': 81785.0, 'volume': nan, 'short': 81784.71849817291, 'middle': 77566.6796973825, 'long': 51524.999364523384, 'buy': nan, 'sell': nan, 'buy_exit': nan, 'sell_exit': nan}
2025-04-23 10:38:16,653 INFO:Buy exit signal received
2025-04-23 10:38:16,653 INFO:Sell exit signal received
2025-04-23 10:38:16,653 INFO:Entering while loop with trade_count: 2
2025-04-23 10:38:16,700 INFO:Combined historical with live algo:                       timestamp    open    high     low     close  ...          long  buy  sell  buy_exit  sell_exit
0     2025-04-22 09:15:00+05:30  821.10  821.10  817.00    818.80  ...    818.800000  NaN   NaN       NaN        NaN
1     2025-04-22 09:16:00+05:30  818.75  818.75  814.60    814.60  ...    818.668750  NaN   NaN       NaN        NaN
2     2025-04-22 09:17:00+05:30  814.60  816.00  814.00    815.35  ...    818.565039  NaN   NaN       NaN        NaN
3     2025-04-22 09:18:00+05:30  815.30  816.00  814.75    815.50  ...    818.469257  NaN   NaN       NaN        NaN
4     2025-04-22 09:19:00+05:30  815.55  815.75  814.50    814.60  ...    818.348342  NaN   NaN       NaN        NaN
..                          ...     ...     ...     ...       ...  ...           ...  ...   ...       ...        ...
486  2025-04-23 10:38:16.213304     NaN     NaN     NaN  81785.00  ...  48501.132361  NaN   NaN       NaN        NaN
487  2025-04-23 10:38:16.213304     NaN     NaN     NaN  81785.00  ...  49541.253225  NaN   NaN       NaN        NaN
488  2025-04-23 10:38:16.213304     NaN     NaN     NaN  81785.00  ...  50548.870312  NaN   NaN       NaN        NaN
489  2025-04-23 10:38:16.213304     NaN     NaN     NaN  81785.00  ...  51524.999365  NaN   NaN       NaN        NaN
490  2025-04-23 10:38:16.213304     NaN     NaN     NaN  81785.00  ...  52470.624384  NaN   NaN       NaN        NaN

[491 rows x 13 columns]
2025-04-23 10:38:16,708 INFO:Final row: {'timestamp': Timestamp('2025-04-23 10:38:16.213304'), 'open': nan, 'high': nan, 'low': nan, 'close': 81785.0, 'volume': nan, 'short': 81784.81233211528, 'middle': 77950.16336125681, 'long': 52470.62438438203, 'buy': nan, 'sell': nan, 'buy_exit': nan, 'sell_exit': nan}
2025-04-23 10:38:16,708 INFO:Buy exit signal received
2025-04-23 10:38:16,708 INFO:Sell exit signal received
2025-04-23 10:38:16,708 INFO:Entering while loop with trade_count: 2
2025-04-23 10:38:16,761 INFO:Combined historical with live algo:                       timestamp    open    high     low     close  ...          long  buy  sell  buy_exit  sell_exit
0     2025-04-22 09:15:00+05:30  821.10  821.10  817.00    818.80  ...    818.800000  NaN   NaN       NaN        NaN
1     2025-04-22 09:16:00+05:30  818.75  818.75  814.60    814.60  ...    818.668750  NaN   NaN       NaN        NaN
2     2025-04-22 09:17:00+05:30  814.60  816.00  814.00    815.35  ...    818.565039  NaN   NaN       NaN        NaN
3     2025-04-22 09:18:00+05:30  815.30  816.00  814.75    815.50  ...    818.469257  NaN   NaN       NaN        NaN
4     2025-04-22 09:19:00+05:30  815.55  815.75  814.50    814.60  ...    818.348342  NaN   NaN       NaN        NaN
..                          ...     ...     ...     ...       ...  ...           ...  ...   ...       ...        ...
487  2025-04-23 10:38:16.213304     NaN     NaN     NaN  81785.00  ...  49541.253225  NaN   NaN       NaN        NaN
488  2025-04-23 10:38:16.213304     NaN     NaN     NaN  81785.00  ...  50548.870312  NaN   NaN       NaN        NaN
489  2025-04-23 10:38:16.213304     NaN     NaN     NaN  81785.00  ...  51524.999365  NaN   NaN       NaN        NaN
490  2025-04-23 10:38:16.213304     NaN     NaN     NaN  81785.00  ...  52470.624384  NaN   NaN       NaN        NaN
491  2025-04-23 10:38:16.213304     NaN     NaN     NaN  81785.00  ...  53386.698622  NaN   NaN       NaN        NaN

[492 rows x 13 columns]
2025-04-23 10:38:16,761 INFO:Final row: {'timestamp': Timestamp('2025-04-23 10:38:16.213304'), 'open': nan, 'high': nan, 'low': nan, 'close': 81785.0, 'volume': nan, 'short': 81784.87488807685, 'middle': 78298.78487386982, 'long': 53386.69862237009, 'buy': nan, 'sell': nan, 'buy_exit': nan, 'sell_exit': nan}
2025-04-23 10:38:16,761 INFO:Buy exit signal received
2025-04-23 10:38:16,761 INFO:Sell exit signal received
2025-04-23 10:38:16,761 INFO:Entering while loop with trade_count: 2
2025-04-23 10:38:16,811 INFO:Combined historical with live algo:                       timestamp    open    high     low     close  ...          long  buy  sell  buy_exit  sell_exit
0     2025-04-22 09:15:00+05:30  821.10  821.10  817.00    818.80  ...    818.800000  NaN   NaN       NaN        NaN
1     2025-04-22 09:16:00+05:30  818.75  818.75  814.60    814.60  ...    818.668750  NaN   NaN       NaN        NaN
2     2025-04-22 09:17:00+05:30  814.60  816.00  814.00    815.35  ...    818.565039  NaN   NaN       NaN        NaN
3     2025-04-22 09:18:00+05:30  815.30  816.00  814.75    815.50  ...    818.469257  NaN   NaN       NaN        NaN
4     2025-04-22 09:19:00+05:30  815.55  815.75  814.50    814.60  ...    818.348342  NaN   NaN       NaN        NaN
..                          ...     ...     ...     ...       ...  ...           ...  ...   ...       ...        ...
488  2025-04-23 10:38:16.213304     NaN     NaN     NaN  81785.00  ...  50548.870312  NaN   NaN       NaN        NaN
489  2025-04-23 10:38:16.213304     NaN     NaN     NaN  81785.00  ...  51524.999365  NaN   NaN       NaN        NaN
490  2025-04-23 10:38:16.213304     NaN     NaN     NaN  81785.00  ...  52470.624384  NaN   NaN       NaN        NaN
491  2025-04-23 10:38:16.213304     NaN     NaN     NaN  81785.00  ...  53386.698622  NaN   NaN       NaN        NaN
492  2025-04-23 10:38:16.213304     NaN     NaN     NaN  81785.00  ...  54274.145540  NaN   NaN       NaN        NaN

[493 rows x 13 columns]
2025-04-23 10:38:16,818 INFO:Final row: {'timestamp': Timestamp('2025-04-23 10:38:16.213304'), 'open': nan, 'high': nan, 'low': nan, 'close': 81785.0, 'volume': nan, 'short': 81784.91659205125, 'middle': 78615.71352169984, 'long': 54274.14554042102, 'buy': nan, 'sell': nan, 'buy_exit': nan, 'sell_exit': nan}
2025-04-23 10:38:16,818 INFO:Buy exit signal received
2025-04-23 10:38:16,820 INFO:Sell exit signal received
2025-04-23 10:38:16,820 INFO:Entering while loop with trade_count: 2
2025-04-23 10:38:16,908 INFO:Combined historical with live algo:                       timestamp    open    high     low     close  ...          long  buy  sell  buy_exit  sell_exit
0     2025-04-22 09:15:00+05:30  821.10  821.10  817.00    818.80  ...    818.800000  NaN   NaN       NaN        NaN
1     2025-04-22 09:16:00+05:30  818.75  818.75  814.60    814.60  ...    818.668750  NaN   NaN       NaN        NaN
2     2025-04-22 09:17:00+05:30  814.60  816.00  814.00    815.35  ...    818.565039  NaN   NaN       NaN        NaN
3     2025-04-22 09:18:00+05:30  815.30  816.00  814.75    815.50  ...    818.469257  NaN   NaN       NaN        NaN
4     2025-04-22 09:19:00+05:30  815.55  815.75  814.50    814.60  ...    818.348342  NaN   NaN       NaN        NaN
..                          ...     ...     ...     ...       ...  ...           ...  ...   ...       ...        ...
489  2025-04-23 10:38:16.213304     NaN     NaN     NaN  81785.00  ...  51524.999365  NaN   NaN       NaN        NaN
490  2025-04-23 10:38:16.213304     NaN     NaN     NaN  81785.00  ...  52470.624384  NaN   NaN       NaN        NaN
491  2025-04-23 10:38:16.213304     NaN     NaN     NaN  81785.00  ...  53386.698622  NaN   NaN       NaN        NaN
492  2025-04-23 10:38:16.213304     NaN     NaN     NaN  81785.00  ...  54274.145540  NaN   NaN       NaN        NaN
493  2025-04-23 10:38:16.213304     NaN     NaN     NaN  81785.00  ...  55133.859742  NaN   NaN       NaN        NaN

[494 rows x 13 columns]
2025-04-23 10:38:16,911 INFO:Final row: {'timestamp': Timestamp('2025-04-23 10:38:16.213304'), 'open': nan, 'high': nan, 'low': nan, 'close': 81785.0, 'volume': nan, 'short': 81784.94439470084, 'middle': 78903.83047427259, 'long': 55133.85974228286, 'buy': nan, 'sell': nan, 'buy_exit': nan, 'sell_exit': nan}
2025-04-23 10:38:16,911 INFO:Buy exit signal received
2025-04-23 10:38:16,911 INFO:Sell exit signal received
2025-04-23 10:38:16,911 INFO:Entering while loop with trade_count: 2
2025-04-23 10:38:16,980 INFO:Combined historical with live algo:                       timestamp    open    high     low     close  ...          long  buy  sell  buy_exit  sell_exit
0     2025-04-22 09:15:00+05:30  821.10  821.10  817.00    818.80  ...    818.800000  NaN   NaN       NaN        NaN
1     2025-04-22 09:16:00+05:30  818.75  818.75  814.60    814.60  ...    818.668750  NaN   NaN       NaN        NaN
2     2025-04-22 09:17:00+05:30  814.60  816.00  814.00    815.35  ...    818.565039  NaN   NaN       NaN        NaN
3     2025-04-22 09:18:00+05:30  815.30  816.00  814.75    815.50  ...    818.469257  NaN   NaN       NaN        NaN
4     2025-04-22 09:19:00+05:30  815.55  815.75  814.50    814.60  ...    818.348342  NaN   NaN       NaN        NaN
..                          ...     ...     ...     ...       ...  ...           ...  ...   ...       ...        ...
490  2025-04-23 10:38:16.213304     NaN     NaN     NaN  81785.00  ...  52470.624384  NaN   NaN       NaN        NaN
491  2025-04-23 10:38:16.213304     NaN     NaN     NaN  81785.00  ...  53386.698622  NaN   NaN       NaN        NaN
492  2025-04-23 10:38:16.213304     NaN     NaN     NaN  81785.00  ...  54274.145540  NaN   NaN       NaN        NaN
493  2025-04-23 10:38:16.213304     NaN     NaN     NaN  81785.00  ...  55133.859742  NaN   NaN       NaN        NaN
494  2025-04-23 10:38:16.887493     NaN     NaN     NaN  81780.00  ...  55966.551625  NaN   NaN       NaN        NaN

[495 rows x 13 columns]
2025-04-23 10:38:16,980 INFO:Final row: {'timestamp': Timestamp('2025-04-23 10:38:16.887493'), 'open': nan, 'high': nan, 'low': nan, 'close': 81780.0, 'volume': nan, 'short': 81783.2962631339, 'middle': 79165.3004311569, 'long': 55966.55162533652, 'buy': nan, 'sell': nan, 'buy_exit': nan, 'sell_exit': nan}
2025-04-23 10:38:16,980 INFO:Buy exit signal received
2025-04-23 10:38:16,980 INFO:Sell exit signal received
2025-04-23 10:38:16,980 INFO:Entering while loop with trade_count: 2
2025-04-23 10:38:17,044 INFO:Combined historical with live algo:                       timestamp    open    high     low     close  ...          long  buy  sell  buy_exit  sell_exit
0     2025-04-22 09:15:00+05:30  821.10  821.10  817.00    818.80  ...    818.800000  NaN   NaN       NaN        NaN
1     2025-04-22 09:16:00+05:30  818.75  818.75  814.60    814.60  ...    818.668750  NaN   NaN       NaN        NaN
2     2025-04-22 09:17:00+05:30  814.60  816.00  814.00    815.35  ...    818.565039  NaN   NaN       NaN        NaN
3     2025-04-22 09:18:00+05:30  815.30  816.00  814.75    815.50  ...    818.469257  NaN   NaN       NaN        NaN
4     2025-04-22 09:19:00+05:30  815.55  815.75  814.50    814.60  ...    818.348342  NaN   NaN       NaN        NaN
..                          ...     ...     ...     ...       ...  ...           ...  ...   ...       ...        ...
491  2025-04-23 10:38:16.213304     NaN     NaN     NaN  81785.00  ...  53386.698622  NaN   NaN       NaN        NaN
492  2025-04-23 10:38:16.213304     NaN     NaN     NaN  81785.00  ...  54274.145540  NaN   NaN       NaN        NaN
493  2025-04-23 10:38:16.213304     NaN     NaN     NaN  81785.00  ...  55133.859742  NaN   NaN       NaN        NaN
494  2025-04-23 10:38:16.887493     NaN     NaN     NaN  81780.00  ...  55966.551625  NaN   NaN       NaN        NaN
495  2025-04-23 10:38:16.887493     NaN     NaN     NaN  81780.00  ...  56773.221887  NaN   NaN       NaN        NaN

[496 rows x 13 columns]
2025-04-23 10:38:17,044 INFO:Final row: {'timestamp': Timestamp('2025-04-23 10:38:16.887493'), 'open': nan, 'high': nan, 'low': nan, 'close': 81780.0, 'volume': nan, 'short': 81782.19750875594, 'middle': 79403.00039196081, 'long': 56773.221887044754, 'buy': nan, 'sell': nan, 'buy_exit': nan, 'sell_exit': nan}
2025-04-23 10:38:17,044 INFO:Buy exit signal received
2025-04-23 10:38:17,044 INFO:Sell exit signal received
2025-04-23 10:38:17,044 INFO:Entering while loop with trade_count: 2
2025-04-23 10:38:17,104 INFO:Combined historical with live algo:                       timestamp    open    high     low     close  ...          long  buy  sell  buy_exit  sell_exit
0     2025-04-22 09:15:00+05:30  821.10  821.10  817.00    818.80  ...    818.800000  NaN   NaN       NaN        NaN
1     2025-04-22 09:16:00+05:30  818.75  818.75  814.60    814.60  ...    818.668750  NaN   NaN       NaN        NaN
2     2025-04-22 09:17:00+05:30  814.60  816.00  814.00    815.35  ...    818.565039  NaN   NaN       NaN        NaN
3     2025-04-22 09:18:00+05:30  815.30  816.00  814.75    815.50  ...    818.469257  NaN   NaN       NaN        NaN
4     2025-04-22 09:19:00+05:30  815.55  815.75  814.50    814.60  ...    818.348342  NaN   NaN       NaN        NaN
..                          ...     ...     ...     ...       ...  ...           ...  ...   ...       ...        ...
492  2025-04-23 10:38:16.213304     NaN     NaN     NaN  81785.00  ...  54274.145540  NaN   NaN       NaN        NaN
493  2025-04-23 10:38:16.213304     NaN     NaN     NaN  81785.00  ...  55133.859742  NaN   NaN       NaN        NaN
494  2025-04-23 10:38:16.887493     NaN     NaN     NaN  81780.00  ...  55966.551625  NaN   NaN       NaN        NaN
495  2025-04-23 10:38:16.887493     NaN     NaN     NaN  81780.00  ...  56773.221887  NaN   NaN       NaN        NaN
496  2025-04-23 10:38:16.887493     NaN     NaN     NaN  81780.00  ...  57554.683703  NaN   NaN       NaN        NaN

[497 rows x 13 columns]
2025-04-23 10:38:17,104 INFO:Final row: {'timestamp': Timestamp('2025-04-23 10:38:16.887493'), 'open': nan, 'high': nan, 'low': nan, 'close': 81780.0, 'volume': nan, 'short': 81781.4650058373, 'middle': 79619.09126541892, 'long': 57554.6837030746, 'buy': nan, 'sell': nan, 'buy_exit': nan, 'sell_exit': nan}
2025-04-23 10:38:17,104 INFO:Buy exit signal received
2025-04-23 10:38:17,104 INFO:Sell exit signal received
2025-04-23 10:38:17,104 INFO:Entering while loop with trade_count: 2
2025-04-23 10:38:17,167 INFO:Combined historical with live algo:                       timestamp    open    high     low     close  ...          long  buy  sell  buy_exit  sell_exit
0     2025-04-22 09:15:00+05:30  821.10  821.10  817.00    818.80  ...    818.800000  NaN   NaN       NaN        NaN
1     2025-04-22 09:16:00+05:30  818.75  818.75  814.60    814.60  ...    818.668750  NaN   NaN       NaN        NaN
2     2025-04-22 09:17:00+05:30  814.60  816.00  814.00    815.35  ...    818.565039  NaN   NaN       NaN        NaN
3     2025-04-22 09:18:00+05:30  815.30  816.00  814.75    815.50  ...    818.469257  NaN   NaN       NaN        NaN
4     2025-04-22 09:19:00+05:30  815.55  815.75  814.50    814.60  ...    818.348342  NaN   NaN       NaN        NaN
..                          ...     ...     ...     ...       ...  ...           ...  ...   ...       ...        ...
493  2025-04-23 10:38:16.213304     NaN     NaN     NaN  81785.00  ...  55133.859742  NaN   NaN       NaN        NaN
494  2025-04-23 10:38:16.887493     NaN     NaN     NaN  81780.00  ...  55966.551625  NaN   NaN       NaN        NaN
495  2025-04-23 10:38:16.887493     NaN     NaN     NaN  81780.00  ...  56773.221887  NaN   NaN       NaN        NaN
496  2025-04-23 10:38:16.887493     NaN     NaN     NaN  81780.00  ...  57554.683703  NaN   NaN       NaN        NaN
497  2025-04-23 10:38:16.887493     NaN     NaN     NaN  81780.00  ...  58311.724837  NaN   NaN       NaN        NaN

[498 rows x 13 columns]
2025-04-23 10:38:17,174 INFO:Final row: {'timestamp': Timestamp('2025-04-23 10:38:16.887493'), 'open': nan, 'high': nan, 'low': nan, 'close': 81780.0, 'volume': nan, 'short': 81780.9766705582, 'middle': 79815.5375140172, 'long': 58311.72483735352, 'buy': nan, 'sell': nan, 'buy_exit': nan, 'sell_exit': nan}
2025-04-23 10:38:17,174 INFO:Buy exit signal received
2025-04-23 10:38:17,174 INFO:Sell exit signal received
2025-04-23 10:38:17,174 INFO:Entering while loop with trade_count: 2
2025-04-23 10:38:17,228 INFO:Combined historical with live algo:                       timestamp    open    high     low     close  ...          long  buy  sell  buy_exit  sell_exit
0     2025-04-22 09:15:00+05:30  821.10  821.10  817.00    818.80  ...    818.800000  NaN   NaN       NaN        NaN
1     2025-04-22 09:16:00+05:30  818.75  818.75  814.60    814.60  ...    818.668750  NaN   NaN       NaN        NaN
2     2025-04-22 09:17:00+05:30  814.60  816.00  814.00    815.35  ...    818.565039  NaN   NaN       NaN        NaN
3     2025-04-22 09:18:00+05:30  815.30  816.00  814.75    815.50  ...    818.469257  NaN   NaN       NaN        NaN
4     2025-04-22 09:19:00+05:30  815.55  815.75  814.50    814.60  ...    818.348342  NaN   NaN       NaN        NaN
..                          ...     ...     ...     ...       ...  ...           ...  ...   ...       ...        ...
494  2025-04-23 10:38:16.887493     NaN     NaN     NaN  81780.00  ...  55966.551625  NaN   NaN       NaN        NaN
495  2025-04-23 10:38:16.887493     NaN     NaN     NaN  81780.00  ...  56773.221887  NaN   NaN       NaN        NaN
496  2025-04-23 10:38:16.887493     NaN     NaN     NaN  81780.00  ...  57554.683703  NaN   NaN       NaN        NaN
497  2025-04-23 10:38:16.887493     NaN     NaN     NaN  81780.00  ...  58311.724837  NaN   NaN       NaN        NaN
498  2025-04-23 10:38:16.887493     NaN     NaN     NaN  81780.00  ...  59045.108436  NaN   NaN       NaN        NaN

[499 rows x 13 columns]
2025-04-23 10:38:17,228 INFO:Final row: {'timestamp': Timestamp('2025-04-23 10:38:16.887493'), 'open': nan, 'high': nan, 'low': nan, 'close': 81780.0, 'volume': nan, 'short': 81780.65111370548, 'middle': 79994.12501274291, 'long': 59045.10843618622, 'buy': nan, 'sell': nan, 'buy_exit': nan, 'sell_exit': nan}
2025-04-23 10:38:17,228 INFO:Buy exit signal received
2025-04-23 10:38:17,228 INFO:Sell exit signal received
2025-04-23 10:38:17,228 INFO:Entering while loop with trade_count: 2
2025-04-23 10:38:17,292 INFO:Combined historical with live algo:                       timestamp    open    high     low     close  ...          long  buy  sell  buy_exit  sell_exit
0     2025-04-22 09:15:00+05:30  821.10  821.10  817.00    818.80  ...    818.800000  NaN   NaN       NaN        NaN
1     2025-04-22 09:16:00+05:30  818.75  818.75  814.60    814.60  ...    818.668750  NaN   NaN       NaN        NaN
2     2025-04-22 09:17:00+05:30  814.60  816.00  814.00    815.35  ...    818.565039  NaN   NaN       NaN        NaN
3     2025-04-22 09:18:00+05:30  815.30  816.00  814.75    815.50  ...    818.469257  NaN   NaN       NaN        NaN
4     2025-04-22 09:19:00+05:30  815.55  815.75  814.50    814.60  ...    818.348342  NaN   NaN       NaN        NaN
..                          ...     ...     ...     ...       ...  ...           ...  ...   ...       ...        ...
495  2025-04-23 10:38:16.887493     NaN     NaN     NaN  81780.00  ...  56773.221887  NaN   NaN       NaN        NaN
496  2025-04-23 10:38:16.887493     NaN     NaN     NaN  81780.00  ...  57554.683703  NaN   NaN       NaN        NaN
497  2025-04-23 10:38:16.887493     NaN     NaN     NaN  81780.00  ...  58311.724837  NaN   NaN       NaN        NaN
498  2025-04-23 10:38:16.887493     NaN     NaN     NaN  81780.00  ...  59045.108436  NaN   NaN       NaN        NaN
499  2025-04-23 10:38:16.887493     NaN     NaN     NaN  81780.00  ...  59755.573798  NaN   NaN       NaN        NaN

[500 rows x 13 columns]
2025-04-23 10:38:17,293 INFO:Final row: {'timestamp': Timestamp('2025-04-23 10:38:16.887493'), 'open': nan, 'high': nan, 'low': nan, 'close': 81780.0, 'volume': nan, 'short': 81780.43407580366, 'middle': 80156.47728431174, 'long': 59755.5737975554, 'buy': nan, 'sell': nan, 'buy_exit': nan, 'sell_exit': nan}
2025-04-23 10:38:17,293 INFO:Buy exit signal received
2025-04-23 10:38:17,293 INFO:Sell exit signal received
2025-04-23 10:38:17,293 INFO:Entering while loop with trade_count: 2
2025-04-23 10:38:17,344 INFO:Combined historical with live algo:                       timestamp    open    high     low     close  ...          long  buy  sell  buy_exit  sell_exit
0     2025-04-22 09:15:00+05:30  821.10  821.10  817.00    818.80  ...    818.800000  NaN   NaN       NaN        NaN
1     2025-04-22 09:16:00+05:30  818.75  818.75  814.60    814.60  ...    818.668750  NaN   NaN       NaN        NaN
2     2025-04-22 09:17:00+05:30  814.60  816.00  814.00    815.35  ...    818.565039  NaN   NaN       NaN        NaN
3     2025-04-22 09:18:00+05:30  815.30  816.00  814.75    815.50  ...    818.469257  NaN   NaN       NaN        NaN
4     2025-04-22 09:19:00+05:30  815.55  815.75  814.50    814.60  ...    818.348342  NaN   NaN       NaN        NaN
..                          ...     ...     ...     ...       ...  ...           ...  ...   ...       ...        ...
496  2025-04-23 10:38:16.887493     NaN     NaN     NaN  81780.00  ...  57554.683703  NaN   NaN       NaN        NaN
497  2025-04-23 10:38:16.887493     NaN     NaN     NaN  81780.00  ...  58311.724837  NaN   NaN       NaN        NaN
498  2025-04-23 10:38:16.887493     NaN     NaN     NaN  81780.00  ...  59045.108436  NaN   NaN       NaN        NaN
499  2025-04-23 10:38:16.887493     NaN     NaN     NaN  81780.00  ...  59755.573798  NaN   NaN       NaN        NaN
500  2025-04-23 10:38:17.235541     NaN     NaN     NaN  81775.00  ...  60443.680866  NaN   NaN       NaN        NaN

[501 rows x 13 columns]
2025-04-23 10:38:17,349 INFO:Final row: {'timestamp': Timestamp('2025-04-23 10:38:17.235541'), 'open': nan, 'high': nan, 'low': nan, 'close': 81775.0, 'volume': nan, 'short': 81778.62271720244, 'middle': 80303.61571301067, 'long': 60443.680866381794, 'buy': nan, 'sell': nan, 'buy_exit': nan, 'sell_exit': nan}
2025-04-23 10:38:17,349 INFO:Buy exit signal received
2025-04-23 10:38:17,349 INFO:Sell exit signal received
2025-04-23 10:38:17,349 INFO:Entering while loop with trade_count: 2
2025-04-23 10:38:17,399 INFO:Combined historical with live algo:                       timestamp    open    high     low     close  ...          long  buy  sell  buy_exit  sell_exit
0     2025-04-22 09:15:00+05:30  821.10  821.10  817.00    818.80  ...    818.800000  NaN   NaN       NaN        NaN
1     2025-04-22 09:16:00+05:30  818.75  818.75  814.60    814.60  ...    818.668750  NaN   NaN       NaN        NaN
2     2025-04-22 09:17:00+05:30  814.60  816.00  814.00    815.35  ...    818.565039  NaN   NaN       NaN        NaN
3     2025-04-22 09:18:00+05:30  815.30  816.00  814.75    815.50  ...    818.469257  NaN   NaN       NaN        NaN
4     2025-04-22 09:19:00+05:30  815.55  815.75  814.50    814.60  ...    818.348342  NaN   NaN       NaN        NaN
..                          ...     ...     ...     ...       ...  ...           ...  ...   ...       ...        ...
497  2025-04-23 10:38:16.887493     NaN     NaN     NaN  81780.00  ...  58311.724837  NaN   NaN       NaN        NaN
498  2025-04-23 10:38:16.887493     NaN     NaN     NaN  81780.00  ...  59045.108436  NaN   NaN       NaN        NaN
499  2025-04-23 10:38:16.887493     NaN     NaN     NaN  81780.00  ...  59755.573798  NaN   NaN       NaN        NaN
500  2025-04-23 10:38:17.235541     NaN     NaN     NaN  81775.00  ...  60443.680866  NaN   NaN       NaN        NaN
501  2025-04-23 10:38:17.235541     NaN     NaN     NaN  81775.00  ...  61110.284589  NaN   NaN       NaN        NaN

[502 rows x 13 columns]
2025-04-23 10:38:17,399 INFO:Final row: {'timestamp': Timestamp('2025-04-23 10:38:17.235541'), 'open': nan, 'high': nan, 'low': nan, 'close': 81775.0, 'volume': nan, 'short': 81777.41514480163, 'middle': 80437.37792091879, 'long': 61110.28458930736, 'buy': nan, 'sell': nan, 'buy_exit': nan, 'sell_exit': nan}
2025-04-23 10:38:17,399 INFO:Buy exit signal received
2025-04-23 10:38:17,399 INFO:Sell exit signal received
2025-04-23 10:38:17,399 INFO:Entering while loop with trade_count: 2
2025-04-23 10:38:17,451 INFO:Combined historical with live algo:                       timestamp    open    high     low     close  ...          long  buy  sell  buy_exit  sell_exit
0     2025-04-22 09:15:00+05:30  821.10  821.10  817.00    818.80  ...    818.800000  NaN   NaN       NaN        NaN
1     2025-04-22 09:16:00+05:30  818.75  818.75  814.60    814.60  ...    818.668750  NaN   NaN       NaN        NaN
2     2025-04-22 09:17:00+05:30  814.60  816.00  814.00    815.35  ...    818.565039  NaN   NaN       NaN        NaN
3     2025-04-22 09:18:00+05:30  815.30  816.00  814.75    815.50  ...    818.469257  NaN   NaN       NaN        NaN
4     2025-04-22 09:19:00+05:30  815.55  815.75  814.50    814.60  ...    818.348342  NaN   NaN       NaN        NaN
..                          ...     ...     ...     ...       ...  ...           ...  ...   ...       ...        ...
498  2025-04-23 10:38:16.887493     NaN     NaN     NaN  81780.00  ...  59045.108436  NaN   NaN       NaN        NaN
499  2025-04-23 10:38:16.887493     NaN     NaN     NaN  81780.00  ...  59755.573798  NaN   NaN       NaN        NaN
500  2025-04-23 10:38:17.235541     NaN     NaN     NaN  81775.00  ...  60443.680866  NaN   NaN       NaN        NaN
501  2025-04-23 10:38:17.235541     NaN     NaN     NaN  81775.00  ...  61110.284589  NaN   NaN       NaN        NaN
502  2025-04-23 10:38:17.235541     NaN     NaN     NaN  81775.00  ...  61756.056946  NaN   NaN       NaN        NaN

[503 rows x 13 columns]
2025-04-23 10:38:17,452 INFO:Final row: {'timestamp': Timestamp('2025-04-23 10:38:17.235541'), 'open': nan, 'high': nan, 'low': nan, 'close': 81775.0, 'volume': nan, 'short': 81776.61009653442, 'middle': 80558.97992810799, 'long': 61756.056945891505, 'buy': nan, 'sell': nan, 'buy_exit': nan, 'sell_exit': nan}
2025-04-23 10:38:17,452 INFO:Buy exit signal received
2025-04-23 10:38:17,452 INFO:Sell exit signal received
2025-04-23 10:38:17,452 INFO:Entering while loop with trade_count: 2
2025-04-23 10:38:17,502 INFO:Combined historical with live algo:                       timestamp    open    high     low     close  ...          long  buy  sell  buy_exit  sell_exit
0     2025-04-22 09:15:00+05:30  821.10  821.10  817.00    818.80  ...    818.800000  NaN   NaN       NaN        NaN
1     2025-04-22 09:16:00+05:30  818.75  818.75  814.60    814.60  ...    818.668750  NaN   NaN       NaN        NaN
2     2025-04-22 09:17:00+05:30  814.60  816.00  814.00    815.35  ...    818.565039  NaN   NaN       NaN        NaN
3     2025-04-22 09:18:00+05:30  815.30  816.00  814.75    815.50  ...    818.469257  NaN   NaN       NaN        NaN
4     2025-04-22 09:19:00+05:30  815.55  815.75  814.50    814.60  ...    818.348342  NaN   NaN       NaN        NaN
..                          ...     ...     ...     ...       ...  ...           ...  ...   ...       ...        ...
499  2025-04-23 10:38:16.887493     NaN     NaN     NaN  81780.00  ...  59755.573798  NaN   NaN       NaN        NaN
500  2025-04-23 10:38:17.235541     NaN     NaN     NaN  81775.00  ...  60443.680866  NaN   NaN       NaN        NaN
501  2025-04-23 10:38:17.235541     NaN     NaN     NaN  81775.00  ...  61110.284589  NaN   NaN       NaN        NaN
502  2025-04-23 10:38:17.235541     NaN     NaN     NaN  81775.00  ...  61756.056946  NaN   NaN       NaN        NaN
503  2025-04-23 10:38:17.235541     NaN     NaN     NaN  81775.00  ...  62381.648916  NaN   NaN       NaN        NaN

[504 rows x 13 columns]
2025-04-23 10:38:17,508 INFO:Final row: {'timestamp': Timestamp('2025-04-23 10:38:17.235541'), 'open': nan, 'high': nan, 'low': nan, 'close': 81775.0, 'volume': nan, 'short': 81776.07339768962, 'middle': 80669.5272073709, 'long': 62381.64891633239, 'buy': nan, 'sell': nan, 'buy_exit': nan, 'sell_exit': nan}
2025-04-23 10:38:17,508 INFO:Buy exit signal received
2025-04-23 10:38:17,508 INFO:Sell exit signal received
2025-04-23 10:38:17,508 INFO:Entering while loop with trade_count: 2
2025-04-23 10:38:17,565 INFO:Combined historical with live algo:                       timestamp    open    high     low     close  ...          long  buy  sell  buy_exit  sell_exit
0     2025-04-22 09:15:00+05:30  821.10  821.10  817.00    818.80  ...    818.800000  NaN   NaN       NaN        NaN
1     2025-04-22 09:16:00+05:30  818.75  818.75  814.60    814.60  ...    818.668750  NaN   NaN       NaN        NaN
2     2025-04-22 09:17:00+05:30  814.60  816.00  814.00    815.35  ...    818.565039  NaN   NaN       NaN        NaN
3     2025-04-22 09:18:00+05:30  815.30  816.00  814.75    815.50  ...    818.469257  NaN   NaN       NaN        NaN
4     2025-04-22 09:19:00+05:30  815.55  815.75  814.50    814.60  ...    818.348342  NaN   NaN       NaN        NaN
..                          ...     ...     ...     ...       ...  ...           ...  ...   ...       ...        ...
500  2025-04-23 10:38:17.235541     NaN     NaN     NaN  81775.00  ...  60443.680866  NaN   NaN       NaN        NaN
501  2025-04-23 10:38:17.235541     NaN     NaN     NaN  81775.00  ...  61110.284589  NaN   NaN       NaN        NaN
502  2025-04-23 10:38:17.235541     NaN     NaN     NaN  81775.00  ...  61756.056946  NaN   NaN       NaN        NaN
503  2025-04-23 10:38:17.235541     NaN     NaN     NaN  81775.00  ...  62381.648916  NaN   NaN       NaN        NaN
504  2025-04-23 10:38:17.235541     NaN     NaN     NaN  81775.00  ...  62987.691138  NaN   NaN       NaN        NaN

[505 rows x 13 columns]
2025-04-23 10:38:17,565 INFO:Final row: {'timestamp': Timestamp('2025-04-23 10:38:17.235541'), 'open': nan, 'high': nan, 'low': nan, 'close': 81775.0, 'volume': nan, 'short': 81775.71559845975, 'middle': 80770.02473397355, 'long': 62987.69113769701, 'buy': nan, 'sell': nan, 'buy_exit': nan, 'sell_exit': nan}
2025-04-23 10:38:17,565 INFO:Buy exit signal received
2025-04-23 10:38:17,565 INFO:Sell exit signal received
2025-04-23 10:38:17,565 INFO:Entering while loop with trade_count: 2
2025-04-23 10:38:17,633 INFO:Combined historical with live algo:                       timestamp    open    high     low     close  ...          long  buy  sell  buy_exit  sell_exit
0     2025-04-22 09:15:00+05:30  821.10  821.10  817.00    818.80  ...    818.800000  NaN   NaN       NaN        NaN
1     2025-04-22 09:16:00+05:30  818.75  818.75  814.60    814.60  ...    818.668750  NaN   NaN       NaN        NaN
2     2025-04-22 09:17:00+05:30  814.60  816.00  814.00    815.35  ...    818.565039  NaN   NaN       NaN        NaN
3     2025-04-22 09:18:00+05:30  815.30  816.00  814.75    815.50  ...    818.469257  NaN   NaN       NaN        NaN
4     2025-04-22 09:19:00+05:30  815.55  815.75  814.50    814.60  ...    818.348342  NaN   NaN       NaN        NaN
..                          ...     ...     ...     ...       ...  ...           ...  ...   ...       ...        ...
501  2025-04-23 10:38:17.235541     NaN     NaN     NaN  81775.00  ...  61110.284589  NaN   NaN       NaN        NaN
502  2025-04-23 10:38:17.235541     NaN     NaN     NaN  81775.00  ...  61756.056946  NaN   NaN       NaN        NaN
503  2025-04-23 10:38:17.235541     NaN     NaN     NaN  81775.00  ...  62381.648916  NaN   NaN       NaN        NaN
504  2025-04-23 10:38:17.235541     NaN     NaN     NaN  81775.00  ...  62987.691138  NaN   NaN       NaN        NaN
505  2025-04-23 10:38:17.235541     NaN     NaN     NaN  81775.00  ...  63574.794540  NaN   NaN       NaN        NaN

[506 rows x 13 columns]
2025-04-23 10:38:17,633 INFO:Final row: {'timestamp': Timestamp('2025-04-23 10:38:17.235541'), 'open': nan, 'high': nan, 'low': nan, 'close': 81775.0, 'volume': nan, 'short': 81775.47706563983, 'middle': 80861.38612179413, 'long': 63574.794539643975, 'buy': nan, 'sell': nan, 'buy_exit': nan, 'sell_exit': nan}
2025-04-23 10:38:17,633 INFO:Buy exit signal received
2025-04-23 10:38:17,640 INFO:Sell exit signal received
2025-04-23 10:38:17,640 INFO:Entering while loop with trade_count: 2
2025-04-23 10:38:17,724 INFO:Combined historical with live algo:                       timestamp    open    high     low     close  ...          long  buy  sell  buy_exit  sell_exit
0     2025-04-22 09:15:00+05:30  821.10  821.10  817.00    818.80  ...    818.800000  NaN   NaN       NaN        NaN
1     2025-04-22 09:16:00+05:30  818.75  818.75  814.60    814.60  ...    818.668750  NaN   NaN       NaN        NaN
2     2025-04-22 09:17:00+05:30  814.60  816.00  814.00    815.35  ...    818.565039  NaN   NaN       NaN        NaN
3     2025-04-22 09:18:00+05:30  815.30  816.00  814.75    815.50  ...    818.469257  NaN   NaN       NaN        NaN
4     2025-04-22 09:19:00+05:30  815.55  815.75  814.50    814.60  ...    818.348342  NaN   NaN       NaN        NaN
..                          ...     ...     ...     ...       ...  ...           ...  ...   ...       ...        ...
502  2025-04-23 10:38:17.235541     NaN     NaN     NaN  81775.00  ...  61756.056946  NaN   NaN       NaN        NaN
503  2025-04-23 10:38:17.235541     NaN     NaN     NaN  81775.00  ...  62381.648916  NaN   NaN       NaN        NaN
504  2025-04-23 10:38:17.235541     NaN     NaN     NaN  81775.00  ...  62987.691138  NaN   NaN       NaN        NaN
505  2025-04-23 10:38:17.235541     NaN     NaN     NaN  81775.00  ...  63574.794540  NaN   NaN       NaN        NaN
506  2025-04-23 10:38:17.235541     NaN     NaN     NaN  81775.00  ...  64143.550960  NaN   NaN       NaN        NaN

[507 rows x 13 columns]
2025-04-23 10:38:17,724 INFO:Final row: {'timestamp': Timestamp('2025-04-23 10:38:17.235541'), 'open': nan, 'high': nan, 'low': nan, 'close': 81775.0, 'volume': nan, 'short': 81775.3180437599, 'middle': 80944.44192890376, 'long': 64143.5509602801, 'buy': nan, 'sell': nan, 'buy_exit': nan, 'sell_exit': nan}
2025-04-23 10:38:17,727 INFO:Buy exit signal received
2025-04-23 10:38:17,727 INFO:Sell exit signal received
2025-04-23 10:38:17,727 INFO:Entering while loop with trade_count: 2
2025-04-23 10:38:17,794 INFO:Combined historical with live algo:                       timestamp    open    high     low     close  ...          long  buy  sell  buy_exit  sell_exit
0     2025-04-22 09:15:00+05:30  821.10  821.10  817.00    818.80  ...    818.800000  NaN   NaN       NaN        NaN
1     2025-04-22 09:16:00+05:30  818.75  818.75  814.60    814.60  ...    818.668750  NaN   NaN       NaN        NaN
2     2025-04-22 09:17:00+05:30  814.60  816.00  814.00    815.35  ...    818.565039  NaN   NaN       NaN        NaN
3     2025-04-22 09:18:00+05:30  815.30  816.00  814.75    815.50  ...    818.469257  NaN   NaN       NaN        NaN
4     2025-04-22 09:19:00+05:30  815.55  815.75  814.50    814.60  ...    818.348342  NaN   NaN       NaN        NaN
..                          ...     ...     ...     ...       ...  ...           ...  ...   ...       ...        ...
503  2025-04-23 10:38:17.235541     NaN     NaN     NaN  81775.00  ...  62381.648916  NaN   NaN       NaN        NaN
504  2025-04-23 10:38:17.235541     NaN     NaN     NaN  81775.00  ...  62987.691138  NaN   NaN       NaN        NaN
505  2025-04-23 10:38:17.235541     NaN     NaN     NaN  81775.00  ...  63574.794540  NaN   NaN       NaN        NaN
506  2025-04-23 10:38:17.235541     NaN     NaN     NaN  81775.00  ...  64143.550960  NaN   NaN       NaN        NaN
507  2025-04-23 10:38:17.235541     NaN     NaN     NaN  81775.00  ...  64694.533743  NaN   NaN       NaN        NaN

[508 rows x 13 columns]
2025-04-23 10:38:17,794 INFO:Final row: {'timestamp': Timestamp('2025-04-23 10:38:17.235541'), 'open': nan, 'high': nan, 'low': nan, 'close': 81775.0, 'volume': nan, 'short': 81775.21202917327, 'middle': 81019.94720809432, 'long': 64694.53374277135, 'buy': nan, 'sell': nan, 'buy_exit': nan, 'sell_exit': nan}
2025-04-23 10:38:17,794 INFO:Buy exit signal received
2025-04-23 10:38:17,794 INFO:Sell exit signal received
2025-04-23 10:38:17,794 INFO:Entering while loop with trade_count: 2
2025-04-23 10:38:17,844 INFO:Combined historical with live algo:                       timestamp    open    high     low     close  ...          long  buy  sell  buy_exit  sell_exit
0     2025-04-22 09:15:00+05:30  821.10  821.10  817.00    818.80  ...    818.800000  NaN   NaN       NaN        NaN
1     2025-04-22 09:16:00+05:30  818.75  818.75  814.60    814.60  ...    818.668750  NaN   NaN       NaN        NaN
2     2025-04-22 09:17:00+05:30  814.60  816.00  814.00    815.35  ...    818.565039  NaN   NaN       NaN        NaN
3     2025-04-22 09:18:00+05:30  815.30  816.00  814.75    815.50  ...    818.469257  NaN   NaN       NaN        NaN
4     2025-04-22 09:19:00+05:30  815.55  815.75  814.50    814.60  ...    818.348342  NaN   NaN       NaN        NaN
..                          ...     ...     ...     ...       ...  ...           ...  ...   ...       ...        ...
504  2025-04-23 10:38:17.235541     NaN     NaN     NaN  81775.00  ...  62987.691138  NaN   NaN       NaN        NaN
505  2025-04-23 10:38:17.235541     NaN     NaN     NaN  81775.00  ...  63574.794540  NaN   NaN       NaN        NaN
506  2025-04-23 10:38:17.235541     NaN     NaN     NaN  81775.00  ...  64143.550960  NaN   NaN       NaN        NaN
507  2025-04-23 10:38:17.235541     NaN     NaN     NaN  81775.00  ...  64694.533743  NaN   NaN       NaN        NaN
508  2025-04-23 10:38:17.235541     NaN     NaN     NaN  81775.00  ...  65228.298313  NaN   NaN       NaN        NaN

[509 rows x 13 columns]
2025-04-23 10:38:17,849 INFO:Final row: {'timestamp': Timestamp('2025-04-23 10:38:17.235541'), 'open': nan, 'high': nan, 'low': nan, 'close': 81775.0, 'volume': nan, 'short': 81775.14135278219, 'middle': 81088.58837099484, 'long': 65228.29831330975, 'buy': nan, 'sell': nan, 'buy_exit': nan, 'sell_exit': nan}
2025-04-23 10:38:17,849 INFO:Buy exit signal received
2025-04-23 10:38:17,849 INFO:Sell exit signal received
2025-04-23 10:38:17,849 INFO:Entering while loop with trade_count: 2
2025-04-23 10:38:17,927 INFO:Combined historical with live algo:                       timestamp    open    high     low     close  ...          long  buy  sell  buy_exit  sell_exit
0     2025-04-22 09:15:00+05:30  821.10  821.10  817.00    818.80  ...    818.800000  NaN   NaN       NaN        NaN
1     2025-04-22 09:16:00+05:30  818.75  818.75  814.60    814.60  ...    818.668750  NaN   NaN       NaN        NaN
2     2025-04-22 09:17:00+05:30  814.60  816.00  814.00    815.35  ...    818.565039  NaN   NaN       NaN        NaN
3     2025-04-22 09:18:00+05:30  815.30  816.00  814.75    815.50  ...    818.469257  NaN   NaN       NaN        NaN
4     2025-04-22 09:19:00+05:30  815.55  815.75  814.50    814.60  ...    818.348342  NaN   NaN       NaN        NaN
..                          ...     ...     ...     ...       ...  ...           ...  ...   ...       ...        ...
505  2025-04-23 10:38:17.235541     NaN     NaN     NaN  81775.00  ...  63574.794540  NaN   NaN       NaN        NaN
506  2025-04-23 10:38:17.235541     NaN     NaN     NaN  81775.00  ...  64143.550960  NaN   NaN       NaN        NaN
507  2025-04-23 10:38:17.235541     NaN     NaN     NaN  81775.00  ...  64694.533743  NaN   NaN       NaN        NaN
508  2025-04-23 10:38:17.235541     NaN     NaN     NaN  81775.00  ...  65228.298313  NaN   NaN       NaN        NaN
509  2025-04-23 10:38:17.235541     NaN     NaN     NaN  81775.00  ...  65745.382741  NaN   NaN       NaN        NaN

[510 rows x 13 columns]
2025-04-23 10:38:17,940 INFO:Final row: {'timestamp': Timestamp('2025-04-23 10:38:17.235541'), 'open': nan, 'high': nan, 'low': nan, 'close': 81775.0, 'volume': nan, 'short': 81775.09423518812, 'middle': 81150.98942817713, 'long': 65745.38274101882, 'buy': nan, 'sell': nan, 'buy_exit': nan, 'sell_exit': nan}
2025-04-23 10:38:17,940 INFO:Buy exit signal received
2025-04-23 10:38:17,942 INFO:Sell exit signal received
2025-04-23 10:38:17,942 INFO:Entering while loop with trade_count: 2
2025-04-23 10:38:18,009 INFO:Combined historical with live algo:                       timestamp    open    high     low     close  ...          long  buy  sell  buy_exit  sell_exit
0     2025-04-22 09:15:00+05:30  821.10  821.10  817.00    818.80  ...    818.800000  NaN   NaN       NaN        NaN
1     2025-04-22 09:16:00+05:30  818.75  818.75  814.60    814.60  ...    818.668750  NaN   NaN       NaN        NaN
2     2025-04-22 09:17:00+05:30  814.60  816.00  814.00    815.35  ...    818.565039  NaN   NaN       NaN        NaN
3     2025-04-22 09:18:00+05:30  815.30  816.00  814.75    815.50  ...    818.469257  NaN   NaN       NaN        NaN
4     2025-04-22 09:19:00+05:30  815.55  815.75  814.50    814.60  ...    818.348342  NaN   NaN       NaN        NaN
..                          ...     ...     ...     ...       ...  ...           ...  ...   ...       ...        ...
506  2025-04-23 10:38:17.235541     NaN     NaN     NaN  81775.00  ...  64143.550960  NaN   NaN       NaN        NaN
507  2025-04-23 10:38:17.235541     NaN     NaN     NaN  81775.00  ...  64694.533743  NaN   NaN       NaN        NaN
508  2025-04-23 10:38:17.235541     NaN     NaN     NaN  81775.00  ...  65228.298313  NaN   NaN       NaN        NaN
509  2025-04-23 10:38:17.235541     NaN     NaN     NaN  81775.00  ...  65745.382741  NaN   NaN       NaN        NaN
510  2025-04-23 10:38:17.235541     NaN     NaN     NaN  81775.00  ...  66246.308280  NaN   NaN       NaN        NaN

[511 rows x 13 columns]
2025-04-23 10:38:18,009 INFO:Final row: {'timestamp': Timestamp('2025-04-23 10:38:17.235541'), 'open': nan, 'high': nan, 'low': nan, 'close': 81775.0, 'volume': nan, 'short': 81775.06282345875, 'middle': 81207.7176619792, 'long': 66246.30828036199, 'buy': nan, 'sell': nan, 'buy_exit': nan, 'sell_exit': nan}
2025-04-23 10:38:18,009 INFO:Buy exit signal received
2025-04-23 10:38:18,009 INFO:Sell exit signal received
2025-04-23 10:38:18,009 INFO:Entering while loop with trade_count: 2
2025-04-23 10:38:18,066 INFO:Combined historical with live algo:                       timestamp    open    high     low     close  ...          long  buy  sell  buy_exit  sell_exit
0     2025-04-22 09:15:00+05:30  821.10  821.10  817.00    818.80  ...    818.800000  NaN   NaN       NaN        NaN
1     2025-04-22 09:16:00+05:30  818.75  818.75  814.60    814.60  ...    818.668750  NaN   NaN       NaN        NaN
2     2025-04-22 09:17:00+05:30  814.60  816.00  814.00    815.35  ...    818.565039  NaN   NaN       NaN        NaN
3     2025-04-22 09:18:00+05:30  815.30  816.00  814.75    815.50  ...    818.469257  NaN   NaN       NaN        NaN
4     2025-04-22 09:19:00+05:30  815.55  815.75  814.50    814.60  ...    818.348342  NaN   NaN       NaN        NaN
..                          ...     ...     ...     ...       ...  ...           ...  ...   ...       ...        ...
507  2025-04-23 10:38:17.235541     NaN     NaN     NaN  81775.00  ...  64694.533743  NaN   NaN       NaN        NaN
508  2025-04-23 10:38:17.235541     NaN     NaN     NaN  81775.00  ...  65228.298313  NaN   NaN       NaN        NaN
509  2025-04-23 10:38:17.235541     NaN     NaN     NaN  81775.00  ...  65745.382741  NaN   NaN       NaN        NaN
510  2025-04-23 10:38:17.235541     NaN     NaN     NaN  81775.00  ...  66246.308280  NaN   NaN       NaN        NaN
511  2025-04-23 10:38:17.953847     NaN     NaN     NaN  81780.00  ...  66731.736147  NaN   NaN       NaN        NaN

[512 rows x 13 columns]
2025-04-23 10:38:18,066 INFO:Final row: {'timestamp': Timestamp('2025-04-23 10:38:17.953847'), 'open': nan, 'high': nan, 'low': nan, 'close': 81780.0, 'volume': nan, 'short': 81776.7085489725, 'middle': 81259.743329072, 'long': 66731.73614660068, 'buy': nan, 'sell': nan, 'buy_exit': nan, 'sell_exit': nan}
2025-04-23 10:38:18,066 INFO:Buy exit signal received
2025-04-23 10:38:18,066 INFO:Sell exit signal received
2025-04-23 10:38:18,066 INFO:Entering while loop with trade_count: 2
2025-04-23 10:38:18,111 INFO:Combined historical with live algo:                       timestamp    open    high     low     close  ...          long  buy  sell  buy_exit  sell_exit
0     2025-04-22 09:15:00+05:30  821.10  821.10  817.00    818.80  ...    818.800000  NaN   NaN       NaN        NaN
1     2025-04-22 09:16:00+05:30  818.75  818.75  814.60    814.60  ...    818.668750  NaN   NaN       NaN        NaN
2     2025-04-22 09:17:00+05:30  814.60  816.00  814.00    815.35  ...    818.565039  NaN   NaN       NaN        NaN
3     2025-04-22 09:18:00+05:30  815.30  816.00  814.75    815.50  ...    818.469257  NaN   NaN       NaN        NaN
4     2025-04-22 09:19:00+05:30  815.55  815.75  814.50    814.60  ...    818.348342  NaN   NaN       NaN        NaN
..                          ...     ...     ...     ...       ...  ...           ...  ...   ...       ...        ...
508  2025-04-23 10:38:17.235541     NaN     NaN     NaN  81775.00  ...  65228.298313  NaN   NaN       NaN        NaN
509  2025-04-23 10:38:17.235541     NaN     NaN     NaN  81775.00  ...  65745.382741  NaN   NaN       NaN        NaN
510  2025-04-23 10:38:17.235541     NaN     NaN     NaN  81775.00  ...  66246.308280  NaN   NaN       NaN        NaN
511  2025-04-23 10:38:17.953847     NaN     NaN     NaN  81780.00  ...  66731.736147  NaN   NaN       NaN        NaN
512  2025-04-23 10:38:17.953847     NaN     NaN     NaN  81780.00  ...  67201.994392  NaN   NaN       NaN        NaN

[513 rows x 13 columns]
2025-04-23 10:38:18,119 INFO:Final row: {'timestamp': Timestamp('2025-04-23 10:38:17.953847'), 'open': nan, 'high': nan, 'low': nan, 'close': 81780.0, 'volume': nan, 'short': 81777.80569931501, 'middle': 81307.03939006545, 'long': 67201.9943920194, 'buy': nan, 'sell': nan, 'buy_exit': nan, 'sell_exit': nan}
2025-04-23 10:38:18,120 INFO:Buy exit signal received
2025-04-23 10:38:18,120 INFO:Sell exit signal received
2025-04-23 10:38:18,120 INFO:Entering while loop with trade_count: 2
2025-04-23 10:38:18,201 INFO:Combined historical with live algo:                       timestamp    open    high     low     close  ...          long  buy  sell  buy_exit  sell_exit
0     2025-04-22 09:15:00+05:30  821.10  821.10  817.00    818.80  ...    818.800000  NaN   NaN       NaN        NaN
1     2025-04-22 09:16:00+05:30  818.75  818.75  814.60    814.60  ...    818.668750  NaN   NaN       NaN        NaN
2     2025-04-22 09:17:00+05:30  814.60  816.00  814.00    815.35  ...    818.565039  NaN   NaN       NaN        NaN
3     2025-04-22 09:18:00+05:30  815.30  816.00  814.75    815.50  ...    818.469257  NaN   NaN       NaN        NaN
4     2025-04-22 09:19:00+05:30  815.55  815.75  814.50    814.60  ...    818.348342  NaN   NaN       NaN        NaN
..                          ...     ...     ...     ...       ...  ...           ...  ...   ...       ...        ...
509  2025-04-23 10:38:17.235541     NaN     NaN     NaN  81775.00  ...  65745.382741  NaN   NaN       NaN        NaN
510  2025-04-23 10:38:17.235541     NaN     NaN     NaN  81775.00  ...  66246.308280  NaN   NaN       NaN        NaN
511  2025-04-23 10:38:17.953847     NaN     NaN     NaN  81780.00  ...  66731.736147  NaN   NaN       NaN        NaN
512  2025-04-23 10:38:17.953847     NaN     NaN     NaN  81780.00  ...  67201.994392  NaN   NaN       NaN        NaN
513  2025-04-23 10:38:17.953847     NaN     NaN     NaN  81780.00  ...  67657.557067  NaN   NaN       NaN        NaN

[514 rows x 13 columns]
2025-04-23 10:38:18,201 INFO:Final row: {'timestamp': Timestamp('2025-04-23 10:38:17.953847'), 'open': nan, 'high': nan, 'low': nan, 'close': 81780.0, 'volume': nan, 'short': 81778.53713287668, 'middle': 81350.0358091504, 'long': 67657.55706726879, 'buy': nan, 'sell': nan, 'buy_exit': nan, 'sell_exit': nan}
2025-04-23 10:38:18,201 INFO:Buy exit signal received
2025-04-23 10:38:18,201 INFO:Sell exit signal received
2025-04-23 10:38:18,201 INFO:Entering while loop with trade_count: 2
2025-04-23 10:38:18,269 INFO:Combined historical with live algo:                       timestamp    open    high     low     close  ...          long  buy  sell  buy_exit  sell_exit
0     2025-04-22 09:15:00+05:30  821.10  821.10  817.00    818.80  ...    818.800000  NaN   NaN       NaN        NaN
1     2025-04-22 09:16:00+05:30  818.75  818.75  814.60    814.60  ...    818.668750  NaN   NaN       NaN        NaN
2     2025-04-22 09:17:00+05:30  814.60  816.00  814.00    815.35  ...    818.565039  NaN   NaN       NaN        NaN
3     2025-04-22 09:18:00+05:30  815.30  816.00  814.75    815.50  ...    818.469257  NaN   NaN       NaN        NaN
4     2025-04-22 09:19:00+05:30  815.55  815.75  814.50    814.60  ...    818.348342  NaN   NaN       NaN        NaN
..                          ...     ...     ...     ...       ...  ...           ...  ...   ...       ...        ...
510  2025-04-23 10:38:17.235541     NaN     NaN     NaN  81775.00  ...  66246.308280  NaN   NaN       NaN        NaN
511  2025-04-23 10:38:17.953847     NaN     NaN     NaN  81780.00  ...  66731.736147  NaN   NaN       NaN        NaN
512  2025-04-23 10:38:17.953847     NaN     NaN     NaN  81780.00  ...  67201.994392  NaN   NaN       NaN        NaN
513  2025-04-23 10:38:17.953847     NaN     NaN     NaN  81780.00  ...  67657.557067  NaN   NaN       NaN        NaN
514  2025-04-23 10:38:17.953847     NaN     NaN     NaN  81780.00  ...  68098.883409  NaN   NaN       NaN        NaN

[515 rows x 13 columns]
2025-04-23 10:38:18,271 INFO:Final row: {'timestamp': Timestamp('2025-04-23 10:38:17.953847'), 'open': nan, 'high': nan, 'low': nan, 'close': 81780.0, 'volume': nan, 'short': 81779.02475525113, 'middle': 81389.123462864, 'long': 68098.88340891663, 'buy': nan, 'sell': nan, 'buy_exit': nan, 'sell_exit': nan}
2025-04-23 10:38:18,271 INFO:Buy exit signal received
2025-04-23 10:38:18,271 INFO:Sell exit signal received
2025-04-23 10:38:18,271 INFO:Entering while loop with trade_count: 2
2025-04-23 10:38:18,373 INFO:Combined historical with live algo:                       timestamp    open    high     low     close  ...          long  buy  sell  buy_exit  sell_exit
0     2025-04-22 09:15:00+05:30  821.10  821.10  817.00    818.80  ...    818.800000  NaN   NaN       NaN        NaN
1     2025-04-22 09:16:00+05:30  818.75  818.75  814.60    814.60  ...    818.668750  NaN   NaN       NaN        NaN
2     2025-04-22 09:17:00+05:30  814.60  816.00  814.00    815.35  ...    818.565039  NaN   NaN       NaN        NaN
3     2025-04-22 09:18:00+05:30  815.30  816.00  814.75    815.50  ...    818.469257  NaN   NaN       NaN        NaN
4     2025-04-22 09:19:00+05:30  815.55  815.75  814.50    814.60  ...    818.348342  NaN   NaN       NaN        NaN
..                          ...     ...     ...     ...       ...  ...           ...  ...   ...       ...        ...
511  2025-04-23 10:38:17.953847     NaN     NaN     NaN  81780.00  ...  66731.736147  NaN   NaN       NaN        NaN
512  2025-04-23 10:38:17.953847     NaN     NaN     NaN  81780.00  ...  67201.994392  NaN   NaN       NaN        NaN
513  2025-04-23 10:38:17.953847     NaN     NaN     NaN  81780.00  ...  67657.557067  NaN   NaN       NaN        NaN
514  2025-04-23 10:38:17.953847     NaN     NaN     NaN  81780.00  ...  68098.883409  NaN   NaN       NaN        NaN
515  2025-04-23 10:38:17.953847     NaN     NaN     NaN  81780.00  ...  68526.418302  NaN   NaN       NaN        NaN

[516 rows x 13 columns]
2025-04-23 10:38:18,373 INFO:Final row: {'timestamp': Timestamp('2025-04-23 10:38:17.953847'), 'open': nan, 'high': nan, 'low': nan, 'close': 81780.0, 'volume': nan, 'short': 81779.3498368341, 'middle': 81424.65769351272, 'long': 68526.41830238799, 'buy': nan, 'sell': nan, 'buy_exit': nan, 'sell_exit': nan}
2025-04-23 10:38:18,376 INFO:Buy exit signal received
2025-04-23 10:38:18,376 INFO:Sell exit signal received
2025-04-23 10:38:18,376 INFO:Entering while loop with trade_count: 2
2025-04-23 10:38:18,477 INFO:Combined historical with live algo:                       timestamp    open    high     low     close  ...          long  buy  sell  buy_exit  sell_exit
0     2025-04-22 09:15:00+05:30  821.10  821.10  817.00    818.80  ...    818.800000  NaN   NaN       NaN        NaN
1     2025-04-22 09:16:00+05:30  818.75  818.75  814.60    814.60  ...    818.668750  NaN   NaN       NaN        NaN
2     2025-04-22 09:17:00+05:30  814.60  816.00  814.00    815.35  ...    818.565039  NaN   NaN       NaN        NaN
3     2025-04-22 09:18:00+05:30  815.30  816.00  814.75    815.50  ...    818.469257  NaN   NaN       NaN        NaN
4     2025-04-22 09:19:00+05:30  815.55  815.75  814.50    814.60  ...    818.348342  NaN   NaN       NaN        NaN
..                          ...     ...     ...     ...       ...  ...           ...  ...   ...       ...        ...
512  2025-04-23 10:38:17.953847     NaN     NaN     NaN  81780.00  ...  67201.994392  NaN   NaN       NaN        NaN
513  2025-04-23 10:38:17.953847     NaN     NaN     NaN  81780.00  ...  67657.557067  NaN   NaN       NaN        NaN
514  2025-04-23 10:38:17.953847     NaN     NaN     NaN  81780.00  ...  68098.883409  NaN   NaN       NaN        NaN
515  2025-04-23 10:38:17.953847     NaN     NaN     NaN  81780.00  ...  68526.418302  NaN   NaN       NaN        NaN
516  2025-04-23 10:38:18.326751     NaN     NaN     NaN  81790.00  ...  68940.905230  NaN   NaN       NaN        NaN

[517 rows x 13 columns]
2025-04-23 10:38:18,477 INFO:Final row: {'timestamp': Timestamp('2025-04-23 10:38:18.326751'), 'open': nan, 'high': nan, 'low': nan, 'close': 81790.0, 'volume': nan, 'short': 81782.89989122274, 'middle': 81457.8706304661, 'long': 68940.90523043837, 'buy': nan, 'sell': nan, 'buy_exit': nan, 'sell_exit': nan}
2025-04-23 10:38:18,477 INFO:Buy exit signal received
2025-04-23 10:38:18,477 INFO:Sell exit signal received
2025-04-23 10:38:18,477 INFO:Entering while loop with trade_count: 2
2025-04-23 10:38:18,555 INFO:Combined historical with live algo:                       timestamp    open    high     low     close  ...          long  buy  sell  buy_exit  sell_exit
0     2025-04-22 09:15:00+05:30  821.10  821.10  817.00    818.80  ...    818.800000  NaN   NaN       NaN        NaN
1     2025-04-22 09:16:00+05:30  818.75  818.75  814.60    814.60  ...    818.668750  NaN   NaN       NaN        NaN
2     2025-04-22 09:17:00+05:30  814.60  816.00  814.00    815.35  ...    818.565039  NaN   NaN       NaN        NaN
3     2025-04-22 09:18:00+05:30  815.30  816.00  814.75    815.50  ...    818.469257  NaN   NaN       NaN        NaN
4     2025-04-22 09:19:00+05:30  815.55  815.75  814.50    814.60  ...    818.348342  NaN   NaN       NaN        NaN
..                          ...     ...     ...     ...       ...  ...           ...  ...   ...       ...        ...
513  2025-04-23 10:38:17.953847     NaN     NaN     NaN  81780.00  ...  67657.557067  NaN   NaN       NaN        NaN
514  2025-04-23 10:38:17.953847     NaN     NaN     NaN  81780.00  ...  68098.883409  NaN   NaN       NaN        NaN
515  2025-04-23 10:38:17.953847     NaN     NaN     NaN  81780.00  ...  68526.418302  NaN   NaN       NaN        NaN
516  2025-04-23 10:38:18.326751     NaN     NaN     NaN  81790.00  ...  68940.905230  NaN   NaN       NaN        NaN
517  2025-04-23 10:38:18.326751     NaN     NaN     NaN  81790.00  ...  69342.439442  NaN   NaN       NaN        NaN

[518 rows x 13 columns]
2025-04-23 10:38:18,555 INFO:Final row: {'timestamp': Timestamp('2025-04-23 10:38:18.326751'), 'open': nan, 'high': nan, 'low': nan, 'close': 81790.0, 'volume': nan, 'short': 81785.2665941485, 'middle': 81488.06420951463, 'long': 69342.43944198717, 'buy': nan, 'sell': nan, 'buy_exit': nan, 'sell_exit': nan}
2025-04-23 10:38:18,555 INFO:Buy exit signal received
2025-04-23 10:38:18,555 INFO:Sell exit signal received
2025-04-23 10:38:18,555 INFO:Entering while loop with trade_count: 2
2025-04-23 10:38:18,606 INFO:Combined historical with live algo:                       timestamp    open    high     low     close  ...          long  buy  sell  buy_exit  sell_exit
0     2025-04-22 09:15:00+05:30  821.10  821.10  817.00    818.80  ...    818.800000  NaN   NaN       NaN        NaN
1     2025-04-22 09:16:00+05:30  818.75  818.75  814.60    814.60  ...    818.668750  NaN   NaN       NaN        NaN
2     2025-04-22 09:17:00+05:30  814.60  816.00  814.00    815.35  ...    818.565039  NaN   NaN       NaN        NaN
3     2025-04-22 09:18:00+05:30  815.30  816.00  814.75    815.50  ...    818.469257  NaN   NaN       NaN        NaN
4     2025-04-22 09:19:00+05:30  815.55  815.75  814.50    814.60  ...    818.348342  NaN   NaN       NaN        NaN
..                          ...     ...     ...     ...       ...  ...           ...  ...   ...       ...        ...
514  2025-04-23 10:38:17.953847     NaN     NaN     NaN  81780.00  ...  68098.883409  NaN   NaN       NaN        NaN
515  2025-04-23 10:38:17.953847     NaN     NaN     NaN  81780.00  ...  68526.418302  NaN   NaN       NaN        NaN
516  2025-04-23 10:38:18.326751     NaN     NaN     NaN  81790.00  ...  68940.905230  NaN   NaN       NaN        NaN
517  2025-04-23 10:38:18.326751     NaN     NaN     NaN  81790.00  ...  69342.439442  NaN   NaN       NaN        NaN
518  2025-04-23 10:38:18.326751     NaN     NaN     NaN  81790.00  ...  69731.425709  NaN   NaN       NaN        NaN

[519 rows x 13 columns]
2025-04-23 10:38:18,606 INFO:Final row: {'timestamp': Timestamp('2025-04-23 10:38:18.326751'), 'open': nan, 'high': nan, 'low': nan, 'close': 81790.0, 'volume': nan, 'short': 81786.84439609901, 'middle': 81515.51291774058, 'long': 69731.42570942506, 'buy': nan, 'sell': nan, 'buy_exit': nan, 'sell_exit': nan}
2025-04-23 10:38:18,606 INFO:Buy exit signal received
2025-04-23 10:38:18,606 INFO:Sell exit signal received
2025-04-23 10:38:18,606 INFO:Entering while loop with trade_count: 2
2025-04-23 10:38:18,661 INFO:Combined historical with live algo:                       timestamp    open    high     low     close  ...          long  buy  sell  buy_exit  sell_exit
0     2025-04-22 09:15:00+05:30  821.10  821.10  817.00    818.80  ...    818.800000  NaN   NaN       NaN        NaN
1     2025-04-22 09:16:00+05:30  818.75  818.75  814.60    814.60  ...    818.668750  NaN   NaN       NaN        NaN
2     2025-04-22 09:17:00+05:30  814.60  816.00  814.00    815.35  ...    818.565039  NaN   NaN       NaN        NaN
3     2025-04-22 09:18:00+05:30  815.30  816.00  814.75    815.50  ...    818.469257  NaN   NaN       NaN        NaN
4     2025-04-22 09:19:00+05:30  815.55  815.75  814.50    814.60  ...    818.348342  NaN   NaN       NaN        NaN
..                          ...     ...     ...     ...       ...  ...           ...  ...   ...       ...        ...
515  2025-04-23 10:38:17.953847     NaN     NaN     NaN  81780.00  ...  68526.418302  NaN   NaN       NaN        NaN
516  2025-04-23 10:38:18.326751     NaN     NaN     NaN  81790.00  ...  68940.905230  NaN   NaN       NaN        NaN
517  2025-04-23 10:38:18.326751     NaN     NaN     NaN  81790.00  ...  69342.439442  NaN   NaN       NaN        NaN
518  2025-04-23 10:38:18.326751     NaN     NaN     NaN  81790.00  ...  69731.425709  NaN   NaN       NaN        NaN
519  2025-04-23 10:38:18.326751     NaN     NaN     NaN  81790.00  ...  70108.256156  NaN   NaN       NaN        NaN

[520 rows x 13 columns]
2025-04-23 10:38:18,661 INFO:Final row: {'timestamp': Timestamp('2025-04-23 10:38:18.326751'), 'open': nan, 'high': nan, 'low': nan, 'close': 81790.0, 'volume': nan, 'short': 81787.89626406602, 'middle': 81540.46628885507, 'long': 70108.25615600553, 'buy': nan, 'sell': nan, 'buy_exit': nan, 'sell_exit': nan}
2025-04-23 10:38:18,661 INFO:Buy exit signal received
2025-04-23 10:38:18,661 INFO:Sell exit signal received
2025-04-23 10:38:18,661 INFO:Entering while loop with trade_count: 2
2025-04-23 10:38:18,723 INFO:Combined historical with live algo:                       timestamp    open    high     low     close  ...          long  buy  sell  buy_exit  sell_exit
0     2025-04-22 09:15:00+05:30  821.10  821.10  817.00    818.80  ...    818.800000  NaN   NaN       NaN        NaN
1     2025-04-22 09:16:00+05:30  818.75  818.75  814.60    814.60  ...    818.668750  NaN   NaN       NaN        NaN
2     2025-04-22 09:17:00+05:30  814.60  816.00  814.00    815.35  ...    818.565039  NaN   NaN       NaN        NaN
3     2025-04-22 09:18:00+05:30  815.30  816.00  814.75    815.50  ...    818.469257  NaN   NaN       NaN        NaN
4     2025-04-22 09:19:00+05:30  815.55  815.75  814.50    814.60  ...    818.348342  NaN   NaN       NaN        NaN
..                          ...     ...     ...     ...       ...  ...           ...  ...   ...       ...        ...
516  2025-04-23 10:38:18.326751     NaN     NaN     NaN  81790.00  ...  68940.905230  NaN   NaN       NaN        NaN
517  2025-04-23 10:38:18.326751     NaN     NaN     NaN  81790.00  ...  69342.439442  NaN   NaN       NaN        NaN
518  2025-04-23 10:38:18.326751     NaN     NaN     NaN  81790.00  ...  69731.425709  NaN   NaN       NaN        NaN
519  2025-04-23 10:38:18.326751     NaN     NaN     NaN  81790.00  ...  70108.256156  NaN   NaN       NaN        NaN
520  2025-04-23 10:38:18.326751     NaN     NaN     NaN  81790.00  ...  70473.310651  NaN   NaN       NaN        NaN

[521 rows x 13 columns]
2025-04-23 10:38:18,725 INFO:Final row: {'timestamp': Timestamp('2025-04-23 10:38:18.326751'), 'open': nan, 'high': nan, 'low': nan, 'close': 81790.0, 'volume': nan, 'short': 81788.59750937734, 'middle': 81563.15117168642, 'long': 70473.31065113036, 'buy': nan, 'sell': nan, 'buy_exit': nan, 'sell_exit': nan}
2025-04-23 10:38:18,725 INFO:Buy exit signal received
2025-04-23 10:38:18,725 INFO:Sell exit signal received
2025-04-23 10:38:18,725 INFO:Entering while loop with trade_count: 2
2025-04-23 10:38:18,791 INFO:Combined historical with live algo:                       timestamp    open    high     low     close  ...          long  buy  sell  buy_exit  sell_exit
0     2025-04-22 09:15:00+05:30  821.10  821.10  817.00    818.80  ...    818.800000  NaN   NaN       NaN        NaN
1     2025-04-22 09:16:00+05:30  818.75  818.75  814.60    814.60  ...    818.668750  NaN   NaN       NaN        NaN
2     2025-04-22 09:17:00+05:30  814.60  816.00  814.00    815.35  ...    818.565039  NaN   NaN       NaN        NaN
3     2025-04-22 09:18:00+05:30  815.30  816.00  814.75    815.50  ...    818.469257  NaN   NaN       NaN        NaN
4     2025-04-22 09:19:00+05:30  815.55  815.75  814.50    814.60  ...    818.348342  NaN   NaN       NaN        NaN
..                          ...     ...     ...     ...       ...  ...           ...  ...   ...       ...        ...
517  2025-04-23 10:38:18.326751     NaN     NaN     NaN  81790.00  ...  69342.439442  NaN   NaN       NaN        NaN
518  2025-04-23 10:38:18.326751     NaN     NaN     NaN  81790.00  ...  69731.425709  NaN   NaN       NaN        NaN
519  2025-04-23 10:38:18.326751     NaN     NaN     NaN  81790.00  ...  70108.256156  NaN   NaN       NaN        NaN
520  2025-04-23 10:38:18.326751     NaN     NaN     NaN  81790.00  ...  70473.310651  NaN   NaN       NaN        NaN
521  2025-04-23 10:38:18.326751     NaN     NaN     NaN  81790.00  ...  70826.957193  NaN   NaN       NaN        NaN

[522 rows x 13 columns]
2025-04-23 10:38:18,793 INFO:Final row: {'timestamp': Timestamp('2025-04-23 10:38:18.326751'), 'open': nan, 'high': nan, 'low': nan, 'close': 81790.0, 'volume': nan, 'short': 81789.06500625156, 'middle': 81583.7737924422, 'long': 70826.95719328253, 'buy': nan, 'sell': nan, 'buy_exit': nan, 'sell_exit': nan}
2025-04-23 10:38:18,793 INFO:Buy exit signal received
2025-04-23 10:38:18,793 INFO:Sell exit signal received
2025-04-23 10:38:18,793 INFO:Entering while loop with trade_count: 2
2025-04-23 10:38:18,851 INFO:Combined historical with live algo:                       timestamp    open    high     low     close  ...          long  buy  sell  buy_exit  sell_exit
0     2025-04-22 09:15:00+05:30  821.10  821.10  817.00    818.80  ...    818.800000  NaN   NaN       NaN        NaN
1     2025-04-22 09:16:00+05:30  818.75  818.75  814.60    814.60  ...    818.668750  NaN   NaN       NaN        NaN
2     2025-04-22 09:17:00+05:30  814.60  816.00  814.00    815.35  ...    818.565039  NaN   NaN       NaN        NaN
3     2025-04-22 09:18:00+05:30  815.30  816.00  814.75    815.50  ...    818.469257  NaN   NaN       NaN        NaN
4     2025-04-22 09:19:00+05:30  815.55  815.75  814.50    814.60  ...    818.348342  NaN   NaN       NaN        NaN
..                          ...     ...     ...     ...       ...  ...           ...  ...   ...       ...        ...
518  2025-04-23 10:38:18.326751     NaN     NaN     NaN  81790.00  ...  69731.425709  NaN   NaN       NaN        NaN
519  2025-04-23 10:38:18.326751     NaN     NaN     NaN  81790.00  ...  70108.256156  NaN   NaN       NaN        NaN
520  2025-04-23 10:38:18.326751     NaN     NaN     NaN  81790.00  ...  70473.310651  NaN   NaN       NaN        NaN
521  2025-04-23 10:38:18.326751     NaN     NaN     NaN  81790.00  ...  70826.957193  NaN   NaN       NaN        NaN
522  2025-04-23 10:38:18.326751     NaN     NaN     NaN  81790.00  ...  71169.552281  NaN   NaN       NaN        NaN

[523 rows x 13 columns]
2025-04-23 10:38:18,856 INFO:Final row: {'timestamp': Timestamp('2025-04-23 10:38:18.326751'), 'open': nan, 'high': nan, 'low': nan, 'close': 81790.0, 'volume': nan, 'short': 81789.37667083438, 'middle': 81602.5216294929, 'long': 71169.55228099246, 'buy': nan, 'sell': nan, 'buy_exit': nan, 'sell_exit': nan}
2025-04-23 10:38:18,856 INFO:Buy exit signal received
2025-04-23 10:38:18,856 INFO:Sell exit signal received
2025-04-23 10:38:18,856 INFO:Entering while loop with trade_count: 2
2025-04-23 10:38:18,912 INFO:Combined historical with live algo:                       timestamp    open    high     low     close  ...          long  buy  sell  buy_exit  sell_exit
0     2025-04-22 09:15:00+05:30  821.10  821.10  817.00    818.80  ...    818.800000  NaN   NaN       NaN        NaN
1     2025-04-22 09:16:00+05:30  818.75  818.75  814.60    814.60  ...    818.668750  NaN   NaN       NaN        NaN
2     2025-04-22 09:17:00+05:30  814.60  816.00  814.00    815.35  ...    818.565039  NaN   NaN       NaN        NaN
3     2025-04-22 09:18:00+05:30  815.30  816.00  814.75    815.50  ...    818.469257  NaN   NaN       NaN        NaN
4     2025-04-22 09:19:00+05:30  815.55  815.75  814.50    814.60  ...    818.348342  NaN   NaN       NaN        NaN
..                          ...     ...     ...     ...       ...  ...           ...  ...   ...       ...        ...
519  2025-04-23 10:38:18.326751     NaN     NaN     NaN  81790.00  ...  70108.256156  NaN   NaN       NaN        NaN
520  2025-04-23 10:38:18.326751     NaN     NaN     NaN  81790.00  ...  70473.310651  NaN   NaN       NaN        NaN
521  2025-04-23 10:38:18.326751     NaN     NaN     NaN  81790.00  ...  70826.957193  NaN   NaN       NaN        NaN
522  2025-04-23 10:38:18.326751     NaN     NaN     NaN  81790.00  ...  71169.552281  NaN   NaN       NaN        NaN
523  2025-04-23 10:38:18.326751     NaN     NaN     NaN  81790.00  ...  71501.441272  NaN   NaN       NaN        NaN

[524 rows x 13 columns]
2025-04-23 10:38:18,920 INFO:Final row: {'timestamp': Timestamp('2025-04-23 10:38:18.326751'), 'open': nan, 'high': nan, 'low': nan, 'close': 81790.0, 'volume': nan, 'short': 81789.58444722292, 'middle': 81619.5651177208, 'long': 71501.44127221145, 'buy': nan, 'sell': nan, 'buy_exit': nan, 'sell_exit': nan}
2025-04-23 10:38:18,920 INFO:Buy exit signal received
2025-04-23 10:38:18,920 INFO:Sell exit signal received
2025-04-23 10:38:18,920 INFO:Entering while loop with trade_count: 2
2025-04-23 10:38:18,975 INFO:Combined historical with live algo:                       timestamp    open    high     low     close  ...          long  buy  sell  buy_exit  sell_exit
0     2025-04-22 09:15:00+05:30  821.10  821.10  817.00    818.80  ...    818.800000  NaN   NaN       NaN        NaN
1     2025-04-22 09:16:00+05:30  818.75  818.75  814.60    814.60  ...    818.668750  NaN   NaN       NaN        NaN
2     2025-04-22 09:17:00+05:30  814.60  816.00  814.00    815.35  ...    818.565039  NaN   NaN       NaN        NaN
3     2025-04-22 09:18:00+05:30  815.30  816.00  814.75    815.50  ...    818.469257  NaN   NaN       NaN        NaN
4     2025-04-22 09:19:00+05:30  815.55  815.75  814.50    814.60  ...    818.348342  NaN   NaN       NaN        NaN
..                          ...     ...     ...     ...       ...  ...           ...  ...   ...       ...        ...
520  2025-04-23 10:38:18.326751     NaN     NaN     NaN  81790.00  ...  70473.310651  NaN   NaN       NaN        NaN
521  2025-04-23 10:38:18.326751     NaN     NaN     NaN  81790.00  ...  70826.957193  NaN   NaN       NaN        NaN
522  2025-04-23 10:38:18.326751     NaN     NaN     NaN  81790.00  ...  71169.552281  NaN   NaN       NaN        NaN
523  2025-04-23 10:38:18.326751     NaN     NaN     NaN  81790.00  ...  71501.441272  NaN   NaN       NaN        NaN
524  2025-04-23 10:38:18.881956     NaN     NaN     NaN  81795.00  ...  71823.114982  NaN   NaN       NaN        NaN

[525 rows x 13 columns]
2025-04-23 10:38:18,975 INFO:Final row: {'timestamp': Timestamp('2025-04-23 10:38:18.881956'), 'open': nan, 'high': nan, 'low': nan, 'close': 81795.0, 'volume': nan, 'short': 81791.38963148196, 'middle': 81635.51374338254, 'long': 71823.11498245485, 'buy': nan, 'sell': nan, 'buy_exit': nan, 'sell_exit': nan}
2025-04-23 10:38:18,975 INFO:Buy exit signal received
2025-04-23 10:38:18,975 INFO:Sell exit signal received
2025-04-23 10:38:18,975 INFO:Entering while loop with trade_count: 2
2025-04-23 10:38:19,043 INFO:Combined historical with live algo:                       timestamp    open    high     low     close  ...          long  buy  sell  buy_exit  sell_exit
0     2025-04-22 09:15:00+05:30  821.10  821.10  817.00    818.80  ...    818.800000  NaN   NaN       NaN        NaN
1     2025-04-22 09:16:00+05:30  818.75  818.75  814.60    814.60  ...    818.668750  NaN   NaN       NaN        NaN
2     2025-04-22 09:17:00+05:30  814.60  816.00  814.00    815.35  ...    818.565039  NaN   NaN       NaN        NaN
3     2025-04-22 09:18:00+05:30  815.30  816.00  814.75    815.50  ...    818.469257  NaN   NaN       NaN        NaN
4     2025-04-22 09:19:00+05:30  815.55  815.75  814.50    814.60  ...    818.348342  NaN   NaN       NaN        NaN
..                          ...     ...     ...     ...       ...  ...           ...  ...   ...       ...        ...
521  2025-04-23 10:38:18.326751     NaN     NaN     NaN  81790.00  ...  70826.957193  NaN   NaN       NaN        NaN
522  2025-04-23 10:38:18.326751     NaN     NaN     NaN  81790.00  ...  71169.552281  NaN   NaN       NaN        NaN
523  2025-04-23 10:38:18.326751     NaN     NaN     NaN  81790.00  ...  71501.441272  NaN   NaN       NaN        NaN
524  2025-04-23 10:38:18.881956     NaN     NaN     NaN  81795.00  ...  71823.114982  NaN   NaN       NaN        NaN
525  2025-04-23 10:38:18.881956     NaN     NaN     NaN  81795.00  ...  72134.736389  NaN   NaN       NaN        NaN

[526 rows x 13 columns]
2025-04-23 10:38:19,043 INFO:Final row: {'timestamp': Timestamp('2025-04-23 10:38:18.881956'), 'open': nan, 'high': nan, 'low': nan, 'close': 81795.0, 'volume': nan, 'short': 81792.59308765465, 'middle': 81650.01249398412, 'long': 72134.73638925313, 'buy': nan, 'sell': nan, 'buy_exit': nan, 'sell_exit': nan}
2025-04-23 10:38:19,043 INFO:Buy exit signal received
2025-04-23 10:38:19,043 INFO:Sell exit signal received
2025-04-23 10:38:19,043 INFO:Entering while loop with trade_count: 2
2025-04-23 10:38:19,109 INFO:Combined historical with live algo:                       timestamp    open    high     low     close  ...          long  buy  sell  buy_exit  sell_exit
0     2025-04-22 09:15:00+05:30  821.10  821.10  817.00    818.80  ...    818.800000  NaN   NaN       NaN        NaN
1     2025-04-22 09:16:00+05:30  818.75  818.75  814.60    814.60  ...    818.668750  NaN   NaN       NaN        NaN
2     2025-04-22 09:17:00+05:30  814.60  816.00  814.00    815.35  ...    818.565039  NaN   NaN       NaN        NaN
3     2025-04-22 09:18:00+05:30  815.30  816.00  814.75    815.50  ...    818.469257  NaN   NaN       NaN        NaN
4     2025-04-22 09:19:00+05:30  815.55  815.75  814.50    814.60  ...    818.348342  NaN   NaN       NaN        NaN
..                          ...     ...     ...     ...       ...  ...           ...  ...   ...       ...        ...
522  2025-04-23 10:38:18.326751     NaN     NaN     NaN  81790.00  ...  71169.552281  NaN   NaN       NaN        NaN
523  2025-04-23 10:38:18.326751     NaN     NaN     NaN  81790.00  ...  71501.441272  NaN   NaN       NaN        NaN
524  2025-04-23 10:38:18.881956     NaN     NaN     NaN  81795.00  ...  71823.114982  NaN   NaN       NaN        NaN
525  2025-04-23 10:38:18.881956     NaN     NaN     NaN  81795.00  ...  72134.736389  NaN   NaN       NaN        NaN
526  2025-04-23 10:38:18.881956     NaN     NaN     NaN  81795.00  ...  72436.619627  NaN   NaN       NaN        NaN

[527 rows x 13 columns]
2025-04-23 10:38:19,109 INFO:Final row: {'timestamp': Timestamp('2025-04-23 10:38:18.881956'), 'open': nan, 'high': nan, 'low': nan, 'close': 81795.0, 'volume': nan, 'short': 81793.39539176977, 'middle': 81663.19317634919, 'long': 72436.61962708896, 'buy': nan, 'sell': nan, 'buy_exit': nan, 'sell_exit': nan}
2025-04-23 10:38:19,109 INFO:Buy exit signal received
2025-04-23 10:38:19,109 INFO:Sell exit signal received
2025-04-23 10:38:19,109 INFO:Entering while loop with trade_count: 2
2025-04-23 10:38:19,175 INFO:Combined historical with live algo:                       timestamp    open    high     low     close  ...          long  buy  sell  buy_exit  sell_exit
0     2025-04-22 09:15:00+05:30  821.10  821.10  817.00    818.80  ...    818.800000  NaN   NaN       NaN        NaN
1     2025-04-22 09:16:00+05:30  818.75  818.75  814.60    814.60  ...    818.668750  NaN   NaN       NaN        NaN
2     2025-04-22 09:17:00+05:30  814.60  816.00  814.00    815.35  ...    818.565039  NaN   NaN       NaN        NaN
3     2025-04-22 09:18:00+05:30  815.30  816.00  814.75    815.50  ...    818.469257  NaN   NaN       NaN        NaN
4     2025-04-22 09:19:00+05:30  815.55  815.75  814.50    814.60  ...    818.348342  NaN   NaN       NaN        NaN
..                          ...     ...     ...     ...       ...  ...           ...  ...   ...       ...        ...
523  2025-04-23 10:38:18.326751     NaN     NaN     NaN  81790.00  ...  71501.441272  NaN   NaN       NaN        NaN
524  2025-04-23 10:38:18.881956     NaN     NaN     NaN  81795.00  ...  71823.114982  NaN   NaN       NaN        NaN
525  2025-04-23 10:38:18.881956     NaN     NaN     NaN  81795.00  ...  72134.736389  NaN   NaN       NaN        NaN
526  2025-04-23 10:38:18.881956     NaN     NaN     NaN  81795.00  ...  72436.619627  NaN   NaN       NaN        NaN
527  2025-04-23 10:38:18.881956     NaN     NaN     NaN  81795.00  ...  72729.069014  NaN   NaN       NaN        NaN

[528 rows x 13 columns]
2025-04-23 10:38:19,175 INFO:Final row: {'timestamp': Timestamp('2025-04-23 10:38:18.881956'), 'open': nan, 'high': nan, 'low': nan, 'close': 81795.0, 'volume': nan, 'short': 81793.93026117985, 'middle': 81675.17561486289, 'long': 72729.06901374244, 'buy': nan, 'sell': nan, 'buy_exit': nan, 'sell_exit': nan}
2025-04-23 10:38:19,175 INFO:Buy exit signal received
2025-04-23 10:38:19,175 INFO:Sell exit signal received
2025-04-23 10:38:19,175 INFO:Entering while loop with trade_count: 2
2025-04-23 10:38:19,254 INFO:Combined historical with live algo:                       timestamp    open    high     low     close  ...          long  buy  sell  buy_exit  sell_exit
0     2025-04-22 09:15:00+05:30  821.10  821.10  817.00    818.80  ...    818.800000  NaN   NaN       NaN        NaN
1     2025-04-22 09:16:00+05:30  818.75  818.75  814.60    814.60  ...    818.668750  NaN   NaN       NaN        NaN
2     2025-04-22 09:17:00+05:30  814.60  816.00  814.00    815.35  ...    818.565039  NaN   NaN       NaN        NaN
3     2025-04-22 09:18:00+05:30  815.30  816.00  814.75    815.50  ...    818.469257  NaN   NaN       NaN        NaN
4     2025-04-22 09:19:00+05:30  815.55  815.75  814.50    814.60  ...    818.348342  NaN   NaN       NaN        NaN
..                          ...     ...     ...     ...       ...  ...           ...  ...   ...       ...        ...
524  2025-04-23 10:38:18.881956     NaN     NaN     NaN  81795.00  ...  71823.114982  NaN   NaN       NaN        NaN
525  2025-04-23 10:38:18.881956     NaN     NaN     NaN  81795.00  ...  72134.736389  NaN   NaN       NaN        NaN
526  2025-04-23 10:38:18.881956     NaN     NaN     NaN  81795.00  ...  72436.619627  NaN   NaN       NaN        NaN
527  2025-04-23 10:38:18.881956     NaN     NaN     NaN  81795.00  ...  72729.069014  NaN   NaN       NaN        NaN
528  2025-04-23 10:38:18.881956     NaN     NaN     NaN  81795.00  ...  73012.379357  NaN   NaN       NaN        NaN

[529 rows x 13 columns]
2025-04-23 10:38:19,254 INFO:Final row: {'timestamp': Timestamp('2025-04-23 10:38:18.881956'), 'open': nan, 'high': nan, 'low': nan, 'close': 81795.0, 'volume': nan, 'short': 81794.28684078658, 'middle': 81686.06874078444, 'long': 73012.379357063, 'buy': nan, 'sell': nan, 'buy_exit': nan, 'sell_exit': nan}
2025-04-23 10:38:19,254 INFO:Buy exit signal received
2025-04-23 10:38:19,254 INFO:Sell exit signal received
2025-04-23 10:38:19,254 INFO:Entering while loop with trade_count: 2
2025-04-23 10:38:19,311 INFO:Combined historical with live algo:                       timestamp    open    high     low     close  ...          long  buy  sell  buy_exit  sell_exit
0     2025-04-22 09:15:00+05:30  821.10  821.10  817.00    818.80  ...    818.800000  NaN   NaN       NaN        NaN
1     2025-04-22 09:16:00+05:30  818.75  818.75  814.60    814.60  ...    818.668750  NaN   NaN       NaN        NaN
2     2025-04-22 09:17:00+05:30  814.60  816.00  814.00    815.35  ...    818.565039  NaN   NaN       NaN        NaN
3     2025-04-22 09:18:00+05:30  815.30  816.00  814.75    815.50  ...    818.469257  NaN   NaN       NaN        NaN
4     2025-04-22 09:19:00+05:30  815.55  815.75  814.50    814.60  ...    818.348342  NaN   NaN       NaN        NaN
..                          ...     ...     ...     ...       ...  ...           ...  ...   ...       ...        ...
525  2025-04-23 10:38:18.881956     NaN     NaN     NaN  81795.00  ...  72134.736389  NaN   NaN       NaN        NaN
526  2025-04-23 10:38:18.881956     NaN     NaN     NaN  81795.00  ...  72436.619627  NaN   NaN       NaN        NaN
527  2025-04-23 10:38:18.881956     NaN     NaN     NaN  81795.00  ...  72729.069014  NaN   NaN       NaN        NaN
528  2025-04-23 10:38:18.881956     NaN     NaN     NaN  81795.00  ...  73012.379357  NaN   NaN       NaN        NaN
529  2025-04-23 10:38:18.881956     NaN     NaN     NaN  81795.00  ...  73286.836252  NaN   NaN       NaN        NaN

[530 rows x 13 columns]
2025-04-23 10:38:19,311 INFO:Final row: {'timestamp': Timestamp('2025-04-23 10:38:18.881956'), 'open': nan, 'high': nan, 'low': nan, 'close': 81795.0, 'volume': nan, 'short': 81794.52456052438, 'middle': 81695.9715825313, 'long': 73286.83625215477, 'buy': nan, 'sell': nan, 'buy_exit': nan, 'sell_exit': nan}
2025-04-23 10:38:19,311 INFO:Buy exit signal received
2025-04-23 10:38:19,311 INFO:Sell exit signal received
2025-04-23 10:38:19,311 INFO:Entering while loop with trade_count: 2
2025-04-23 10:38:19,372 INFO:Combined historical with live algo:                       timestamp    open    high     low     close  ...          long  buy  sell  buy_exit  sell_exit
0     2025-04-22 09:15:00+05:30  821.10  821.10  817.00    818.80  ...    818.800000  NaN   NaN       NaN        NaN
1     2025-04-22 09:16:00+05:30  818.75  818.75  814.60    814.60  ...    818.668750  NaN   NaN       NaN        NaN
2     2025-04-22 09:17:00+05:30  814.60  816.00  814.00    815.35  ...    818.565039  NaN   NaN       NaN        NaN
3     2025-04-22 09:18:00+05:30  815.30  816.00  814.75    815.50  ...    818.469257  NaN   NaN       NaN        NaN
4     2025-04-22 09:19:00+05:30  815.55  815.75  814.50    814.60  ...    818.348342  NaN   NaN       NaN        NaN
..                          ...     ...     ...     ...       ...  ...           ...  ...   ...       ...        ...
526  2025-04-23 10:38:18.881956     NaN     NaN     NaN  81795.00  ...  72436.619627  NaN   NaN       NaN        NaN
527  2025-04-23 10:38:18.881956     NaN     NaN     NaN  81795.00  ...  72729.069014  NaN   NaN       NaN        NaN
528  2025-04-23 10:38:18.881956     NaN     NaN     NaN  81795.00  ...  73012.379357  NaN   NaN       NaN        NaN
529  2025-04-23 10:38:18.881956     NaN     NaN     NaN  81795.00  ...  73286.836252  NaN   NaN       NaN        NaN
530  2025-04-23 10:38:18.881956     NaN     NaN     NaN  81795.00  ...  73552.716369  NaN   NaN       NaN        NaN

[531 rows x 13 columns]
2025-04-23 10:38:19,372 INFO:Final row: {'timestamp': Timestamp('2025-04-23 10:38:18.881956'), 'open': nan, 'high': nan, 'low': nan, 'close': 81795.0, 'volume': nan, 'short': 81794.6830403496, 'middle': 81704.97416593754, 'long': 73552.71636927493, 'buy': nan, 'sell': nan, 'buy_exit': nan, 'sell_exit': nan}
2025-04-23 10:38:19,372 INFO:Buy exit signal received
2025-04-23 10:38:19,372 INFO:Sell exit signal received
2025-04-23 10:38:19,376 INFO:Entering while loop with trade_count: 2
2025-04-23 10:38:19,426 INFO:Combined historical with live algo:                       timestamp    open    high     low     close  ...          long  buy  sell  buy_exit  sell_exit
0     2025-04-22 09:15:00+05:30  821.10  821.10  817.00    818.80  ...    818.800000  NaN   NaN       NaN        NaN
1     2025-04-22 09:16:00+05:30  818.75  818.75  814.60    814.60  ...    818.668750  NaN   NaN       NaN        NaN
2     2025-04-22 09:17:00+05:30  814.60  816.00  814.00    815.35  ...    818.565039  NaN   NaN       NaN        NaN
3     2025-04-22 09:18:00+05:30  815.30  816.00  814.75    815.50  ...    818.469257  NaN   NaN       NaN        NaN
4     2025-04-22 09:19:00+05:30  815.55  815.75  814.50    814.60  ...    818.348342  NaN   NaN       NaN        NaN
..                          ...     ...     ...     ...       ...  ...           ...  ...   ...       ...        ...
527  2025-04-23 10:38:18.881956     NaN     NaN     NaN  81795.00  ...  72729.069014  NaN   NaN       NaN        NaN
528  2025-04-23 10:38:18.881956     NaN     NaN     NaN  81795.00  ...  73012.379357  NaN   NaN       NaN        NaN
529  2025-04-23 10:38:18.881956     NaN     NaN     NaN  81795.00  ...  73286.836252  NaN   NaN       NaN        NaN
530  2025-04-23 10:38:18.881956     NaN     NaN     NaN  81795.00  ...  73552.716369  NaN   NaN       NaN        NaN
531  2025-04-23 10:38:18.881956     NaN     NaN     NaN  81795.00  ...  73810.287733  NaN   NaN       NaN        NaN

[532 rows x 13 columns]
2025-04-23 10:38:19,426 INFO:Final row: {'timestamp': Timestamp('2025-04-23 10:38:18.881956'), 'open': nan, 'high': nan, 'low': nan, 'close': 81795.0, 'volume': nan, 'short': 81794.7886935664, 'middle': 81713.15833267049, 'long': 73810.28773273509, 'buy': nan, 'sell': nan, 'buy_exit': nan, 'sell_exit': nan}
2025-04-23 10:38:19,426 INFO:Buy exit signal received
2025-04-23 10:38:19,426 INFO:Sell exit signal received
2025-04-23 10:38:19,426 INFO:Entering while loop with trade_count: 2
2025-04-23 10:38:19,483 INFO:Combined historical with live algo:                       timestamp    open    high     low     close  ...          long  buy  sell  buy_exit  sell_exit
0     2025-04-22 09:15:00+05:30  821.10  821.10  817.00    818.80  ...    818.800000  NaN   NaN       NaN        NaN
1     2025-04-22 09:16:00+05:30  818.75  818.75  814.60    814.60  ...    818.668750  NaN   NaN       NaN        NaN
2     2025-04-22 09:17:00+05:30  814.60  816.00  814.00    815.35  ...    818.565039  NaN   NaN       NaN        NaN
3     2025-04-22 09:18:00+05:30  815.30  816.00  814.75    815.50  ...    818.469257  NaN   NaN       NaN        NaN
4     2025-04-22 09:19:00+05:30  815.55  815.75  814.50    814.60  ...    818.348342  NaN   NaN       NaN        NaN
..                          ...     ...     ...     ...       ...  ...           ...  ...   ...       ...        ...
528  2025-04-23 10:38:18.881956     NaN     NaN     NaN  81795.00  ...  73012.379357  NaN   NaN       NaN        NaN
529  2025-04-23 10:38:18.881956     NaN     NaN     NaN  81795.00  ...  73286.836252  NaN   NaN       NaN        NaN
530  2025-04-23 10:38:18.881956     NaN     NaN     NaN  81795.00  ...  73552.716369  NaN   NaN       NaN        NaN
531  2025-04-23 10:38:18.881956     NaN     NaN     NaN  81795.00  ...  73810.287733  NaN   NaN       NaN        NaN
532  2025-04-23 10:38:18.881956     NaN     NaN     NaN  81795.00  ...  74059.809991  NaN   NaN       NaN        NaN

[533 rows x 13 columns]
2025-04-23 10:38:19,484 INFO:Final row: {'timestamp': Timestamp('2025-04-23 10:38:18.881956'), 'open': nan, 'high': nan, 'low': nan, 'close': 81795.0, 'volume': nan, 'short': 81794.85912904427, 'middle': 81720.59848424589, 'long': 74059.80999108711, 'buy': nan, 'sell': nan, 'buy_exit': nan, 'sell_exit': nan}
2025-04-23 10:38:19,484 INFO:Buy exit signal received
2025-04-23 10:38:19,484 INFO:Sell exit signal received
2025-04-23 10:38:19,484 INFO:Entering while loop with trade_count: 2
2025-04-23 10:38:19,544 INFO:Combined historical with live algo:                       timestamp    open    high     low     close  ...          long  buy  sell  buy_exit  sell_exit
0     2025-04-22 09:15:00+05:30  821.10  821.10  817.00    818.80  ...    818.800000  NaN   NaN       NaN        NaN
1     2025-04-22 09:16:00+05:30  818.75  818.75  814.60    814.60  ...    818.668750  NaN   NaN       NaN        NaN
2     2025-04-22 09:17:00+05:30  814.60  816.00  814.00    815.35  ...    818.565039  NaN   NaN       NaN        NaN
3     2025-04-22 09:18:00+05:30  815.30  816.00  814.75    815.50  ...    818.469257  NaN   NaN       NaN        NaN
4     2025-04-22 09:19:00+05:30  815.55  815.75  814.50    814.60  ...    818.348342  NaN   NaN       NaN        NaN
..                          ...     ...     ...     ...       ...  ...           ...  ...   ...       ...        ...
529  2025-04-23 10:38:18.881956     NaN     NaN     NaN  81795.00  ...  73286.836252  NaN   NaN       NaN        NaN
530  2025-04-23 10:38:18.881956     NaN     NaN     NaN  81795.00  ...  73552.716369  NaN   NaN       NaN        NaN
531  2025-04-23 10:38:18.881956     NaN     NaN     NaN  81795.00  ...  73810.287733  NaN   NaN       NaN        NaN
532  2025-04-23 10:38:18.881956     NaN     NaN     NaN  81795.00  ...  74059.809991  NaN   NaN       NaN        NaN
533  2025-04-23 10:38:18.881956     NaN     NaN     NaN  81795.00  ...  74301.534679  NaN   NaN       NaN        NaN

[534 rows x 13 columns]
2025-04-23 10:38:19,547 INFO:Final row: {'timestamp': Timestamp('2025-04-23 10:38:18.881956'), 'open': nan, 'high': nan, 'low': nan, 'close': 81795.0, 'volume': nan, 'short': 81794.90608602951, 'middle': 81727.36225840535, 'long': 74301.53467886563, 'buy': nan, 'sell': nan, 'buy_exit': nan, 'sell_exit': nan}
2025-04-23 10:38:19,547 INFO:Buy exit signal received
2025-04-23 10:38:19,548 INFO:Sell exit signal received
2025-04-23 10:38:19,548 INFO:Entering while loop with trade_count: 2
2025-04-23 10:38:19,608 INFO:Combined historical with live algo:                       timestamp    open    high     low     close  ...          long  buy  sell  buy_exit  sell_exit
0     2025-04-22 09:15:00+05:30  821.10  821.10  817.00    818.80  ...    818.800000  NaN   NaN       NaN        NaN
1     2025-04-22 09:16:00+05:30  818.75  818.75  814.60    814.60  ...    818.668750  NaN   NaN       NaN        NaN
2     2025-04-22 09:17:00+05:30  814.60  816.00  814.00    815.35  ...    818.565039  NaN   NaN       NaN        NaN
3     2025-04-22 09:18:00+05:30  815.30  816.00  814.75    815.50  ...    818.469257  NaN   NaN       NaN        NaN
4     2025-04-22 09:19:00+05:30  815.55  815.75  814.50    814.60  ...    818.348342  NaN   NaN       NaN        NaN
..                          ...     ...     ...     ...       ...  ...           ...  ...   ...       ...        ...
530  2025-04-23 10:38:18.881956     NaN     NaN     NaN  81795.00  ...  73552.716369  NaN   NaN       NaN        NaN
531  2025-04-23 10:38:18.881956     NaN     NaN     NaN  81795.00  ...  73810.287733  NaN   NaN       NaN        NaN
532  2025-04-23 10:38:18.881956     NaN     NaN     NaN  81795.00  ...  74059.809991  NaN   NaN       NaN        NaN
533  2025-04-23 10:38:18.881956     NaN     NaN     NaN  81795.00  ...  74301.534679  NaN   NaN       NaN        NaN
534  2025-04-23 10:38:19.490359     NaN     NaN     NaN  81800.00  ...  74535.861720  NaN   NaN       NaN        NaN

[535 rows x 13 columns]
2025-04-23 10:38:19,608 INFO:Final row: {'timestamp': Timestamp('2025-04-23 10:38:19.490359'), 'open': nan, 'high': nan, 'low': nan, 'close': 81800.0, 'volume': nan, 'short': 81796.60405735302, 'middle': 81733.96568945941, 'long': 74535.86172015108, 'buy': nan, 'sell': nan, 'buy_exit': nan, 'sell_exit': nan}
2025-04-23 10:38:19,608 INFO:Buy exit signal received
2025-04-23 10:38:19,608 INFO:Sell exit signal received
2025-04-23 10:38:19,608 INFO:Entering while loop with trade_count: 2
2025-04-23 10:38:19,675 INFO:Combined historical with live algo:                       timestamp    open    high     low     close  ...          long  buy  sell  buy_exit  sell_exit
0     2025-04-22 09:15:00+05:30  821.10  821.10  817.00    818.80  ...    818.800000  NaN   NaN       NaN        NaN
1     2025-04-22 09:16:00+05:30  818.75  818.75  814.60    814.60  ...    818.668750  NaN   NaN       NaN        NaN
2     2025-04-22 09:17:00+05:30  814.60  816.00  814.00    815.35  ...    818.565039  NaN   NaN       NaN        NaN
3     2025-04-22 09:18:00+05:30  815.30  816.00  814.75    815.50  ...    818.469257  NaN   NaN       NaN        NaN
4     2025-04-22 09:19:00+05:30  815.55  815.75  814.50    814.60  ...    818.348342  NaN   NaN       NaN        NaN
..                          ...     ...     ...     ...       ...  ...           ...  ...   ...       ...        ...
531  2025-04-23 10:38:18.881956     NaN     NaN     NaN  81795.00  ...  73810.287733  NaN   NaN       NaN        NaN
532  2025-04-23 10:38:18.881956     NaN     NaN     NaN  81795.00  ...  74059.809991  NaN   NaN       NaN        NaN
533  2025-04-23 10:38:18.881956     NaN     NaN     NaN  81795.00  ...  74301.534679  NaN   NaN       NaN        NaN
534  2025-04-23 10:38:19.490359     NaN     NaN     NaN  81800.00  ...  74535.861720  NaN   NaN       NaN        NaN
535  2025-04-23 10:38:19.490359     NaN     NaN     NaN  81800.00  ...  74762.866041  NaN   NaN       NaN        NaN

[536 rows x 13 columns]
2025-04-23 10:38:19,686 INFO:Final row: {'timestamp': Timestamp('2025-04-23 10:38:19.490359'), 'open': nan, 'high': nan, 'low': nan, 'close': 81800.0, 'volume': nan, 'short': 81797.73603823535, 'middle': 81739.96880859946, 'long': 74762.86604139635, 'buy': nan, 'sell': nan, 'buy_exit': nan, 'sell_exit': nan}
2025-04-23 10:38:19,686 INFO:Buy exit signal received
2025-04-23 10:38:19,686 INFO:Sell exit signal received
2025-04-23 10:38:19,688 INFO:Entering while loop with trade_count: 2
2025-04-23 10:38:19,741 INFO:Combined historical with live algo:                       timestamp    open    high     low     close  ...          long  buy  sell  buy_exit  sell_exit
0     2025-04-22 09:15:00+05:30  821.10  821.10  817.00    818.80  ...    818.800000  NaN   NaN       NaN        NaN
1     2025-04-22 09:16:00+05:30  818.75  818.75  814.60    814.60  ...    818.668750  NaN   NaN       NaN        NaN
2     2025-04-22 09:17:00+05:30  814.60  816.00  814.00    815.35  ...    818.565039  NaN   NaN       NaN        NaN
3     2025-04-22 09:18:00+05:30  815.30  816.00  814.75    815.50  ...    818.469257  NaN   NaN       NaN        NaN
4     2025-04-22 09:19:00+05:30  815.55  815.75  814.50    814.60  ...    818.348342  NaN   NaN       NaN        NaN
..                          ...     ...     ...     ...       ...  ...           ...  ...   ...       ...        ...
532  2025-04-23 10:38:18.881956     NaN     NaN     NaN  81795.00  ...  74059.809991  NaN   NaN       NaN        NaN
533  2025-04-23 10:38:18.881956     NaN     NaN     NaN  81795.00  ...  74301.534679  NaN   NaN       NaN        NaN
534  2025-04-23 10:38:19.490359     NaN     NaN     NaN  81800.00  ...  74535.861720  NaN   NaN       NaN        NaN
535  2025-04-23 10:38:19.490359     NaN     NaN     NaN  81800.00  ...  74762.866041  NaN   NaN       NaN        NaN
536  2025-04-23 10:38:19.490359     NaN     NaN     NaN  81800.00  ...  74982.776478  NaN   NaN       NaN        NaN

[537 rows x 13 columns]
2025-04-23 10:38:19,741 INFO:Final row: {'timestamp': Timestamp('2025-04-23 10:38:19.490359'), 'open': nan, 'high': nan, 'low': nan, 'close': 81800.0, 'volume': nan, 'short': 81798.4906921569, 'middle': 81745.42618963587, 'long': 74982.77647760272, 'buy': nan, 'sell': nan, 'buy_exit': nan, 'sell_exit': nan}
2025-04-23 10:38:19,741 INFO:Buy exit signal received
2025-04-23 10:38:19,741 INFO:Sell exit signal received
2025-04-23 10:38:19,741 INFO:Entering while loop with trade_count: 2
2025-04-23 10:38:19,810 INFO:Combined historical with live algo:                       timestamp    open    high     low     close  ...          long  buy  sell  buy_exit  sell_exit
0     2025-04-22 09:15:00+05:30  821.10  821.10  817.00    818.80  ...    818.800000  NaN   NaN       NaN        NaN
1     2025-04-22 09:16:00+05:30  818.75  818.75  814.60    814.60  ...    818.668750  NaN   NaN       NaN        NaN
2     2025-04-22 09:17:00+05:30  814.60  816.00  814.00    815.35  ...    818.565039  NaN   NaN       NaN        NaN
3     2025-04-22 09:18:00+05:30  815.30  816.00  814.75    815.50  ...    818.469257  NaN   NaN       NaN        NaN
4     2025-04-22 09:19:00+05:30  815.55  815.75  814.50    814.60  ...    818.348342  NaN   NaN       NaN        NaN
..                          ...     ...     ...     ...       ...  ...           ...  ...   ...       ...        ...
533  2025-04-23 10:38:18.881956     NaN     NaN     NaN  81795.00  ...  74301.534679  NaN   NaN       NaN        NaN
534  2025-04-23 10:38:19.490359     NaN     NaN     NaN  81800.00  ...  74535.861720  NaN   NaN       NaN        NaN
535  2025-04-23 10:38:19.490359     NaN     NaN     NaN  81800.00  ...  74762.866041  NaN   NaN       NaN        NaN
536  2025-04-23 10:38:19.490359     NaN     NaN     NaN  81800.00  ...  74982.776478  NaN   NaN       NaN        NaN
537  2025-04-23 10:38:19.490359     NaN     NaN     NaN  81800.00  ...  75195.814713  NaN   NaN       NaN        NaN

[538 rows x 13 columns]
2025-04-23 10:38:19,810 INFO:Final row: {'timestamp': Timestamp('2025-04-23 10:38:19.490359'), 'open': nan, 'high': nan, 'low': nan, 'close': 81800.0, 'volume': nan, 'short': 81798.99379477128, 'middle': 81750.3874451235, 'long': 75195.81471267763, 'buy': nan, 'sell': nan, 'buy_exit': nan, 'sell_exit': nan}
2025-04-23 10:38:19,810 INFO:Buy exit signal received
2025-04-23 10:38:19,810 INFO:Sell exit signal received
2025-04-23 10:38:19,810 INFO:Entering while loop with trade_count: 2
2025-04-23 10:38:19,859 INFO:Combined historical with live algo:                       timestamp    open    high     low     close  ...          long  buy  sell  buy_exit  sell_exit
0     2025-04-22 09:15:00+05:30  821.10  821.10  817.00    818.80  ...    818.800000  NaN   NaN       NaN        NaN
1     2025-04-22 09:16:00+05:30  818.75  818.75  814.60    814.60  ...    818.668750  NaN   NaN       NaN        NaN
2     2025-04-22 09:17:00+05:30  814.60  816.00  814.00    815.35  ...    818.565039  NaN   NaN       NaN        NaN
3     2025-04-22 09:18:00+05:30  815.30  816.00  814.75    815.50  ...    818.469257  NaN   NaN       NaN        NaN
4     2025-04-22 09:19:00+05:30  815.55  815.75  814.50    814.60  ...    818.348342  NaN   NaN       NaN        NaN
..                          ...     ...     ...     ...       ...  ...           ...  ...   ...       ...        ...
534  2025-04-23 10:38:19.490359     NaN     NaN     NaN  81800.00  ...  74535.861720  NaN   NaN       NaN        NaN
535  2025-04-23 10:38:19.490359     NaN     NaN     NaN  81800.00  ...  74762.866041  NaN   NaN       NaN        NaN
536  2025-04-23 10:38:19.490359     NaN     NaN     NaN  81800.00  ...  74982.776478  NaN   NaN       NaN        NaN
537  2025-04-23 10:38:19.490359     NaN     NaN     NaN  81800.00  ...  75195.814713  NaN   NaN       NaN        NaN
538  2025-04-23 10:38:19.490359     NaN     NaN     NaN  81800.00  ...  75402.195503  NaN   NaN       NaN        NaN

[539 rows x 13 columns]
2025-04-23 10:38:19,859 INFO:Final row: {'timestamp': Timestamp('2025-04-23 10:38:19.490359'), 'open': nan, 'high': nan, 'low': nan, 'close': 81800.0, 'volume': nan, 'short': 81799.32919651418, 'middle': 81754.897677385, 'long': 75402.19550290646, 'buy': nan, 'sell': nan, 'buy_exit': nan, 'sell_exit': nan}
2025-04-23 10:38:19,859 INFO:Buy exit signal received
2025-04-23 10:38:19,859 INFO:Sell exit signal received
2025-04-23 10:38:19,859 INFO:Entering while loop with trade_count: 2
2025-04-23 10:38:19,927 INFO:Combined historical with live algo:                       timestamp    open    high     low     close  ...          long  buy  sell  buy_exit  sell_exit
0     2025-04-22 09:15:00+05:30  821.10  821.10  817.00    818.80  ...    818.800000  NaN   NaN       NaN        NaN
1     2025-04-22 09:16:00+05:30  818.75  818.75  814.60    814.60  ...    818.668750  NaN   NaN       NaN        NaN
2     2025-04-22 09:17:00+05:30  814.60  816.00  814.00    815.35  ...    818.565039  NaN   NaN       NaN        NaN
3     2025-04-22 09:18:00+05:30  815.30  816.00  814.75    815.50  ...    818.469257  NaN   NaN       NaN        NaN
4     2025-04-22 09:19:00+05:30  815.55  815.75  814.50    814.60  ...    818.348342  NaN   NaN       NaN        NaN
..                          ...     ...     ...     ...       ...  ...           ...  ...   ...       ...        ...
535  2025-04-23 10:38:19.490359     NaN     NaN     NaN  81800.00  ...  74762.866041  NaN   NaN       NaN        NaN
536  2025-04-23 10:38:19.490359     NaN     NaN     NaN  81800.00  ...  74982.776478  NaN   NaN       NaN        NaN
537  2025-04-23 10:38:19.490359     NaN     NaN     NaN  81800.00  ...  75195.814713  NaN   NaN       NaN        NaN
538  2025-04-23 10:38:19.490359     NaN     NaN     NaN  81800.00  ...  75402.195503  NaN   NaN       NaN        NaN
539  2025-04-23 10:38:19.490359     NaN     NaN     NaN  81800.00  ...  75602.126893  NaN   NaN       NaN        NaN

[540 rows x 13 columns]
2025-04-23 10:38:19,927 INFO:Final row: {'timestamp': Timestamp('2025-04-23 10:38:19.490359'), 'open': nan, 'high': nan, 'low': nan, 'close': 81800.0, 'volume': nan, 'short': 81799.55279767612, 'middle': 81758.99788853181, 'long': 75602.12689344063, 'buy': nan, 'sell': nan, 'buy_exit': nan, 'sell_exit': nan}
2025-04-23 10:38:19,930 INFO:Buy exit signal received
2025-04-23 10:38:19,930 INFO:Sell exit signal received
2025-04-23 10:38:19,930 INFO:Entering while loop with trade_count: 2
2025-04-23 10:38:19,995 INFO:Combined historical with live algo:                       timestamp    open    high     low     close  ...          long  buy  sell  buy_exit  sell_exit
0     2025-04-22 09:15:00+05:30  821.10  821.10  817.00    818.80  ...    818.800000  NaN   NaN       NaN        NaN
1     2025-04-22 09:16:00+05:30  818.75  818.75  814.60    814.60  ...    818.668750  NaN   NaN       NaN        NaN
2     2025-04-22 09:17:00+05:30  814.60  816.00  814.00    815.35  ...    818.565039  NaN   NaN       NaN        NaN
3     2025-04-22 09:18:00+05:30  815.30  816.00  814.75    815.50  ...    818.469257  NaN   NaN       NaN        NaN
4     2025-04-22 09:19:00+05:30  815.55  815.75  814.50    814.60  ...    818.348342  NaN   NaN       NaN        NaN
..                          ...     ...     ...     ...       ...  ...           ...  ...   ...       ...        ...
536  2025-04-23 10:38:19.490359     NaN     NaN     NaN  81800.00  ...  74982.776478  NaN   NaN       NaN        NaN
537  2025-04-23 10:38:19.490359     NaN     NaN     NaN  81800.00  ...  75195.814713  NaN   NaN       NaN        NaN
538  2025-04-23 10:38:19.490359     NaN     NaN     NaN  81800.00  ...  75402.195503  NaN   NaN       NaN        NaN
539  2025-04-23 10:38:19.490359     NaN     NaN     NaN  81800.00  ...  75602.126893  NaN   NaN       NaN        NaN
540  2025-04-23 10:38:19.892408     NaN     NaN     NaN  81800.00  ...  75795.810428  NaN   NaN       NaN        NaN

[541 rows x 13 columns]
2025-04-23 10:38:19,995 INFO:Final row: {'timestamp': Timestamp('2025-04-23 10:38:19.892408'), 'open': nan, 'high': nan, 'low': nan, 'close': 81800.0, 'volume': nan, 'short': 81799.70186511741, 'middle': 81762.72535321073, 'long': 75795.8104280206, 'buy': nan, 'sell': nan, 'buy_exit': nan, 'sell_exit': nan}
2025-04-23 10:38:19,995 INFO:Buy exit signal received
2025-04-23 10:38:19,995 INFO:Sell exit signal received
2025-04-23 10:38:19,995 INFO:Entering while loop with trade_count: 2
2025-04-23 10:38:20,055 INFO:Combined historical with live algo:                       timestamp    open    high     low     close  ...          long  buy  sell  buy_exit  sell_exit
0     2025-04-22 09:15:00+05:30  821.10  821.10  817.00    818.80  ...    818.800000  NaN   NaN       NaN        NaN
1     2025-04-22 09:16:00+05:30  818.75  818.75  814.60    814.60  ...    818.668750  NaN   NaN       NaN        NaN
2     2025-04-22 09:17:00+05:30  814.60  816.00  814.00    815.35  ...    818.565039  NaN   NaN       NaN        NaN
3     2025-04-22 09:18:00+05:30  815.30  816.00  814.75    815.50  ...    818.469257  NaN   NaN       NaN        NaN
4     2025-04-22 09:19:00+05:30  815.55  815.75  814.50    814.60  ...    818.348342  NaN   NaN       NaN        NaN
..                          ...     ...     ...     ...       ...  ...           ...  ...   ...       ...        ...
537  2025-04-23 10:38:19.490359     NaN     NaN     NaN  81800.00  ...  75195.814713  NaN   NaN       NaN        NaN
538  2025-04-23 10:38:19.490359     NaN     NaN     NaN  81800.00  ...  75402.195503  NaN   NaN       NaN        NaN
539  2025-04-23 10:38:19.490359     NaN     NaN     NaN  81800.00  ...  75602.126893  NaN   NaN       NaN        NaN
540  2025-04-23 10:38:19.892408     NaN     NaN     NaN  81800.00  ...  75795.810428  NaN   NaN       NaN        NaN
541  2025-04-23 10:38:19.892408     NaN     NaN     NaN  81800.00  ...  75983.441352  NaN   NaN       NaN        NaN

[542 rows x 13 columns]
2025-04-23 10:38:20,055 INFO:Final row: {'timestamp': Timestamp('2025-04-23 10:38:19.892408'), 'open': nan, 'high': nan, 'low': nan, 'close': 81800.0, 'volume': nan, 'short': 81799.80124341161, 'middle': 81766.11395746429, 'long': 75983.44135214496, 'buy': nan, 'sell': nan, 'buy_exit': nan, 'sell_exit': nan}
2025-04-23 10:38:20,055 INFO:Buy exit signal received
2025-04-23 10:38:20,055 INFO:Sell exit signal received
2025-04-23 10:38:20,055 INFO:Entering while loop with trade_count: 2
2025-04-23 10:38:20,110 INFO:Combined historical with live algo:                       timestamp    open    high     low     close  ...          long  buy  sell  buy_exit  sell_exit
0     2025-04-22 09:15:00+05:30  821.10  821.10  817.00    818.80  ...    818.800000  NaN   NaN       NaN        NaN
1     2025-04-22 09:16:00+05:30  818.75  818.75  814.60    814.60  ...    818.668750  NaN   NaN       NaN        NaN
2     2025-04-22 09:17:00+05:30  814.60  816.00  814.00    815.35  ...    818.565039  NaN   NaN       NaN        NaN
3     2025-04-22 09:18:00+05:30  815.30  816.00  814.75    815.50  ...    818.469257  NaN   NaN       NaN        NaN
4     2025-04-22 09:19:00+05:30  815.55  815.75  814.50    814.60  ...    818.348342  NaN   NaN       NaN        NaN
..                          ...     ...     ...     ...       ...  ...           ...  ...   ...       ...        ...
538  2025-04-23 10:38:19.490359     NaN     NaN     NaN  81800.00  ...  75402.195503  NaN   NaN       NaN        NaN
539  2025-04-23 10:38:19.490359     NaN     NaN     NaN  81800.00  ...  75602.126893  NaN   NaN       NaN        NaN
540  2025-04-23 10:38:19.892408     NaN     NaN     NaN  81800.00  ...  75795.810428  NaN   NaN       NaN        NaN
541  2025-04-23 10:38:19.892408     NaN     NaN     NaN  81800.00  ...  75983.441352  NaN   NaN       NaN        NaN
542  2025-04-23 10:38:19.892408     NaN     NaN     NaN  81800.00  ...  76165.208810  NaN   NaN       NaN        NaN

[543 rows x 13 columns]
2025-04-23 10:38:20,110 INFO:Final row: {'timestamp': Timestamp('2025-04-23 10:38:19.892408'), 'open': nan, 'high': nan, 'low': nan, 'close': 81800.0, 'volume': nan, 'short': 81799.86749560774, 'middle': 81769.19450678572, 'long': 76165.20880989044, 'buy': nan, 'sell': nan, 'buy_exit': nan, 'sell_exit': nan}
2025-04-23 10:38:20,110 INFO:Buy exit signal received
2025-04-23 10:38:20,110 INFO:Sell exit signal received
2025-04-23 10:38:20,110 INFO:Entering while loop with trade_count: 2
2025-04-23 10:38:20,166 INFO:Combined historical with live algo:                       timestamp    open    high     low     close  ...          long  buy  sell  buy_exit  sell_exit
0     2025-04-22 09:15:00+05:30  821.10  821.10  817.00    818.80  ...    818.800000  NaN   NaN       NaN        NaN
1     2025-04-22 09:16:00+05:30  818.75  818.75  814.60    814.60  ...    818.668750  NaN   NaN       NaN        NaN
2     2025-04-22 09:17:00+05:30  814.60  816.00  814.00    815.35  ...    818.565039  NaN   NaN       NaN        NaN
3     2025-04-22 09:18:00+05:30  815.30  816.00  814.75    815.50  ...    818.469257  NaN   NaN       NaN        NaN
4     2025-04-22 09:19:00+05:30  815.55  815.75  814.50    814.60  ...    818.348342  NaN   NaN       NaN        NaN
..                          ...     ...     ...     ...       ...  ...           ...  ...   ...       ...        ...
539  2025-04-23 10:38:19.490359     NaN     NaN     NaN  81800.00  ...  75602.126893  NaN   NaN       NaN        NaN
540  2025-04-23 10:38:19.892408     NaN     NaN     NaN  81800.00  ...  75795.810428  NaN   NaN       NaN        NaN
541  2025-04-23 10:38:19.892408     NaN     NaN     NaN  81800.00  ...  75983.441352  NaN   NaN       NaN        NaN
542  2025-04-23 10:38:19.892408     NaN     NaN     NaN  81800.00  ...  76165.208810  NaN   NaN       NaN        NaN
543  2025-04-23 10:38:19.892408     NaN     NaN     NaN  81800.00  ...  76341.296035  NaN   NaN       NaN        NaN

[544 rows x 13 columns]
2025-04-23 10:38:20,167 INFO:Final row: {'timestamp': Timestamp('2025-04-23 10:38:19.892408'), 'open': nan, 'high': nan, 'low': nan, 'close': 81800.0, 'volume': nan, 'short': 81799.9116637385, 'middle': 81771.99500616883, 'long': 76341.29603458136, 'buy': nan, 'sell': nan, 'buy_exit': nan, 'sell_exit': nan}
2025-04-23 10:38:20,167 INFO:Buy exit signal received
2025-04-23 10:38:20,167 INFO:Sell exit signal received
2025-04-23 10:38:20,168 INFO:Entering while loop with trade_count: 2
2025-04-23 10:38:20,221 INFO:Combined historical with live algo:                       timestamp    open    high     low     close  ...          long  buy  sell  buy_exit  sell_exit
0     2025-04-22 09:15:00+05:30  821.10  821.10  817.00    818.80  ...    818.800000  NaN   NaN       NaN        NaN
1     2025-04-22 09:16:00+05:30  818.75  818.75  814.60    814.60  ...    818.668750  NaN   NaN       NaN        NaN
2     2025-04-22 09:17:00+05:30  814.60  816.00  814.00    815.35  ...    818.565039  NaN   NaN       NaN        NaN
3     2025-04-22 09:18:00+05:30  815.30  816.00  814.75    815.50  ...    818.469257  NaN   NaN       NaN        NaN
4     2025-04-22 09:19:00+05:30  815.55  815.75  814.50    814.60  ...    818.348342  NaN   NaN       NaN        NaN
..                          ...     ...     ...     ...       ...  ...           ...  ...   ...       ...        ...
540  2025-04-23 10:38:19.892408     NaN     NaN     NaN  81800.00  ...  75795.810428  NaN   NaN       NaN        NaN
541  2025-04-23 10:38:19.892408     NaN     NaN     NaN  81800.00  ...  75983.441352  NaN   NaN       NaN        NaN
542  2025-04-23 10:38:19.892408     NaN     NaN     NaN  81800.00  ...  76165.208810  NaN   NaN       NaN        NaN
543  2025-04-23 10:38:19.892408     NaN     NaN     NaN  81800.00  ...  76341.296035  NaN   NaN       NaN        NaN
544  2025-04-23 10:38:19.892408     NaN     NaN     NaN  81800.00  ...  76511.880534  NaN   NaN       NaN        NaN

[545 rows x 13 columns]
2025-04-23 10:38:20,224 INFO:Final row: {'timestamp': Timestamp('2025-04-23 10:38:19.892408'), 'open': nan, 'high': nan, 'low': nan, 'close': 81800.0, 'volume': nan, 'short': 81799.941109159, 'middle': 81774.54091469893, 'long': 76511.88053350069, 'buy': nan, 'sell': nan, 'buy_exit': nan, 'sell_exit': nan}
2025-04-23 10:38:20,224 INFO:Buy exit signal received
2025-04-23 10:38:20,224 INFO:Sell exit signal received
2025-04-23 10:38:20,224 INFO:Entering while loop with trade_count: 2
2025-04-23 10:38:20,303 INFO:Combined historical with live algo:                       timestamp    open    high     low     close  ...          long  buy  sell  buy_exit  sell_exit
0     2025-04-22 09:15:00+05:30  821.10  821.10  817.00    818.80  ...    818.800000  NaN   NaN       NaN        NaN
1     2025-04-22 09:16:00+05:30  818.75  818.75  814.60    814.60  ...    818.668750  NaN   NaN       NaN        NaN
2     2025-04-22 09:17:00+05:30  814.60  816.00  814.00    815.35  ...    818.565039  NaN   NaN       NaN        NaN
3     2025-04-22 09:18:00+05:30  815.30  816.00  814.75    815.50  ...    818.469257  NaN   NaN       NaN        NaN
4     2025-04-22 09:19:00+05:30  815.55  815.75  814.50    814.60  ...    818.348342  NaN   NaN       NaN        NaN
..                          ...     ...     ...     ...       ...  ...           ...  ...   ...       ...        ...
541  2025-04-23 10:38:19.892408     NaN     NaN     NaN  81800.00  ...  75983.441352  NaN   NaN       NaN        NaN
542  2025-04-23 10:38:19.892408     NaN     NaN     NaN  81800.00  ...  76165.208810  NaN   NaN       NaN        NaN
543  2025-04-23 10:38:19.892408     NaN     NaN     NaN  81800.00  ...  76341.296035  NaN   NaN       NaN        NaN
544  2025-04-23 10:38:19.892408     NaN     NaN     NaN  81800.00  ...  76511.880534  NaN   NaN       NaN        NaN
545  2025-04-23 10:38:19.892408     NaN     NaN     NaN  81800.00  ...  76677.134267  NaN   NaN       NaN        NaN

[546 rows x 13 columns]
2025-04-23 10:38:20,307 INFO:Final row: {'timestamp': Timestamp('2025-04-23 10:38:19.892408'), 'open': nan, 'high': nan, 'low': nan, 'close': 81800.0, 'volume': nan, 'short': 81799.96073943934, 'middle': 81776.85537699901, 'long': 76677.1342668288, 'buy': nan, 'sell': nan, 'buy_exit': nan, 'sell_exit': nan}
2025-04-23 10:38:20,307 INFO:Buy exit signal received
2025-04-23 10:38:20,307 INFO:Sell exit signal received
2025-04-23 10:38:20,307 INFO:Entering while loop with trade_count: 2
2025-04-23 10:38:20,375 INFO:Combined historical with live algo:                       timestamp    open    high     low     close  ...          long  buy  sell  buy_exit  sell_exit
0     2025-04-22 09:15:00+05:30  821.10  821.10  817.00    818.80  ...    818.800000  NaN   NaN       NaN        NaN
1     2025-04-22 09:16:00+05:30  818.75  818.75  814.60    814.60  ...    818.668750  NaN   NaN       NaN        NaN
2     2025-04-22 09:17:00+05:30  814.60  816.00  814.00    815.35  ...    818.565039  NaN   NaN       NaN        NaN
3     2025-04-22 09:18:00+05:30  815.30  816.00  814.75    815.50  ...    818.469257  NaN   NaN       NaN        NaN
4     2025-04-22 09:19:00+05:30  815.55  815.75  814.50    814.60  ...    818.348342  NaN   NaN       NaN        NaN
..                          ...     ...     ...     ...       ...  ...           ...  ...   ...       ...        ...
542  2025-04-23 10:38:19.892408     NaN     NaN     NaN  81800.00  ...  76165.208810  NaN   NaN       NaN        NaN
543  2025-04-23 10:38:19.892408     NaN     NaN     NaN  81800.00  ...  76341.296035  NaN   NaN       NaN        NaN
544  2025-04-23 10:38:19.892408     NaN     NaN     NaN  81800.00  ...  76511.880534  NaN   NaN       NaN        NaN
545  2025-04-23 10:38:19.892408     NaN     NaN     NaN  81800.00  ...  76677.134267  NaN   NaN       NaN        NaN
546  2025-04-23 10:38:19.892408     NaN     NaN     NaN  81800.00  ...  76837.223821  NaN   NaN       NaN        NaN

[547 rows x 13 columns]
2025-04-23 10:38:20,376 INFO:Final row: {'timestamp': Timestamp('2025-04-23 10:38:19.892408'), 'open': nan, 'high': nan, 'low': nan, 'close': 81800.0, 'volume': nan, 'short': 81799.9738262929, 'middle': 81778.95943363546, 'long': 76837.2238209904, 'buy': nan, 'sell': nan, 'buy_exit': nan, 'sell_exit': nan}
2025-04-23 10:38:20,376 INFO:Buy exit signal received
2025-04-23 10:38:20,376 INFO:Sell exit signal received
2025-04-23 10:38:20,376 INFO:Entering while loop with trade_count: 2
2025-04-23 10:38:20,431 INFO:Combined historical with live algo:                       timestamp    open    high     low     close  ...          long  buy  sell  buy_exit  sell_exit
0     2025-04-22 09:15:00+05:30  821.10  821.10  817.00    818.80  ...    818.800000  NaN   NaN       NaN        NaN
1     2025-04-22 09:16:00+05:30  818.75  818.75  814.60    814.60  ...    818.668750  NaN   NaN       NaN        NaN
2     2025-04-22 09:17:00+05:30  814.60  816.00  814.00    815.35  ...    818.565039  NaN   NaN       NaN        NaN
3     2025-04-22 09:18:00+05:30  815.30  816.00  814.75    815.50  ...    818.469257  NaN   NaN       NaN        NaN
4     2025-04-22 09:19:00+05:30  815.55  815.75  814.50    814.60  ...    818.348342  NaN   NaN       NaN        NaN
..                          ...     ...     ...     ...       ...  ...           ...  ...   ...       ...        ...
543  2025-04-23 10:38:19.892408     NaN     NaN     NaN  81800.00  ...  76341.296035  NaN   NaN       NaN        NaN
544  2025-04-23 10:38:19.892408     NaN     NaN     NaN  81800.00  ...  76511.880534  NaN   NaN       NaN        NaN
545  2025-04-23 10:38:19.892408     NaN     NaN     NaN  81800.00  ...  76677.134267  NaN   NaN       NaN        NaN
546  2025-04-23 10:38:19.892408     NaN     NaN     NaN  81800.00  ...  76837.223821  NaN   NaN       NaN        NaN
547  2025-04-23 10:38:19.892408     NaN     NaN     NaN  81800.00  ...  76992.310577  NaN   NaN       NaN        NaN

[548 rows x 13 columns]
2025-04-23 10:38:20,431 INFO:Final row: {'timestamp': Timestamp('2025-04-23 10:38:19.892408'), 'open': nan, 'high': nan, 'low': nan, 'close': 81800.0, 'volume': nan, 'short': 81799.98255086194, 'middle': 81780.87221239587, 'long': 76992.31057658445, 'buy': nan, 'sell': nan, 'buy_exit': nan, 'sell_exit': nan}
2025-04-23 10:38:20,431 INFO:Buy exit signal received
2025-04-23 10:38:20,431 INFO:Sell exit signal received
2025-04-23 10:38:20,431 INFO:Entering while loop with trade_count: 2
2025-04-23 10:38:20,497 INFO:Combined historical with live algo:                       timestamp    open    high     low     close  ...          long  buy  sell  buy_exit  sell_exit
0     2025-04-22 09:15:00+05:30  821.10  821.10  817.00    818.80  ...    818.800000  NaN   NaN       NaN        NaN
1     2025-04-22 09:16:00+05:30  818.75  818.75  814.60    814.60  ...    818.668750  NaN   NaN       NaN        NaN
2     2025-04-22 09:17:00+05:30  814.60  816.00  814.00    815.35  ...    818.565039  NaN   NaN       NaN        NaN
3     2025-04-22 09:18:00+05:30  815.30  816.00  814.75    815.50  ...    818.469257  NaN   NaN       NaN        NaN
4     2025-04-22 09:19:00+05:30  815.55  815.75  814.50    814.60  ...    818.348342  NaN   NaN       NaN        NaN
..                          ...     ...     ...     ...       ...  ...           ...  ...   ...       ...        ...
544  2025-04-23 10:38:19.892408     NaN     NaN     NaN  81800.00  ...  76511.880534  NaN   NaN       NaN        NaN
545  2025-04-23 10:38:19.892408     NaN     NaN     NaN  81800.00  ...  76677.134267  NaN   NaN       NaN        NaN
546  2025-04-23 10:38:19.892408     NaN     NaN     NaN  81800.00  ...  76837.223821  NaN   NaN       NaN        NaN
547  2025-04-23 10:38:19.892408     NaN     NaN     NaN  81800.00  ...  76992.310577  NaN   NaN       NaN        NaN
548  2025-04-23 10:38:19.892408     NaN     NaN     NaN  81800.00  ...  77142.550871  NaN   NaN       NaN        NaN

[549 rows x 13 columns]
2025-04-23 10:38:20,497 INFO:Final row: {'timestamp': Timestamp('2025-04-23 10:38:19.892408'), 'open': nan, 'high': nan, 'low': nan, 'close': 81800.0, 'volume': nan, 'short': 81799.9883672413, 'middle': 81782.61110217805, 'long': 77142.55087106618, 'buy': nan, 'sell': nan, 'buy_exit': nan, 'sell_exit': nan}
2025-04-23 10:38:20,497 INFO:Buy exit signal received
2025-04-23 10:38:20,497 INFO:Sell exit signal received
2025-04-23 10:38:20,497 INFO:Entering while loop with trade_count: 2
2025-04-23 10:38:20,562 INFO:Combined historical with live algo:                       timestamp    open    high     low     close  ...          long  buy  sell  buy_exit  sell_exit
0     2025-04-22 09:15:00+05:30  821.10  821.10  817.00    818.80  ...    818.800000  NaN   NaN       NaN        NaN
1     2025-04-22 09:16:00+05:30  818.75  818.75  814.60    814.60  ...    818.668750  NaN   NaN       NaN        NaN
2     2025-04-22 09:17:00+05:30  814.60  816.00  814.00    815.35  ...    818.565039  NaN   NaN       NaN        NaN
3     2025-04-22 09:18:00+05:30  815.30  816.00  814.75    815.50  ...    818.469257  NaN   NaN       NaN        NaN
4     2025-04-22 09:19:00+05:30  815.55  815.75  814.50    814.60  ...    818.348342  NaN   NaN       NaN        NaN
..                          ...     ...     ...     ...       ...  ...           ...  ...   ...       ...        ...
545  2025-04-23 10:38:19.892408     NaN     NaN     NaN  81800.00  ...  76677.134267  NaN   NaN       NaN        NaN
546  2025-04-23 10:38:19.892408     NaN     NaN     NaN  81800.00  ...  76837.223821  NaN   NaN       NaN        NaN
547  2025-04-23 10:38:19.892408     NaN     NaN     NaN  81800.00  ...  76992.310577  NaN   NaN       NaN        NaN
548  2025-04-23 10:38:19.892408     NaN     NaN     NaN  81800.00  ...  77142.550871  NaN   NaN       NaN        NaN
549  2025-04-23 10:38:19.892408     NaN     NaN     NaN  81800.00  ...  77288.096156  NaN   NaN       NaN        NaN

[550 rows x 13 columns]
2025-04-23 10:38:20,562 INFO:Final row: {'timestamp': Timestamp('2025-04-23 10:38:19.892408'), 'open': nan, 'high': nan, 'low': nan, 'close': 81800.0, 'volume': nan, 'short': 81799.99224482753, 'middle': 81784.19191107096, 'long': 77288.09615634536, 'buy': nan, 'sell': nan, 'buy_exit': nan, 'sell_exit': nan}
2025-04-23 10:38:20,562 INFO:Buy exit signal received
2025-04-23 10:38:20,562 INFO:Sell exit signal received
2025-04-23 10:38:20,562 INFO:Entering while loop with trade_count: 2
2025-04-23 10:38:20,697 INFO:Combined historical with live algo:                       timestamp    open    high     low     close  ...          long  buy  sell  buy_exit  sell_exit
0     2025-04-22 09:15:00+05:30  821.10  821.10  817.00    818.80  ...    818.800000  NaN   NaN       NaN        NaN
1     2025-04-22 09:16:00+05:30  818.75  818.75  814.60    814.60  ...    818.668750  NaN   NaN       NaN        NaN
2     2025-04-22 09:17:00+05:30  814.60  816.00  814.00    815.35  ...    818.565039  NaN   NaN       NaN        NaN
3     2025-04-22 09:18:00+05:30  815.30  816.00  814.75    815.50  ...    818.469257  NaN   NaN       NaN        NaN
4     2025-04-22 09:19:00+05:30  815.55  815.75  814.50    814.60  ...    818.348342  NaN   NaN       NaN        NaN
..                          ...     ...     ...     ...       ...  ...           ...  ...   ...       ...        ...
546  2025-04-23 10:38:19.892408     NaN     NaN     NaN  81800.00  ...  76837.223821  NaN   NaN       NaN        NaN
547  2025-04-23 10:38:19.892408     NaN     NaN     NaN  81800.00  ...  76992.310577  NaN   NaN       NaN        NaN
548  2025-04-23 10:38:19.892408     NaN     NaN     NaN  81800.00  ...  77142.550871  NaN   NaN       NaN        NaN
549  2025-04-23 10:38:19.892408     NaN     NaN     NaN  81800.00  ...  77288.096156  NaN   NaN       NaN        NaN
550  2025-04-23 10:38:20.513306     NaN     NaN     NaN  81795.00  ...  77428.936901  NaN   NaN       NaN        NaN

[551 rows x 13 columns]
2025-04-23 10:38:20,702 INFO:Final row: {'timestamp': Timestamp('2025-04-23 10:38:20.513306'), 'open': nan, 'high': nan, 'low': nan, 'close': 81795.0, 'volume': nan, 'short': 81798.32816321836, 'middle': 81785.17446460995, 'long': 77428.93690145957, 'buy': nan, 'sell': nan, 'buy_exit': nan, 'sell_exit': nan}
2025-04-23 10:38:20,702 INFO:Buy exit signal received
2025-04-23 10:38:20,702 INFO:Sell exit signal received
2025-04-23 10:38:20,702 INFO:Entering while loop with trade_count: 2
2025-04-23 10:38:20,777 INFO:Combined historical with live algo:                       timestamp    open    high     low     close  ...          long  buy  sell  buy_exit  sell_exit
0     2025-04-22 09:15:00+05:30  821.10  821.10  817.00    818.80  ...    818.800000  NaN   NaN       NaN        NaN
1     2025-04-22 09:16:00+05:30  818.75  818.75  814.60    814.60  ...    818.668750  NaN   NaN       NaN        NaN
2     2025-04-22 09:17:00+05:30  814.60  816.00  814.00    815.35  ...    818.565039  NaN   NaN       NaN        NaN
3     2025-04-22 09:18:00+05:30  815.30  816.00  814.75    815.50  ...    818.469257  NaN   NaN       NaN        NaN
4     2025-04-22 09:19:00+05:30  815.55  815.75  814.50    814.60  ...    818.348342  NaN   NaN       NaN        NaN
..                          ...     ...     ...     ...       ...  ...           ...  ...   ...       ...        ...
547  2025-04-23 10:38:19.892408     NaN     NaN     NaN  81800.00  ...  76992.310577  NaN   NaN       NaN        NaN
548  2025-04-23 10:38:19.892408     NaN     NaN     NaN  81800.00  ...  77142.550871  NaN   NaN       NaN        NaN
549  2025-04-23 10:38:19.892408     NaN     NaN     NaN  81800.00  ...  77288.096156  NaN   NaN       NaN        NaN
550  2025-04-23 10:38:20.513306     NaN     NaN     NaN  81795.00  ...  77428.936901  NaN   NaN       NaN        NaN
551  2025-04-23 10:38:20.513306     NaN     NaN     NaN  81795.00  ...  77565.376373  NaN   NaN       NaN        NaN

[552 rows x 13 columns]
2025-04-23 10:38:20,782 INFO:Final row: {'timestamp': Timestamp('2025-04-23 10:38:20.513306'), 'open': nan, 'high': nan, 'low': nan, 'close': 81795.0, 'volume': nan, 'short': 81797.21877547892, 'middle': 81786.06769509995, 'long': 77565.37637328896, 'buy': nan, 'sell': nan, 'buy_exit': nan, 'sell_exit': nan}
2025-04-23 10:38:20,782 INFO:Buy exit signal received
2025-04-23 10:38:20,782 INFO:Sell exit signal received
2025-04-23 10:38:20,782 INFO:Entering while loop with trade_count: 2
2025-04-23 10:38:20,862 INFO:Combined historical with live algo:                       timestamp    open    high     low     close  ...          long  buy  sell  buy_exit  sell_exit
0     2025-04-22 09:15:00+05:30  821.10  821.10  817.00    818.80  ...    818.800000  NaN   NaN       NaN        NaN
1     2025-04-22 09:16:00+05:30  818.75  818.75  814.60    814.60  ...    818.668750  NaN   NaN       NaN        NaN
2     2025-04-22 09:17:00+05:30  814.60  816.00  814.00    815.35  ...    818.565039  NaN   NaN       NaN        NaN
3     2025-04-22 09:18:00+05:30  815.30  816.00  814.75    815.50  ...    818.469257  NaN   NaN       NaN        NaN
4     2025-04-22 09:19:00+05:30  815.55  815.75  814.50    814.60  ...    818.348342  NaN   NaN       NaN        NaN
..                          ...     ...     ...     ...       ...  ...           ...  ...   ...       ...        ...
548  2025-04-23 10:38:19.892408     NaN     NaN     NaN  81800.00  ...  77142.550871  NaN   NaN       NaN        NaN
549  2025-04-23 10:38:19.892408     NaN     NaN     NaN  81800.00  ...  77288.096156  NaN   NaN       NaN        NaN
550  2025-04-23 10:38:20.513306     NaN     NaN     NaN  81795.00  ...  77428.936901  NaN   NaN       NaN        NaN
551  2025-04-23 10:38:20.513306     NaN     NaN     NaN  81795.00  ...  77565.376373  NaN   NaN       NaN        NaN
552  2025-04-23 10:38:20.513306     NaN     NaN     NaN  81795.00  ...  77697.552112  NaN   NaN       NaN        NaN

[553 rows x 13 columns]
2025-04-23 10:38:20,862 INFO:Final row: {'timestamp': Timestamp('2025-04-23 10:38:20.513306'), 'open': nan, 'high': nan, 'low': nan, 'close': 81795.0, 'volume': nan, 'short': 81796.47918365261, 'middle': 81786.87972281814, 'long': 77697.55211162368, 'buy': nan, 'sell': nan, 'buy_exit': nan, 'sell_exit': nan}
2025-04-23 10:38:20,862 INFO:Buy exit signal received
2025-04-23 10:38:20,862 INFO:Sell exit signal received
2025-04-23 10:38:20,862 INFO:Entering while loop with trade_count: 2
2025-04-23 10:38:20,945 INFO:Combined historical with live algo:                       timestamp    open    high     low     close  ...          long  buy  sell  buy_exit  sell_exit
0     2025-04-22 09:15:00+05:30  821.10  821.10  817.00    818.80  ...    818.800000  NaN   NaN       NaN        NaN
1     2025-04-22 09:16:00+05:30  818.75  818.75  814.60    814.60  ...    818.668750  NaN   NaN       NaN        NaN
2     2025-04-22 09:17:00+05:30  814.60  816.00  814.00    815.35  ...    818.565039  NaN   NaN       NaN        NaN
3     2025-04-22 09:18:00+05:30  815.30  816.00  814.75    815.50  ...    818.469257  NaN   NaN       NaN        NaN
4     2025-04-22 09:19:00+05:30  815.55  815.75  814.50    814.60  ...    818.348342  NaN   NaN       NaN        NaN
..                          ...     ...     ...     ...       ...  ...           ...  ...   ...       ...        ...
549  2025-04-23 10:38:19.892408     NaN     NaN     NaN  81800.00  ...  77288.096156  NaN   NaN       NaN        NaN
550  2025-04-23 10:38:20.513306     NaN     NaN     NaN  81795.00  ...  77428.936901  NaN   NaN       NaN        NaN
551  2025-04-23 10:38:20.513306     NaN     NaN     NaN  81795.00  ...  77565.376373  NaN   NaN       NaN        NaN
552  2025-04-23 10:38:20.513306     NaN     NaN     NaN  81795.00  ...  77697.552112  NaN   NaN       NaN        NaN
553  2025-04-23 10:38:20.513306     NaN     NaN     NaN  81795.00  ...  77825.597358  NaN   NaN       NaN        NaN

[554 rows x 13 columns]
2025-04-23 10:38:20,949 INFO:Final row: {'timestamp': Timestamp('2025-04-23 10:38:20.513306'), 'open': nan, 'high': nan, 'low': nan, 'close': 81795.0, 'volume': nan, 'short': 81795.98612243508, 'middle': 81787.61792983467, 'long': 77825.59735813543, 'buy': nan, 'sell': nan, 'buy_exit': nan, 'sell_exit': nan}
2025-04-23 10:38:20,949 INFO:Buy exit signal received
2025-04-23 10:38:20,949 INFO:Sell exit signal received
2025-04-23 10:38:20,950 INFO:Entering while loop with trade_count: 2
2025-04-23 10:38:21,032 INFO:Combined historical with live algo:                       timestamp    open    high     low     close  ...          long  buy  sell  buy_exit  sell_exit
0     2025-04-22 09:15:00+05:30  821.10  821.10  817.00    818.80  ...    818.800000  NaN   NaN       NaN        NaN
1     2025-04-22 09:16:00+05:30  818.75  818.75  814.60    814.60  ...    818.668750  NaN   NaN       NaN        NaN
2     2025-04-22 09:17:00+05:30  814.60  816.00  814.00    815.35  ...    818.565039  NaN   NaN       NaN        NaN
3     2025-04-22 09:18:00+05:30  815.30  816.00  814.75    815.50  ...    818.469257  NaN   NaN       NaN        NaN
4     2025-04-22 09:19:00+05:30  815.55  815.75  814.50    814.60  ...    818.348342  NaN   NaN       NaN        NaN
..                          ...     ...     ...     ...       ...  ...           ...  ...   ...       ...        ...
550  2025-04-23 10:38:20.513306     NaN     NaN     NaN  81795.00  ...  77428.936901  NaN   NaN       NaN        NaN
551  2025-04-23 10:38:20.513306     NaN     NaN     NaN  81795.00  ...  77565.376373  NaN   NaN       NaN        NaN
552  2025-04-23 10:38:20.513306     NaN     NaN     NaN  81795.00  ...  77697.552112  NaN   NaN       NaN        NaN
553  2025-04-23 10:38:20.513306     NaN     NaN     NaN  81795.00  ...  77825.597358  NaN   NaN       NaN        NaN
554  2025-04-23 10:38:20.924761     NaN     NaN     NaN  81795.00  ...  77949.641191  NaN   NaN       NaN        NaN

[555 rows x 13 columns]
2025-04-23 10:38:21,034 INFO:Final row: {'timestamp': Timestamp('2025-04-23 10:38:20.924761'), 'open': nan, 'high': nan, 'low': nan, 'close': 81795.0, 'volume': nan, 'short': 81795.65741495672, 'middle': 81788.28902712242, 'long': 77949.6411906937, 'buy': nan, 'sell': nan, 'buy_exit': nan, 'sell_exit': nan}
2025-04-23 10:38:21,034 INFO:Buy exit signal received
2025-04-23 10:38:21,034 INFO:Sell exit signal received
2025-04-23 10:38:21,034 INFO:Entering while loop with trade_count: 2
2025-04-23 10:38:21,127 INFO:Combined historical with live algo:                       timestamp    open    high     low     close  ...          long  buy  sell  buy_exit  sell_exit
0     2025-04-22 09:15:00+05:30  821.10  821.10  817.00    818.80  ...    818.800000  NaN   NaN       NaN        NaN
1     2025-04-22 09:16:00+05:30  818.75  818.75  814.60    814.60  ...    818.668750  NaN   NaN       NaN        NaN
2     2025-04-22 09:17:00+05:30  814.60  816.00  814.00    815.35  ...    818.565039  NaN   NaN       NaN        NaN
3     2025-04-22 09:18:00+05:30  815.30  816.00  814.75    815.50  ...    818.469257  NaN   NaN       NaN        NaN
4     2025-04-22 09:19:00+05:30  815.55  815.75  814.50    814.60  ...    818.348342  NaN   NaN       NaN        NaN
..                          ...     ...     ...     ...       ...  ...           ...  ...   ...       ...        ...
551  2025-04-23 10:38:20.513306     NaN     NaN     NaN  81795.00  ...  77565.376373  NaN   NaN       NaN        NaN
552  2025-04-23 10:38:20.513306     NaN     NaN     NaN  81795.00  ...  77697.552112  NaN   NaN       NaN        NaN
553  2025-04-23 10:38:20.513306     NaN     NaN     NaN  81795.00  ...  77825.597358  NaN   NaN       NaN        NaN
554  2025-04-23 10:38:20.924761     NaN     NaN     NaN  81795.00  ...  77949.641191  NaN   NaN       NaN        NaN
555  2025-04-23 10:38:20.924761     NaN     NaN     NaN  81795.00  ...  78069.808653  NaN   NaN       NaN        NaN

[556 rows x 13 columns]
2025-04-23 10:38:21,127 INFO:Final row: {'timestamp': Timestamp('2025-04-23 10:38:20.924761'), 'open': nan, 'high': nan, 'low': nan, 'close': 81795.0, 'volume': nan, 'short': 81795.43827663781, 'middle': 81788.89911556583, 'long': 78069.80865348452, 'buy': nan, 'sell': nan, 'buy_exit': nan, 'sell_exit': nan}
2025-04-23 10:38:21,127 INFO:Buy exit signal received
2025-04-23 10:38:21,127 INFO:Sell exit signal received
2025-04-23 10:38:21,137 INFO:Entering while loop with trade_count: 2
2025-04-23 10:38:21,304 INFO:Combined historical with live algo:                       timestamp    open    high     low     close  ...          long  buy  sell  buy_exit  sell_exit
0     2025-04-22 09:15:00+05:30  821.10  821.10  817.00    818.80  ...    818.800000  NaN   NaN       NaN        NaN
1     2025-04-22 09:16:00+05:30  818.75  818.75  814.60    814.60  ...    818.668750  NaN   NaN       NaN        NaN
2     2025-04-22 09:17:00+05:30  814.60  816.00  814.00    815.35  ...    818.565039  NaN   NaN       NaN        NaN
3     2025-04-22 09:18:00+05:30  815.30  816.00  814.75    815.50  ...    818.469257  NaN   NaN       NaN        NaN
4     2025-04-22 09:19:00+05:30  815.55  815.75  814.50    814.60  ...    818.348342  NaN   NaN       NaN        NaN
..                          ...     ...     ...     ...       ...  ...           ...  ...   ...       ...        ...
552  2025-04-23 10:38:20.513306     NaN     NaN     NaN  81795.00  ...  77697.552112  NaN   NaN       NaN        NaN
553  2025-04-23 10:38:20.513306     NaN     NaN     NaN  81795.00  ...  77825.597358  NaN   NaN       NaN        NaN
554  2025-04-23 10:38:20.924761     NaN     NaN     NaN  81795.00  ...  77949.641191  NaN   NaN       NaN        NaN
555  2025-04-23 10:38:20.924761     NaN     NaN     NaN  81795.00  ...  78069.808653  NaN   NaN       NaN        NaN
556  2025-04-23 10:38:20.924761     NaN     NaN     NaN  81795.00  ...  78186.220883  NaN   NaN       NaN        NaN

[557 rows x 13 columns]
2025-04-23 10:38:21,304 INFO:Final row: {'timestamp': Timestamp('2025-04-23 10:38:20.924761'), 'open': nan, 'high': nan, 'low': nan, 'close': 81795.0, 'volume': nan, 'short': 81795.29218442521, 'middle': 81789.45374142348, 'long': 78186.22088306313, 'buy': nan, 'sell': nan, 'buy_exit': nan, 'sell_exit': nan}
2025-04-23 10:38:21,307 INFO:Buy exit signal received
2025-04-23 10:38:21,307 INFO:Sell exit signal received
2025-04-23 10:38:21,307 INFO:Entering while loop with trade_count: 2
2025-04-23 10:38:21,389 INFO:Combined historical with live algo:                       timestamp    open    high     low     close  ...          long  buy  sell  buy_exit  sell_exit
0     2025-04-22 09:15:00+05:30  821.10  821.10  817.00    818.80  ...    818.800000  NaN   NaN       NaN        NaN
1     2025-04-22 09:16:00+05:30  818.75  818.75  814.60    814.60  ...    818.668750  NaN   NaN       NaN        NaN
2     2025-04-22 09:17:00+05:30  814.60  816.00  814.00    815.35  ...    818.565039  NaN   NaN       NaN        NaN
3     2025-04-22 09:18:00+05:30  815.30  816.00  814.75    815.50  ...    818.469257  NaN   NaN       NaN        NaN
4     2025-04-22 09:19:00+05:30  815.55  815.75  814.50    814.60  ...    818.348342  NaN   NaN       NaN        NaN
..                          ...     ...     ...     ...       ...  ...           ...  ...   ...       ...        ...
553  2025-04-23 10:38:20.513306     NaN     NaN     NaN  81795.00  ...  77825.597358  NaN   NaN       NaN        NaN
554  2025-04-23 10:38:20.924761     NaN     NaN     NaN  81795.00  ...  77949.641191  NaN   NaN       NaN        NaN
555  2025-04-23 10:38:20.924761     NaN     NaN     NaN  81795.00  ...  78069.808653  NaN   NaN       NaN        NaN
556  2025-04-23 10:38:20.924761     NaN     NaN     NaN  81795.00  ...  78186.220883  NaN   NaN       NaN        NaN
557  2025-04-23 10:38:20.924761     NaN     NaN     NaN  81795.00  ...  78298.995230  NaN   NaN       NaN        NaN

[558 rows x 13 columns]
2025-04-23 10:38:21,391 INFO:Final row: {'timestamp': Timestamp('2025-04-23 10:38:20.924761'), 'open': nan, 'high': nan, 'low': nan, 'close': 81795.0, 'volume': nan, 'short': 81795.19478961681, 'middle': 81789.95794674862, 'long': 78298.99523046741, 'buy': nan, 'sell': nan, 'buy_exit': nan, 'sell_exit': nan}
2025-04-23 10:38:21,391 INFO:Buy exit signal received
2025-04-23 10:38:21,391 INFO:Sell exit signal received
2025-04-23 10:38:21,391 INFO:Entering while loop with trade_count: 2
2025-04-23 10:38:21,447 INFO:Combined historical with live algo:                       timestamp    open    high     low     close  ...          long  buy  sell  buy_exit  sell_exit
0     2025-04-22 09:15:00+05:30  821.10  821.10  817.00    818.80  ...    818.800000  NaN   NaN       NaN        NaN
1     2025-04-22 09:16:00+05:30  818.75  818.75  814.60    814.60  ...    818.668750  NaN   NaN       NaN        NaN
2     2025-04-22 09:17:00+05:30  814.60  816.00  814.00    815.35  ...    818.565039  NaN   NaN       NaN        NaN
3     2025-04-22 09:18:00+05:30  815.30  816.00  814.75    815.50  ...    818.469257  NaN   NaN       NaN        NaN
4     2025-04-22 09:19:00+05:30  815.55  815.75  814.50    814.60  ...    818.348342  NaN   NaN       NaN        NaN
..                          ...     ...     ...     ...       ...  ...           ...  ...   ...       ...        ...
554  2025-04-23 10:38:20.924761     NaN     NaN     NaN  81795.00  ...  77949.641191  NaN   NaN       NaN        NaN
555  2025-04-23 10:38:20.924761     NaN     NaN     NaN  81795.00  ...  78069.808653  NaN   NaN       NaN        NaN
556  2025-04-23 10:38:20.924761     NaN     NaN     NaN  81795.00  ...  78186.220883  NaN   NaN       NaN        NaN
557  2025-04-23 10:38:20.924761     NaN     NaN     NaN  81795.00  ...  78298.995230  NaN   NaN       NaN        NaN
558  2025-04-23 10:38:20.924761     NaN     NaN     NaN  81795.00  ...  78408.245380  NaN   NaN       NaN        NaN

[559 rows x 13 columns]
2025-04-23 10:38:21,447 INFO:Final row: {'timestamp': Timestamp('2025-04-23 10:38:20.924761'), 'open': nan, 'high': nan, 'low': nan, 'close': 81795.0, 'volume': nan, 'short': 81795.12985974454, 'middle': 81790.41631522602, 'long': 78408.2453795153, 'buy': nan, 'sell': nan, 'buy_exit': nan, 'sell_exit': nan}
2025-04-23 10:38:21,447 INFO:Buy exit signal received
2025-04-23 10:38:21,447 INFO:Sell exit signal received
2025-04-23 10:38:21,447 INFO:Entering while loop with trade_count: 2
2025-04-23 10:38:21,515 INFO:Combined historical with live algo:                       timestamp    open    high     low     close  ...          long  buy  sell  buy_exit  sell_exit
0     2025-04-22 09:15:00+05:30  821.10  821.10  817.00    818.80  ...    818.800000  NaN   NaN       NaN        NaN
1     2025-04-22 09:16:00+05:30  818.75  818.75  814.60    814.60  ...    818.668750  NaN   NaN       NaN        NaN
2     2025-04-22 09:17:00+05:30  814.60  816.00  814.00    815.35  ...    818.565039  NaN   NaN       NaN        NaN
3     2025-04-22 09:18:00+05:30  815.30  816.00  814.75    815.50  ...    818.469257  NaN   NaN       NaN        NaN
4     2025-04-22 09:19:00+05:30  815.55  815.75  814.50    814.60  ...    818.348342  NaN   NaN       NaN        NaN
..                          ...     ...     ...     ...       ...  ...           ...  ...   ...       ...        ...
555  2025-04-23 10:38:20.924761     NaN     NaN     NaN  81795.00  ...  78069.808653  NaN   NaN       NaN        NaN
556  2025-04-23 10:38:20.924761     NaN     NaN     NaN  81795.00  ...  78186.220883  NaN   NaN       NaN        NaN
557  2025-04-23 10:38:20.924761     NaN     NaN     NaN  81795.00  ...  78298.995230  NaN   NaN       NaN        NaN
558  2025-04-23 10:38:20.924761     NaN     NaN     NaN  81795.00  ...  78408.245380  NaN   NaN       NaN        NaN
559  2025-04-23 10:38:20.924761     NaN     NaN     NaN  81795.00  ...  78514.081461  NaN   NaN       NaN        NaN

[560 rows x 13 columns]
2025-04-23 10:38:21,517 INFO:Final row: {'timestamp': Timestamp('2025-04-23 10:38:20.924761'), 'open': nan, 'high': nan, 'low': nan, 'close': 81795.0, 'volume': nan, 'short': 81795.08657316303, 'middle': 81790.83301384182, 'long': 78514.08146140544, 'buy': nan, 'sell': nan, 'buy_exit': nan, 'sell_exit': nan}
2025-04-23 10:38:21,517 INFO:Buy exit signal received
2025-04-23 10:38:21,517 INFO:Sell exit signal received
2025-04-23 10:38:21,517 INFO:Entering while loop with trade_count: 2
2025-04-23 10:38:21,590 INFO:Combined historical with live algo:                       timestamp    open    high     low     close  ...          long  buy  sell  buy_exit  sell_exit
0     2025-04-22 09:15:00+05:30  821.10  821.10  817.00    818.80  ...    818.800000  NaN   NaN       NaN        NaN
1     2025-04-22 09:16:00+05:30  818.75  818.75  814.60    814.60  ...    818.668750  NaN   NaN       NaN        NaN
2     2025-04-22 09:17:00+05:30  814.60  816.00  814.00    815.35  ...    818.565039  NaN   NaN       NaN        NaN
3     2025-04-22 09:18:00+05:30  815.30  816.00  814.75    815.50  ...    818.469257  NaN   NaN       NaN        NaN
4     2025-04-22 09:19:00+05:30  815.55  815.75  814.50    814.60  ...    818.348342  NaN   NaN       NaN        NaN
..                          ...     ...     ...     ...       ...  ...           ...  ...   ...       ...        ...
556  2025-04-23 10:38:20.924761     NaN     NaN     NaN  81795.00  ...  78186.220883  NaN   NaN       NaN        NaN
557  2025-04-23 10:38:20.924761     NaN     NaN     NaN  81795.00  ...  78298.995230  NaN   NaN       NaN        NaN
558  2025-04-23 10:38:20.924761     NaN     NaN     NaN  81795.00  ...  78408.245380  NaN   NaN       NaN        NaN
559  2025-04-23 10:38:20.924761     NaN     NaN     NaN  81795.00  ...  78514.081461  NaN   NaN       NaN        NaN
560  2025-04-23 10:38:20.924761     NaN     NaN     NaN  81795.00  ...  78616.610166  NaN   NaN       NaN        NaN

[561 rows x 13 columns]
2025-04-23 10:38:21,592 INFO:Final row: {'timestamp': Timestamp('2025-04-23 10:38:20.924761'), 'open': nan, 'high': nan, 'low': nan, 'close': 81795.0, 'volume': nan, 'short': 81795.05771544203, 'middle': 81791.21183076529, 'long': 78616.61016573652, 'buy': nan, 'sell': nan, 'buy_exit': nan, 'sell_exit': nan}
2025-04-23 10:38:21,592 INFO:Buy exit signal received
2025-04-23 10:38:21,592 INFO:Sell exit signal received
2025-04-23 10:38:21,592 INFO:Entering while loop with trade_count: 2
2025-04-23 10:38:21,658 INFO:Combined historical with live algo:                       timestamp    open    high     low     close  ...          long  buy  sell  buy_exit  sell_exit
0     2025-04-22 09:15:00+05:30  821.10  821.10  817.00    818.80  ...    818.800000  NaN   NaN       NaN        NaN
1     2025-04-22 09:16:00+05:30  818.75  818.75  814.60    814.60  ...    818.668750  NaN   NaN       NaN        NaN
2     2025-04-22 09:17:00+05:30  814.60  816.00  814.00    815.35  ...    818.565039  NaN   NaN       NaN        NaN
3     2025-04-22 09:18:00+05:30  815.30  816.00  814.75    815.50  ...    818.469257  NaN   NaN       NaN        NaN
4     2025-04-22 09:19:00+05:30  815.55  815.75  814.50    814.60  ...    818.348342  NaN   NaN       NaN        NaN
..                          ...     ...     ...     ...       ...  ...           ...  ...   ...       ...        ...
557  2025-04-23 10:38:20.924761     NaN     NaN     NaN  81795.00  ...  78298.995230  NaN   NaN       NaN        NaN
558  2025-04-23 10:38:20.924761     NaN     NaN     NaN  81795.00  ...  78408.245380  NaN   NaN       NaN        NaN
559  2025-04-23 10:38:20.924761     NaN     NaN     NaN  81795.00  ...  78514.081461  NaN   NaN       NaN        NaN
560  2025-04-23 10:38:20.924761     NaN     NaN     NaN  81795.00  ...  78616.610166  NaN   NaN       NaN        NaN
561  2025-04-23 10:38:21.538388     NaN     NaN     NaN  81790.00  ...  78715.778598  NaN   NaN       NaN        NaN

[562 rows x 13 columns]
2025-04-23 10:38:21,658 INFO:Final row: {'timestamp': Timestamp('2025-04-23 10:38:21.538388'), 'open': nan, 'high': nan, 'low': nan, 'close': 81790.0, 'volume': nan, 'short': 81793.37181029469, 'middle': 81791.10166433208, 'long': 78715.77859805725, 'buy': nan, 'sell': nan, 'buy_exit': nan, 'sell_exit': nan}
2025-04-23 10:38:21,658 INFO:Buy exit signal received
2025-04-23 10:38:21,658 INFO:Sell exit signal received
2025-04-23 10:38:21,658 INFO:Entering while loop with trade_count: 2
2025-04-23 10:38:21,740 INFO:Combined historical with live algo:                       timestamp    open    high     low     close  ...          long  buy  sell  buy_exit  sell_exit
0     2025-04-22 09:15:00+05:30  821.10  821.10  817.00    818.80  ...    818.800000  NaN   NaN       NaN        NaN
1     2025-04-22 09:16:00+05:30  818.75  818.75  814.60    814.60  ...    818.668750  NaN   NaN       NaN        NaN
2     2025-04-22 09:17:00+05:30  814.60  816.00  814.00    815.35  ...    818.565039  NaN   NaN       NaN        NaN
3     2025-04-22 09:18:00+05:30  815.30  816.00  814.75    815.50  ...    818.469257  NaN   NaN       NaN        NaN
4     2025-04-22 09:19:00+05:30  815.55  815.75  814.50    814.60  ...    818.348342  NaN   NaN       NaN        NaN
..                          ...     ...     ...     ...       ...  ...           ...  ...   ...       ...        ...
558  2025-04-23 10:38:20.924761     NaN     NaN     NaN  81795.00  ...  78408.245380  NaN   NaN       NaN        NaN
559  2025-04-23 10:38:20.924761     NaN     NaN     NaN  81795.00  ...  78514.081461  NaN   NaN       NaN        NaN
560  2025-04-23 10:38:20.924761     NaN     NaN     NaN  81795.00  ...  78616.610166  NaN   NaN       NaN        NaN
561  2025-04-23 10:38:21.538388     NaN     NaN     NaN  81790.00  ...  78715.778598  NaN   NaN       NaN        NaN
562  2025-04-23 10:38:21.538388     NaN     NaN     NaN  81790.00  ...  78811.848017  NaN   NaN       NaN        NaN

[563 rows x 13 columns]
2025-04-23 10:38:21,740 INFO:Final row: {'timestamp': Timestamp('2025-04-23 10:38:21.538388'), 'open': nan, 'high': nan, 'low': nan, 'close': 81790.0, 'volume': nan, 'short': 81792.24787352979, 'middle': 81791.00151302916, 'long': 78811.84801686797, 'buy': nan, 'sell': nan, 'buy_exit': nan, 'sell_exit': nan}
2025-04-23 10:38:21,740 INFO:Buy exit signal received
2025-04-23 10:38:21,740 INFO:Sell exit signal received
2025-04-23 10:38:21,740 INFO:Entering while loop with trade_count: 2
2025-04-23 10:38:21,861 INFO:Combined historical with live algo:                       timestamp    open    high     low     close  ...          long  buy  sell  buy_exit  sell_exit
0     2025-04-22 09:15:00+05:30  821.10  821.10  817.00    818.80  ...    818.800000  NaN   NaN       NaN        NaN
1     2025-04-22 09:16:00+05:30  818.75  818.75  814.60    814.60  ...    818.668750  NaN   NaN       NaN        NaN
2     2025-04-22 09:17:00+05:30  814.60  816.00  814.00    815.35  ...    818.565039  NaN   NaN       NaN        NaN
3     2025-04-22 09:18:00+05:30  815.30  816.00  814.75    815.50  ...    818.469257  NaN   NaN       NaN        NaN
4     2025-04-22 09:19:00+05:30  815.55  815.75  814.50    814.60  ...    818.348342  NaN   NaN       NaN        NaN
..                          ...     ...     ...     ...       ...  ...           ...  ...   ...       ...        ...
559  2025-04-23 10:38:20.924761     NaN     NaN     NaN  81795.00  ...  78514.081461  NaN   NaN       NaN        NaN
560  2025-04-23 10:38:20.924761     NaN     NaN     NaN  81795.00  ...  78616.610166  NaN   NaN       NaN        NaN
561  2025-04-23 10:38:21.538388     NaN     NaN     NaN  81790.00  ...  78715.778598  NaN   NaN       NaN        NaN
562  2025-04-23 10:38:21.538388     NaN     NaN     NaN  81790.00  ...  78811.848017  NaN   NaN       NaN        NaN
563  2025-04-23 10:38:21.538388     NaN     NaN     NaN  81790.00  ...  78904.915266  NaN   NaN       NaN        NaN

[564 rows x 13 columns]
2025-04-23 10:38:21,869 INFO:Final row: {'timestamp': Timestamp('2025-04-23 10:38:21.538388'), 'open': nan, 'high': nan, 'low': nan, 'close': 81790.0, 'volume': nan, 'short': 81791.4985823532, 'middle': 81790.91046639014, 'long': 78904.91526634085, 'buy': nan, 'sell': nan, 'buy_exit': nan, 'sell_exit': nan}
2025-04-23 10:38:21,869 INFO:Buy exit signal received
2025-04-23 10:38:21,869 INFO:Sell exit signal received
2025-04-23 10:38:21,870 INFO:Entering while loop with trade_count: 2
2025-04-23 10:38:21,991 INFO:Combined historical with live algo:                       timestamp    open    high     low     close  ...          long  buy  sell  buy_exit  sell_exit
0     2025-04-22 09:15:00+05:30  821.10  821.10  817.00    818.80  ...    818.800000  NaN   NaN       NaN        NaN
1     2025-04-22 09:16:00+05:30  818.75  818.75  814.60    814.60  ...    818.668750  NaN   NaN       NaN        NaN
2     2025-04-22 09:17:00+05:30  814.60  816.00  814.00    815.35  ...    818.565039  NaN   NaN       NaN        NaN
3     2025-04-22 09:18:00+05:30  815.30  816.00  814.75    815.50  ...    818.469257  NaN   NaN       NaN        NaN
4     2025-04-22 09:19:00+05:30  815.55  815.75  814.50    814.60  ...    818.348342  NaN   NaN       NaN        NaN
..                          ...     ...     ...     ...       ...  ...           ...  ...   ...       ...        ...
560  2025-04-23 10:38:20.924761     NaN     NaN     NaN  81795.00  ...  78616.610166  NaN   NaN       NaN        NaN
561  2025-04-23 10:38:21.538388     NaN     NaN     NaN  81790.00  ...  78715.778598  NaN   NaN       NaN        NaN
562  2025-04-23 10:38:21.538388     NaN     NaN     NaN  81790.00  ...  78811.848017  NaN   NaN       NaN        NaN
563  2025-04-23 10:38:21.538388     NaN     NaN     NaN  81790.00  ...  78904.915266  NaN   NaN       NaN        NaN
564  2025-04-23 10:38:21.538388     NaN     NaN     NaN  81790.00  ...  78995.074164  NaN   NaN       NaN        NaN

[565 rows x 13 columns]
2025-04-23 10:38:21,997 INFO:Final row: {'timestamp': Timestamp('2025-04-23 10:38:21.538388'), 'open': nan, 'high': nan, 'low': nan, 'close': 81790.0, 'volume': nan, 'short': 81790.99905490215, 'middle': 81790.8276967183, 'long': 78995.07416426769, 'buy': nan, 'sell': nan, 'buy_exit': nan, 'sell_exit': nan}
2025-04-23 10:38:21,997 INFO:Buy exit signal received
2025-04-23 10:38:21,997 INFO:Sell exit signal received
2025-04-23 10:38:21,997 INFO:Entering while loop with trade_count: 2
2025-04-23 10:38:22,101 INFO:Combined historical with live algo:                       timestamp    open    high     low     close  ...          long  buy  sell  buy_exit  sell_exit
0     2025-04-22 09:15:00+05:30  821.10  821.10  817.00    818.80  ...    818.800000  NaN   NaN       NaN        NaN
1     2025-04-22 09:16:00+05:30  818.75  818.75  814.60    814.60  ...    818.668750  NaN   NaN       NaN        NaN
2     2025-04-22 09:17:00+05:30  814.60  816.00  814.00    815.35  ...    818.565039  NaN   NaN       NaN        NaN
3     2025-04-22 09:18:00+05:30  815.30  816.00  814.75    815.50  ...    818.469257  NaN   NaN       NaN        NaN
4     2025-04-22 09:19:00+05:30  815.55  815.75  814.50    814.60  ...    818.348342  NaN   NaN       NaN        NaN
..                          ...     ...     ...     ...       ...  ...           ...  ...   ...       ...        ...
561  2025-04-23 10:38:21.538388     NaN     NaN     NaN  81790.00  ...  78715.778598  NaN   NaN       NaN        NaN
562  2025-04-23 10:38:21.538388     NaN     NaN     NaN  81790.00  ...  78811.848017  NaN   NaN       NaN        NaN
563  2025-04-23 10:38:21.538388     NaN     NaN     NaN  81790.00  ...  78904.915266  NaN   NaN       NaN        NaN
564  2025-04-23 10:38:21.538388     NaN     NaN     NaN  81790.00  ...  78995.074164  NaN   NaN       NaN        NaN
565  2025-04-23 10:38:21.949750     NaN     NaN     NaN  81790.00  ...  79082.415597  NaN   NaN       NaN        NaN

[566 rows x 13 columns]
2025-04-23 10:38:22,104 INFO:Final row: {'timestamp': Timestamp('2025-04-23 10:38:21.949750'), 'open': nan, 'high': nan, 'low': nan, 'close': 81790.0, 'volume': nan, 'short': 81790.66603660144, 'middle': 81790.75245156209, 'long': 79082.41559663432, 'buy': nan, 'sell': nan, 'buy_exit': nan, 'sell_exit': nan}
2025-04-23 10:38:22,104 INFO:Buy exit signal received
2025-04-23 10:38:22,104 INFO:Sell exit signal received
2025-04-23 10:38:22,104 INFO:Entering while loop with trade_count: 2
2025-04-23 10:38:22,194 INFO:Combined historical with live algo:                       timestamp    open    high     low     close  ...          long  buy  sell  buy_exit  sell_exit
0     2025-04-22 09:15:00+05:30  821.10  821.10  817.00    818.80  ...    818.800000  NaN   NaN       NaN        NaN
1     2025-04-22 09:16:00+05:30  818.75  818.75  814.60    814.60  ...    818.668750  NaN   NaN       NaN        NaN
2     2025-04-22 09:17:00+05:30  814.60  816.00  814.00    815.35  ...    818.565039  NaN   NaN       NaN        NaN
3     2025-04-22 09:18:00+05:30  815.30  816.00  814.75    815.50  ...    818.469257  NaN   NaN       NaN        NaN
4     2025-04-22 09:19:00+05:30  815.55  815.75  814.50    814.60  ...    818.348342  NaN   NaN       NaN        NaN
..                          ...     ...     ...     ...       ...  ...           ...  ...   ...       ...        ...
562  2025-04-23 10:38:21.538388     NaN     NaN     NaN  81790.00  ...  78811.848017  NaN   NaN       NaN        NaN
563  2025-04-23 10:38:21.538388     NaN     NaN     NaN  81790.00  ...  78904.915266  NaN   NaN       NaN        NaN
564  2025-04-23 10:38:21.538388     NaN     NaN     NaN  81790.00  ...  78995.074164  NaN   NaN       NaN        NaN
565  2025-04-23 10:38:21.949750     NaN     NaN     NaN  81790.00  ...  79082.415597  NaN   NaN       NaN        NaN
566  2025-04-23 10:38:21.949750     NaN     NaN     NaN  81790.00  ...  79167.027609  NaN   NaN       NaN        NaN

[567 rows x 13 columns]
2025-04-23 10:38:22,194 INFO:Final row: {'timestamp': Timestamp('2025-04-23 10:38:21.949750'), 'open': nan, 'high': nan, 'low': nan, 'close': 81790.0, 'volume': nan, 'short': 81790.44402440096, 'middle': 81790.68404687462, 'long': 79167.0276092395, 'buy': nan, 'sell': nan, 'buy_exit': nan, 'sell_exit': nan}
2025-04-23 10:38:22,194 INFO:Buy exit signal received
2025-04-23 10:38:22,194 INFO:Sell exit signal received
2025-04-23 10:38:22,194 INFO:Entering while loop with trade_count: 2
2025-04-23 10:38:22,283 INFO:Combined historical with live algo:                       timestamp    open    high     low     close  ...          long  buy  sell  buy_exit  sell_exit
0     2025-04-22 09:15:00+05:30  821.10  821.10  817.00    818.80  ...    818.800000  NaN   NaN       NaN        NaN
1     2025-04-22 09:16:00+05:30  818.75  818.75  814.60    814.60  ...    818.668750  NaN   NaN       NaN        NaN
2     2025-04-22 09:17:00+05:30  814.60  816.00  814.00    815.35  ...    818.565039  NaN   NaN       NaN        NaN
3     2025-04-22 09:18:00+05:30  815.30  816.00  814.75    815.50  ...    818.469257  NaN   NaN       NaN        NaN
4     2025-04-22 09:19:00+05:30  815.55  815.75  814.50    814.60  ...    818.348342  NaN   NaN       NaN        NaN
..                          ...     ...     ...     ...       ...  ...           ...  ...   ...       ...        ...
563  2025-04-23 10:38:21.538388     NaN     NaN     NaN  81790.00  ...  78904.915266  NaN   NaN       NaN        NaN
564  2025-04-23 10:38:21.538388     NaN     NaN     NaN  81790.00  ...  78995.074164  NaN   NaN       NaN        NaN
565  2025-04-23 10:38:21.949750     NaN     NaN     NaN  81790.00  ...  79082.415597  NaN   NaN       NaN        NaN
566  2025-04-23 10:38:21.949750     NaN     NaN     NaN  81790.00  ...  79167.027609  NaN   NaN       NaN        NaN
567  2025-04-23 10:38:21.949750     NaN     NaN     NaN  81790.00  ...  79248.995496  NaN   NaN       NaN        NaN

[568 rows x 13 columns]
2025-04-23 10:38:22,287 INFO:Final row: {'timestamp': Timestamp('2025-04-23 10:38:21.949750'), 'open': nan, 'high': nan, 'low': nan, 'close': 81790.0, 'volume': nan, 'short': 81790.29601626731, 'middle': 81790.6218607951, 'long': 79248.99549645078, 'buy': nan, 'sell': nan, 'buy_exit': nan, 'sell_exit': nan}
2025-04-23 10:38:22,287 INFO:Buy exit signal received
2025-04-23 10:38:22,288 INFO:Sell exit signal received
2025-04-23 10:38:22,288 INFO:Entering while loop with trade_count: 2
2025-04-23 10:38:22,344 INFO:Combined historical with live algo:                       timestamp    open    high     low     close  ...          long  buy  sell  buy_exit  sell_exit
0     2025-04-22 09:15:00+05:30  821.10  821.10  817.00    818.80  ...    818.800000  NaN   NaN       NaN        NaN
1     2025-04-22 09:16:00+05:30  818.75  818.75  814.60    814.60  ...    818.668750  NaN   NaN       NaN        NaN
2     2025-04-22 09:17:00+05:30  814.60  816.00  814.00    815.35  ...    818.565039  NaN   NaN       NaN        NaN
3     2025-04-22 09:18:00+05:30  815.30  816.00  814.75    815.50  ...    818.469257  NaN   NaN       NaN        NaN
4     2025-04-22 09:19:00+05:30  815.55  815.75  814.50    814.60  ...    818.348342  NaN   NaN       NaN        NaN
..                          ...     ...     ...     ...       ...  ...           ...  ...   ...       ...        ...
564  2025-04-23 10:38:21.538388     NaN     NaN     NaN  81790.00  ...  78995.074164  NaN   NaN       NaN        NaN
565  2025-04-23 10:38:21.949750     NaN     NaN     NaN  81790.00  ...  79082.415597  NaN   NaN       NaN        NaN
566  2025-04-23 10:38:21.949750     NaN     NaN     NaN  81790.00  ...  79167.027609  NaN   NaN       NaN        NaN
567  2025-04-23 10:38:21.949750     NaN     NaN     NaN  81790.00  ...  79248.995496  NaN   NaN       NaN        NaN
568  2025-04-23 10:38:21.949750     NaN     NaN     NaN  81790.00  ...  79328.401887  NaN   NaN       NaN        NaN

[569 rows x 13 columns]
2025-04-23 10:38:22,356 INFO:Final row: {'timestamp': Timestamp('2025-04-23 10:38:21.949750'), 'open': nan, 'high': nan, 'low': nan, 'close': 81790.0, 'volume': nan, 'short': 81790.19734417822, 'middle': 81790.56532799554, 'long': 79328.40188718669, 'buy': nan, 'sell': nan, 'buy_exit': nan, 'sell_exit': nan}
2025-04-23 10:38:22,356 INFO:Buy exit signal received
2025-04-23 10:38:22,356 INFO:Sell exit signal received
2025-04-23 10:38:22,356 INFO:Entering while loop with trade_count: 2
2025-04-23 10:38:22,408 INFO:Combined historical with live algo:                       timestamp    open    high     low     close  ...          long  buy  sell  buy_exit  sell_exit
0     2025-04-22 09:15:00+05:30  821.10  821.10  817.00    818.80  ...    818.800000  NaN   NaN       NaN        NaN
1     2025-04-22 09:16:00+05:30  818.75  818.75  814.60    814.60  ...    818.668750  NaN   NaN       NaN        NaN
2     2025-04-22 09:17:00+05:30  814.60  816.00  814.00    815.35  ...    818.565039  NaN   NaN       NaN        NaN
3     2025-04-22 09:18:00+05:30  815.30  816.00  814.75    815.50  ...    818.469257  NaN   NaN       NaN        NaN
4     2025-04-22 09:19:00+05:30  815.55  815.75  814.50    814.60  ...    818.348342  NaN   NaN       NaN        NaN
..                          ...     ...     ...     ...       ...  ...           ...  ...   ...       ...        ...
565  2025-04-23 10:38:21.949750     NaN     NaN     NaN  81790.00  ...  79082.415597  NaN   NaN       NaN        NaN
566  2025-04-23 10:38:21.949750     NaN     NaN     NaN  81790.00  ...  79167.027609  NaN   NaN       NaN        NaN
567  2025-04-23 10:38:21.949750     NaN     NaN     NaN  81790.00  ...  79248.995496  NaN   NaN       NaN        NaN
568  2025-04-23 10:38:21.949750     NaN     NaN     NaN  81790.00  ...  79328.401887  NaN   NaN       NaN        NaN
569  2025-04-23 10:38:21.949750     NaN     NaN     NaN  81790.00  ...  79405.326828  NaN   NaN       NaN        NaN

[570 rows x 13 columns]
2025-04-23 10:38:22,408 INFO:Final row: {'timestamp': Timestamp('2025-04-23 10:38:21.949750'), 'open': nan, 'high': nan, 'low': nan, 'close': 81790.0, 'volume': nan, 'short': 81790.13156278548, 'middle': 81790.5139345414, 'long': 79405.3268282121, 'buy': nan, 'sell': nan, 'buy_exit': nan, 'sell_exit': nan}
2025-04-23 10:38:22,408 INFO:Buy exit signal received
2025-04-23 10:38:22,408 INFO:Sell exit signal received
2025-04-23 10:38:22,408 INFO:Entering while loop with trade_count: 2
2025-04-23 10:38:22,474 INFO:Combined historical with live algo:                       timestamp    open    high     low     close  ...          long  buy  sell  buy_exit  sell_exit
0     2025-04-22 09:15:00+05:30  821.10  821.10  817.00    818.80  ...    818.800000  NaN   NaN       NaN        NaN
1     2025-04-22 09:16:00+05:30  818.75  818.75  814.60    814.60  ...    818.668750  NaN   NaN       NaN        NaN
2     2025-04-22 09:17:00+05:30  814.60  816.00  814.00    815.35  ...    818.565039  NaN   NaN       NaN        NaN
3     2025-04-22 09:18:00+05:30  815.30  816.00  814.75    815.50  ...    818.469257  NaN   NaN       NaN        NaN
4     2025-04-22 09:19:00+05:30  815.55  815.75  814.50    814.60  ...    818.348342  NaN   NaN       NaN        NaN
..                          ...     ...     ...     ...       ...  ...           ...  ...   ...       ...        ...
566  2025-04-23 10:38:21.949750     NaN     NaN     NaN  81790.00  ...  79167.027609  NaN   NaN       NaN        NaN
567  2025-04-23 10:38:21.949750     NaN     NaN     NaN  81790.00  ...  79248.995496  NaN   NaN       NaN        NaN
568  2025-04-23 10:38:21.949750     NaN     NaN     NaN  81790.00  ...  79328.401887  NaN   NaN       NaN        NaN
569  2025-04-23 10:38:21.949750     NaN     NaN     NaN  81790.00  ...  79405.326828  NaN   NaN       NaN        NaN
570  2025-04-23 10:38:21.949750     NaN     NaN     NaN  81790.00  ...  79479.847865  NaN   NaN       NaN        NaN

[571 rows x 13 columns]
2025-04-23 10:38:22,474 INFO:Final row: {'timestamp': Timestamp('2025-04-23 10:38:21.949750'), 'open': nan, 'high': nan, 'low': nan, 'close': 81790.0, 'volume': nan, 'short': 81790.08770852366, 'middle': 81790.46721321945, 'long': 79479.84786483047, 'buy': nan, 'sell': nan, 'buy_exit': nan, 'sell_exit': nan}
2025-04-23 10:38:22,474 INFO:Buy exit signal received
2025-04-23 10:38:22,474 INFO:Sell exit signal received
2025-04-23 10:38:22,474 INFO:Entering while loop with trade_count: 2
2025-04-23 10:38:22,531 INFO:Combined historical with live algo:                       timestamp    open    high     low     close  ...          long  buy  sell  buy_exit  sell_exit
0     2025-04-22 09:15:00+05:30  821.10  821.10  817.00    818.80  ...    818.800000  NaN   NaN       NaN        NaN
1     2025-04-22 09:16:00+05:30  818.75  818.75  814.60    814.60  ...    818.668750  NaN   NaN       NaN        NaN
2     2025-04-22 09:17:00+05:30  814.60  816.00  814.00    815.35  ...    818.565039  NaN   NaN       NaN        NaN
3     2025-04-22 09:18:00+05:30  815.30  816.00  814.75    815.50  ...    818.469257  NaN   NaN       NaN        NaN
4     2025-04-22 09:19:00+05:30  815.55  815.75  814.50    814.60  ...    818.348342  NaN   NaN       NaN        NaN
..                          ...     ...     ...     ...       ...  ...           ...  ...   ...       ...        ...
567  2025-04-23 10:38:21.949750     NaN     NaN     NaN  81790.00  ...  79248.995496  NaN   NaN       NaN        NaN
568  2025-04-23 10:38:21.949750     NaN     NaN     NaN  81790.00  ...  79328.401887  NaN   NaN       NaN        NaN
569  2025-04-23 10:38:21.949750     NaN     NaN     NaN  81790.00  ...  79405.326828  NaN   NaN       NaN        NaN
570  2025-04-23 10:38:21.949750     NaN     NaN     NaN  81790.00  ...  79479.847865  NaN   NaN       NaN        NaN
571  2025-04-23 10:38:21.949750     NaN     NaN     NaN  81790.00  ...  79552.040119  NaN   NaN       NaN        NaN

[572 rows x 13 columns]
2025-04-23 10:38:22,531 INFO:Final row: {'timestamp': Timestamp('2025-04-23 10:38:21.949750'), 'open': nan, 'high': nan, 'low': nan, 'close': 81790.0, 'volume': nan, 'short': 81790.0584723491, 'middle': 81790.4247392904, 'long': 79552.04011905452, 'buy': nan, 'sell': nan, 'buy_exit': nan, 'sell_exit': nan}
2025-04-23 10:38:22,531 INFO:Buy exit signal received
2025-04-23 10:38:22,531 INFO:Sell exit signal received
2025-04-23 10:38:22,531 INFO:Entering while loop with trade_count: 2
2025-04-23 10:38:22,637 INFO:Combined historical with live algo:                       timestamp    open    high     low     close  ...          long  buy  sell  buy_exit  sell_exit
0     2025-04-22 09:15:00+05:30  821.10  821.10  817.00    818.80  ...    818.800000  NaN   NaN       NaN        NaN
1     2025-04-22 09:16:00+05:30  818.75  818.75  814.60    814.60  ...    818.668750  NaN   NaN       NaN        NaN
2     2025-04-22 09:17:00+05:30  814.60  816.00  814.00    815.35  ...    818.565039  NaN   NaN       NaN        NaN
3     2025-04-22 09:18:00+05:30  815.30  816.00  814.75    815.50  ...    818.469257  NaN   NaN       NaN        NaN
4     2025-04-22 09:19:00+05:30  815.55  815.75  814.50    814.60  ...    818.348342  NaN   NaN       NaN        NaN
..                          ...     ...     ...     ...       ...  ...           ...  ...   ...       ...        ...
568  2025-04-23 10:38:21.949750     NaN     NaN     NaN  81790.00  ...  79328.401887  NaN   NaN       NaN        NaN
569  2025-04-23 10:38:21.949750     NaN     NaN     NaN  81790.00  ...  79405.326828  NaN   NaN       NaN        NaN
570  2025-04-23 10:38:21.949750     NaN     NaN     NaN  81790.00  ...  79479.847865  NaN   NaN       NaN        NaN
571  2025-04-23 10:38:21.949750     NaN     NaN     NaN  81790.00  ...  79552.040119  NaN   NaN       NaN        NaN
572  2025-04-23 10:38:21.949750     NaN     NaN     NaN  81790.00  ...  79621.976365  NaN   NaN       NaN        NaN

[573 rows x 13 columns]
2025-04-23 10:38:22,639 INFO:Final row: {'timestamp': Timestamp('2025-04-23 10:38:21.949750'), 'open': nan, 'high': nan, 'low': nan, 'close': 81790.0, 'volume': nan, 'short': 81790.03898156607, 'middle': 81790.38612662764, 'long': 79621.97636533406, 'buy': nan, 'sell': nan, 'buy_exit': nan, 'sell_exit': nan}
2025-04-23 10:38:22,639 INFO:Buy exit signal received
2025-04-23 10:38:22,639 INFO:Sell exit signal received
2025-04-23 10:38:22,639 INFO:Entering while loop with trade_count: 2
2025-04-23 10:38:22,704 INFO:Combined historical with live algo:                       timestamp    open    high     low     close  ...          long  buy  sell  buy_exit  sell_exit
0     2025-04-22 09:15:00+05:30  821.10  821.10  817.00    818.80  ...    818.800000  NaN   NaN       NaN        NaN
1     2025-04-22 09:16:00+05:30  818.75  818.75  814.60    814.60  ...    818.668750  NaN   NaN       NaN        NaN
2     2025-04-22 09:17:00+05:30  814.60  816.00  814.00    815.35  ...    818.565039  NaN   NaN       NaN        NaN
3     2025-04-22 09:18:00+05:30  815.30  816.00  814.75    815.50  ...    818.469257  NaN   NaN       NaN        NaN
4     2025-04-22 09:19:00+05:30  815.55  815.75  814.50    814.60  ...    818.348342  NaN   NaN       NaN        NaN
..                          ...     ...     ...     ...       ...  ...           ...  ...   ...       ...        ...
569  2025-04-23 10:38:21.949750     NaN     NaN     NaN  81790.00  ...  79405.326828  NaN   NaN       NaN        NaN
570  2025-04-23 10:38:21.949750     NaN     NaN     NaN  81790.00  ...  79479.847865  NaN   NaN       NaN        NaN
571  2025-04-23 10:38:21.949750     NaN     NaN     NaN  81790.00  ...  79552.040119  NaN   NaN       NaN        NaN
572  2025-04-23 10:38:21.949750     NaN     NaN     NaN  81790.00  ...  79621.976365  NaN   NaN       NaN        NaN
573  2025-04-23 10:38:21.949750     NaN     NaN     NaN  81790.00  ...  79689.727104  NaN   NaN       NaN        NaN

[574 rows x 13 columns]
2025-04-23 10:38:22,704 INFO:Final row: {'timestamp': Timestamp('2025-04-23 10:38:21.949750'), 'open': nan, 'high': nan, 'low': nan, 'close': 81790.0, 'volume': nan, 'short': 81790.02598771072, 'middle': 81790.35102420693, 'long': 79689.72710391738, 'buy': nan, 'sell': nan, 'buy_exit': nan, 'sell_exit': nan}
2025-04-23 10:38:22,704 INFO:Buy exit signal received
2025-04-23 10:38:22,704 INFO:Sell exit signal received
2025-04-23 10:38:22,704 INFO:Entering while loop with trade_count: 2
2025-04-23 10:38:22,772 INFO:Combined historical with live algo:                       timestamp    open    high     low     close  ...          long  buy  sell  buy_exit  sell_exit
0     2025-04-22 09:15:00+05:30  821.10  821.10  817.00    818.80  ...    818.800000  NaN   NaN       NaN        NaN
1     2025-04-22 09:16:00+05:30  818.75  818.75  814.60    814.60  ...    818.668750  NaN   NaN       NaN        NaN
2     2025-04-22 09:17:00+05:30  814.60  816.00  814.00    815.35  ...    818.565039  NaN   NaN       NaN        NaN
3     2025-04-22 09:18:00+05:30  815.30  816.00  814.75    815.50  ...    818.469257  NaN   NaN       NaN        NaN
4     2025-04-22 09:19:00+05:30  815.55  815.75  814.50    814.60  ...    818.348342  NaN   NaN       NaN        NaN
..                          ...     ...     ...     ...       ...  ...           ...  ...   ...       ...        ...
570  2025-04-23 10:38:21.949750     NaN     NaN     NaN  81790.00  ...  79479.847865  NaN   NaN       NaN        NaN
571  2025-04-23 10:38:21.949750     NaN     NaN     NaN  81790.00  ...  79552.040119  NaN   NaN       NaN        NaN
572  2025-04-23 10:38:21.949750     NaN     NaN     NaN  81790.00  ...  79621.976365  NaN   NaN       NaN        NaN
573  2025-04-23 10:38:21.949750     NaN     NaN     NaN  81790.00  ...  79689.727104  NaN   NaN       NaN        NaN
574  2025-04-23 10:38:22.664180     NaN     NaN     NaN  81790.00  ...  79755.360632  NaN   NaN       NaN        NaN

[575 rows x 13 columns]
2025-04-23 10:38:22,772 INFO:Final row: {'timestamp': Timestamp('2025-04-23 10:38:22.664180'), 'open': nan, 'high': nan, 'low': nan, 'close': 81790.0, 'volume': nan, 'short': 81790.01732514048, 'middle': 81790.31911291539, 'long': 79755.36063191996, 'buy': nan, 'sell': nan, 'buy_exit': nan, 'sell_exit': nan}
2025-04-23 10:38:22,772 INFO:Buy exit signal received
2025-04-23 10:38:22,772 INFO:Sell exit signal received
2025-04-23 10:38:22,772 INFO:Entering while loop with trade_count: 2
2025-04-23 10:38:22,847 INFO:Combined historical with live algo:                       timestamp    open    high     low     close  ...          long  buy  sell  buy_exit  sell_exit
0     2025-04-22 09:15:00+05:30  821.10  821.10  817.00    818.80  ...    818.800000  NaN   NaN       NaN        NaN
1     2025-04-22 09:16:00+05:30  818.75  818.75  814.60    814.60  ...    818.668750  NaN   NaN       NaN        NaN
2     2025-04-22 09:17:00+05:30  814.60  816.00  814.00    815.35  ...    818.565039  NaN   NaN       NaN        NaN
3     2025-04-22 09:18:00+05:30  815.30  816.00  814.75    815.50  ...    818.469257  NaN   NaN       NaN        NaN
4     2025-04-22 09:19:00+05:30  815.55  815.75  814.50    814.60  ...    818.348342  NaN   NaN       NaN        NaN
..                          ...     ...     ...     ...       ...  ...           ...  ...   ...       ...        ...
571  2025-04-23 10:38:21.949750     NaN     NaN     NaN  81790.00  ...  79552.040119  NaN   NaN       NaN        NaN
572  2025-04-23 10:38:21.949750     NaN     NaN     NaN  81790.00  ...  79621.976365  NaN   NaN       NaN        NaN
573  2025-04-23 10:38:21.949750     NaN     NaN     NaN  81790.00  ...  79689.727104  NaN   NaN       NaN        NaN
574  2025-04-23 10:38:22.664180     NaN     NaN     NaN  81790.00  ...  79755.360632  NaN   NaN       NaN        NaN
575  2025-04-23 10:38:22.664180     NaN     NaN     NaN  81790.00  ...  79818.943112  NaN   NaN       NaN        NaN

[576 rows x 13 columns]
2025-04-23 10:38:22,854 INFO:Final row: {'timestamp': Timestamp('2025-04-23 10:38:22.664180'), 'open': nan, 'high': nan, 'low': nan, 'close': 81790.0, 'volume': nan, 'short': 81790.01155009365, 'middle': 81790.29010265035, 'long': 79818.94311217246, 'buy': nan, 'sell': nan, 'buy_exit': nan, 'sell_exit': nan}
2025-04-23 10:38:22,854 INFO:Buy exit signal received
2025-04-23 10:38:22,854 INFO:Sell exit signal received
2025-04-23 10:38:22,854 INFO:Entering while loop with trade_count: 2
2025-04-23 10:38:22,911 INFO:Combined historical with live algo:                       timestamp    open    high     low     close  ...          long  buy  sell  buy_exit  sell_exit
0     2025-04-22 09:15:00+05:30  821.10  821.10  817.00    818.80  ...    818.800000  NaN   NaN       NaN        NaN
1     2025-04-22 09:16:00+05:30  818.75  818.75  814.60    814.60  ...    818.668750  NaN   NaN       NaN        NaN
2     2025-04-22 09:17:00+05:30  814.60  816.00  814.00    815.35  ...    818.565039  NaN   NaN       NaN        NaN
3     2025-04-22 09:18:00+05:30  815.30  816.00  814.75    815.50  ...    818.469257  NaN   NaN       NaN        NaN
4     2025-04-22 09:19:00+05:30  815.55  815.75  814.50    814.60  ...    818.348342  NaN   NaN       NaN        NaN
..                          ...     ...     ...     ...       ...  ...           ...  ...   ...       ...        ...
572  2025-04-23 10:38:21.949750     NaN     NaN     NaN  81790.00  ...  79621.976365  NaN   NaN       NaN        NaN
573  2025-04-23 10:38:21.949750     NaN     NaN     NaN  81790.00  ...  79689.727104  NaN   NaN       NaN        NaN
574  2025-04-23 10:38:22.664180     NaN     NaN     NaN  81790.00  ...  79755.360632  NaN   NaN       NaN        NaN
575  2025-04-23 10:38:22.664180     NaN     NaN     NaN  81790.00  ...  79818.943112  NaN   NaN       NaN        NaN
576  2025-04-23 10:38:22.664180     NaN     NaN     NaN  81790.00  ...  79880.538640  NaN   NaN       NaN        NaN

[577 rows x 13 columns]
2025-04-23 10:38:22,912 INFO:Final row: {'timestamp': Timestamp('2025-04-23 10:38:22.664180'), 'open': nan, 'high': nan, 'low': nan, 'close': 81790.0, 'volume': nan, 'short': 81790.00770006244, 'middle': 81790.26372968213, 'long': 79880.53863991707, 'buy': nan, 'sell': nan, 'buy_exit': nan, 'sell_exit': nan}
2025-04-23 10:38:22,912 INFO:Buy exit signal received
2025-04-23 10:38:22,912 INFO:Sell exit signal received
2025-04-23 10:38:22,912 INFO:Entering while loop with trade_count: 2
2025-04-23 10:38:22,972 INFO:Combined historical with live algo:                       timestamp    open    high     low     close  ...          long  buy  sell  buy_exit  sell_exit
0     2025-04-22 09:15:00+05:30  821.10  821.10  817.00    818.80  ...    818.800000  NaN   NaN       NaN        NaN
1     2025-04-22 09:16:00+05:30  818.75  818.75  814.60    814.60  ...    818.668750  NaN   NaN       NaN        NaN
2     2025-04-22 09:17:00+05:30  814.60  816.00  814.00    815.35  ...    818.565039  NaN   NaN       NaN        NaN
3     2025-04-22 09:18:00+05:30  815.30  816.00  814.75    815.50  ...    818.469257  NaN   NaN       NaN        NaN
4     2025-04-22 09:19:00+05:30  815.55  815.75  814.50    814.60  ...    818.348342  NaN   NaN       NaN        NaN
..                          ...     ...     ...     ...       ...  ...           ...  ...   ...       ...        ...
573  2025-04-23 10:38:21.949750     NaN     NaN     NaN  81790.00  ...  79689.727104  NaN   NaN       NaN        NaN
574  2025-04-23 10:38:22.664180     NaN     NaN     NaN  81790.00  ...  79755.360632  NaN   NaN       NaN        NaN
575  2025-04-23 10:38:22.664180     NaN     NaN     NaN  81790.00  ...  79818.943112  NaN   NaN       NaN        NaN
576  2025-04-23 10:38:22.664180     NaN     NaN     NaN  81790.00  ...  79880.538640  NaN   NaN       NaN        NaN
577  2025-04-23 10:38:22.664180     NaN     NaN     NaN  81790.00  ...  79940.209307  NaN   NaN       NaN        NaN

[578 rows x 13 columns]
2025-04-23 10:38:22,972 INFO:Final row: {'timestamp': Timestamp('2025-04-23 10:38:22.664180'), 'open': nan, 'high': nan, 'low': nan, 'close': 81790.0, 'volume': nan, 'short': 81790.00513337497, 'middle': 81790.23975425649, 'long': 79940.20930741966, 'buy': nan, 'sell': nan, 'buy_exit': nan, 'sell_exit': nan}
2025-04-23 10:38:22,974 INFO:Buy exit signal received
2025-04-23 10:38:22,974 INFO:Sell exit signal received
2025-04-23 10:38:22,974 INFO:Entering while loop with trade_count: 2
2025-04-23 10:38:23,039 INFO:Combined historical with live algo:                       timestamp    open    high     low     close  ...          long  buy  sell  buy_exit  sell_exit
0     2025-04-22 09:15:00+05:30  821.10  821.10  817.00    818.80  ...    818.800000  NaN   NaN       NaN        NaN
1     2025-04-22 09:16:00+05:30  818.75  818.75  814.60    814.60  ...    818.668750  NaN   NaN       NaN        NaN
2     2025-04-22 09:17:00+05:30  814.60  816.00  814.00    815.35  ...    818.565039  NaN   NaN       NaN        NaN
3     2025-04-22 09:18:00+05:30  815.30  816.00  814.75    815.50  ...    818.469257  NaN   NaN       NaN        NaN
4     2025-04-22 09:19:00+05:30  815.55  815.75  814.50    814.60  ...    818.348342  NaN   NaN       NaN        NaN
..                          ...     ...     ...     ...       ...  ...           ...  ...   ...       ...        ...
574  2025-04-23 10:38:22.664180     NaN     NaN     NaN  81790.00  ...  79755.360632  NaN   NaN       NaN        NaN
575  2025-04-23 10:38:22.664180     NaN     NaN     NaN  81790.00  ...  79818.943112  NaN   NaN       NaN        NaN
576  2025-04-23 10:38:22.664180     NaN     NaN     NaN  81790.00  ...  79880.538640  NaN   NaN       NaN        NaN
577  2025-04-23 10:38:22.664180     NaN     NaN     NaN  81790.00  ...  79940.209307  NaN   NaN       NaN        NaN
578  2025-04-23 10:38:22.664180     NaN     NaN     NaN  81790.00  ...  79998.015267  NaN   NaN       NaN        NaN

[579 rows x 13 columns]
2025-04-23 10:38:23,039 INFO:Final row: {'timestamp': Timestamp('2025-04-23 10:38:22.664180'), 'open': nan, 'high': nan, 'low': nan, 'close': 81790.0, 'volume': nan, 'short': 81790.00342224998, 'middle': 81790.21795841499, 'long': 79998.0152665628, 'buy': nan, 'sell': nan, 'buy_exit': nan, 'sell_exit': nan}
2025-04-23 10:38:23,039 INFO:Buy exit signal received
2025-04-23 10:38:23,039 INFO:Sell exit signal received
2025-04-23 10:38:23,039 INFO:Entering while loop with trade_count: 2
2025-04-23 10:38:23,099 INFO:Combined historical with live algo:                       timestamp    open    high     low     close  ...          long  buy  sell  buy_exit  sell_exit
0     2025-04-22 09:15:00+05:30  821.10  821.10  817.00    818.80  ...    818.800000  NaN   NaN       NaN        NaN
1     2025-04-22 09:16:00+05:30  818.75  818.75  814.60    814.60  ...    818.668750  NaN   NaN       NaN        NaN
2     2025-04-22 09:17:00+05:30  814.60  816.00  814.00    815.35  ...    818.565039  NaN   NaN       NaN        NaN
3     2025-04-22 09:18:00+05:30  815.30  816.00  814.75    815.50  ...    818.469257  NaN   NaN       NaN        NaN
4     2025-04-22 09:19:00+05:30  815.55  815.75  814.50    814.60  ...    818.348342  NaN   NaN       NaN        NaN
..                          ...     ...     ...     ...       ...  ...           ...  ...   ...       ...        ...
575  2025-04-23 10:38:22.664180     NaN     NaN     NaN  81790.00  ...  79818.943112  NaN   NaN       NaN        NaN
576  2025-04-23 10:38:22.664180     NaN     NaN     NaN  81790.00  ...  79880.538640  NaN   NaN       NaN        NaN
577  2025-04-23 10:38:22.664180     NaN     NaN     NaN  81790.00  ...  79940.209307  NaN   NaN       NaN        NaN
578  2025-04-23 10:38:22.664180     NaN     NaN     NaN  81790.00  ...  79998.015267  NaN   NaN       NaN        NaN
579  2025-04-23 10:38:22.664180     NaN     NaN     NaN  81790.00  ...  80054.014789  NaN   NaN       NaN        NaN

[580 rows x 13 columns]
2025-04-23 10:38:23,103 INFO:Final row: {'timestamp': Timestamp('2025-04-23 10:38:22.664180'), 'open': nan, 'high': nan, 'low': nan, 'close': 81790.0, 'volume': nan, 'short': 81790.0022815, 'middle': 81790.19814401362, 'long': 80054.01478948271, 'buy': nan, 'sell': nan, 'buy_exit': nan, 'sell_exit': nan}
2025-04-23 10:38:23,103 INFO:Buy exit signal received
2025-04-23 10:38:23,103 INFO:Sell exit signal received
2025-04-23 10:38:23,103 INFO:Entering while loop with trade_count: 2
2025-04-23 10:38:23,173 INFO:Combined historical with live algo:                       timestamp    open    high     low     close  ...          long  buy  sell  buy_exit  sell_exit
0     2025-04-22 09:15:00+05:30  821.10  821.10  817.00    818.80  ...    818.800000  NaN   NaN       NaN        NaN
1     2025-04-22 09:16:00+05:30  818.75  818.75  814.60    814.60  ...    818.668750  NaN   NaN       NaN        NaN
2     2025-04-22 09:17:00+05:30  814.60  816.00  814.00    815.35  ...    818.565039  NaN   NaN       NaN        NaN
3     2025-04-22 09:18:00+05:30  815.30  816.00  814.75    815.50  ...    818.469257  NaN   NaN       NaN        NaN
4     2025-04-22 09:19:00+05:30  815.55  815.75  814.50    814.60  ...    818.348342  NaN   NaN       NaN        NaN
..                          ...     ...     ...     ...       ...  ...           ...  ...   ...       ...        ...
576  2025-04-23 10:38:22.664180     NaN     NaN     NaN  81790.00  ...  79880.538640  NaN   NaN       NaN        NaN
577  2025-04-23 10:38:22.664180     NaN     NaN     NaN  81790.00  ...  79940.209307  NaN   NaN       NaN        NaN
578  2025-04-23 10:38:22.664180     NaN     NaN     NaN  81790.00  ...  79998.015267  NaN   NaN       NaN        NaN
579  2025-04-23 10:38:22.664180     NaN     NaN     NaN  81790.00  ...  80054.014789  NaN   NaN       NaN        NaN
580  2025-04-23 10:38:22.664180     NaN     NaN     NaN  81790.00  ...  80108.264327  NaN   NaN       NaN        NaN

[581 rows x 13 columns]
2025-04-23 10:38:23,174 INFO:Final row: {'timestamp': Timestamp('2025-04-23 10:38:22.664180'), 'open': nan, 'high': nan, 'low': nan, 'close': 81790.0, 'volume': nan, 'short': 81790.001521, 'middle': 81790.18013092146, 'long': 80108.26432731138, 'buy': nan, 'sell': nan, 'buy_exit': nan, 'sell_exit': nan}
2025-04-23 10:38:23,174 INFO:Buy exit signal received
2025-04-23 10:38:23,176 INFO:Sell exit signal received
2025-04-23 10:38:23,176 INFO:Entering while loop with trade_count: 2
2025-04-23 10:38:23,240 INFO:Combined historical with live algo:                       timestamp    open    high     low     close  ...          long  buy  sell  buy_exit  sell_exit
0     2025-04-22 09:15:00+05:30  821.10  821.10  817.00    818.80  ...    818.800000  NaN   NaN       NaN        NaN
1     2025-04-22 09:16:00+05:30  818.75  818.75  814.60    814.60  ...    818.668750  NaN   NaN       NaN        NaN
2     2025-04-22 09:17:00+05:30  814.60  816.00  814.00    815.35  ...    818.565039  NaN   NaN       NaN        NaN
3     2025-04-22 09:18:00+05:30  815.30  816.00  814.75    815.50  ...    818.469257  NaN   NaN       NaN        NaN
4     2025-04-22 09:19:00+05:30  815.55  815.75  814.50    814.60  ...    818.348342  NaN   NaN       NaN        NaN
..                          ...     ...     ...     ...       ...  ...           ...  ...   ...       ...        ...
577  2025-04-23 10:38:22.664180     NaN     NaN     NaN  81790.00  ...  79940.209307  NaN   NaN       NaN        NaN
578  2025-04-23 10:38:22.664180     NaN     NaN     NaN  81790.00  ...  79998.015267  NaN   NaN       NaN        NaN
579  2025-04-23 10:38:22.664180     NaN     NaN     NaN  81790.00  ...  80054.014789  NaN   NaN       NaN        NaN
580  2025-04-23 10:38:22.664180     NaN     NaN     NaN  81790.00  ...  80108.264327  NaN   NaN       NaN        NaN
581  2025-04-23 10:38:22.664180     NaN     NaN     NaN  81790.00  ...  80160.818567  NaN   NaN       NaN        NaN

[582 rows x 13 columns]
2025-04-23 10:38:23,242 INFO:Final row: {'timestamp': Timestamp('2025-04-23 10:38:22.664180'), 'open': nan, 'high': nan, 'low': nan, 'close': 81790.0, 'volume': nan, 'short': 81790.00101400001, 'middle': 81790.16375538314, 'long': 80160.8185670829, 'buy': nan, 'sell': nan, 'buy_exit': nan, 'sell_exit': nan}
2025-04-23 10:38:23,242 INFO:Buy exit signal received
2025-04-23 10:38:23,242 INFO:Sell exit signal received
2025-04-23 10:38:23,242 INFO:Entering while loop with trade_count: 2
2025-04-23 10:38:23,369 INFO:Combined historical with live algo:                       timestamp    open    high     low     close  ...          long  buy  sell  buy_exit  sell_exit
0     2025-04-22 09:15:00+05:30  821.10  821.10  817.00    818.80  ...    818.800000  NaN   NaN       NaN        NaN
1     2025-04-22 09:16:00+05:30  818.75  818.75  814.60    814.60  ...    818.668750  NaN   NaN       NaN        NaN
2     2025-04-22 09:17:00+05:30  814.60  816.00  814.00    815.35  ...    818.565039  NaN   NaN       NaN        NaN
3     2025-04-22 09:18:00+05:30  815.30  816.00  814.75    815.50  ...    818.469257  NaN   NaN       NaN        NaN
4     2025-04-22 09:19:00+05:30  815.55  815.75  814.50    814.60  ...    818.348342  NaN   NaN       NaN        NaN
..                          ...     ...     ...     ...       ...  ...           ...  ...   ...       ...        ...
578  2025-04-23 10:38:22.664180     NaN     NaN     NaN  81790.00  ...  79998.015267  NaN   NaN       NaN        NaN
579  2025-04-23 10:38:22.664180     NaN     NaN     NaN  81790.00  ...  80054.014789  NaN   NaN       NaN        NaN
580  2025-04-23 10:38:22.664180     NaN     NaN     NaN  81790.00  ...  80108.264327  NaN   NaN       NaN        NaN
581  2025-04-23 10:38:22.664180     NaN     NaN     NaN  81790.00  ...  80160.818567  NaN   NaN       NaN        NaN
582  2025-04-23 10:38:22.664180     NaN     NaN     NaN  81790.00  ...  80211.730487  NaN   NaN       NaN        NaN

[583 rows x 13 columns]
2025-04-23 10:38:23,373 INFO:Final row: {'timestamp': Timestamp('2025-04-23 10:38:22.664180'), 'open': nan, 'high': nan, 'low': nan, 'close': 81790.0, 'volume': nan, 'short': 81790.00067600001, 'middle': 81790.14886853012, 'long': 80211.73048686156, 'buy': nan, 'sell': nan, 'buy_exit': nan, 'sell_exit': nan}
2025-04-23 10:38:23,373 INFO:Buy exit signal received
2025-04-23 10:38:23,374 INFO:Sell exit signal received
2025-04-23 10:38:23,374 INFO:Entering while loop with trade_count: 2
2025-04-23 10:38:23,486 INFO:Combined historical with live algo:                       timestamp    open    high     low     close  ...          long  buy  sell  buy_exit  sell_exit
0     2025-04-22 09:15:00+05:30  821.10  821.10  817.00    818.80  ...    818.800000  NaN   NaN       NaN        NaN
1     2025-04-22 09:16:00+05:30  818.75  818.75  814.60    814.60  ...    818.668750  NaN   NaN       NaN        NaN
2     2025-04-22 09:17:00+05:30  814.60  816.00  814.00    815.35  ...    818.565039  NaN   NaN       NaN        NaN
3     2025-04-22 09:18:00+05:30  815.30  816.00  814.75    815.50  ...    818.469257  NaN   NaN       NaN        NaN
4     2025-04-22 09:19:00+05:30  815.55  815.75  814.50    814.60  ...    818.348342  NaN   NaN       NaN        NaN
..                          ...     ...     ...     ...       ...  ...           ...  ...   ...       ...        ...
579  2025-04-23 10:38:22.664180     NaN     NaN     NaN  81790.00  ...  80054.014789  NaN   NaN       NaN        NaN
580  2025-04-23 10:38:22.664180     NaN     NaN     NaN  81790.00  ...  80108.264327  NaN   NaN       NaN        NaN
581  2025-04-23 10:38:22.664180     NaN     NaN     NaN  81790.00  ...  80160.818567  NaN   NaN       NaN        NaN
582  2025-04-23 10:38:22.664180     NaN     NaN     NaN  81790.00  ...  80211.730487  NaN   NaN       NaN        NaN
583  2025-04-23 10:38:22.664180     NaN     NaN     NaN  81790.00  ...  80261.051409  NaN   NaN       NaN        NaN

[584 rows x 13 columns]
2025-04-23 10:38:23,486 INFO:Final row: {'timestamp': Timestamp('2025-04-23 10:38:22.664180'), 'open': nan, 'high': nan, 'low': nan, 'close': 81790.0, 'volume': nan, 'short': 81790.00045066667, 'middle': 81790.13533502737, 'long': 80261.05140914714, 'buy': nan, 'sell': nan, 'buy_exit': nan, 'sell_exit': nan}
2025-04-23 10:38:23,486 INFO:Buy exit signal received
2025-04-23 10:38:23,486 INFO:Sell exit signal received
2025-04-23 10:38:23,486 INFO:Entering while loop with trade_count: 2
2025-04-23 10:38:23,561 INFO:Combined historical with live algo:                       timestamp    open    high     low     close  ...          long  buy  sell  buy_exit  sell_exit
0     2025-04-22 09:15:00+05:30  821.10  821.10  817.00    818.80  ...    818.800000  NaN   NaN       NaN        NaN
1     2025-04-22 09:16:00+05:30  818.75  818.75  814.60    814.60  ...    818.668750  NaN   NaN       NaN        NaN
2     2025-04-22 09:17:00+05:30  814.60  816.00  814.00    815.35  ...    818.565039  NaN   NaN       NaN        NaN
3     2025-04-22 09:18:00+05:30  815.30  816.00  814.75    815.50  ...    818.469257  NaN   NaN       NaN        NaN
4     2025-04-22 09:19:00+05:30  815.55  815.75  814.50    814.60  ...    818.348342  NaN   NaN       NaN        NaN
..                          ...     ...     ...     ...       ...  ...           ...  ...   ...       ...        ...
580  2025-04-23 10:38:22.664180     NaN     NaN     NaN  81790.00  ...  80108.264327  NaN   NaN       NaN        NaN
581  2025-04-23 10:38:22.664180     NaN     NaN     NaN  81790.00  ...  80160.818567  NaN   NaN       NaN        NaN
582  2025-04-23 10:38:22.664180     NaN     NaN     NaN  81790.00  ...  80211.730487  NaN   NaN       NaN        NaN
583  2025-04-23 10:38:22.664180     NaN     NaN     NaN  81790.00  ...  80261.051409  NaN   NaN       NaN        NaN
584  2025-04-23 10:38:22.664180     NaN     NaN     NaN  81790.00  ...  80308.831053  NaN   NaN       NaN        NaN

[585 rows x 13 columns]
2025-04-23 10:38:23,564 INFO:Final row: {'timestamp': Timestamp('2025-04-23 10:38:22.664180'), 'open': nan, 'high': nan, 'low': nan, 'close': 81790.0, 'volume': nan, 'short': 81790.00030044446, 'middle': 81790.12303184306, 'long': 80308.83105261129, 'buy': nan, 'sell': nan, 'buy_exit': nan, 'sell_exit': nan}
2025-04-23 10:38:23,564 INFO:Buy exit signal received
2025-04-23 10:38:23,564 INFO:Sell exit signal received
2025-04-23 10:38:23,564 INFO:Entering while loop with trade_count: 2
2025-04-23 10:38:23,636 INFO:Combined historical with live algo:                       timestamp    open    high     low     close  ...          long  buy  sell  buy_exit  sell_exit
0     2025-04-22 09:15:00+05:30  821.10  821.10  817.00    818.80  ...    818.800000  NaN   NaN       NaN        NaN
1     2025-04-22 09:16:00+05:30  818.75  818.75  814.60    814.60  ...    818.668750  NaN   NaN       NaN        NaN
2     2025-04-22 09:17:00+05:30  814.60  816.00  814.00    815.35  ...    818.565039  NaN   NaN       NaN        NaN
3     2025-04-22 09:18:00+05:30  815.30  816.00  814.75    815.50  ...    818.469257  NaN   NaN       NaN        NaN
4     2025-04-22 09:19:00+05:30  815.55  815.75  814.50    814.60  ...    818.348342  NaN   NaN       NaN        NaN
..                          ...     ...     ...     ...       ...  ...           ...  ...   ...       ...        ...
581  2025-04-23 10:38:22.664180     NaN     NaN     NaN  81790.00  ...  80160.818567  NaN   NaN       NaN        NaN
582  2025-04-23 10:38:22.664180     NaN     NaN     NaN  81790.00  ...  80211.730487  NaN   NaN       NaN        NaN
583  2025-04-23 10:38:22.664180     NaN     NaN     NaN  81790.00  ...  80261.051409  NaN   NaN       NaN        NaN
584  2025-04-23 10:38:22.664180     NaN     NaN     NaN  81790.00  ...  80308.831053  NaN   NaN       NaN        NaN
585  2025-04-23 10:38:22.664180     NaN     NaN     NaN  81790.00  ...  80355.117582  NaN   NaN       NaN        NaN

[586 rows x 13 columns]
2025-04-23 10:38:23,639 INFO:Final row: {'timestamp': Timestamp('2025-04-23 10:38:22.664180'), 'open': nan, 'high': nan, 'low': nan, 'close': 81790.0, 'volume': nan, 'short': 81790.00020029632, 'middle': 81790.11184713006, 'long': 80355.1175822172, 'buy': nan, 'sell': nan, 'buy_exit': nan, 'sell_exit': nan}
2025-04-23 10:38:23,639 INFO:Buy exit signal received
2025-04-23 10:38:23,639 INFO:Sell exit signal received
2025-04-23 10:38:23,639 INFO:Entering while loop with trade_count: 2
2025-04-23 10:38:23,706 INFO:Combined historical with live algo:                       timestamp    open    high     low     close  ...          long  buy  sell  buy_exit  sell_exit
0     2025-04-22 09:15:00+05:30  821.10  821.10  817.00    818.80  ...    818.800000  NaN   NaN       NaN        NaN
1     2025-04-22 09:16:00+05:30  818.75  818.75  814.60    814.60  ...    818.668750  NaN   NaN       NaN        NaN
2     2025-04-22 09:17:00+05:30  814.60  816.00  814.00    815.35  ...    818.565039  NaN   NaN       NaN        NaN
3     2025-04-22 09:18:00+05:30  815.30  816.00  814.75    815.50  ...    818.469257  NaN   NaN       NaN        NaN
4     2025-04-22 09:19:00+05:30  815.55  815.75  814.50    814.60  ...    818.348342  NaN   NaN       NaN        NaN
..                          ...     ...     ...     ...       ...  ...           ...  ...   ...       ...        ...
582  2025-04-23 10:38:22.664180     NaN     NaN     NaN  81790.00  ...  80211.730487  NaN   NaN       NaN        NaN
583  2025-04-23 10:38:22.664180     NaN     NaN     NaN  81790.00  ...  80261.051409  NaN   NaN       NaN        NaN
584  2025-04-23 10:38:22.664180     NaN     NaN     NaN  81790.00  ...  80308.831053  NaN   NaN       NaN        NaN
585  2025-04-23 10:38:22.664180     NaN     NaN     NaN  81790.00  ...  80355.117582  NaN   NaN       NaN        NaN
586  2025-04-23 10:38:22.664180     NaN     NaN     NaN  81790.00  ...  80399.957658  NaN   NaN       NaN        NaN

[587 rows x 13 columns]
2025-04-23 10:38:23,711 INFO:Final row: {'timestamp': Timestamp('2025-04-23 10:38:22.664180'), 'open': nan, 'high': nan, 'low': nan, 'close': 81790.0, 'volume': nan, 'short': 81790.00013353088, 'middle': 81790.10167920914, 'long': 80399.9576577729, 'buy': nan, 'sell': nan, 'buy_exit': nan, 'sell_exit': nan}
2025-04-23 10:38:23,711 INFO:Buy exit signal received
2025-04-23 10:38:23,711 INFO:Sell exit signal received
2025-04-23 10:38:23,711 INFO:Entering while loop with trade_count: 2
2025-04-23 10:38:23,796 INFO:Combined historical with live algo:                       timestamp    open    high     low     close  ...          long  buy  sell  buy_exit  sell_exit
0     2025-04-22 09:15:00+05:30  821.10  821.10  817.00    818.80  ...    818.800000  NaN   NaN       NaN        NaN
1     2025-04-22 09:16:00+05:30  818.75  818.75  814.60    814.60  ...    818.668750  NaN   NaN       NaN        NaN
2     2025-04-22 09:17:00+05:30  814.60  816.00  814.00    815.35  ...    818.565039  NaN   NaN       NaN        NaN
3     2025-04-22 09:18:00+05:30  815.30  816.00  814.75    815.50  ...    818.469257  NaN   NaN       NaN        NaN
4     2025-04-22 09:19:00+05:30  815.55  815.75  814.50    814.60  ...    818.348342  NaN   NaN       NaN        NaN
..                          ...     ...     ...     ...       ...  ...           ...  ...   ...       ...        ...
583  2025-04-23 10:38:22.664180     NaN     NaN     NaN  81790.00  ...  80261.051409  NaN   NaN       NaN        NaN
584  2025-04-23 10:38:22.664180     NaN     NaN     NaN  81790.00  ...  80308.831053  NaN   NaN       NaN        NaN
585  2025-04-23 10:38:22.664180     NaN     NaN     NaN  81790.00  ...  80355.117582  NaN   NaN       NaN        NaN
586  2025-04-23 10:38:22.664180     NaN     NaN     NaN  81790.00  ...  80399.957658  NaN   NaN       NaN        NaN
587  2025-04-23 10:38:22.664180     NaN     NaN     NaN  81790.00  ...  80443.396481  NaN   NaN       NaN        NaN

[588 rows x 13 columns]
2025-04-23 10:38:23,802 INFO:Final row: {'timestamp': Timestamp('2025-04-23 10:38:22.664180'), 'open': nan, 'high': nan, 'low': nan, 'close': 81790.0, 'volume': nan, 'short': 81790.00008902058, 'middle': 81790.09243564466, 'long': 80443.3964809675, 'buy': nan, 'sell': nan, 'buy_exit': nan, 'sell_exit': nan}
2025-04-23 10:38:23,802 INFO:Buy exit signal received
2025-04-23 10:38:23,802 INFO:Sell exit signal received
2025-04-23 10:38:23,802 INFO:Entering while loop with trade_count: 2
2025-04-23 10:38:23,876 INFO:Combined historical with live algo:                       timestamp    open    high     low     close  ...          long  buy  sell  buy_exit  sell_exit
0     2025-04-22 09:15:00+05:30  821.10  821.10  817.00    818.80  ...    818.800000  NaN   NaN       NaN        NaN
1     2025-04-22 09:16:00+05:30  818.75  818.75  814.60    814.60  ...    818.668750  NaN   NaN       NaN        NaN
2     2025-04-22 09:17:00+05:30  814.60  816.00  814.00    815.35  ...    818.565039  NaN   NaN       NaN        NaN
3     2025-04-22 09:18:00+05:30  815.30  816.00  814.75    815.50  ...    818.469257  NaN   NaN       NaN        NaN
4     2025-04-22 09:19:00+05:30  815.55  815.75  814.50    814.60  ...    818.348342  NaN   NaN       NaN        NaN
..                          ...     ...     ...     ...       ...  ...           ...  ...   ...       ...        ...
584  2025-04-23 10:38:22.664180     NaN     NaN     NaN  81790.00  ...  80308.831053  NaN   NaN       NaN        NaN
585  2025-04-23 10:38:22.664180     NaN     NaN     NaN  81790.00  ...  80355.117582  NaN   NaN       NaN        NaN
586  2025-04-23 10:38:22.664180     NaN     NaN     NaN  81790.00  ...  80399.957658  NaN   NaN       NaN        NaN
587  2025-04-23 10:38:22.664180     NaN     NaN     NaN  81790.00  ...  80443.396481  NaN   NaN       NaN        NaN
588  2025-04-23 10:38:23.742518     NaN     NaN     NaN  81775.00  ...  80485.009091  NaN   NaN       NaN        NaN

[589 rows x 13 columns]
2025-04-23 10:38:23,876 INFO:Final row: {'timestamp': Timestamp('2025-04-23 10:38:23.742518'), 'open': nan, 'high': nan, 'low': nan, 'close': 81775.0, 'volume': nan, 'short': 81785.00005934706, 'middle': 81788.7203960406, 'long': 80485.00909093727, 'buy': nan, 'sell': nan, 'buy_exit': nan, 'sell_exit': nan}
2025-04-23 10:38:23,876 INFO:Buy exit signal received
2025-04-23 10:38:23,876 INFO:Sell exit signal received
2025-04-23 10:38:23,876 INFO:Entering while loop with trade_count: 2
2025-04-23 10:38:23,963 INFO:Combined historical with live algo:                       timestamp    open    high     low     close  ...          long  buy  sell  buy_exit  sell_exit
0     2025-04-22 09:15:00+05:30  821.10  821.10  817.00    818.80  ...    818.800000  NaN   NaN       NaN        NaN
1     2025-04-22 09:16:00+05:30  818.75  818.75  814.60    814.60  ...    818.668750  NaN   NaN       NaN        NaN
2     2025-04-22 09:17:00+05:30  814.60  816.00  814.00    815.35  ...    818.565039  NaN   NaN       NaN        NaN
3     2025-04-22 09:18:00+05:30  815.30  816.00  814.75    815.50  ...    818.469257  NaN   NaN       NaN        NaN
4     2025-04-22 09:19:00+05:30  815.55  815.75  814.50    814.60  ...    818.348342  NaN   NaN       NaN        NaN
..                          ...     ...     ...     ...       ...  ...           ...  ...   ...       ...        ...
585  2025-04-23 10:38:22.664180     NaN     NaN     NaN  81790.00  ...  80355.117582  NaN   NaN       NaN        NaN
586  2025-04-23 10:38:22.664180     NaN     NaN     NaN  81790.00  ...  80399.957658  NaN   NaN       NaN        NaN
587  2025-04-23 10:38:22.664180     NaN     NaN     NaN  81790.00  ...  80443.396481  NaN   NaN       NaN        NaN
588  2025-04-23 10:38:23.742518     NaN     NaN     NaN  81775.00  ...  80485.009091  NaN   NaN       NaN        NaN
589  2025-04-23 10:38:23.742518     NaN     NaN     NaN  81775.00  ...  80525.321307  NaN   NaN       NaN        NaN

[590 rows x 13 columns]
2025-04-23 10:38:23,965 INFO:Final row: {'timestamp': Timestamp('2025-04-23 10:38:23.742518'), 'open': nan, 'high': nan, 'low': nan, 'close': 81775.0, 'volume': nan, 'short': 81781.66670623138, 'middle': 81787.47308730964, 'long': 80525.32130684548, 'buy': nan, 'sell': nan, 'buy_exit': nan, 'sell_exit': nan}
2025-04-23 10:38:23,965 INFO:Buy exit signal received
2025-04-23 10:38:23,965 INFO:Sell exit signal received
2025-04-23 10:38:23,965 INFO:Entering while loop with trade_count: 2
2025-04-23 10:38:24,056 INFO:Combined historical with live algo:                       timestamp    open    high     low     close  ...          long  buy  sell  buy_exit  sell_exit
0     2025-04-22 09:15:00+05:30  821.10  821.10  817.00    818.80  ...    818.800000  NaN   NaN       NaN        NaN
1     2025-04-22 09:16:00+05:30  818.75  818.75  814.60    814.60  ...    818.668750  NaN   NaN       NaN        NaN
2     2025-04-22 09:17:00+05:30  814.60  816.00  814.00    815.35  ...    818.565039  NaN   NaN       NaN        NaN
3     2025-04-22 09:18:00+05:30  815.30  816.00  814.75    815.50  ...    818.469257  NaN   NaN       NaN        NaN
4     2025-04-22 09:19:00+05:30  815.55  815.75  814.50    814.60  ...    818.348342  NaN   NaN       NaN        NaN
..                          ...     ...     ...     ...       ...  ...           ...  ...   ...       ...        ...
586  2025-04-23 10:38:22.664180     NaN     NaN     NaN  81790.00  ...  80399.957658  NaN   NaN       NaN        NaN
587  2025-04-23 10:38:22.664180     NaN     NaN     NaN  81790.00  ...  80443.396481  NaN   NaN       NaN        NaN
588  2025-04-23 10:38:23.742518     NaN     NaN     NaN  81775.00  ...  80485.009091  NaN   NaN       NaN        NaN
589  2025-04-23 10:38:23.742518     NaN     NaN     NaN  81775.00  ...  80525.321307  NaN   NaN       NaN        NaN
590  2025-04-23 10:38:23.742518     NaN     NaN     NaN  81775.00  ...  80564.373766  NaN   NaN       NaN        NaN

[591 rows x 13 columns]
2025-04-23 10:38:24,056 INFO:Final row: {'timestamp': Timestamp('2025-04-23 10:38:23.742518'), 'open': nan, 'high': nan, 'low': nan, 'close': 81775.0, 'volume': nan, 'short': 81779.44447082092, 'middle': 81786.3391702815, 'long': 80564.37376600655, 'buy': nan, 'sell': nan, 'buy_exit': nan, 'sell_exit': nan}
2025-04-23 10:38:24,056 INFO:Buy exit signal received
2025-04-23 10:38:24,056 INFO:Sell exit signal received
2025-04-23 10:38:24,056 INFO:Entering while loop with trade_count: 2
2025-04-23 10:38:24,138 INFO:Combined historical with live algo:                       timestamp    open    high     low     close  ...          long  buy  sell  buy_exit  sell_exit
0     2025-04-22 09:15:00+05:30  821.10  821.10  817.00    818.80  ...    818.800000  NaN   NaN       NaN        NaN
1     2025-04-22 09:16:00+05:30  818.75  818.75  814.60    814.60  ...    818.668750  NaN   NaN       NaN        NaN
2     2025-04-22 09:17:00+05:30  814.60  816.00  814.00    815.35  ...    818.565039  NaN   NaN       NaN        NaN
3     2025-04-22 09:18:00+05:30  815.30  816.00  814.75    815.50  ...    818.469257  NaN   NaN       NaN        NaN
4     2025-04-22 09:19:00+05:30  815.55  815.75  814.50    814.60  ...    818.348342  NaN   NaN       NaN        NaN
..                          ...     ...     ...     ...       ...  ...           ...  ...   ...       ...        ...
587  2025-04-23 10:38:22.664180     NaN     NaN     NaN  81790.00  ...  80443.396481  NaN   NaN       NaN        NaN
588  2025-04-23 10:38:23.742518     NaN     NaN     NaN  81775.00  ...  80485.009091  NaN   NaN       NaN        NaN
589  2025-04-23 10:38:23.742518     NaN     NaN     NaN  81775.00  ...  80525.321307  NaN   NaN       NaN        NaN
590  2025-04-23 10:38:23.742518     NaN     NaN     NaN  81775.00  ...  80564.373766  NaN   NaN       NaN        NaN
591  2025-04-23 10:38:23.996415     NaN     NaN     NaN  81775.00  ...  80602.205836  NaN   NaN       NaN        NaN

[592 rows x 13 columns]
2025-04-23 10:38:24,143 INFO:Final row: {'timestamp': Timestamp('2025-04-23 10:38:23.996415'), 'open': nan, 'high': nan, 'low': nan, 'close': 81775.0, 'volume': nan, 'short': 81777.96298054728, 'middle': 81785.30833661955, 'long': 80602.20583581885, 'buy': nan, 'sell': nan, 'buy_exit': nan, 'sell_exit': nan}
2025-04-23 10:38:24,143 INFO:Buy exit signal received
2025-04-23 10:38:24,143 INFO:Sell exit signal received
2025-04-23 10:38:24,143 INFO:Entering while loop with trade_count: 2
2025-04-23 10:38:24,286 INFO:Combined historical with live algo:                       timestamp    open    high     low     close  ...          long  buy  sell  buy_exit  sell_exit
0     2025-04-22 09:15:00+05:30  821.10  821.10  817.00    818.80  ...    818.800000  NaN   NaN       NaN        NaN
1     2025-04-22 09:16:00+05:30  818.75  818.75  814.60    814.60  ...    818.668750  NaN   NaN       NaN        NaN
2     2025-04-22 09:17:00+05:30  814.60  816.00  814.00    815.35  ...    818.565039  NaN   NaN       NaN        NaN
3     2025-04-22 09:18:00+05:30  815.30  816.00  814.75    815.50  ...    818.469257  NaN   NaN       NaN        NaN
4     2025-04-22 09:19:00+05:30  815.55  815.75  814.50    814.60  ...    818.348342  NaN   NaN       NaN        NaN
..                          ...     ...     ...     ...       ...  ...           ...  ...   ...       ...        ...
588  2025-04-23 10:38:23.742518     NaN     NaN     NaN  81775.00  ...  80485.009091  NaN   NaN       NaN        NaN
589  2025-04-23 10:38:23.742518     NaN     NaN     NaN  81775.00  ...  80525.321307  NaN   NaN       NaN        NaN
590  2025-04-23 10:38:23.742518     NaN     NaN     NaN  81775.00  ...  80564.373766  NaN   NaN       NaN        NaN
591  2025-04-23 10:38:23.996415     NaN     NaN     NaN  81775.00  ...  80602.205836  NaN   NaN       NaN        NaN
592  2025-04-23 10:38:23.996415     NaN     NaN     NaN  81775.00  ...  80638.855653  NaN   NaN       NaN        NaN

[593 rows x 13 columns]
2025-04-23 10:38:24,288 INFO:Final row: {'timestamp': Timestamp('2025-04-23 10:38:23.996415'), 'open': nan, 'high': nan, 'low': nan, 'close': 81775.0, 'volume': nan, 'short': 81776.97532036486, 'middle': 81784.37121510868, 'long': 80638.85565344951, 'buy': nan, 'sell': nan, 'buy_exit': nan, 'sell_exit': nan}
2025-04-23 10:38:24,288 INFO:Buy exit signal received
2025-04-23 10:38:24,288 INFO:Sell exit signal received
2025-04-23 10:38:24,288 INFO:Entering while loop with trade_count: 2
2025-04-23 10:38:24,356 INFO:Combined historical with live algo:                       timestamp    open    high     low     close  ...          long  buy  sell  buy_exit  sell_exit
0     2025-04-22 09:15:00+05:30  821.10  821.10  817.00    818.80  ...    818.800000  NaN   NaN       NaN        NaN
1     2025-04-22 09:16:00+05:30  818.75  818.75  814.60    814.60  ...    818.668750  NaN   NaN       NaN        NaN
2     2025-04-22 09:17:00+05:30  814.60  816.00  814.00    815.35  ...    818.565039  NaN   NaN       NaN        NaN
3     2025-04-22 09:18:00+05:30  815.30  816.00  814.75    815.50  ...    818.469257  NaN   NaN       NaN        NaN
4     2025-04-22 09:19:00+05:30  815.55  815.75  814.50    814.60  ...    818.348342  NaN   NaN       NaN        NaN
..                          ...     ...     ...     ...       ...  ...           ...  ...   ...       ...        ...
589  2025-04-23 10:38:23.742518     NaN     NaN     NaN  81775.00  ...  80525.321307  NaN   NaN       NaN        NaN
590  2025-04-23 10:38:23.742518     NaN     NaN     NaN  81775.00  ...  80564.373766  NaN   NaN       NaN        NaN
591  2025-04-23 10:38:23.996415     NaN     NaN     NaN  81775.00  ...  80602.205836  NaN   NaN       NaN        NaN
592  2025-04-23 10:38:23.996415     NaN     NaN     NaN  81775.00  ...  80638.855653  NaN   NaN       NaN        NaN
593  2025-04-23 10:38:23.996415     NaN     NaN     NaN  81775.00  ...  80674.360164  NaN   NaN       NaN        NaN

[594 rows x 13 columns]
2025-04-23 10:38:24,356 INFO:Final row: {'timestamp': Timestamp('2025-04-23 10:38:23.996415'), 'open': nan, 'high': nan, 'low': nan, 'close': 81775.0, 'volume': nan, 'short': 81776.31688024325, 'middle': 81783.51928646244, 'long': 80674.36016427922, 'buy': nan, 'sell': nan, 'buy_exit': nan, 'sell_exit': nan}
2025-04-23 10:38:24,356 INFO:Buy exit signal received
2025-04-23 10:38:24,356 INFO:Sell exit signal received
2025-04-23 10:38:24,356 INFO:Entering while loop with trade_count: 2
2025-04-23 10:38:24,422 INFO:Combined historical with live algo:                       timestamp    open    high     low     close  ...          long  buy  sell  buy_exit  sell_exit
0     2025-04-22 09:15:00+05:30  821.10  821.10  817.00    818.80  ...    818.800000  NaN   NaN       NaN        NaN
1     2025-04-22 09:16:00+05:30  818.75  818.75  814.60    814.60  ...    818.668750  NaN   NaN       NaN        NaN
2     2025-04-22 09:17:00+05:30  814.60  816.00  814.00    815.35  ...    818.565039  NaN   NaN       NaN        NaN
3     2025-04-22 09:18:00+05:30  815.30  816.00  814.75    815.50  ...    818.469257  NaN   NaN       NaN        NaN
4     2025-04-22 09:19:00+05:30  815.55  815.75  814.50    814.60  ...    818.348342  NaN   NaN       NaN        NaN
..                          ...     ...     ...     ...       ...  ...           ...  ...   ...       ...        ...
590  2025-04-23 10:38:23.742518     NaN     NaN     NaN  81775.00  ...  80564.373766  NaN   NaN       NaN        NaN
591  2025-04-23 10:38:23.996415     NaN     NaN     NaN  81775.00  ...  80602.205836  NaN   NaN       NaN        NaN
592  2025-04-23 10:38:23.996415     NaN     NaN     NaN  81775.00  ...  80638.855653  NaN   NaN       NaN        NaN
593  2025-04-23 10:38:23.996415     NaN     NaN     NaN  81775.00  ...  80674.360164  NaN   NaN       NaN        NaN
594  2025-04-23 10:38:23.996415     NaN     NaN     NaN  81775.00  ...  80708.755159  NaN   NaN       NaN        NaN

[595 rows x 13 columns]
2025-04-23 10:38:24,422 INFO:Final row: {'timestamp': Timestamp('2025-04-23 10:38:23.996415'), 'open': nan, 'high': nan, 'low': nan, 'close': 81775.0, 'volume': nan, 'short': 81775.87792016217, 'middle': 81782.74480587494, 'long': 80708.7551591455, 'buy': nan, 'sell': nan, 'buy_exit': nan, 'sell_exit': nan}
2025-04-23 10:38:24,422 INFO:Buy exit signal received
2025-04-23 10:38:24,422 INFO:Sell exit signal received
2025-04-23 10:38:24,422 INFO:Entering while loop with trade_count: 2
2025-04-23 10:38:24,488 INFO:Combined historical with live algo:                       timestamp    open    high     low     close  ...          long  buy  sell  buy_exit  sell_exit
0     2025-04-22 09:15:00+05:30  821.10  821.10  817.00    818.80  ...    818.800000  NaN   NaN       NaN        NaN
1     2025-04-22 09:16:00+05:30  818.75  818.75  814.60    814.60  ...    818.668750  NaN   NaN       NaN        NaN
2     2025-04-22 09:17:00+05:30  814.60  816.00  814.00    815.35  ...    818.565039  NaN   NaN       NaN        NaN
3     2025-04-22 09:18:00+05:30  815.30  816.00  814.75    815.50  ...    818.469257  NaN   NaN       NaN        NaN
4     2025-04-22 09:19:00+05:30  815.55  815.75  814.50    814.60  ...    818.348342  NaN   NaN       NaN        NaN
..                          ...     ...     ...     ...       ...  ...           ...  ...   ...       ...        ...
591  2025-04-23 10:38:23.996415     NaN     NaN     NaN  81775.00  ...  80602.205836  NaN   NaN       NaN        NaN
592  2025-04-23 10:38:23.996415     NaN     NaN     NaN  81775.00  ...  80638.855653  NaN   NaN       NaN        NaN
593  2025-04-23 10:38:23.996415     NaN     NaN     NaN  81775.00  ...  80674.360164  NaN   NaN       NaN        NaN
594  2025-04-23 10:38:23.996415     NaN     NaN     NaN  81775.00  ...  80708.755159  NaN   NaN       NaN        NaN
595  2025-04-23 10:38:23.996415     NaN     NaN     NaN  81775.00  ...  80742.075310  NaN   NaN       NaN        NaN

[596 rows x 13 columns]
2025-04-23 10:38:24,488 INFO:Final row: {'timestamp': Timestamp('2025-04-23 10:38:23.996415'), 'open': nan, 'high': nan, 'low': nan, 'close': 81775.0, 'volume': nan, 'short': 81775.58528010812, 'middle': 81782.04073261359, 'long': 80742.0753104222, 'buy': nan, 'sell': nan, 'buy_exit': nan, 'sell_exit': nan}
2025-04-23 10:38:24,491 INFO:Buy exit signal received
2025-04-23 10:38:24,491 INFO:Sell exit signal received
2025-04-23 10:38:24,491 INFO:Entering while loop with trade_count: 2
2025-04-23 10:38:24,559 INFO:Combined historical with live algo:                       timestamp    open    high     low     close  ...          long  buy  sell  buy_exit  sell_exit
0     2025-04-22 09:15:00+05:30  821.10  821.10  817.00    818.80  ...    818.800000  NaN   NaN       NaN        NaN
1     2025-04-22 09:16:00+05:30  818.75  818.75  814.60    814.60  ...    818.668750  NaN   NaN       NaN        NaN
2     2025-04-22 09:17:00+05:30  814.60  816.00  814.00    815.35  ...    818.565039  NaN   NaN       NaN        NaN
3     2025-04-22 09:18:00+05:30  815.30  816.00  814.75    815.50  ...    818.469257  NaN   NaN       NaN        NaN
4     2025-04-22 09:19:00+05:30  815.55  815.75  814.50    814.60  ...    818.348342  NaN   NaN       NaN        NaN
..                          ...     ...     ...     ...       ...  ...           ...  ...   ...       ...        ...
592  2025-04-23 10:38:23.996415     NaN     NaN     NaN  81775.00  ...  80638.855653  NaN   NaN       NaN        NaN
593  2025-04-23 10:38:23.996415     NaN     NaN     NaN  81775.00  ...  80674.360164  NaN   NaN       NaN        NaN
594  2025-04-23 10:38:23.996415     NaN     NaN     NaN  81775.00  ...  80708.755159  NaN   NaN       NaN        NaN
595  2025-04-23 10:38:23.996415     NaN     NaN     NaN  81775.00  ...  80742.075310  NaN   NaN       NaN        NaN
596  2025-04-23 10:38:23.996415     NaN     NaN     NaN  81775.00  ...  80774.354207  NaN   NaN       NaN        NaN

[597 rows x 13 columns]
2025-04-23 10:38:24,559 INFO:Final row: {'timestamp': Timestamp('2025-04-23 10:38:23.996415'), 'open': nan, 'high': nan, 'low': nan, 'close': 81775.0, 'volume': nan, 'short': 81775.39018673875, 'middle': 81781.40066601236, 'long': 80774.3542069715, 'buy': nan, 'sell': nan, 'buy_exit': nan, 'sell_exit': nan}
2025-04-23 10:38:24,559 INFO:Buy exit signal received
2025-04-23 10:38:24,559 INFO:Sell exit signal received
2025-04-23 10:38:24,559 INFO:Entering while loop with trade_count: 2
2025-04-23 10:38:24,646 INFO:Combined historical with live algo:                       timestamp    open    high     low     close  ...          long  buy  sell  buy_exit  sell_exit
0     2025-04-22 09:15:00+05:30  821.10  821.10  817.00    818.80  ...    818.800000  NaN   NaN       NaN        NaN
1     2025-04-22 09:16:00+05:30  818.75  818.75  814.60    814.60  ...    818.668750  NaN   NaN       NaN        NaN
2     2025-04-22 09:17:00+05:30  814.60  816.00  814.00    815.35  ...    818.565039  NaN   NaN       NaN        NaN
3     2025-04-22 09:18:00+05:30  815.30  816.00  814.75    815.50  ...    818.469257  NaN   NaN       NaN        NaN
4     2025-04-22 09:19:00+05:30  815.55  815.75  814.50    814.60  ...    818.348342  NaN   NaN       NaN        NaN
..                          ...     ...     ...     ...       ...  ...           ...  ...   ...       ...        ...
593  2025-04-23 10:38:23.996415     NaN     NaN     NaN  81775.00  ...  80674.360164  NaN   NaN       NaN        NaN
594  2025-04-23 10:38:23.996415     NaN     NaN     NaN  81775.00  ...  80708.755159  NaN   NaN       NaN        NaN
595  2025-04-23 10:38:23.996415     NaN     NaN     NaN  81775.00  ...  80742.075310  NaN   NaN       NaN        NaN
596  2025-04-23 10:38:23.996415     NaN     NaN     NaN  81775.00  ...  80774.354207  NaN   NaN       NaN        NaN
597  2025-04-23 10:38:23.996415     NaN     NaN     NaN  81775.00  ...  80805.624388  NaN   NaN       NaN        NaN

[598 rows x 13 columns]
2025-04-23 10:38:24,652 INFO:Final row: {'timestamp': Timestamp('2025-04-23 10:38:23.996415'), 'open': nan, 'high': nan, 'low': nan, 'close': 81775.0, 'volume': nan, 'short': 81775.2601244925, 'middle': 81780.81878728396, 'long': 80805.62438800365, 'buy': nan, 'sell': nan, 'buy_exit': nan, 'sell_exit': nan}
2025-04-23 10:38:24,652 INFO:Buy exit signal received
2025-04-23 10:38:24,652 INFO:Sell exit signal received
2025-04-23 10:38:24,652 INFO:Entering while loop with trade_count: 2
2025-04-23 10:38:24,724 INFO:Combined historical with live algo:                       timestamp    open    high     low     close  ...          long  buy  sell  buy_exit  sell_exit
0     2025-04-22 09:15:00+05:30  821.10  821.10  817.00    818.80  ...    818.800000  NaN   NaN       NaN        NaN
1     2025-04-22 09:16:00+05:30  818.75  818.75  814.60    814.60  ...    818.668750  NaN   NaN       NaN        NaN
2     2025-04-22 09:17:00+05:30  814.60  816.00  814.00    815.35  ...    818.565039  NaN   NaN       NaN        NaN
3     2025-04-22 09:18:00+05:30  815.30  816.00  814.75    815.50  ...    818.469257  NaN   NaN       NaN        NaN
4     2025-04-22 09:19:00+05:30  815.55  815.75  814.50    814.60  ...    818.348342  NaN   NaN       NaN        NaN
..                          ...     ...     ...     ...       ...  ...           ...  ...   ...       ...        ...
594  2025-04-23 10:38:23.996415     NaN     NaN     NaN  81775.00  ...  80708.755159  NaN   NaN       NaN        NaN
595  2025-04-23 10:38:23.996415     NaN     NaN     NaN  81775.00  ...  80742.075310  NaN   NaN       NaN        NaN
596  2025-04-23 10:38:23.996415     NaN     NaN     NaN  81775.00  ...  80774.354207  NaN   NaN       NaN        NaN
597  2025-04-23 10:38:23.996415     NaN     NaN     NaN  81775.00  ...  80805.624388  NaN   NaN       NaN        NaN
598  2025-04-23 10:38:23.996415     NaN     NaN     NaN  81775.00  ...  80835.917376  NaN   NaN       NaN        NaN

[599 rows x 13 columns]
2025-04-23 10:38:24,724 INFO:Final row: {'timestamp': Timestamp('2025-04-23 10:38:23.996415'), 'open': nan, 'high': nan, 'low': nan, 'close': 81775.0, 'volume': nan, 'short': 81775.17341632834, 'middle': 81780.28980662179, 'long': 80835.91737587853, 'buy': nan, 'sell': nan, 'buy_exit': nan, 'sell_exit': nan}
2025-04-23 10:38:24,724 INFO:Buy exit signal received
2025-04-23 10:38:24,724 INFO:Sell exit signal received
2025-04-23 10:38:24,724 INFO:Entering while loop with trade_count: 2
2025-04-23 10:38:24,804 INFO:Combined historical with live algo:                       timestamp    open    high     low     close  ...          long  buy  sell  buy_exit  sell_exit
0     2025-04-22 09:15:00+05:30  821.10  821.10  817.00    818.80  ...    818.800000  NaN   NaN       NaN        NaN
1     2025-04-22 09:16:00+05:30  818.75  818.75  814.60    814.60  ...    818.668750  NaN   NaN       NaN        NaN
2     2025-04-22 09:17:00+05:30  814.60  816.00  814.00    815.35  ...    818.565039  NaN   NaN       NaN        NaN
3     2025-04-22 09:18:00+05:30  815.30  816.00  814.75    815.50  ...    818.469257  NaN   NaN       NaN        NaN
4     2025-04-22 09:19:00+05:30  815.55  815.75  814.50    814.60  ...    818.348342  NaN   NaN       NaN        NaN
..                          ...     ...     ...     ...       ...  ...           ...  ...   ...       ...        ...
595  2025-04-23 10:38:23.996415     NaN     NaN     NaN  81775.00  ...  80742.075310  NaN   NaN       NaN        NaN
596  2025-04-23 10:38:23.996415     NaN     NaN     NaN  81775.00  ...  80774.354207  NaN   NaN       NaN        NaN
597  2025-04-23 10:38:23.996415     NaN     NaN     NaN  81775.00  ...  80805.624388  NaN   NaN       NaN        NaN
598  2025-04-23 10:38:23.996415     NaN     NaN     NaN  81775.00  ...  80835.917376  NaN   NaN       NaN        NaN
599  2025-04-23 10:38:23.996415     NaN     NaN     NaN  81775.00  ...  80865.263708  NaN   NaN       NaN        NaN

[600 rows x 13 columns]
2025-04-23 10:38:24,804 INFO:Final row: {'timestamp': Timestamp('2025-04-23 10:38:23.996415'), 'open': nan, 'high': nan, 'low': nan, 'close': 81775.0, 'volume': nan, 'short': 81775.11561088556, 'middle': 81779.80891511071, 'long': 80865.26370788233, 'buy': nan, 'sell': nan, 'buy_exit': nan, 'sell_exit': nan}
2025-04-23 10:38:24,804 INFO:Buy exit signal received
2025-04-23 10:38:24,804 INFO:Sell exit signal received
2025-04-23 10:38:24,804 INFO:Entering while loop with trade_count: 2
2025-04-23 10:38:24,880 INFO:Combined historical with live algo:                       timestamp    open    high     low     close  ...          long  buy  sell  buy_exit  sell_exit
0     2025-04-22 09:15:00+05:30  821.10  821.10  817.00    818.80  ...    818.800000  NaN   NaN       NaN        NaN
1     2025-04-22 09:16:00+05:30  818.75  818.75  814.60    814.60  ...    818.668750  NaN   NaN       NaN        NaN
2     2025-04-22 09:17:00+05:30  814.60  816.00  814.00    815.35  ...    818.565039  NaN   NaN       NaN        NaN
3     2025-04-22 09:18:00+05:30  815.30  816.00  814.75    815.50  ...    818.469257  NaN   NaN       NaN        NaN
4     2025-04-22 09:19:00+05:30  815.55  815.75  814.50    814.60  ...    818.348342  NaN   NaN       NaN        NaN
..                          ...     ...     ...     ...       ...  ...           ...  ...   ...       ...        ...
596  2025-04-23 10:38:23.996415     NaN     NaN     NaN  81775.00  ...  80774.354207  NaN   NaN       NaN        NaN
597  2025-04-23 10:38:23.996415     NaN     NaN     NaN  81775.00  ...  80805.624388  NaN   NaN       NaN        NaN
598  2025-04-23 10:38:23.996415     NaN     NaN     NaN  81775.00  ...  80835.917376  NaN   NaN       NaN        NaN
599  2025-04-23 10:38:23.996415     NaN     NaN     NaN  81775.00  ...  80865.263708  NaN   NaN       NaN        NaN
600  2025-04-23 10:38:23.996415     NaN     NaN     NaN  81775.00  ...  80893.692967  NaN   NaN       NaN        NaN

[601 rows x 13 columns]
2025-04-23 10:38:24,882 INFO:Final row: {'timestamp': Timestamp('2025-04-23 10:38:23.996415'), 'open': nan, 'high': nan, 'low': nan, 'close': 81775.0, 'volume': nan, 'short': 81775.07707392372, 'middle': 81779.37174100975, 'long': 80893.69296701101, 'buy': nan, 'sell': nan, 'buy_exit': nan, 'sell_exit': nan}
2025-04-23 10:38:24,882 INFO:Buy exit signal received
2025-04-23 10:38:24,882 INFO:Sell exit signal received
2025-04-23 10:38:24,882 INFO:Entering while loop with trade_count: 2
2025-04-23 10:38:24,918 INFO:Combined historical with live algo:                       timestamp    open    high     low     close  ...          long  buy  sell  buy_exit  sell_exit
0     2025-04-22 09:15:00+05:30  821.10  821.10  817.00    818.80  ...    818.800000  NaN   NaN       NaN        NaN
1     2025-04-22 09:16:00+05:30  818.75  818.75  814.60    814.60  ...    818.668750  NaN   NaN       NaN        NaN
2     2025-04-22 09:17:00+05:30  814.60  816.00  814.00    815.35  ...    818.565039  NaN   NaN       NaN        NaN
3     2025-04-22 09:18:00+05:30  815.30  816.00  814.75    815.50  ...    818.469257  NaN   NaN       NaN        NaN
4     2025-04-22 09:19:00+05:30  815.55  815.75  814.50    814.60  ...    818.348342  NaN   NaN       NaN        NaN
..                          ...     ...     ...     ...       ...  ...           ...  ...   ...       ...        ...
597  2025-04-23 10:38:23.996415     NaN     NaN     NaN  81775.00  ...  80805.624388  NaN   NaN       NaN        NaN
598  2025-04-23 10:38:23.996415     NaN     NaN     NaN  81775.00  ...  80835.917376  NaN   NaN       NaN        NaN
599  2025-04-23 10:38:23.996415     NaN     NaN     NaN  81775.00  ...  80865.263708  NaN   NaN       NaN        NaN
600  2025-04-23 10:38:23.996415     NaN     NaN     NaN  81775.00  ...  80893.692967  NaN   NaN       NaN        NaN
601  2025-04-23 10:38:24.828782     NaN     NaN     NaN  81775.00  ...  80921.233812  NaN   NaN       NaN        NaN

[602 rows x 13 columns]
2025-04-23 10:38:24,933 INFO:Final row: {'timestamp': Timestamp('2025-04-23 10:38:24.828782'), 'open': nan, 'high': nan, 'low': nan, 'close': 81775.0, 'volume': nan, 'short': 81775.05138261581, 'middle': 81778.97431000885, 'long': 80921.23381179191, 'buy': nan, 'sell': nan, 'buy_exit': nan, 'sell_exit': nan}
2025-04-23 10:38:24,934 INFO:Buy exit signal received
2025-04-23 10:38:24,934 INFO:Sell exit signal received
2025-04-23 10:38:24,934 INFO:Entering while loop with trade_count: 2
2025-04-23 10:38:24,984 INFO:Combined historical with live algo:                       timestamp    open    high     low     close  ...          long  buy  sell  buy_exit  sell_exit
0     2025-04-22 09:15:00+05:30  821.10  821.10  817.00    818.80  ...    818.800000  NaN   NaN       NaN        NaN
1     2025-04-22 09:16:00+05:30  818.75  818.75  814.60    814.60  ...    818.668750  NaN   NaN       NaN        NaN
2     2025-04-22 09:17:00+05:30  814.60  816.00  814.00    815.35  ...    818.565039  NaN   NaN       NaN        NaN
3     2025-04-22 09:18:00+05:30  815.30  816.00  814.75    815.50  ...    818.469257  NaN   NaN       NaN        NaN
4     2025-04-22 09:19:00+05:30  815.55  815.75  814.50    814.60  ...    818.348342  NaN   NaN       NaN        NaN
..                          ...     ...     ...     ...       ...  ...           ...  ...   ...       ...        ...
598  2025-04-23 10:38:23.996415     NaN     NaN     NaN  81775.00  ...  80835.917376  NaN   NaN       NaN        NaN
599  2025-04-23 10:38:23.996415     NaN     NaN     NaN  81775.00  ...  80865.263708  NaN   NaN       NaN        NaN
600  2025-04-23 10:38:23.996415     NaN     NaN     NaN  81775.00  ...  80893.692967  NaN   NaN       NaN        NaN
601  2025-04-23 10:38:24.828782     NaN     NaN     NaN  81775.00  ...  80921.233812  NaN   NaN       NaN        NaN
602  2025-04-23 10:38:24.828782     NaN     NaN     NaN  81775.00  ...  80947.914005  NaN   NaN       NaN        NaN

[603 rows x 13 columns]
2025-04-23 10:38:24,985 INFO:Final row: {'timestamp': Timestamp('2025-04-23 10:38:24.828782'), 'open': nan, 'high': nan, 'low': nan, 'close': 81775.0, 'volume': nan, 'short': 81775.03425507722, 'middle': 81778.61300909896, 'long': 80947.91400517341, 'buy': nan, 'sell': nan, 'buy_exit': nan, 'sell_exit': nan}
2025-04-23 10:38:24,985 INFO:Buy exit signal received
2025-04-23 10:38:24,985 INFO:Sell exit signal received
2025-04-23 10:38:24,985 INFO:Entering while loop with trade_count: 2
2025-04-23 10:38:25,035 INFO:Combined historical with live algo:                       timestamp    open    high     low     close  ...          long  buy  sell  buy_exit  sell_exit
0     2025-04-22 09:15:00+05:30  821.10  821.10  817.00    818.80  ...    818.800000  NaN   NaN       NaN        NaN
1     2025-04-22 09:16:00+05:30  818.75  818.75  814.60    814.60  ...    818.668750  NaN   NaN       NaN        NaN
2     2025-04-22 09:17:00+05:30  814.60  816.00  814.00    815.35  ...    818.565039  NaN   NaN       NaN        NaN
3     2025-04-22 09:18:00+05:30  815.30  816.00  814.75    815.50  ...    818.469257  NaN   NaN       NaN        NaN
4     2025-04-22 09:19:00+05:30  815.55  815.75  814.50    814.60  ...    818.348342  NaN   NaN       NaN        NaN
..                          ...     ...     ...     ...       ...  ...           ...  ...   ...       ...        ...
599  2025-04-23 10:38:23.996415     NaN     NaN     NaN  81775.00  ...  80865.263708  NaN   NaN       NaN        NaN
600  2025-04-23 10:38:23.996415     NaN     NaN     NaN  81775.00  ...  80893.692967  NaN   NaN       NaN        NaN
601  2025-04-23 10:38:24.828782     NaN     NaN     NaN  81775.00  ...  80921.233812  NaN   NaN       NaN        NaN
602  2025-04-23 10:38:24.828782     NaN     NaN     NaN  81775.00  ...  80947.914005  NaN   NaN       NaN        NaN
603  2025-04-23 10:38:24.828782     NaN     NaN     NaN  81775.00  ...  80973.760443  NaN   NaN       NaN        NaN

[604 rows x 13 columns]
2025-04-23 10:38:25,035 INFO:Final row: {'timestamp': Timestamp('2025-04-23 10:38:24.828782'), 'open': nan, 'high': nan, 'low': nan, 'close': 81775.0, 'volume': nan, 'short': 81775.02283671816, 'middle': 81778.28455372633, 'long': 80973.76044251175, 'buy': nan, 'sell': nan, 'buy_exit': nan, 'sell_exit': nan}
2025-04-23 10:38:25,035 INFO:Buy exit signal received
2025-04-23 10:38:25,035 INFO:Sell exit signal received
2025-04-23 10:38:25,035 INFO:Entering while loop with trade_count: 2
2025-04-23 10:38:25,095 INFO:Combined historical with live algo:                       timestamp    open    high     low     close  ...          long  buy  sell  buy_exit  sell_exit
0     2025-04-22 09:15:00+05:30  821.10  821.10  817.00    818.80  ...    818.800000  NaN   NaN       NaN        NaN
1     2025-04-22 09:16:00+05:30  818.75  818.75  814.60    814.60  ...    818.668750  NaN   NaN       NaN        NaN
2     2025-04-22 09:17:00+05:30  814.60  816.00  814.00    815.35  ...    818.565039  NaN   NaN       NaN        NaN
3     2025-04-22 09:18:00+05:30  815.30  816.00  814.75    815.50  ...    818.469257  NaN   NaN       NaN        NaN
4     2025-04-22 09:19:00+05:30  815.55  815.75  814.50    814.60  ...    818.348342  NaN   NaN       NaN        NaN
..                          ...     ...     ...     ...       ...  ...           ...  ...   ...       ...        ...
600  2025-04-23 10:38:23.996415     NaN     NaN     NaN  81775.00  ...  80893.692967  NaN   NaN       NaN        NaN
601  2025-04-23 10:38:24.828782     NaN     NaN     NaN  81775.00  ...  80921.233812  NaN   NaN       NaN        NaN
602  2025-04-23 10:38:24.828782     NaN     NaN     NaN  81775.00  ...  80947.914005  NaN   NaN       NaN        NaN
603  2025-04-23 10:38:24.828782     NaN     NaN     NaN  81775.00  ...  80973.760443  NaN   NaN       NaN        NaN
604  2025-04-23 10:38:24.828782     NaN     NaN     NaN  81775.00  ...  80998.799179  NaN   NaN       NaN        NaN

[605 rows x 13 columns]
2025-04-23 10:38:25,095 INFO:Final row: {'timestamp': Timestamp('2025-04-23 10:38:24.828782'), 'open': nan, 'high': nan, 'low': nan, 'close': 81775.0, 'volume': nan, 'short': 81775.01522447878, 'middle': 81777.98595793304, 'long': 80998.79917868326, 'buy': nan, 'sell': nan, 'buy_exit': nan, 'sell_exit': nan}
2025-04-23 10:38:25,095 INFO:Buy exit signal received
2025-04-23 10:38:25,095 INFO:Sell exit signal received
2025-04-23 10:38:25,095 INFO:Entering while loop with trade_count: 2
2025-04-23 10:38:25,180 INFO:Combined historical with live algo:                       timestamp    open    high     low     close  ...          long  buy  sell  buy_exit  sell_exit
0     2025-04-22 09:15:00+05:30  821.10  821.10  817.00    818.80  ...    818.800000  NaN   NaN       NaN        NaN
1     2025-04-22 09:16:00+05:30  818.75  818.75  814.60    814.60  ...    818.668750  NaN   NaN       NaN        NaN
2     2025-04-22 09:17:00+05:30  814.60  816.00  814.00    815.35  ...    818.565039  NaN   NaN       NaN        NaN
3     2025-04-22 09:18:00+05:30  815.30  816.00  814.75    815.50  ...    818.469257  NaN   NaN       NaN        NaN
4     2025-04-22 09:19:00+05:30  815.55  815.75  814.50    814.60  ...    818.348342  NaN   NaN       NaN        NaN
..                          ...     ...     ...     ...       ...  ...           ...  ...   ...       ...        ...
601  2025-04-23 10:38:24.828782     NaN     NaN     NaN  81775.00  ...  80921.233812  NaN   NaN       NaN        NaN
602  2025-04-23 10:38:24.828782     NaN     NaN     NaN  81775.00  ...  80947.914005  NaN   NaN       NaN        NaN
603  2025-04-23 10:38:24.828782     NaN     NaN     NaN  81775.00  ...  80973.760443  NaN   NaN       NaN        NaN
604  2025-04-23 10:38:24.828782     NaN     NaN     NaN  81775.00  ...  80998.799179  NaN   NaN       NaN        NaN
605  2025-04-23 10:38:24.828782     NaN     NaN     NaN  81775.00  ...  81023.055454  NaN   NaN       NaN        NaN

[606 rows x 13 columns]
2025-04-23 10:38:25,180 INFO:Final row: {'timestamp': Timestamp('2025-04-23 10:38:24.828782'), 'open': nan, 'high': nan, 'low': nan, 'close': 81775.0, 'volume': nan, 'short': 81775.01014965252, 'middle': 81777.71450721186, 'long': 81023.0554543494, 'buy': nan, 'sell': nan, 'buy_exit': nan, 'sell_exit': nan}
2025-04-23 10:38:25,180 INFO:Buy exit signal received
2025-04-23 10:38:25,180 INFO:Sell exit signal received
2025-04-23 10:38:25,180 INFO:Entering while loop with trade_count: 2
2025-04-23 10:38:25,242 INFO:Combined historical with live algo:                       timestamp    open    high     low     close  ...          long  buy  sell  buy_exit  sell_exit
0     2025-04-22 09:15:00+05:30  821.10  821.10  817.00    818.80  ...    818.800000  NaN   NaN       NaN        NaN
1     2025-04-22 09:16:00+05:30  818.75  818.75  814.60    814.60  ...    818.668750  NaN   NaN       NaN        NaN
2     2025-04-22 09:17:00+05:30  814.60  816.00  814.00    815.35  ...    818.565039  NaN   NaN       NaN        NaN
3     2025-04-22 09:18:00+05:30  815.30  816.00  814.75    815.50  ...    818.469257  NaN   NaN       NaN        NaN
4     2025-04-22 09:19:00+05:30  815.55  815.75  814.50    814.60  ...    818.348342  NaN   NaN       NaN        NaN
..                          ...     ...     ...     ...       ...  ...           ...  ...   ...       ...        ...
602  2025-04-23 10:38:24.828782     NaN     NaN     NaN  81775.00  ...  80947.914005  NaN   NaN       NaN        NaN
603  2025-04-23 10:38:24.828782     NaN     NaN     NaN  81775.00  ...  80973.760443  NaN   NaN       NaN        NaN
604  2025-04-23 10:38:24.828782     NaN     NaN     NaN  81775.00  ...  80998.799179  NaN   NaN       NaN        NaN
605  2025-04-23 10:38:24.828782     NaN     NaN     NaN  81775.00  ...  81023.055454  NaN   NaN       NaN        NaN
606  2025-04-23 10:38:24.828782     NaN     NaN     NaN  81775.00  ...  81046.553721  NaN   NaN       NaN        NaN

[607 rows x 13 columns]
2025-04-23 10:38:25,242 INFO:Final row: {'timestamp': Timestamp('2025-04-23 10:38:24.828782'), 'open': nan, 'high': nan, 'low': nan, 'close': 81775.0, 'volume': nan, 'short': 81775.00676643502, 'middle': 81777.46773382896, 'long': 81046.55372140098, 'buy': nan, 'sell': nan, 'buy_exit': nan, 'sell_exit': nan}
2025-04-23 10:38:25,242 INFO:Buy exit signal received
2025-04-23 10:38:25,242 INFO:Sell exit signal received
2025-04-23 10:38:25,242 INFO:Entering while loop with trade_count: 2
2025-04-23 10:38:25,309 INFO:Combined historical with live algo:                       timestamp    open    high     low     close  ...          long  buy  sell  buy_exit  sell_exit
0     2025-04-22 09:15:00+05:30  821.10  821.10  817.00    818.80  ...    818.800000  NaN   NaN       NaN        NaN
1     2025-04-22 09:16:00+05:30  818.75  818.75  814.60    814.60  ...    818.668750  NaN   NaN       NaN        NaN
2     2025-04-22 09:17:00+05:30  814.60  816.00  814.00    815.35  ...    818.565039  NaN   NaN       NaN        NaN
3     2025-04-22 09:18:00+05:30  815.30  816.00  814.75    815.50  ...    818.469257  NaN   NaN       NaN        NaN
4     2025-04-22 09:19:00+05:30  815.55  815.75  814.50    814.60  ...    818.348342  NaN   NaN       NaN        NaN
..                          ...     ...     ...     ...       ...  ...           ...  ...   ...       ...        ...
603  2025-04-23 10:38:24.828782     NaN     NaN     NaN  81775.00  ...  80973.760443  NaN   NaN       NaN        NaN
604  2025-04-23 10:38:24.828782     NaN     NaN     NaN  81775.00  ...  80998.799179  NaN   NaN       NaN        NaN
605  2025-04-23 10:38:24.828782     NaN     NaN     NaN  81775.00  ...  81023.055454  NaN   NaN       NaN        NaN
606  2025-04-23 10:38:24.828782     NaN     NaN     NaN  81775.00  ...  81046.553721  NaN   NaN       NaN        NaN
607  2025-04-23 10:38:24.828782     NaN     NaN     NaN  81775.00  ...  81069.317668  NaN   NaN       NaN        NaN

[608 rows x 13 columns]
2025-04-23 10:38:25,309 INFO:Final row: {'timestamp': Timestamp('2025-04-23 10:38:24.828782'), 'open': nan, 'high': nan, 'low': nan, 'close': 81775.0, 'volume': nan, 'short': 81775.00451095669, 'middle': 81777.24339438997, 'long': 81069.3176676072, 'buy': nan, 'sell': nan, 'buy_exit': nan, 'sell_exit': nan}
2025-04-23 10:38:25,309 INFO:Buy exit signal received
2025-04-23 10:38:25,309 INFO:Sell exit signal received
2025-04-23 10:38:25,309 INFO:Entering while loop with trade_count: 2
2025-04-23 10:38:25,384 INFO:Combined historical with live algo:                       timestamp    open    high     low     close  ...          long  buy  sell  buy_exit  sell_exit
0     2025-04-22 09:15:00+05:30  821.10  821.10  817.00    818.80  ...    818.800000  NaN   NaN       NaN        NaN
1     2025-04-22 09:16:00+05:30  818.75  818.75  814.60    814.60  ...    818.668750  NaN   NaN       NaN        NaN
2     2025-04-22 09:17:00+05:30  814.60  816.00  814.00    815.35  ...    818.565039  NaN   NaN       NaN        NaN
3     2025-04-22 09:18:00+05:30  815.30  816.00  814.75    815.50  ...    818.469257  NaN   NaN       NaN        NaN
4     2025-04-22 09:19:00+05:30  815.55  815.75  814.50    814.60  ...    818.348342  NaN   NaN       NaN        NaN
..                          ...     ...     ...     ...       ...  ...           ...  ...   ...       ...        ...
604  2025-04-23 10:38:24.828782     NaN     NaN     NaN  81775.00  ...  80998.799179  NaN   NaN       NaN        NaN
605  2025-04-23 10:38:24.828782     NaN     NaN     NaN  81775.00  ...  81023.055454  NaN   NaN       NaN        NaN
606  2025-04-23 10:38:24.828782     NaN     NaN     NaN  81775.00  ...  81046.553721  NaN   NaN       NaN        NaN
607  2025-04-23 10:38:24.828782     NaN     NaN     NaN  81775.00  ...  81069.317668  NaN   NaN       NaN        NaN
608  2025-04-23 10:38:24.828782     NaN     NaN     NaN  81775.00  ...  81091.370240  NaN   NaN       NaN        NaN

[609 rows x 13 columns]
2025-04-23 10:38:25,385 INFO:Final row: {'timestamp': Timestamp('2025-04-23 10:38:24.828782'), 'open': nan, 'high': nan, 'low': nan, 'close': 81775.0, 'volume': nan, 'short': 81775.00300730446, 'middle': 81777.03944944542, 'long': 81091.37024049448, 'buy': nan, 'sell': nan, 'buy_exit': nan, 'sell_exit': nan}
2025-04-23 10:38:25,385 INFO:Buy exit signal received
2025-04-23 10:38:25,385 INFO:Sell exit signal received
2025-04-23 10:38:25,387 INFO:Entering while loop with trade_count: 2
2025-04-23 10:38:25,442 INFO:Combined historical with live algo:                       timestamp    open    high     low     close  ...          long  buy  sell  buy_exit  sell_exit
0     2025-04-22 09:15:00+05:30  821.10  821.10  817.00    818.80  ...    818.800000  NaN   NaN       NaN        NaN
1     2025-04-22 09:16:00+05:30  818.75  818.75  814.60    814.60  ...    818.668750  NaN   NaN       NaN        NaN
2     2025-04-22 09:17:00+05:30  814.60  816.00  814.00    815.35  ...    818.565039  NaN   NaN       NaN        NaN
3     2025-04-22 09:18:00+05:30  815.30  816.00  814.75    815.50  ...    818.469257  NaN   NaN       NaN        NaN
4     2025-04-22 09:19:00+05:30  815.55  815.75  814.50    814.60  ...    818.348342  NaN   NaN       NaN        NaN
..                          ...     ...     ...     ...       ...  ...           ...  ...   ...       ...        ...
605  2025-04-23 10:38:24.828782     NaN     NaN     NaN  81775.00  ...  81023.055454  NaN   NaN       NaN        NaN
606  2025-04-23 10:38:24.828782     NaN     NaN     NaN  81775.00  ...  81046.553721  NaN   NaN       NaN        NaN
607  2025-04-23 10:38:24.828782     NaN     NaN     NaN  81775.00  ...  81069.317668  NaN   NaN       NaN        NaN
608  2025-04-23 10:38:24.828782     NaN     NaN     NaN  81775.00  ...  81091.370240  NaN   NaN       NaN        NaN
609  2025-04-23 10:38:24.828782     NaN     NaN     NaN  81775.00  ...  81112.733670  NaN   NaN       NaN        NaN

[610 rows x 13 columns]
2025-04-23 10:38:25,444 INFO:Final row: {'timestamp': Timestamp('2025-04-23 10:38:24.828782'), 'open': nan, 'high': nan, 'low': nan, 'close': 81775.0, 'volume': nan, 'short': 81775.00200486965, 'middle': 81776.85404495038, 'long': 81112.73367047902, 'buy': nan, 'sell': nan, 'buy_exit': nan, 'sell_exit': nan}
2025-04-23 10:38:25,444 INFO:Buy exit signal received
2025-04-23 10:38:25,444 INFO:Sell exit signal received
2025-04-23 10:38:25,445 INFO:Entering while loop with trade_count: 2
2025-04-23 10:38:25,501 INFO:Combined historical with live algo:                       timestamp    open    high     low     close  ...          long  buy  sell  buy_exit  sell_exit
0     2025-04-22 09:15:00+05:30  821.10  821.10  817.00    818.80  ...    818.800000  NaN   NaN       NaN        NaN
1     2025-04-22 09:16:00+05:30  818.75  818.75  814.60    814.60  ...    818.668750  NaN   NaN       NaN        NaN
2     2025-04-22 09:17:00+05:30  814.60  816.00  814.00    815.35  ...    818.565039  NaN   NaN       NaN        NaN
3     2025-04-22 09:18:00+05:30  815.30  816.00  814.75    815.50  ...    818.469257  NaN   NaN       NaN        NaN
4     2025-04-22 09:19:00+05:30  815.55  815.75  814.50    814.60  ...    818.348342  NaN   NaN       NaN        NaN
..                          ...     ...     ...     ...       ...  ...           ...  ...   ...       ...        ...
606  2025-04-23 10:38:24.828782     NaN     NaN     NaN  81775.00  ...  81046.553721  NaN   NaN       NaN        NaN
607  2025-04-23 10:38:24.828782     NaN     NaN     NaN  81775.00  ...  81069.317668  NaN   NaN       NaN        NaN
608  2025-04-23 10:38:24.828782     NaN     NaN     NaN  81775.00  ...  81091.370240  NaN   NaN       NaN        NaN
609  2025-04-23 10:38:24.828782     NaN     NaN     NaN  81775.00  ...  81112.733670  NaN   NaN       NaN        NaN
610  2025-04-23 10:38:24.828782     NaN     NaN     NaN  81775.00  ...  81133.429493  NaN   NaN       NaN        NaN

[611 rows x 13 columns]
2025-04-23 10:38:25,501 INFO:Final row: {'timestamp': Timestamp('2025-04-23 10:38:24.828782'), 'open': nan, 'high': nan, 'low': nan, 'close': 81775.0, 'volume': nan, 'short': 81775.00133657976, 'middle': 81776.68549540943, 'long': 81133.42949327655, 'buy': nan, 'sell': nan, 'buy_exit': nan, 'sell_exit': nan}
2025-04-23 10:38:25,501 INFO:Buy exit signal received
2025-04-23 10:38:25,501 INFO:Sell exit signal received
2025-04-23 10:38:25,501 INFO:Entering while loop with trade_count: 2
2025-04-23 10:38:25,567 INFO:Combined historical with live algo:                       timestamp    open    high     low     close  ...          long  buy  sell  buy_exit  sell_exit
0     2025-04-22 09:15:00+05:30  821.10  821.10  817.00    818.80  ...    818.800000  NaN   NaN       NaN        NaN
1     2025-04-22 09:16:00+05:30  818.75  818.75  814.60    814.60  ...    818.668750  NaN   NaN       NaN        NaN
2     2025-04-22 09:17:00+05:30  814.60  816.00  814.00    815.35  ...    818.565039  NaN   NaN       NaN        NaN
3     2025-04-22 09:18:00+05:30  815.30  816.00  814.75    815.50  ...    818.469257  NaN   NaN       NaN        NaN
4     2025-04-22 09:19:00+05:30  815.55  815.75  814.50    814.60  ...    818.348342  NaN   NaN       NaN        NaN
..                          ...     ...     ...     ...       ...  ...           ...  ...   ...       ...        ...
607  2025-04-23 10:38:24.828782     NaN     NaN     NaN  81775.00  ...  81069.317668  NaN   NaN       NaN        NaN
608  2025-04-23 10:38:24.828782     NaN     NaN     NaN  81775.00  ...  81091.370240  NaN   NaN       NaN        NaN
609  2025-04-23 10:38:24.828782     NaN     NaN     NaN  81775.00  ...  81112.733670  NaN   NaN       NaN        NaN
610  2025-04-23 10:38:24.828782     NaN     NaN     NaN  81775.00  ...  81133.429493  NaN   NaN       NaN        NaN
611  2025-04-23 10:38:24.828782     NaN     NaN     NaN  81775.00  ...  81153.478572  NaN   NaN       NaN        NaN

[612 rows x 13 columns]
2025-04-23 10:38:25,568 INFO:Final row: {'timestamp': Timestamp('2025-04-23 10:38:24.828782'), 'open': nan, 'high': nan, 'low': nan, 'close': 81775.0, 'volume': nan, 'short': 81775.00089105318, 'middle': 81776.53226855403, 'long': 81153.47857161166, 'buy': nan, 'sell': nan, 'buy_exit': nan, 'sell_exit': nan}
2025-04-23 10:38:25,570 INFO:Buy exit signal received
2025-04-23 10:38:25,570 INFO:Sell exit signal received
2025-04-23 10:38:25,570 INFO:Entering while loop with trade_count: 2
2025-04-23 10:38:25,621 INFO:Combined historical with live algo:                       timestamp    open    high     low     close  ...          long  buy  sell  buy_exit  sell_exit
0     2025-04-22 09:15:00+05:30  821.10  821.10  817.00    818.80  ...    818.800000  NaN   NaN       NaN        NaN
1     2025-04-22 09:16:00+05:30  818.75  818.75  814.60    814.60  ...    818.668750  NaN   NaN       NaN        NaN
2     2025-04-22 09:17:00+05:30  814.60  816.00  814.00    815.35  ...    818.565039  NaN   NaN       NaN        NaN
3     2025-04-22 09:18:00+05:30  815.30  816.00  814.75    815.50  ...    818.469257  NaN   NaN       NaN        NaN
4     2025-04-22 09:19:00+05:30  815.55  815.75  814.50    814.60  ...    818.348342  NaN   NaN       NaN        NaN
..                          ...     ...     ...     ...       ...  ...           ...  ...   ...       ...        ...
608  2025-04-23 10:38:24.828782     NaN     NaN     NaN  81775.00  ...  81091.370240  NaN   NaN       NaN        NaN
609  2025-04-23 10:38:24.828782     NaN     NaN     NaN  81775.00  ...  81112.733670  NaN   NaN       NaN        NaN
610  2025-04-23 10:38:24.828782     NaN     NaN     NaN  81775.00  ...  81133.429493  NaN   NaN       NaN        NaN
611  2025-04-23 10:38:24.828782     NaN     NaN     NaN  81775.00  ...  81153.478572  NaN   NaN       NaN        NaN
612  2025-04-23 10:38:24.828782     NaN     NaN     NaN  81775.00  ...  81172.901116  NaN   NaN       NaN        NaN

[613 rows x 13 columns]
2025-04-23 10:38:25,621 INFO:Final row: {'timestamp': Timestamp('2025-04-23 10:38:24.828782'), 'open': nan, 'high': nan, 'low': nan, 'close': 81775.0, 'volume': nan, 'short': 81775.00059403546, 'middle': 81776.39297141276, 'long': 81172.9011162488, 'buy': nan, 'sell': nan, 'buy_exit': nan, 'sell_exit': nan}
2025-04-23 10:38:25,621 INFO:Buy exit signal received
2025-04-23 10:38:25,621 INFO:Sell exit signal received
2025-04-23 10:38:25,621 INFO:Entering while loop with trade_count: 2
2025-04-23 10:38:25,678 INFO:Combined historical with live algo:                       timestamp    open    high     low     close  ...          long  buy  sell  buy_exit  sell_exit
0     2025-04-22 09:15:00+05:30  821.10  821.10  817.00    818.80  ...    818.800000  NaN   NaN       NaN        NaN
1     2025-04-22 09:16:00+05:30  818.75  818.75  814.60    814.60  ...    818.668750  NaN   NaN       NaN        NaN
2     2025-04-22 09:17:00+05:30  814.60  816.00  814.00    815.35  ...    818.565039  NaN   NaN       NaN        NaN
3     2025-04-22 09:18:00+05:30  815.30  816.00  814.75    815.50  ...    818.469257  NaN   NaN       NaN        NaN
4     2025-04-22 09:19:00+05:30  815.55  815.75  814.50    814.60  ...    818.348342  NaN   NaN       NaN        NaN
..                          ...     ...     ...     ...       ...  ...           ...  ...   ...       ...        ...
609  2025-04-23 10:38:24.828782     NaN     NaN     NaN  81775.00  ...  81112.733670  NaN   NaN       NaN        NaN
610  2025-04-23 10:38:24.828782     NaN     NaN     NaN  81775.00  ...  81133.429493  NaN   NaN       NaN        NaN
611  2025-04-23 10:38:24.828782     NaN     NaN     NaN  81775.00  ...  81153.478572  NaN   NaN       NaN        NaN
612  2025-04-23 10:38:24.828782     NaN     NaN     NaN  81775.00  ...  81172.901116  NaN   NaN       NaN        NaN
613  2025-04-23 10:38:24.828782     NaN     NaN     NaN  81775.00  ...  81191.716706  NaN   NaN       NaN        NaN

[614 rows x 13 columns]
2025-04-23 10:38:25,685 INFO:Final row: {'timestamp': Timestamp('2025-04-23 10:38:24.828782'), 'open': nan, 'high': nan, 'low': nan, 'close': 81775.0, 'volume': nan, 'short': 81775.00039602365, 'middle': 81776.26633764796, 'long': 81191.71670636603, 'buy': nan, 'sell': nan, 'buy_exit': nan, 'sell_exit': nan}
2025-04-23 10:38:25,685 INFO:Buy exit signal received
2025-04-23 10:38:25,685 INFO:Sell exit signal received
2025-04-23 10:38:25,685 INFO:Entering while loop with trade_count: 2
2025-04-23 10:38:25,753 INFO:Combined historical with live algo:                       timestamp    open    high     low     close  ...          long  buy  sell  buy_exit  sell_exit
0     2025-04-22 09:15:00+05:30  821.10  821.10  817.00    818.80  ...    818.800000  NaN   NaN       NaN        NaN
1     2025-04-22 09:16:00+05:30  818.75  818.75  814.60    814.60  ...    818.668750  NaN   NaN       NaN        NaN
2     2025-04-22 09:17:00+05:30  814.60  816.00  814.00    815.35  ...    818.565039  NaN   NaN       NaN        NaN
3     2025-04-22 09:18:00+05:30  815.30  816.00  814.75    815.50  ...    818.469257  NaN   NaN       NaN        NaN
4     2025-04-22 09:19:00+05:30  815.55  815.75  814.50    814.60  ...    818.348342  NaN   NaN       NaN        NaN
..                          ...     ...     ...     ...       ...  ...           ...  ...   ...       ...        ...
610  2025-04-23 10:38:24.828782     NaN     NaN     NaN  81775.00  ...  81133.429493  NaN   NaN       NaN        NaN
611  2025-04-23 10:38:24.828782     NaN     NaN     NaN  81775.00  ...  81153.478572  NaN   NaN       NaN        NaN
612  2025-04-23 10:38:24.828782     NaN     NaN     NaN  81775.00  ...  81172.901116  NaN   NaN       NaN        NaN
613  2025-04-23 10:38:24.828782     NaN     NaN     NaN  81775.00  ...  81191.716706  NaN   NaN       NaN        NaN
614  2025-04-23 10:38:24.828782     NaN     NaN     NaN  81775.00  ...  81209.944309  NaN   NaN       NaN        NaN

[615 rows x 13 columns]
2025-04-23 10:38:25,753 INFO:Final row: {'timestamp': Timestamp('2025-04-23 10:38:24.828782'), 'open': nan, 'high': nan, 'low': nan, 'close': 81775.0, 'volume': nan, 'short': 81775.00026401578, 'middle': 81776.1512160436, 'long': 81209.9443092921, 'buy': nan, 'sell': nan, 'buy_exit': nan, 'sell_exit': nan}
2025-04-23 10:38:25,753 INFO:Buy exit signal received
2025-04-23 10:38:25,753 INFO:Sell exit signal received
2025-04-23 10:38:25,753 INFO:Entering while loop with trade_count: 2
2025-04-23 10:38:25,814 INFO:Combined historical with live algo:                       timestamp    open    high     low     close  ...          long  buy  sell  buy_exit  sell_exit
0     2025-04-22 09:15:00+05:30  821.10  821.10  817.00    818.80  ...    818.800000  NaN   NaN       NaN        NaN
1     2025-04-22 09:16:00+05:30  818.75  818.75  814.60    814.60  ...    818.668750  NaN   NaN       NaN        NaN
2     2025-04-22 09:17:00+05:30  814.60  816.00  814.00    815.35  ...    818.565039  NaN   NaN       NaN        NaN
3     2025-04-22 09:18:00+05:30  815.30  816.00  814.75    815.50  ...    818.469257  NaN   NaN       NaN        NaN
4     2025-04-22 09:19:00+05:30  815.55  815.75  814.50    814.60  ...    818.348342  NaN   NaN       NaN        NaN
..                          ...     ...     ...     ...       ...  ...           ...  ...   ...       ...        ...
611  2025-04-23 10:38:24.828782     NaN     NaN     NaN  81775.00  ...  81153.478572  NaN   NaN       NaN        NaN
612  2025-04-23 10:38:24.828782     NaN     NaN     NaN  81775.00  ...  81172.901116  NaN   NaN       NaN        NaN
613  2025-04-23 10:38:24.828782     NaN     NaN     NaN  81775.00  ...  81191.716706  NaN   NaN       NaN        NaN
614  2025-04-23 10:38:24.828782     NaN     NaN     NaN  81775.00  ...  81209.944309  NaN   NaN       NaN        NaN
615  2025-04-23 10:38:24.828782     NaN     NaN     NaN  81775.00  ...  81227.602300  NaN   NaN       NaN        NaN

[616 rows x 13 columns]
2025-04-23 10:38:25,817 INFO:Final row: {'timestamp': Timestamp('2025-04-23 10:38:24.828782'), 'open': nan, 'high': nan, 'low': nan, 'close': 81775.0, 'volume': nan, 'short': 81775.00017601052, 'middle': 81776.04656003963, 'long': 81227.60229962673, 'buy': nan, 'sell': nan, 'buy_exit': nan, 'sell_exit': nan}
2025-04-23 10:38:25,817 INFO:Buy exit signal received
2025-04-23 10:38:25,817 INFO:Sell exit signal received
2025-04-23 10:38:25,817 INFO:Entering while loop with trade_count: 2
2025-04-23 10:38:25,868 INFO:Combined historical with live algo:                       timestamp    open    high     low     close  ...          long  buy  sell  buy_exit  sell_exit
0     2025-04-22 09:15:00+05:30  821.10  821.10  817.00    818.80  ...    818.800000  NaN   NaN       NaN        NaN
1     2025-04-22 09:16:00+05:30  818.75  818.75  814.60    814.60  ...    818.668750  NaN   NaN       NaN        NaN
2     2025-04-22 09:17:00+05:30  814.60  816.00  814.00    815.35  ...    818.565039  NaN   NaN       NaN        NaN
3     2025-04-22 09:18:00+05:30  815.30  816.00  814.75    815.50  ...    818.469257  NaN   NaN       NaN        NaN
4     2025-04-22 09:19:00+05:30  815.55  815.75  814.50    814.60  ...    818.348342  NaN   NaN       NaN        NaN
..                          ...     ...     ...     ...       ...  ...           ...  ...   ...       ...        ...
612  2025-04-23 10:38:24.828782     NaN     NaN     NaN  81775.00  ...  81172.901116  NaN   NaN       NaN        NaN
613  2025-04-23 10:38:24.828782     NaN     NaN     NaN  81775.00  ...  81191.716706  NaN   NaN       NaN        NaN
614  2025-04-23 10:38:24.828782     NaN     NaN     NaN  81775.00  ...  81209.944309  NaN   NaN       NaN        NaN
615  2025-04-23 10:38:24.828782     NaN     NaN     NaN  81775.00  ...  81227.602300  NaN   NaN       NaN        NaN
616  2025-04-23 10:38:24.828782     NaN     NaN     NaN  81775.00  ...  81244.708478  NaN   NaN       NaN        NaN

[617 rows x 13 columns]
2025-04-23 10:38:25,868 INFO:Final row: {'timestamp': Timestamp('2025-04-23 10:38:24.828782'), 'open': nan, 'high': nan, 'low': nan, 'close': 81775.0, 'volume': nan, 'short': 81775.00011734036, 'middle': 81775.95141821784, 'long': 81244.70847776339, 'buy': nan, 'sell': nan, 'buy_exit': nan, 'sell_exit': nan}
2025-04-23 10:38:25,868 INFO:Buy exit signal received
2025-04-23 10:38:25,868 INFO:Sell exit signal received
2025-04-23 10:38:25,868 INFO:Entering while loop with trade_count: 2
2025-04-23 10:38:25,936 INFO:Combined historical with live algo:                       timestamp    open    high     low     close  ...          long  buy  sell  buy_exit  sell_exit
0     2025-04-22 09:15:00+05:30  821.10  821.10  817.00    818.80  ...    818.800000  NaN   NaN       NaN        NaN
1     2025-04-22 09:16:00+05:30  818.75  818.75  814.60    814.60  ...    818.668750  NaN   NaN       NaN        NaN
2     2025-04-22 09:17:00+05:30  814.60  816.00  814.00    815.35  ...    818.565039  NaN   NaN       NaN        NaN
3     2025-04-22 09:18:00+05:30  815.30  816.00  814.75    815.50  ...    818.469257  NaN   NaN       NaN        NaN
4     2025-04-22 09:19:00+05:30  815.55  815.75  814.50    814.60  ...    818.348342  NaN   NaN       NaN        NaN
..                          ...     ...     ...     ...       ...  ...           ...  ...   ...       ...        ...
613  2025-04-23 10:38:24.828782     NaN     NaN     NaN  81775.00  ...  81191.716706  NaN   NaN       NaN        NaN
614  2025-04-23 10:38:24.828782     NaN     NaN     NaN  81775.00  ...  81209.944309  NaN   NaN       NaN        NaN
615  2025-04-23 10:38:24.828782     NaN     NaN     NaN  81775.00  ...  81227.602300  NaN   NaN       NaN        NaN
616  2025-04-23 10:38:24.828782     NaN     NaN     NaN  81775.00  ...  81244.708478  NaN   NaN       NaN        NaN
617  2025-04-23 10:38:25.838662     NaN     NaN     NaN  81785.00  ...  81261.592588  NaN   NaN       NaN        NaN

[618 rows x 13 columns]
2025-04-23 10:38:25,937 INFO:Final row: {'timestamp': Timestamp('2025-04-23 10:38:25.838662'), 'open': nan, 'high': nan, 'low': nan, 'close': 81785.0, 'volume': nan, 'short': 81778.33341156025, 'middle': 81776.77401656167, 'long': 81261.59258783328, 'buy': nan, 'sell': nan, 'buy_exit': nan, 'sell_exit': nan}
2025-04-23 10:38:25,937 INFO:Buy exit signal received
2025-04-23 10:38:25,937 INFO:Sell exit signal received
2025-04-23 10:38:25,937 INFO:Entering while loop with trade_count: 2
2025-04-23 10:38:25,995 INFO:Combined historical with live algo:                       timestamp    open    high     low     close  ...          long  buy  sell  buy_exit  sell_exit
0     2025-04-22 09:15:00+05:30  821.10  821.10  817.00    818.80  ...    818.800000  NaN   NaN       NaN        NaN
1     2025-04-22 09:16:00+05:30  818.75  818.75  814.60    814.60  ...    818.668750  NaN   NaN       NaN        NaN
2     2025-04-22 09:17:00+05:30  814.60  816.00  814.00    815.35  ...    818.565039  NaN   NaN       NaN        NaN
3     2025-04-22 09:18:00+05:30  815.30  816.00  814.75    815.50  ...    818.469257  NaN   NaN       NaN        NaN
4     2025-04-22 09:19:00+05:30  815.55  815.75  814.50    814.60  ...    818.348342  NaN   NaN       NaN        NaN
..                          ...     ...     ...     ...       ...  ...           ...  ...   ...       ...        ...
614  2025-04-23 10:38:24.828782     NaN     NaN     NaN  81775.00  ...  81209.944309  NaN   NaN       NaN        NaN
615  2025-04-23 10:38:24.828782     NaN     NaN     NaN  81775.00  ...  81227.602300  NaN   NaN       NaN        NaN
616  2025-04-23 10:38:24.828782     NaN     NaN     NaN  81775.00  ...  81244.708478  NaN   NaN       NaN        NaN
617  2025-04-23 10:38:25.838662     NaN     NaN     NaN  81785.00  ...  81261.592588  NaN   NaN       NaN        NaN
618  2025-04-23 10:38:25.918531     NaN     NaN     NaN  81785.00  ...  81277.949069  NaN   NaN       NaN        NaN

[619 rows x 13 columns]
2025-04-23 10:38:25,995 INFO:Final row: {'timestamp': Timestamp('2025-04-23 10:38:25.918531'), 'open': nan, 'high': nan, 'low': nan, 'close': 81785.0, 'volume': nan, 'short': 81780.55560770683, 'middle': 81777.52183323789, 'long': 81277.94906946349, 'buy': nan, 'sell': nan, 'buy_exit': nan, 'sell_exit': nan}
2025-04-23 10:38:25,995 INFO:Buy exit signal received
2025-04-23 10:38:25,995 INFO:Sell exit signal received
2025-04-23 10:38:25,995 INFO:Entering while loop with trade_count: 2
2025-04-23 10:38:26,053 INFO:Combined historical with live algo:                       timestamp    open    high     low     close  ...          long  buy  sell  buy_exit  sell_exit
0     2025-04-22 09:15:00+05:30  821.10  821.10  817.00    818.80  ...    818.800000  NaN   NaN       NaN        NaN
1     2025-04-22 09:16:00+05:30  818.75  818.75  814.60    814.60  ...    818.668750  NaN   NaN       NaN        NaN
2     2025-04-22 09:17:00+05:30  814.60  816.00  814.00    815.35  ...    818.565039  NaN   NaN       NaN        NaN
3     2025-04-22 09:18:00+05:30  815.30  816.00  814.75    815.50  ...    818.469257  NaN   NaN       NaN        NaN
4     2025-04-22 09:19:00+05:30  815.55  815.75  814.50    814.60  ...    818.348342  NaN   NaN       NaN        NaN
..                          ...     ...     ...     ...       ...  ...           ...  ...   ...       ...        ...
615  2025-04-23 10:38:24.828782     NaN     NaN     NaN  81775.00  ...  81227.602300  NaN   NaN       NaN        NaN
616  2025-04-23 10:38:24.828782     NaN     NaN     NaN  81775.00  ...  81244.708478  NaN   NaN       NaN        NaN
617  2025-04-23 10:38:25.838662     NaN     NaN     NaN  81785.00  ...  81261.592588  NaN   NaN       NaN        NaN
618  2025-04-23 10:38:25.918531     NaN     NaN     NaN  81785.00  ...  81277.949069  NaN   NaN       NaN        NaN
619  2025-04-23 10:38:25.918531     NaN     NaN     NaN  81785.00  ...  81293.794411  NaN   NaN       NaN        NaN

[620 rows x 13 columns]
2025-04-23 10:38:26,053 INFO:Final row: {'timestamp': Timestamp('2025-04-23 10:38:25.918531'), 'open': nan, 'high': nan, 'low': nan, 'close': 81785.0, 'volume': nan, 'short': 81782.03707180456, 'middle': 81778.20166657989, 'long': 81293.79441104275, 'buy': nan, 'sell': nan, 'buy_exit': nan, 'sell_exit': nan}
2025-04-23 10:38:26,053 INFO:Buy exit signal received
2025-04-23 10:38:26,053 INFO:Sell exit signal received
2025-04-23 10:38:26,053 INFO:Entering while loop with trade_count: 2
2025-04-23 10:38:26,120 INFO:Combined historical with live algo:                       timestamp    open    high     low     close  ...          long  buy  sell  buy_exit  sell_exit
0     2025-04-22 09:15:00+05:30  821.10  821.10  817.00    818.80  ...    818.800000  NaN   NaN       NaN        NaN
1     2025-04-22 09:16:00+05:30  818.75  818.75  814.60    814.60  ...    818.668750  NaN   NaN       NaN        NaN
2     2025-04-22 09:17:00+05:30  814.60  816.00  814.00    815.35  ...    818.565039  NaN   NaN       NaN        NaN
3     2025-04-22 09:18:00+05:30  815.30  816.00  814.75    815.50  ...    818.469257  NaN   NaN       NaN        NaN
4     2025-04-22 09:19:00+05:30  815.55  815.75  814.50    814.60  ...    818.348342  NaN   NaN       NaN        NaN
..                          ...     ...     ...     ...       ...  ...           ...  ...   ...       ...        ...
616  2025-04-23 10:38:24.828782     NaN     NaN     NaN  81775.00  ...  81244.708478  NaN   NaN       NaN        NaN
617  2025-04-23 10:38:25.838662     NaN     NaN     NaN  81785.00  ...  81261.592588  NaN   NaN       NaN        NaN
618  2025-04-23 10:38:25.918531     NaN     NaN     NaN  81785.00  ...  81277.949069  NaN   NaN       NaN        NaN
619  2025-04-23 10:38:25.918531     NaN     NaN     NaN  81785.00  ...  81293.794411  NaN   NaN       NaN        NaN
620  2025-04-23 10:38:25.918531     NaN     NaN     NaN  81785.00  ...  81309.144586  NaN   NaN       NaN        NaN

[621 rows x 13 columns]
2025-04-23 10:38:26,126 INFO:Final row: {'timestamp': Timestamp('2025-04-23 10:38:25.918531'), 'open': nan, 'high': nan, 'low': nan, 'close': 81785.0, 'volume': nan, 'short': 81783.02471453638, 'middle': 81778.8196968908, 'long': 81309.14458569766, 'buy': nan, 'sell': nan, 'buy_exit': nan, 'sell_exit': nan}
2025-04-23 10:38:26,126 INFO:Buy exit signal received
2025-04-23 10:38:26,126 INFO:Sell exit signal received
2025-04-23 10:38:26,126 INFO:Entering while loop with trade_count: 2
2025-04-23 10:38:26,193 INFO:Combined historical with live algo:                       timestamp    open    high     low     close  ...          long  buy  sell  buy_exit  sell_exit
0     2025-04-22 09:15:00+05:30  821.10  821.10  817.00    818.80  ...    818.800000  NaN   NaN       NaN        NaN
1     2025-04-22 09:16:00+05:30  818.75  818.75  814.60    814.60  ...    818.668750  NaN   NaN       NaN        NaN
2     2025-04-22 09:17:00+05:30  814.60  816.00  814.00    815.35  ...    818.565039  NaN   NaN       NaN        NaN
3     2025-04-22 09:18:00+05:30  815.30  816.00  814.75    815.50  ...    818.469257  NaN   NaN       NaN        NaN
4     2025-04-22 09:19:00+05:30  815.55  815.75  814.50    814.60  ...    818.348342  NaN   NaN       NaN        NaN
..                          ...     ...     ...     ...       ...  ...           ...  ...   ...       ...        ...
617  2025-04-23 10:38:25.838662     NaN     NaN     NaN  81785.00  ...  81261.592588  NaN   NaN       NaN        NaN
618  2025-04-23 10:38:25.918531     NaN     NaN     NaN  81785.00  ...  81277.949069  NaN   NaN       NaN        NaN
619  2025-04-23 10:38:25.918531     NaN     NaN     NaN  81785.00  ...  81293.794411  NaN   NaN       NaN        NaN
620  2025-04-23 10:38:25.918531     NaN     NaN     NaN  81785.00  ...  81309.144586  NaN   NaN       NaN        NaN
621  2025-04-23 10:38:25.918531     NaN     NaN     NaN  81785.00  ...  81324.015067  NaN   NaN       NaN        NaN

[622 rows x 13 columns]
2025-04-23 10:38:26,193 INFO:Final row: {'timestamp': Timestamp('2025-04-23 10:38:25.918531'), 'open': nan, 'high': nan, 'low': nan, 'close': 81785.0, 'volume': nan, 'short': 81783.68314302426, 'middle': 81779.381542628, 'long': 81324.01506739462, 'buy': nan, 'sell': nan, 'buy_exit': nan, 'sell_exit': nan}
2025-04-23 10:38:26,193 INFO:Buy exit signal received
2025-04-23 10:38:26,193 INFO:Sell exit signal received
2025-04-23 10:38:26,193 INFO:Entering while loop with trade_count: 2
2025-04-23 10:38:26,254 INFO:Combined historical with live algo:                       timestamp    open    high     low     close  ...          long  buy  sell  buy_exit  sell_exit
0     2025-04-22 09:15:00+05:30  821.10  821.10  817.00    818.80  ...    818.800000  NaN   NaN       NaN        NaN
1     2025-04-22 09:16:00+05:30  818.75  818.75  814.60    814.60  ...    818.668750  NaN   NaN       NaN        NaN
2     2025-04-22 09:17:00+05:30  814.60  816.00  814.00    815.35  ...    818.565039  NaN   NaN       NaN        NaN
3     2025-04-22 09:18:00+05:30  815.30  816.00  814.75    815.50  ...    818.469257  NaN   NaN       NaN        NaN
4     2025-04-22 09:19:00+05:30  815.55  815.75  814.50    814.60  ...    818.348342  NaN   NaN       NaN        NaN
..                          ...     ...     ...     ...       ...  ...           ...  ...   ...       ...        ...
618  2025-04-23 10:38:25.918531     NaN     NaN     NaN  81785.00  ...  81277.949069  NaN   NaN       NaN        NaN
619  2025-04-23 10:38:25.918531     NaN     NaN     NaN  81785.00  ...  81293.794411  NaN   NaN       NaN        NaN
620  2025-04-23 10:38:25.918531     NaN     NaN     NaN  81785.00  ...  81309.144586  NaN   NaN       NaN        NaN
621  2025-04-23 10:38:25.918531     NaN     NaN     NaN  81785.00  ...  81324.015067  NaN   NaN       NaN        NaN
622  2025-04-23 10:38:25.918531     NaN     NaN     NaN  81785.00  ...  81338.420847  NaN   NaN       NaN        NaN

[623 rows x 13 columns]
2025-04-23 10:38:26,256 INFO:Final row: {'timestamp': Timestamp('2025-04-23 10:38:25.918531'), 'open': nan, 'high': nan, 'low': nan, 'close': 81785.0, 'volume': nan, 'short': 81784.1220953495, 'middle': 81779.89231148, 'long': 81338.42084653853, 'buy': nan, 'sell': nan, 'buy_exit': nan, 'sell_exit': nan}
2025-04-23 10:38:26,256 INFO:Buy exit signal received
2025-04-23 10:38:26,256 INFO:Sell exit signal received
2025-04-23 10:38:26,256 INFO:Entering while loop with trade_count: 2
2025-04-23 10:38:26,313 INFO:Combined historical with live algo:                       timestamp    open    high     low     close  ...          long  buy  sell  buy_exit  sell_exit
0     2025-04-22 09:15:00+05:30  821.10  821.10  817.00    818.80  ...    818.800000  NaN   NaN       NaN        NaN
1     2025-04-22 09:16:00+05:30  818.75  818.75  814.60    814.60  ...    818.668750  NaN   NaN       NaN        NaN
2     2025-04-22 09:17:00+05:30  814.60  816.00  814.00    815.35  ...    818.565039  NaN   NaN       NaN        NaN
3     2025-04-22 09:18:00+05:30  815.30  816.00  814.75    815.50  ...    818.469257  NaN   NaN       NaN        NaN
4     2025-04-22 09:19:00+05:30  815.55  815.75  814.50    814.60  ...    818.348342  NaN   NaN       NaN        NaN
..                          ...     ...     ...     ...       ...  ...           ...  ...   ...       ...        ...
619  2025-04-23 10:38:25.918531     NaN     NaN     NaN  81785.00  ...  81293.794411  NaN   NaN       NaN        NaN
620  2025-04-23 10:38:25.918531     NaN     NaN     NaN  81785.00  ...  81309.144586  NaN   NaN       NaN        NaN
621  2025-04-23 10:38:25.918531     NaN     NaN     NaN  81785.00  ...  81324.015067  NaN   NaN       NaN        NaN
622  2025-04-23 10:38:25.918531     NaN     NaN     NaN  81785.00  ...  81338.420847  NaN   NaN       NaN        NaN
623  2025-04-23 10:38:25.918531     NaN     NaN     NaN  81785.00  ...  81352.376445  NaN   NaN       NaN        NaN

[624 rows x 13 columns]
2025-04-23 10:38:26,313 INFO:Final row: {'timestamp': Timestamp('2025-04-23 10:38:25.918531'), 'open': nan, 'high': nan, 'low': nan, 'close': 81785.0, 'volume': nan, 'short': 81784.41473023301, 'middle': 81780.35664679999, 'long': 81352.3764450842, 'buy': nan, 'sell': nan, 'buy_exit': nan, 'sell_exit': nan}
2025-04-23 10:38:26,313 INFO:Buy exit signal received
2025-04-23 10:38:26,313 INFO:Sell exit signal received
2025-04-23 10:38:26,313 INFO:Entering while loop with trade_count: 2
2025-04-23 10:38:26,366 INFO:Combined historical with live algo:                       timestamp    open    high     low     close  ...          long  buy  sell  buy_exit  sell_exit
0     2025-04-22 09:15:00+05:30  821.10  821.10  817.00    818.80  ...    818.800000  NaN   NaN       NaN        NaN
1     2025-04-22 09:16:00+05:30  818.75  818.75  814.60    814.60  ...    818.668750  NaN   NaN       NaN        NaN
2     2025-04-22 09:17:00+05:30  814.60  816.00  814.00    815.35  ...    818.565039  NaN   NaN       NaN        NaN
3     2025-04-22 09:18:00+05:30  815.30  816.00  814.75    815.50  ...    818.469257  NaN   NaN       NaN        NaN
4     2025-04-22 09:19:00+05:30  815.55  815.75  814.50    814.60  ...    818.348342  NaN   NaN       NaN        NaN
..                          ...     ...     ...     ...       ...  ...           ...  ...   ...       ...        ...
620  2025-04-23 10:38:25.918531     NaN     NaN     NaN  81785.00  ...  81309.144586  NaN   NaN       NaN        NaN
621  2025-04-23 10:38:25.918531     NaN     NaN     NaN  81785.00  ...  81324.015067  NaN   NaN       NaN        NaN
622  2025-04-23 10:38:25.918531     NaN     NaN     NaN  81785.00  ...  81338.420847  NaN   NaN       NaN        NaN
623  2025-04-23 10:38:25.918531     NaN     NaN     NaN  81785.00  ...  81352.376445  NaN   NaN       NaN        NaN
624  2025-04-23 10:38:25.918531     NaN     NaN     NaN  81785.00  ...  81365.895931  NaN   NaN       NaN        NaN

[625 rows x 13 columns]
2025-04-23 10:38:26,368 INFO:Final row: {'timestamp': Timestamp('2025-04-23 10:38:25.918531'), 'open': nan, 'high': nan, 'low': nan, 'close': 81785.0, 'volume': nan, 'short': 81784.60982015534, 'middle': 81780.77876981818, 'long': 81365.89593117531, 'buy': nan, 'sell': nan, 'buy_exit': nan, 'sell_exit': nan}
2025-04-23 10:38:26,368 INFO:Buy exit signal received
2025-04-23 10:38:26,368 INFO:Sell exit signal received
2025-04-23 10:38:26,368 INFO:Entering while loop with trade_count: 2
2025-04-23 10:38:26,415 INFO:Combined historical with live algo:                       timestamp    open    high     low     close  ...          long  buy  sell  buy_exit  sell_exit
0     2025-04-22 09:15:00+05:30  821.10  821.10  817.00    818.80  ...    818.800000  NaN   NaN       NaN        NaN
1     2025-04-22 09:16:00+05:30  818.75  818.75  814.60    814.60  ...    818.668750  NaN   NaN       NaN        NaN
2     2025-04-22 09:17:00+05:30  814.60  816.00  814.00    815.35  ...    818.565039  NaN   NaN       NaN        NaN
3     2025-04-22 09:18:00+05:30  815.30  816.00  814.75    815.50  ...    818.469257  NaN   NaN       NaN        NaN
4     2025-04-22 09:19:00+05:30  815.55  815.75  814.50    814.60  ...    818.348342  NaN   NaN       NaN        NaN
..                          ...     ...     ...     ...       ...  ...           ...  ...   ...       ...        ...
621  2025-04-23 10:38:25.918531     NaN     NaN     NaN  81785.00  ...  81324.015067  NaN   NaN       NaN        NaN
622  2025-04-23 10:38:25.918531     NaN     NaN     NaN  81785.00  ...  81338.420847  NaN   NaN       NaN        NaN
623  2025-04-23 10:38:25.918531     NaN     NaN     NaN  81785.00  ...  81352.376445  NaN   NaN       NaN        NaN
624  2025-04-23 10:38:25.918531     NaN     NaN     NaN  81785.00  ...  81365.895931  NaN   NaN       NaN        NaN
625  2025-04-23 10:38:25.918531     NaN     NaN     NaN  81785.00  ...  81378.992933  NaN   NaN       NaN        NaN

[626 rows x 13 columns]
2025-04-23 10:38:26,417 INFO:Final row: {'timestamp': Timestamp('2025-04-23 10:38:25.918531'), 'open': nan, 'high': nan, 'low': nan, 'close': 81785.0, 'volume': nan, 'short': 81784.73988010356, 'middle': 81781.16251801653, 'long': 81378.99293332608, 'buy': nan, 'sell': nan, 'buy_exit': nan, 'sell_exit': nan}
2025-04-23 10:38:26,417 INFO:Buy exit signal received
2025-04-23 10:38:26,417 INFO:Sell exit signal received
2025-04-23 10:38:26,417 INFO:Entering while loop with trade_count: 2
2025-04-23 10:38:26,524 INFO:Combined historical with live algo:                       timestamp    open    high     low     close  ...          long  buy  sell  buy_exit  sell_exit
0     2025-04-22 09:15:00+05:30  821.10  821.10  817.00    818.80  ...    818.800000  NaN   NaN       NaN        NaN
1     2025-04-22 09:16:00+05:30  818.75  818.75  814.60    814.60  ...    818.668750  NaN   NaN       NaN        NaN
2     2025-04-22 09:17:00+05:30  814.60  816.00  814.00    815.35  ...    818.565039  NaN   NaN       NaN        NaN
3     2025-04-22 09:18:00+05:30  815.30  816.00  814.75    815.50  ...    818.469257  NaN   NaN       NaN        NaN
4     2025-04-22 09:19:00+05:30  815.55  815.75  814.50    814.60  ...    818.348342  NaN   NaN       NaN        NaN
..                          ...     ...     ...     ...       ...  ...           ...  ...   ...       ...        ...
622  2025-04-23 10:38:25.918531     NaN     NaN     NaN  81785.00  ...  81338.420847  NaN   NaN       NaN        NaN
623  2025-04-23 10:38:25.918531     NaN     NaN     NaN  81785.00  ...  81352.376445  NaN   NaN       NaN        NaN
624  2025-04-23 10:38:25.918531     NaN     NaN     NaN  81785.00  ...  81365.895931  NaN   NaN       NaN        NaN
625  2025-04-23 10:38:25.918531     NaN     NaN     NaN  81785.00  ...  81378.992933  NaN   NaN       NaN        NaN
626  2025-04-23 10:38:25.918531     NaN     NaN     NaN  81785.00  ...  81391.680654  NaN   NaN       NaN        NaN

[627 rows x 13 columns]
2025-04-23 10:38:26,526 INFO:Final row: {'timestamp': Timestamp('2025-04-23 10:38:25.918531'), 'open': nan, 'high': nan, 'low': nan, 'close': 81785.0, 'volume': nan, 'short': 81784.82658673571, 'middle': 81781.51138001503, 'long': 81391.68065415965, 'buy': nan, 'sell': nan, 'buy_exit': nan, 'sell_exit': nan}
2025-04-23 10:38:26,526 INFO:Buy exit signal received
2025-04-23 10:38:26,526 INFO:Sell exit signal received
2025-04-23 10:38:26,526 INFO:Entering while loop with trade_count: 2
2025-04-23 10:38:26,579 INFO:Combined historical with live algo:                       timestamp    open    high     low     close  ...          long  buy  sell  buy_exit  sell_exit
0     2025-04-22 09:15:00+05:30  821.10  821.10  817.00    818.80  ...    818.800000  NaN   NaN       NaN        NaN
1     2025-04-22 09:16:00+05:30  818.75  818.75  814.60    814.60  ...    818.668750  NaN   NaN       NaN        NaN
2     2025-04-22 09:17:00+05:30  814.60  816.00  814.00    815.35  ...    818.565039  NaN   NaN       NaN        NaN
3     2025-04-22 09:18:00+05:30  815.30  816.00  814.75    815.50  ...    818.469257  NaN   NaN       NaN        NaN
4     2025-04-22 09:19:00+05:30  815.55  815.75  814.50    814.60  ...    818.348342  NaN   NaN       NaN        NaN
..                          ...     ...     ...     ...       ...  ...           ...  ...   ...       ...        ...
623  2025-04-23 10:38:25.918531     NaN     NaN     NaN  81785.00  ...  81352.376445  NaN   NaN       NaN        NaN
624  2025-04-23 10:38:25.918531     NaN     NaN     NaN  81785.00  ...  81365.895931  NaN   NaN       NaN        NaN
625  2025-04-23 10:38:25.918531     NaN     NaN     NaN  81785.00  ...  81378.992933  NaN   NaN       NaN        NaN
626  2025-04-23 10:38:25.918531     NaN     NaN     NaN  81785.00  ...  81391.680654  NaN   NaN       NaN        NaN
627  2025-04-23 10:38:25.918531     NaN     NaN     NaN  81785.00  ...  81403.971884  NaN   NaN       NaN        NaN

[628 rows x 13 columns]
2025-04-23 10:38:26,579 INFO:Final row: {'timestamp': Timestamp('2025-04-23 10:38:25.918531'), 'open': nan, 'high': nan, 'low': nan, 'close': 81785.0, 'volume': nan, 'short': 81784.88439115715, 'middle': 81781.82852728639, 'long': 81403.97188371715, 'buy': nan, 'sell': nan, 'buy_exit': nan, 'sell_exit': nan}
2025-04-23 10:38:26,579 INFO:Buy exit signal received
2025-04-23 10:38:26,579 INFO:Sell exit signal received
2025-04-23 10:38:26,579 INFO:Entering while loop with trade_count: 2
2025-04-23 10:38:26,627 INFO:Combined historical with live algo:                       timestamp    open    high     low     close  ...          long  buy  sell  buy_exit  sell_exit
0     2025-04-22 09:15:00+05:30  821.10  821.10  817.00    818.80  ...    818.800000  NaN   NaN       NaN        NaN
1     2025-04-22 09:16:00+05:30  818.75  818.75  814.60    814.60  ...    818.668750  NaN   NaN       NaN        NaN
2     2025-04-22 09:17:00+05:30  814.60  816.00  814.00    815.35  ...    818.565039  NaN   NaN       NaN        NaN
3     2025-04-22 09:18:00+05:30  815.30  816.00  814.75    815.50  ...    818.469257  NaN   NaN       NaN        NaN
4     2025-04-22 09:19:00+05:30  815.55  815.75  814.50    814.60  ...    818.348342  NaN   NaN       NaN        NaN
..                          ...     ...     ...     ...       ...  ...           ...  ...   ...       ...        ...
624  2025-04-23 10:38:25.918531     NaN     NaN     NaN  81785.00  ...  81365.895931  NaN   NaN       NaN        NaN
625  2025-04-23 10:38:25.918531     NaN     NaN     NaN  81785.00  ...  81378.992933  NaN   NaN       NaN        NaN
626  2025-04-23 10:38:25.918531     NaN     NaN     NaN  81785.00  ...  81391.680654  NaN   NaN       NaN        NaN
627  2025-04-23 10:38:25.918531     NaN     NaN     NaN  81785.00  ...  81403.971884  NaN   NaN       NaN        NaN
628  2025-04-23 10:38:25.918531     NaN     NaN     NaN  81785.00  ...  81415.879012  NaN   NaN       NaN        NaN

[629 rows x 13 columns]
2025-04-23 10:38:26,635 INFO:Final row: {'timestamp': Timestamp('2025-04-23 10:38:25.918531'), 'open': nan, 'high': nan, 'low': nan, 'close': 81785.0, 'volume': nan, 'short': 81784.9229274381, 'middle': 81782.11684298763, 'long': 81415.879012351, 'buy': nan, 'sell': nan, 'buy_exit': nan, 'sell_exit': nan}
2025-04-23 10:38:26,635 INFO:Buy exit signal received
2025-04-23 10:38:26,635 INFO:Sell exit signal received
2025-04-23 10:38:26,635 INFO:Entering while loop with trade_count: 2
2025-04-23 10:38:26,685 INFO:Combined historical with live algo:                       timestamp    open    high     low     close  ...          long  buy  sell  buy_exit  sell_exit
0     2025-04-22 09:15:00+05:30  821.10  821.10  817.00    818.80  ...    818.800000  NaN   NaN       NaN        NaN
1     2025-04-22 09:16:00+05:30  818.75  818.75  814.60    814.60  ...    818.668750  NaN   NaN       NaN        NaN
2     2025-04-22 09:17:00+05:30  814.60  816.00  814.00    815.35  ...    818.565039  NaN   NaN       NaN        NaN
3     2025-04-22 09:18:00+05:30  815.30  816.00  814.75    815.50  ...    818.469257  NaN   NaN       NaN        NaN
4     2025-04-22 09:19:00+05:30  815.55  815.75  814.50    814.60  ...    818.348342  NaN   NaN       NaN        NaN
..                          ...     ...     ...     ...       ...  ...           ...  ...   ...       ...        ...
625  2025-04-23 10:38:25.918531     NaN     NaN     NaN  81785.00  ...  81378.992933  NaN   NaN       NaN        NaN
626  2025-04-23 10:38:25.918531     NaN     NaN     NaN  81785.00  ...  81391.680654  NaN   NaN       NaN        NaN
627  2025-04-23 10:38:25.918531     NaN     NaN     NaN  81785.00  ...  81403.971884  NaN   NaN       NaN        NaN
628  2025-04-23 10:38:25.918531     NaN     NaN     NaN  81785.00  ...  81415.879012  NaN   NaN       NaN        NaN
629  2025-04-23 10:38:25.918531     NaN     NaN     NaN  81785.00  ...  81427.414043  NaN   NaN       NaN        NaN

[630 rows x 13 columns]
2025-04-23 10:38:26,685 INFO:Final row: {'timestamp': Timestamp('2025-04-23 10:38:25.918531'), 'open': nan, 'high': nan, 'low': nan, 'close': 81785.0, 'volume': nan, 'short': 81784.94861829208, 'middle': 81782.37894817056, 'long': 81427.41404321503, 'buy': nan, 'sell': nan, 'buy_exit': nan, 'sell_exit': nan}
2025-04-23 10:38:26,685 INFO:Buy exit signal received
2025-04-23 10:38:26,685 INFO:Sell exit signal received
2025-04-23 10:38:26,685 INFO:Entering while loop with trade_count: 2
2025-04-23 10:38:26,769 INFO:Combined historical with live algo:                       timestamp    open    high     low     close  ...          long  buy  sell  buy_exit  sell_exit
0     2025-04-22 09:15:00+05:30  821.10  821.10  817.00    818.80  ...    818.800000  NaN   NaN       NaN        NaN
1     2025-04-22 09:16:00+05:30  818.75  818.75  814.60    814.60  ...    818.668750  NaN   NaN       NaN        NaN
2     2025-04-22 09:17:00+05:30  814.60  816.00  814.00    815.35  ...    818.565039  NaN   NaN       NaN        NaN
3     2025-04-22 09:18:00+05:30  815.30  816.00  814.75    815.50  ...    818.469257  NaN   NaN       NaN        NaN
4     2025-04-22 09:19:00+05:30  815.55  815.75  814.50    814.60  ...    818.348342  NaN   NaN       NaN        NaN
..                          ...     ...     ...     ...       ...  ...           ...  ...   ...       ...        ...
626  2025-04-23 10:38:25.918531     NaN     NaN     NaN  81785.00  ...  81391.680654  NaN   NaN       NaN        NaN
627  2025-04-23 10:38:25.918531     NaN     NaN     NaN  81785.00  ...  81403.971884  NaN   NaN       NaN        NaN
628  2025-04-23 10:38:25.918531     NaN     NaN     NaN  81785.00  ...  81415.879012  NaN   NaN       NaN        NaN
629  2025-04-23 10:38:25.918531     NaN     NaN     NaN  81785.00  ...  81427.414043  NaN   NaN       NaN        NaN
630  2025-04-23 10:38:25.918531     NaN     NaN     NaN  81785.00  ...  81438.588604  NaN   NaN       NaN        NaN

[631 rows x 13 columns]
2025-04-23 10:38:26,771 INFO:Final row: {'timestamp': Timestamp('2025-04-23 10:38:25.918531'), 'open': nan, 'high': nan, 'low': nan, 'close': 81785.0, 'volume': nan, 'short': 81784.96574552805, 'middle': 81782.6172256096, 'long': 81438.58860436456, 'buy': nan, 'sell': nan, 'buy_exit': nan, 'sell_exit': nan}
2025-04-23 10:38:26,771 INFO:Buy exit signal received
2025-04-23 10:38:26,771 INFO:Sell exit signal received
2025-04-23 10:38:26,771 INFO:Entering while loop with trade_count: 2
2025-04-23 10:38:26,836 INFO:Combined historical with live algo:                       timestamp    open    high     low     close  ...          long  buy  sell  buy_exit  sell_exit
0     2025-04-22 09:15:00+05:30  821.10  821.10  817.00    818.80  ...    818.800000  NaN   NaN       NaN        NaN
1     2025-04-22 09:16:00+05:30  818.75  818.75  814.60    814.60  ...    818.668750  NaN   NaN       NaN        NaN
2     2025-04-22 09:17:00+05:30  814.60  816.00  814.00    815.35  ...    818.565039  NaN   NaN       NaN        NaN
3     2025-04-22 09:18:00+05:30  815.30  816.00  814.75    815.50  ...    818.469257  NaN   NaN       NaN        NaN
4     2025-04-22 09:19:00+05:30  815.55  815.75  814.50    814.60  ...    818.348342  NaN   NaN       NaN        NaN
..                          ...     ...     ...     ...       ...  ...           ...  ...   ...       ...        ...
627  2025-04-23 10:38:25.918531     NaN     NaN     NaN  81785.00  ...  81403.971884  NaN   NaN       NaN        NaN
628  2025-04-23 10:38:25.918531     NaN     NaN     NaN  81785.00  ...  81415.879012  NaN   NaN       NaN        NaN
629  2025-04-23 10:38:25.918531     NaN     NaN     NaN  81785.00  ...  81427.414043  NaN   NaN       NaN        NaN
630  2025-04-23 10:38:25.918531     NaN     NaN     NaN  81785.00  ...  81438.588604  NaN   NaN       NaN        NaN
631  2025-04-23 10:38:25.918531     NaN     NaN     NaN  81785.00  ...  81449.413960  NaN   NaN       NaN        NaN

[632 rows x 13 columns]
2025-04-23 10:38:26,836 INFO:Final row: {'timestamp': Timestamp('2025-04-23 10:38:25.918531'), 'open': nan, 'high': nan, 'low': nan, 'close': 81785.0, 'volume': nan, 'short': 81784.97716368537, 'middle': 81782.83384146327, 'long': 81449.41396047817, 'buy': nan, 'sell': nan, 'buy_exit': nan, 'sell_exit': nan}
2025-04-23 10:38:26,836 INFO:Buy exit signal received
2025-04-23 10:38:26,836 INFO:Sell exit signal received
2025-04-23 10:38:26,836 INFO:Entering while loop with trade_count: 2
2025-04-23 10:38:26,905 INFO:Combined historical with live algo:                       timestamp    open    high     low     close  ...          long  buy  sell  buy_exit  sell_exit
0     2025-04-22 09:15:00+05:30  821.10  821.10  817.00    818.80  ...    818.800000  NaN   NaN       NaN        NaN
1     2025-04-22 09:16:00+05:30  818.75  818.75  814.60    814.60  ...    818.668750  NaN   NaN       NaN        NaN
2     2025-04-22 09:17:00+05:30  814.60  816.00  814.00    815.35  ...    818.565039  NaN   NaN       NaN        NaN
3     2025-04-22 09:18:00+05:30  815.30  816.00  814.75    815.50  ...    818.469257  NaN   NaN       NaN        NaN
4     2025-04-22 09:19:00+05:30  815.55  815.75  814.50    814.60  ...    818.348342  NaN   NaN       NaN        NaN
..                          ...     ...     ...     ...       ...  ...           ...  ...   ...       ...        ...
628  2025-04-23 10:38:25.918531     NaN     NaN     NaN  81785.00  ...  81415.879012  NaN   NaN       NaN        NaN
629  2025-04-23 10:38:25.918531     NaN     NaN     NaN  81785.00  ...  81427.414043  NaN   NaN       NaN        NaN
630  2025-04-23 10:38:25.918531     NaN     NaN     NaN  81785.00  ...  81438.588604  NaN   NaN       NaN        NaN
631  2025-04-23 10:38:25.918531     NaN     NaN     NaN  81785.00  ...  81449.413960  NaN   NaN       NaN        NaN
632  2025-04-23 10:38:26.829802     NaN     NaN     NaN  81790.00  ...  81460.057274  NaN   NaN       NaN        NaN

[633 rows x 13 columns]
2025-04-23 10:38:26,911 INFO:Final row: {'timestamp': Timestamp('2025-04-23 10:38:26.829802'), 'open': nan, 'high': nan, 'low': nan, 'close': 81790.0, 'volume': nan, 'short': 81786.65144245692, 'middle': 81783.48531042115, 'long': 81460.05727421322, 'buy': nan, 'sell': nan, 'buy_exit': nan, 'sell_exit': nan}
2025-04-23 10:38:26,911 INFO:Buy exit signal received
2025-04-23 10:38:26,911 INFO:Sell exit signal received
2025-04-23 10:38:26,911 INFO:Entering while loop with trade_count: 2
2025-04-23 10:38:26,973 INFO:Combined historical with live algo:                       timestamp    open    high     low     close  ...          long  buy  sell  buy_exit  sell_exit
0     2025-04-22 09:15:00+05:30  821.10  821.10  817.00    818.80  ...    818.800000  NaN   NaN       NaN        NaN
1     2025-04-22 09:16:00+05:30  818.75  818.75  814.60    814.60  ...    818.668750  NaN   NaN       NaN        NaN
2     2025-04-22 09:17:00+05:30  814.60  816.00  814.00    815.35  ...    818.565039  NaN   NaN       NaN        NaN
3     2025-04-22 09:18:00+05:30  815.30  816.00  814.75    815.50  ...    818.469257  NaN   NaN       NaN        NaN
4     2025-04-22 09:19:00+05:30  815.55  815.75  814.50    814.60  ...    818.348342  NaN   NaN       NaN        NaN
..                          ...     ...     ...     ...       ...  ...           ...  ...   ...       ...        ...
629  2025-04-23 10:38:25.918531     NaN     NaN     NaN  81785.00  ...  81427.414043  NaN   NaN       NaN        NaN
630  2025-04-23 10:38:25.918531     NaN     NaN     NaN  81785.00  ...  81438.588604  NaN   NaN       NaN        NaN
631  2025-04-23 10:38:25.918531     NaN     NaN     NaN  81785.00  ...  81449.413960  NaN   NaN       NaN        NaN
632  2025-04-23 10:38:26.829802     NaN     NaN     NaN  81790.00  ...  81460.057274  NaN   NaN       NaN        NaN
633  2025-04-23 10:38:26.885945     NaN     NaN     NaN  81790.00  ...  81470.367984  NaN   NaN       NaN        NaN

[634 rows x 13 columns]
2025-04-23 10:38:26,973 INFO:Final row: {'timestamp': Timestamp('2025-04-23 10:38:26.885945'), 'open': nan, 'high': nan, 'low': nan, 'close': 81790.0, 'volume': nan, 'short': 81787.76762830462, 'middle': 81784.07755492831, 'long': 81470.36798439406, 'buy': nan, 'sell': nan, 'buy_exit': nan, 'sell_exit': nan}
2025-04-23 10:38:26,973 INFO:Buy exit signal received
2025-04-23 10:38:26,973 INFO:Sell exit signal received
2025-04-23 10:38:26,973 INFO:Entering while loop with trade_count: 2
2025-04-23 10:38:27,028 INFO:Combined historical with live algo:                       timestamp    open    high     low     close  ...          long  buy  sell  buy_exit  sell_exit
0     2025-04-22 09:15:00+05:30  821.10  821.10  817.00    818.80  ...    818.800000  NaN   NaN       NaN        NaN
1     2025-04-22 09:16:00+05:30  818.75  818.75  814.60    814.60  ...    818.668750  NaN   NaN       NaN        NaN
2     2025-04-22 09:17:00+05:30  814.60  816.00  814.00    815.35  ...    818.565039  NaN   NaN       NaN        NaN
3     2025-04-22 09:18:00+05:30  815.30  816.00  814.75    815.50  ...    818.469257  NaN   NaN       NaN        NaN
4     2025-04-22 09:19:00+05:30  815.55  815.75  814.50    814.60  ...    818.348342  NaN   NaN       NaN        NaN
..                          ...     ...     ...     ...       ...  ...           ...  ...   ...       ...        ...
630  2025-04-23 10:38:25.918531     NaN     NaN     NaN  81785.00  ...  81438.588604  NaN   NaN       NaN        NaN
631  2025-04-23 10:38:25.918531     NaN     NaN     NaN  81785.00  ...  81449.413960  NaN   NaN       NaN        NaN
632  2025-04-23 10:38:26.829802     NaN     NaN     NaN  81790.00  ...  81460.057274  NaN   NaN       NaN        NaN
633  2025-04-23 10:38:26.885945     NaN     NaN     NaN  81790.00  ...  81470.367984  NaN   NaN       NaN        NaN
634  2025-04-23 10:38:26.885945     NaN     NaN     NaN  81790.00  ...  81480.356485  NaN   NaN       NaN        NaN

[635 rows x 13 columns]
2025-04-23 10:38:27,028 INFO:Final row: {'timestamp': Timestamp('2025-04-23 10:38:26.885945'), 'open': nan, 'high': nan, 'low': nan, 'close': 81790.0, 'volume': nan, 'short': 81788.51175220308, 'middle': 81784.61595902573, 'long': 81480.35648488175, 'buy': nan, 'sell': nan, 'buy_exit': nan, 'sell_exit': nan}
2025-04-23 10:38:27,028 INFO:Buy exit signal received
2025-04-23 10:38:27,028 INFO:Sell exit signal received
2025-04-23 10:38:27,028 INFO:Entering while loop with trade_count: 2
2025-04-23 10:38:27,084 INFO:Combined historical with live algo:                       timestamp    open    high     low     close  ...          long  buy  sell  buy_exit  sell_exit
0     2025-04-22 09:15:00+05:30  821.10  821.10  817.00    818.80  ...    818.800000  NaN   NaN       NaN        NaN
1     2025-04-22 09:16:00+05:30  818.75  818.75  814.60    814.60  ...    818.668750  NaN   NaN       NaN        NaN
2     2025-04-22 09:17:00+05:30  814.60  816.00  814.00    815.35  ...    818.565039  NaN   NaN       NaN        NaN
3     2025-04-22 09:18:00+05:30  815.30  816.00  814.75    815.50  ...    818.469257  NaN   NaN       NaN        NaN
4     2025-04-22 09:19:00+05:30  815.55  815.75  814.50    814.60  ...    818.348342  NaN   NaN       NaN        NaN
..                          ...     ...     ...     ...       ...  ...           ...  ...   ...       ...        ...
631  2025-04-23 10:38:25.918531     NaN     NaN     NaN  81785.00  ...  81449.413960  NaN   NaN       NaN        NaN
632  2025-04-23 10:38:26.829802     NaN     NaN     NaN  81790.00  ...  81460.057274  NaN   NaN       NaN        NaN
633  2025-04-23 10:38:26.885945     NaN     NaN     NaN  81790.00  ...  81470.367984  NaN   NaN       NaN        NaN
634  2025-04-23 10:38:26.885945     NaN     NaN     NaN  81790.00  ...  81480.356485  NaN   NaN       NaN        NaN
635  2025-04-23 10:38:26.885945     NaN     NaN     NaN  81790.00  ...  81490.032845  NaN   NaN       NaN        NaN

[636 rows x 13 columns]
2025-04-23 10:38:27,086 INFO:Final row: {'timestamp': Timestamp('2025-04-23 10:38:26.885945'), 'open': nan, 'high': nan, 'low': nan, 'close': 81790.0, 'volume': nan, 'short': 81789.00783480206, 'middle': 81785.10541729612, 'long': 81490.0328447292, 'buy': nan, 'sell': nan, 'buy_exit': nan, 'sell_exit': nan}
2025-04-23 10:38:27,086 INFO:Buy exit signal received
2025-04-23 10:38:27,086 INFO:Sell exit signal received
2025-04-23 10:38:27,086 INFO:Entering while loop with trade_count: 2
2025-04-23 10:38:27,153 INFO:Combined historical with live algo:                       timestamp    open    high     low     close  ...          long  buy  sell  buy_exit  sell_exit
0     2025-04-22 09:15:00+05:30  821.10  821.10  817.00    818.80  ...    818.800000  NaN   NaN       NaN        NaN
1     2025-04-22 09:16:00+05:30  818.75  818.75  814.60    814.60  ...    818.668750  NaN   NaN       NaN        NaN
2     2025-04-22 09:17:00+05:30  814.60  816.00  814.00    815.35  ...    818.565039  NaN   NaN       NaN        NaN
3     2025-04-22 09:18:00+05:30  815.30  816.00  814.75    815.50  ...    818.469257  NaN   NaN       NaN        NaN
4     2025-04-22 09:19:00+05:30  815.55  815.75  814.50    814.60  ...    818.348342  NaN   NaN       NaN        NaN
..                          ...     ...     ...     ...       ...  ...           ...  ...   ...       ...        ...
632  2025-04-23 10:38:26.829802     NaN     NaN     NaN  81790.00  ...  81460.057274  NaN   NaN       NaN        NaN
633  2025-04-23 10:38:26.885945     NaN     NaN     NaN  81790.00  ...  81470.367984  NaN   NaN       NaN        NaN
634  2025-04-23 10:38:26.885945     NaN     NaN     NaN  81790.00  ...  81480.356485  NaN   NaN       NaN        NaN
635  2025-04-23 10:38:26.885945     NaN     NaN     NaN  81790.00  ...  81490.032845  NaN   NaN       NaN        NaN
636  2025-04-23 10:38:26.885945     NaN     NaN     NaN  81790.00  ...  81499.406818  NaN   NaN       NaN        NaN

[637 rows x 13 columns]
2025-04-23 10:38:27,153 INFO:Final row: {'timestamp': Timestamp('2025-04-23 10:38:26.885945'), 'open': nan, 'high': nan, 'low': nan, 'close': 81790.0, 'volume': nan, 'short': 81789.33855653471, 'middle': 81785.5503793601, 'long': 81499.40681833141, 'buy': nan, 'sell': nan, 'buy_exit': nan, 'sell_exit': nan}
2025-04-23 10:38:27,153 INFO:Buy exit signal received
2025-04-23 10:38:27,153 INFO:Sell exit signal received
2025-04-23 10:38:27,153 INFO:Entering while loop with trade_count: 2
2025-04-23 10:38:27,220 INFO:Combined historical with live algo:                       timestamp    open    high     low     close  ...          long  buy  sell  buy_exit  sell_exit
0     2025-04-22 09:15:00+05:30  821.10  821.10  817.00    818.80  ...    818.800000  NaN   NaN       NaN        NaN
1     2025-04-22 09:16:00+05:30  818.75  818.75  814.60    814.60  ...    818.668750  NaN   NaN       NaN        NaN
2     2025-04-22 09:17:00+05:30  814.60  816.00  814.00    815.35  ...    818.565039  NaN   NaN       NaN        NaN
3     2025-04-22 09:18:00+05:30  815.30  816.00  814.75    815.50  ...    818.469257  NaN   NaN       NaN        NaN
4     2025-04-22 09:19:00+05:30  815.55  815.75  814.50    814.60  ...    818.348342  NaN   NaN       NaN        NaN
..                          ...     ...     ...     ...       ...  ...           ...  ...   ...       ...        ...
633  2025-04-23 10:38:26.885945     NaN     NaN     NaN  81790.00  ...  81470.367984  NaN   NaN       NaN        NaN
634  2025-04-23 10:38:26.885945     NaN     NaN     NaN  81790.00  ...  81480.356485  NaN   NaN       NaN        NaN
635  2025-04-23 10:38:26.885945     NaN     NaN     NaN  81790.00  ...  81490.032845  NaN   NaN       NaN        NaN
636  2025-04-23 10:38:26.885945     NaN     NaN     NaN  81790.00  ...  81499.406818  NaN   NaN       NaN        NaN
637  2025-04-23 10:38:26.885945     NaN     NaN     NaN  81790.00  ...  81508.487855  NaN   NaN       NaN        NaN

[638 rows x 13 columns]
2025-04-23 10:38:27,222 INFO:Final row: {'timestamp': Timestamp('2025-04-23 10:38:26.885945'), 'open': nan, 'high': nan, 'low': nan, 'close': 81790.0, 'volume': nan, 'short': 81789.55903768982, 'middle': 81785.95489032735, 'long': 81508.48785525856, 'buy': nan, 'sell': nan, 'buy_exit': nan, 'sell_exit': nan}
2025-04-23 10:38:27,222 INFO:Buy exit signal received
2025-04-23 10:38:27,222 INFO:Sell exit signal received
2025-04-23 10:38:27,222 INFO:Entering while loop with trade_count: 2
2025-04-23 10:38:27,286 INFO:Combined historical with live algo:                       timestamp    open    high     low     close  ...          long  buy  sell  buy_exit  sell_exit
0     2025-04-22 09:15:00+05:30  821.10  821.10  817.00    818.80  ...    818.800000  NaN   NaN       NaN        NaN
1     2025-04-22 09:16:00+05:30  818.75  818.75  814.60    814.60  ...    818.668750  NaN   NaN       NaN        NaN
2     2025-04-22 09:17:00+05:30  814.60  816.00  814.00    815.35  ...    818.565039  NaN   NaN       NaN        NaN
3     2025-04-22 09:18:00+05:30  815.30  816.00  814.75    815.50  ...    818.469257  NaN   NaN       NaN        NaN
4     2025-04-22 09:19:00+05:30  815.55  815.75  814.50    814.60  ...    818.348342  NaN   NaN       NaN        NaN
..                          ...     ...     ...     ...       ...  ...           ...  ...   ...       ...        ...
634  2025-04-23 10:38:26.885945     NaN     NaN     NaN  81790.00  ...  81480.356485  NaN   NaN       NaN        NaN
635  2025-04-23 10:38:26.885945     NaN     NaN     NaN  81790.00  ...  81490.032845  NaN   NaN       NaN        NaN
636  2025-04-23 10:38:26.885945     NaN     NaN     NaN  81790.00  ...  81499.406818  NaN   NaN       NaN        NaN
637  2025-04-23 10:38:26.885945     NaN     NaN     NaN  81790.00  ...  81508.487855  NaN   NaN       NaN        NaN
638  2025-04-23 10:38:26.885945     NaN     NaN     NaN  81790.00  ...  81517.285110  NaN   NaN       NaN        NaN

[639 rows x 13 columns]
2025-04-23 10:38:27,287 INFO:Final row: {'timestamp': Timestamp('2025-04-23 10:38:26.885945'), 'open': nan, 'high': nan, 'low': nan, 'close': 81790.0, 'volume': nan, 'short': 81789.70602512655, 'middle': 81786.32262757032, 'long': 81517.28510978173, 'buy': nan, 'sell': nan, 'buy_exit': nan, 'sell_exit': nan}
2025-04-23 10:38:27,287 INFO:Buy exit signal received
2025-04-23 10:38:27,287 INFO:Sell exit signal received
2025-04-23 10:38:27,287 INFO:Entering while loop with trade_count: 2
2025-04-23 10:38:27,349 INFO:Combined historical with live algo:                       timestamp    open    high     low     close  ...          long  buy  sell  buy_exit  sell_exit
0     2025-04-22 09:15:00+05:30  821.10  821.10  817.00    818.80  ...    818.800000  NaN   NaN       NaN        NaN
1     2025-04-22 09:16:00+05:30  818.75  818.75  814.60    814.60  ...    818.668750  NaN   NaN       NaN        NaN
2     2025-04-22 09:17:00+05:30  814.60  816.00  814.00    815.35  ...    818.565039  NaN   NaN       NaN        NaN
3     2025-04-22 09:18:00+05:30  815.30  816.00  814.75    815.50  ...    818.469257  NaN   NaN       NaN        NaN
4     2025-04-22 09:19:00+05:30  815.55  815.75  814.50    814.60  ...    818.348342  NaN   NaN       NaN        NaN
..                          ...     ...     ...     ...       ...  ...           ...  ...   ...       ...        ...
635  2025-04-23 10:38:26.885945     NaN     NaN     NaN  81790.00  ...  81490.032845  NaN   NaN       NaN        NaN
636  2025-04-23 10:38:26.885945     NaN     NaN     NaN  81790.00  ...  81499.406818  NaN   NaN       NaN        NaN
637  2025-04-23 10:38:26.885945     NaN     NaN     NaN  81790.00  ...  81508.487855  NaN   NaN       NaN        NaN
638  2025-04-23 10:38:26.885945     NaN     NaN     NaN  81790.00  ...  81517.285110  NaN   NaN       NaN        NaN
639  2025-04-23 10:38:26.885945     NaN     NaN     NaN  81790.00  ...  81525.807450  NaN   NaN       NaN        NaN

[640 rows x 13 columns]
2025-04-23 10:38:27,352 INFO:Final row: {'timestamp': Timestamp('2025-04-23 10:38:26.885945'), 'open': nan, 'high': nan, 'low': nan, 'close': 81790.0, 'volume': nan, 'short': 81789.80401675103, 'middle': 81786.65693415483, 'long': 81525.80745010106, 'buy': nan, 'sell': nan, 'buy_exit': nan, 'sell_exit': nan}
2025-04-23 10:38:27,352 INFO:Buy exit signal received
2025-04-23 10:38:27,352 INFO:Sell exit signal received
2025-04-23 10:38:27,352 INFO:Entering while loop with trade_count: 2
2025-04-23 10:38:27,406 INFO:Combined historical with live algo:                       timestamp    open    high     low     close  ...          long  buy  sell  buy_exit  sell_exit
0     2025-04-22 09:15:00+05:30  821.10  821.10  817.00    818.80  ...    818.800000  NaN   NaN       NaN        NaN
1     2025-04-22 09:16:00+05:30  818.75  818.75  814.60    814.60  ...    818.668750  NaN   NaN       NaN        NaN
2     2025-04-22 09:17:00+05:30  814.60  816.00  814.00    815.35  ...    818.565039  NaN   NaN       NaN        NaN
3     2025-04-22 09:18:00+05:30  815.30  816.00  814.75    815.50  ...    818.469257  NaN   NaN       NaN        NaN
4     2025-04-22 09:19:00+05:30  815.55  815.75  814.50    814.60  ...    818.348342  NaN   NaN       NaN        NaN
..                          ...     ...     ...     ...       ...  ...           ...  ...   ...       ...        ...
636  2025-04-23 10:38:26.885945     NaN     NaN     NaN  81790.00  ...  81499.406818  NaN   NaN       NaN        NaN
637  2025-04-23 10:38:26.885945     NaN     NaN     NaN  81790.00  ...  81508.487855  NaN   NaN       NaN        NaN
638  2025-04-23 10:38:26.885945     NaN     NaN     NaN  81790.00  ...  81517.285110  NaN   NaN       NaN        NaN
639  2025-04-23 10:38:26.885945     NaN     NaN     NaN  81790.00  ...  81525.807450  NaN   NaN       NaN        NaN
640  2025-04-23 10:38:26.885945     NaN     NaN     NaN  81790.00  ...  81534.063467  NaN   NaN       NaN        NaN

[641 rows x 13 columns]
2025-04-23 10:38:27,406 INFO:Final row: {'timestamp': Timestamp('2025-04-23 10:38:26.885945'), 'open': nan, 'high': nan, 'low': nan, 'close': 81790.0, 'volume': nan, 'short': 81789.8693445007, 'middle': 81786.96084923166, 'long': 81534.06346728539, 'buy': nan, 'sell': nan, 'buy_exit': nan, 'sell_exit': nan}
2025-04-23 10:38:27,406 INFO:Buy exit signal received
2025-04-23 10:38:27,406 INFO:Sell exit signal received
2025-04-23 10:38:27,406 INFO:Entering while loop with trade_count: 2
2025-04-23 10:38:27,461 INFO:Combined historical with live algo:                       timestamp    open    high     low     close  ...          long  buy  sell  buy_exit  sell_exit
0     2025-04-22 09:15:00+05:30  821.10  821.10  817.00    818.80  ...    818.800000  NaN   NaN       NaN        NaN
1     2025-04-22 09:16:00+05:30  818.75  818.75  814.60    814.60  ...    818.668750  NaN   NaN       NaN        NaN
2     2025-04-22 09:17:00+05:30  814.60  816.00  814.00    815.35  ...    818.565039  NaN   NaN       NaN        NaN
3     2025-04-22 09:18:00+05:30  815.30  816.00  814.75    815.50  ...    818.469257  NaN   NaN       NaN        NaN
4     2025-04-22 09:19:00+05:30  815.55  815.75  814.50    814.60  ...    818.348342  NaN   NaN       NaN        NaN
..                          ...     ...     ...     ...       ...  ...           ...  ...   ...       ...        ...
637  2025-04-23 10:38:26.885945     NaN     NaN     NaN  81790.00  ...  81508.487855  NaN   NaN       NaN        NaN
638  2025-04-23 10:38:26.885945     NaN     NaN     NaN  81790.00  ...  81517.285110  NaN   NaN       NaN        NaN
639  2025-04-23 10:38:26.885945     NaN     NaN     NaN  81790.00  ...  81525.807450  NaN   NaN       NaN        NaN
640  2025-04-23 10:38:26.885945     NaN     NaN     NaN  81790.00  ...  81534.063467  NaN   NaN       NaN        NaN
641  2025-04-23 10:38:26.885945     NaN     NaN     NaN  81790.00  ...  81542.061484  NaN   NaN       NaN        NaN

[642 rows x 13 columns]
2025-04-23 10:38:27,463 INFO:Final row: {'timestamp': Timestamp('2025-04-23 10:38:26.885945'), 'open': nan, 'high': nan, 'low': nan, 'close': 81790.0, 'volume': nan, 'short': 81789.9128963338, 'middle': 81787.23713566514, 'long': 81542.06148393272, 'buy': nan, 'sell': nan, 'buy_exit': nan, 'sell_exit': nan}
2025-04-23 10:38:27,463 INFO:Buy exit signal received
2025-04-23 10:38:27,463 INFO:Sell exit signal received
2025-04-23 10:38:27,463 INFO:Entering while loop with trade_count: 2
2025-04-23 10:38:27,516 INFO:Combined historical with live algo:                       timestamp    open    high     low     close  ...          long  buy  sell  buy_exit  sell_exit
0     2025-04-22 09:15:00+05:30  821.10  821.10  817.00    818.80  ...    818.800000  NaN   NaN       NaN        NaN
1     2025-04-22 09:16:00+05:30  818.75  818.75  814.60    814.60  ...    818.668750  NaN   NaN       NaN        NaN
2     2025-04-22 09:17:00+05:30  814.60  816.00  814.00    815.35  ...    818.565039  NaN   NaN       NaN        NaN
3     2025-04-22 09:18:00+05:30  815.30  816.00  814.75    815.50  ...    818.469257  NaN   NaN       NaN        NaN
4     2025-04-22 09:19:00+05:30  815.55  815.75  814.50    814.60  ...    818.348342  NaN   NaN       NaN        NaN
..                          ...     ...     ...     ...       ...  ...           ...  ...   ...       ...        ...
638  2025-04-23 10:38:26.885945     NaN     NaN     NaN  81790.00  ...  81517.285110  NaN   NaN       NaN        NaN
639  2025-04-23 10:38:26.885945     NaN     NaN     NaN  81790.00  ...  81525.807450  NaN   NaN       NaN        NaN
640  2025-04-23 10:38:26.885945     NaN     NaN     NaN  81790.00  ...  81534.063467  NaN   NaN       NaN        NaN
641  2025-04-23 10:38:26.885945     NaN     NaN     NaN  81790.00  ...  81542.061484  NaN   NaN       NaN        NaN
642  2025-04-23 10:38:26.885945     NaN     NaN     NaN  81790.00  ...  81549.809563  NaN   NaN       NaN        NaN

[643 rows x 13 columns]
2025-04-23 10:38:27,518 INFO:Final row: {'timestamp': Timestamp('2025-04-23 10:38:26.885945'), 'open': nan, 'high': nan, 'low': nan, 'close': 81790.0, 'volume': nan, 'short': 81789.94193088921, 'middle': 81787.48830515012, 'long': 81549.80956255982, 'buy': nan, 'sell': nan, 'buy_exit': nan, 'sell_exit': nan}
2025-04-23 10:38:27,518 INFO:Buy exit signal received
2025-04-23 10:38:27,518 INFO:Sell exit signal received
2025-04-23 10:38:27,518 INFO:Entering while loop with trade_count: 2
2025-04-23 10:38:27,568 INFO:Combined historical with live algo:                       timestamp    open    high     low     close  ...          long  buy  sell  buy_exit  sell_exit
0     2025-04-22 09:15:00+05:30  821.10  821.10  817.00    818.80  ...    818.800000  NaN   NaN       NaN        NaN
1     2025-04-22 09:16:00+05:30  818.75  818.75  814.60    814.60  ...    818.668750  NaN   NaN       NaN        NaN
2     2025-04-22 09:17:00+05:30  814.60  816.00  814.00    815.35  ...    818.565039  NaN   NaN       NaN        NaN
3     2025-04-22 09:18:00+05:30  815.30  816.00  814.75    815.50  ...    818.469257  NaN   NaN       NaN        NaN
4     2025-04-22 09:19:00+05:30  815.55  815.75  814.50    814.60  ...    818.348342  NaN   NaN       NaN        NaN
..                          ...     ...     ...     ...       ...  ...           ...  ...   ...       ...        ...
639  2025-04-23 10:38:26.885945     NaN     NaN     NaN  81790.00  ...  81525.807450  NaN   NaN       NaN        NaN
640  2025-04-23 10:38:26.885945     NaN     NaN     NaN  81790.00  ...  81534.063467  NaN   NaN       NaN        NaN
641  2025-04-23 10:38:26.885945     NaN     NaN     NaN  81790.00  ...  81542.061484  NaN   NaN       NaN        NaN
642  2025-04-23 10:38:26.885945     NaN     NaN     NaN  81790.00  ...  81549.809563  NaN   NaN       NaN        NaN
643  2025-04-23 10:38:26.885945     NaN     NaN     NaN  81790.00  ...  81557.315514  NaN   NaN       NaN        NaN

[644 rows x 13 columns]
2025-04-23 10:38:27,568 INFO:Final row: {'timestamp': Timestamp('2025-04-23 10:38:26.885945'), 'open': nan, 'high': nan, 'low': nan, 'close': 81790.0, 'volume': nan, 'short': 81789.96128725947, 'middle': 81787.71664104557, 'long': 81557.31551372983, 'buy': nan, 'sell': nan, 'buy_exit': nan, 'sell_exit': nan}
2025-04-23 10:38:27,568 INFO:Buy exit signal received
2025-04-23 10:38:27,568 INFO:Sell exit signal received
2025-04-23 10:38:27,568 INFO:Entering while loop with trade_count: 2
2025-04-23 10:38:27,621 INFO:Combined historical with live algo:                       timestamp    open    high     low     close  ...          long  buy  sell  buy_exit  sell_exit
0     2025-04-22 09:15:00+05:30  821.10  821.10  817.00    818.80  ...    818.800000  NaN   NaN       NaN        NaN
1     2025-04-22 09:16:00+05:30  818.75  818.75  814.60    814.60  ...    818.668750  NaN   NaN       NaN        NaN
2     2025-04-22 09:17:00+05:30  814.60  816.00  814.00    815.35  ...    818.565039  NaN   NaN       NaN        NaN
3     2025-04-22 09:18:00+05:30  815.30  816.00  814.75    815.50  ...    818.469257  NaN   NaN       NaN        NaN
4     2025-04-22 09:19:00+05:30  815.55  815.75  814.50    814.60  ...    818.348342  NaN   NaN       NaN        NaN
..                          ...     ...     ...     ...       ...  ...           ...  ...   ...       ...        ...
640  2025-04-23 10:38:26.885945     NaN     NaN     NaN  81790.00  ...  81534.063467  NaN   NaN       NaN        NaN
641  2025-04-23 10:38:26.885945     NaN     NaN     NaN  81790.00  ...  81542.061484  NaN   NaN       NaN        NaN
642  2025-04-23 10:38:26.885945     NaN     NaN     NaN  81790.00  ...  81549.809563  NaN   NaN       NaN        NaN
643  2025-04-23 10:38:26.885945     NaN     NaN     NaN  81790.00  ...  81557.315514  NaN   NaN       NaN        NaN
644  2025-04-23 10:38:26.885945     NaN     NaN     NaN  81790.00  ...  81564.586904  NaN   NaN       NaN        NaN

[645 rows x 13 columns]
2025-04-23 10:38:27,621 INFO:Final row: {'timestamp': Timestamp('2025-04-23 10:38:26.885945'), 'open': nan, 'high': nan, 'low': nan, 'close': 81790.0, 'volume': nan, 'short': 81789.97419150632, 'middle': 81787.92421913233, 'long': 81564.58690392577, 'buy': nan, 'sell': nan, 'buy_exit': nan, 'sell_exit': nan}
2025-04-23 10:38:27,621 INFO:Buy exit signal received
2025-04-23 10:38:27,621 INFO:Sell exit signal received
2025-04-23 10:38:27,621 INFO:Entering while loop with trade_count: 2
2025-04-23 10:38:27,675 INFO:Combined historical with live algo:                       timestamp    open    high     low     close  ...          long  buy  sell  buy_exit  sell_exit
0     2025-04-22 09:15:00+05:30  821.10  821.10  817.00    818.80  ...    818.800000  NaN   NaN       NaN        NaN
1     2025-04-22 09:16:00+05:30  818.75  818.75  814.60    814.60  ...    818.668750  NaN   NaN       NaN        NaN
2     2025-04-22 09:17:00+05:30  814.60  816.00  814.00    815.35  ...    818.565039  NaN   NaN       NaN        NaN
3     2025-04-22 09:18:00+05:30  815.30  816.00  814.75    815.50  ...    818.469257  NaN   NaN       NaN        NaN
4     2025-04-22 09:19:00+05:30  815.55  815.75  814.50    814.60  ...    818.348342  NaN   NaN       NaN        NaN
..                          ...     ...     ...     ...       ...  ...           ...  ...   ...       ...        ...
641  2025-04-23 10:38:26.885945     NaN     NaN     NaN  81790.00  ...  81542.061484  NaN   NaN       NaN        NaN
642  2025-04-23 10:38:26.885945     NaN     NaN     NaN  81790.00  ...  81549.809563  NaN   NaN       NaN        NaN
643  2025-04-23 10:38:26.885945     NaN     NaN     NaN  81790.00  ...  81557.315514  NaN   NaN       NaN        NaN
644  2025-04-23 10:38:26.885945     NaN     NaN     NaN  81790.00  ...  81564.586904  NaN   NaN       NaN        NaN
645  2025-04-23 10:38:26.885945     NaN     NaN     NaN  81790.00  ...  81571.631063  NaN   NaN       NaN        NaN

[646 rows x 13 columns]
2025-04-23 10:38:27,675 INFO:Final row: {'timestamp': Timestamp('2025-04-23 10:38:26.885945'), 'open': nan, 'high': nan, 'low': nan, 'close': 81790.0, 'volume': nan, 'short': 81789.98279433756, 'middle': 81788.11292648393, 'long': 81571.63106317808, 'buy': nan, 'sell': nan, 'buy_exit': nan, 'sell_exit': nan}
2025-04-23 10:38:27,675 INFO:Buy exit signal received
2025-04-23 10:38:27,675 INFO:Sell exit signal received
2025-04-23 10:38:27,675 INFO:Entering while loop with trade_count: 2
2025-04-23 10:38:27,752 INFO:Combined historical with live algo:                       timestamp    open    high     low     close  ...          long  buy  sell  buy_exit  sell_exit
0     2025-04-22 09:15:00+05:30  821.10  821.10  817.00    818.80  ...    818.800000  NaN   NaN       NaN        NaN
1     2025-04-22 09:16:00+05:30  818.75  818.75  814.60    814.60  ...    818.668750  NaN   NaN       NaN        NaN
2     2025-04-22 09:17:00+05:30  814.60  816.00  814.00    815.35  ...    818.565039  NaN   NaN       NaN        NaN
3     2025-04-22 09:18:00+05:30  815.30  816.00  814.75    815.50  ...    818.469257  NaN   NaN       NaN        NaN
4     2025-04-22 09:19:00+05:30  815.55  815.75  814.50    814.60  ...    818.348342  NaN   NaN       NaN        NaN
..                          ...     ...     ...     ...       ...  ...           ...  ...   ...       ...        ...
642  2025-04-23 10:38:26.885945     NaN     NaN     NaN  81790.00  ...  81549.809563  NaN   NaN       NaN        NaN
643  2025-04-23 10:38:26.885945     NaN     NaN     NaN  81790.00  ...  81557.315514  NaN   NaN       NaN        NaN
644  2025-04-23 10:38:26.885945     NaN     NaN     NaN  81790.00  ...  81564.586904  NaN   NaN       NaN        NaN
645  2025-04-23 10:38:26.885945     NaN     NaN     NaN  81790.00  ...  81571.631063  NaN   NaN       NaN        NaN
646  2025-04-23 10:38:26.885945     NaN     NaN     NaN  81790.00  ...  81578.455092  NaN   NaN       NaN        NaN

[647 rows x 13 columns]
2025-04-23 10:38:27,752 INFO:Final row: {'timestamp': Timestamp('2025-04-23 10:38:26.885945'), 'open': nan, 'high': nan, 'low': nan, 'close': 81790.0, 'volume': nan, 'short': 81789.98852955838, 'middle': 81788.28447862175, 'long': 81578.45509245376, 'buy': nan, 'sell': nan, 'buy_exit': nan, 'sell_exit': nan}
2025-04-23 10:38:27,752 INFO:Buy exit signal received
2025-04-23 10:38:27,752 INFO:Sell exit signal received
2025-04-23 10:38:27,752 INFO:Entering while loop with trade_count: 2
2025-04-23 10:38:27,810 INFO:Combined historical with live algo:                       timestamp    open    high     low     close  ...          long  buy  sell  buy_exit  sell_exit
0     2025-04-22 09:15:00+05:30  821.10  821.10  817.00    818.80  ...    818.800000  NaN   NaN       NaN        NaN
1     2025-04-22 09:16:00+05:30  818.75  818.75  814.60    814.60  ...    818.668750  NaN   NaN       NaN        NaN
2     2025-04-22 09:17:00+05:30  814.60  816.00  814.00    815.35  ...    818.565039  NaN   NaN       NaN        NaN
3     2025-04-22 09:18:00+05:30  815.30  816.00  814.75    815.50  ...    818.469257  NaN   NaN       NaN        NaN
4     2025-04-22 09:19:00+05:30  815.55  815.75  814.50    814.60  ...    818.348342  NaN   NaN       NaN        NaN
..                          ...     ...     ...     ...       ...  ...           ...  ...   ...       ...        ...
643  2025-04-23 10:38:26.885945     NaN     NaN     NaN  81790.00  ...  81557.315514  NaN   NaN       NaN        NaN
644  2025-04-23 10:38:26.885945     NaN     NaN     NaN  81790.00  ...  81564.586904  NaN   NaN       NaN        NaN
645  2025-04-23 10:38:26.885945     NaN     NaN     NaN  81790.00  ...  81571.631063  NaN   NaN       NaN        NaN
646  2025-04-23 10:38:26.885945     NaN     NaN     NaN  81790.00  ...  81578.455092  NaN   NaN       NaN        NaN
647  2025-04-23 10:38:26.885945     NaN     NaN     NaN  81790.00  ...  81585.065871  NaN   NaN       NaN        NaN

[648 rows x 13 columns]
2025-04-23 10:38:27,810 INFO:Final row: {'timestamp': Timestamp('2025-04-23 10:38:26.885945'), 'open': nan, 'high': nan, 'low': nan, 'close': 81790.0, 'volume': nan, 'short': 81789.99235303892, 'middle': 81788.44043511068, 'long': 81585.06587081458, 'buy': nan, 'sell': nan, 'buy_exit': nan, 'sell_exit': nan}
2025-04-23 10:38:27,810 INFO:Buy exit signal received
2025-04-23 10:38:27,810 INFO:Sell exit signal received
2025-04-23 10:38:27,810 INFO:Entering while loop with trade_count: 2
2025-04-23 10:38:27,867 INFO:Combined historical with live algo:                       timestamp    open    high     low     close  ...          long  buy  sell  buy_exit  sell_exit
0     2025-04-22 09:15:00+05:30  821.10  821.10  817.00    818.80  ...    818.800000  NaN   NaN       NaN        NaN
1     2025-04-22 09:16:00+05:30  818.75  818.75  814.60    814.60  ...    818.668750  NaN   NaN       NaN        NaN
2     2025-04-22 09:17:00+05:30  814.60  816.00  814.00    815.35  ...    818.565039  NaN   NaN       NaN        NaN
3     2025-04-22 09:18:00+05:30  815.30  816.00  814.75    815.50  ...    818.469257  NaN   NaN       NaN        NaN
4     2025-04-22 09:19:00+05:30  815.55  815.75  814.50    814.60  ...    818.348342  NaN   NaN       NaN        NaN
..                          ...     ...     ...     ...       ...  ...           ...  ...   ...       ...        ...
644  2025-04-23 10:38:26.885945     NaN     NaN     NaN  81790.00  ...  81564.586904  NaN   NaN       NaN        NaN
645  2025-04-23 10:38:26.885945     NaN     NaN     NaN  81790.00  ...  81571.631063  NaN   NaN       NaN        NaN
646  2025-04-23 10:38:26.885945     NaN     NaN     NaN  81790.00  ...  81578.455092  NaN   NaN       NaN        NaN
647  2025-04-23 10:38:26.885945     NaN     NaN     NaN  81790.00  ...  81585.065871  NaN   NaN       NaN        NaN
648  2025-04-23 10:38:26.885945     NaN     NaN     NaN  81790.00  ...  81591.470062  NaN   NaN       NaN        NaN

[649 rows x 13 columns]
2025-04-23 10:38:27,867 INFO:Final row: {'timestamp': Timestamp('2025-04-23 10:38:26.885945'), 'open': nan, 'high': nan, 'low': nan, 'close': 81790.0, 'volume': nan, 'short': 81789.99490202595, 'middle': 81788.58221373698, 'long': 81591.47006235163, 'buy': nan, 'sell': nan, 'buy_exit': nan, 'sell_exit': nan}
2025-04-23 10:38:27,867 INFO:Buy exit signal received
2025-04-23 10:38:27,867 INFO:Sell exit signal received
2025-04-23 10:38:27,867 INFO:Entering while loop with trade_count: 2
2025-04-23 10:38:27,935 INFO:Combined historical with live algo:                       timestamp    open    high     low     close  ...          long  buy  sell  buy_exit  sell_exit
0     2025-04-22 09:15:00+05:30  821.10  821.10  817.00    818.80  ...    818.800000  NaN   NaN       NaN        NaN
1     2025-04-22 09:16:00+05:30  818.75  818.75  814.60    814.60  ...    818.668750  NaN   NaN       NaN        NaN
2     2025-04-22 09:17:00+05:30  814.60  816.00  814.00    815.35  ...    818.565039  NaN   NaN       NaN        NaN
3     2025-04-22 09:18:00+05:30  815.30  816.00  814.75    815.50  ...    818.469257  NaN   NaN       NaN        NaN
4     2025-04-22 09:19:00+05:30  815.55  815.75  814.50    814.60  ...    818.348342  NaN   NaN       NaN        NaN
..                          ...     ...     ...     ...       ...  ...           ...  ...   ...       ...        ...
645  2025-04-23 10:38:26.885945     NaN     NaN     NaN  81790.00  ...  81571.631063  NaN   NaN       NaN        NaN
646  2025-04-23 10:38:26.885945     NaN     NaN     NaN  81790.00  ...  81578.455092  NaN   NaN       NaN        NaN
647  2025-04-23 10:38:26.885945     NaN     NaN     NaN  81790.00  ...  81585.065871  NaN   NaN       NaN        NaN
648  2025-04-23 10:38:26.885945     NaN     NaN     NaN  81790.00  ...  81591.470062  NaN   NaN       NaN        NaN
649  2025-04-23 10:38:27.827940     NaN     NaN     NaN  81820.00  ...  81598.611623  NaN   NaN       NaN        NaN

[650 rows x 13 columns]
2025-04-23 10:38:27,935 INFO:Final row: {'timestamp': Timestamp('2025-04-23 10:38:27.827940'), 'open': nan, 'high': nan, 'low': nan, 'close': 81820.0, 'volume': nan, 'short': 81799.99660135063, 'middle': 81791.43837612453, 'long': 81598.61162290313, 'buy': nan, 'sell': nan, 'buy_exit': nan, 'sell_exit': nan}
2025-04-23 10:38:27,935 INFO:Buy exit signal received
2025-04-23 10:38:27,935 INFO:Sell exit signal received
2025-04-23 10:38:27,935 INFO:Entering while loop with trade_count: 2
2025-04-23 10:38:28,019 INFO:Combined historical with live algo:                       timestamp    open    high     low     close  ...          long  buy  sell  buy_exit  sell_exit
0     2025-04-22 09:15:00+05:30  821.10  821.10  817.00    818.80  ...    818.800000  NaN   NaN       NaN        NaN
1     2025-04-22 09:16:00+05:30  818.75  818.75  814.60    814.60  ...    818.668750  NaN   NaN       NaN        NaN
2     2025-04-22 09:17:00+05:30  814.60  816.00  814.00    815.35  ...    818.565039  NaN   NaN       NaN        NaN
3     2025-04-22 09:18:00+05:30  815.30  816.00  814.75    815.50  ...    818.469257  NaN   NaN       NaN        NaN
4     2025-04-22 09:19:00+05:30  815.55  815.75  814.50    814.60  ...    818.348342  NaN   NaN       NaN        NaN
..                          ...     ...     ...     ...       ...  ...           ...  ...   ...       ...        ...
646  2025-04-23 10:38:26.885945     NaN     NaN     NaN  81790.00  ...  81578.455092  NaN   NaN       NaN        NaN
647  2025-04-23 10:38:26.885945     NaN     NaN     NaN  81790.00  ...  81585.065871  NaN   NaN       NaN        NaN
648  2025-04-23 10:38:26.885945     NaN     NaN     NaN  81790.00  ...  81591.470062  NaN   NaN       NaN        NaN
649  2025-04-23 10:38:27.827940     NaN     NaN     NaN  81820.00  ...  81598.611623  NaN   NaN       NaN        NaN
650  2025-04-23 10:38:27.890116     NaN     NaN     NaN  81820.00  ...  81605.530010  NaN   NaN       NaN        NaN

[651 rows x 13 columns]
2025-04-23 10:38:28,023 INFO:Final row: {'timestamp': Timestamp('2025-04-23 10:38:27.890116'), 'open': nan, 'high': nan, 'low': nan, 'close': 81820.0, 'volume': nan, 'short': 81806.66440090042, 'middle': 81794.03488738593, 'long': 81605.53000968741, 'buy': nan, 'sell': nan, 'buy_exit': nan, 'sell_exit': nan}
2025-04-23 10:38:28,023 INFO:Buy exit signal received
2025-04-23 10:38:28,023 INFO:Sell exit signal received
2025-04-23 10:38:28,023 INFO:Entering while loop with trade_count: 2
2025-04-23 10:38:28,091 INFO:Combined historical with live algo:                       timestamp    open    high     low     close  ...          long  buy  sell  buy_exit  sell_exit
0     2025-04-22 09:15:00+05:30  821.10  821.10  817.00    818.80  ...    818.800000  NaN   NaN       NaN        NaN
1     2025-04-22 09:16:00+05:30  818.75  818.75  814.60    814.60  ...    818.668750  NaN   NaN       NaN        NaN
2     2025-04-22 09:17:00+05:30  814.60  816.00  814.00    815.35  ...    818.565039  NaN   NaN       NaN        NaN
3     2025-04-22 09:18:00+05:30  815.30  816.00  814.75    815.50  ...    818.469257  NaN   NaN       NaN        NaN
4     2025-04-22 09:19:00+05:30  815.55  815.75  814.50    814.60  ...    818.348342  NaN   NaN       NaN        NaN
..                          ...     ...     ...     ...       ...  ...           ...  ...   ...       ...        ...
647  2025-04-23 10:38:26.885945     NaN     NaN     NaN  81790.00  ...  81585.065871  NaN   NaN       NaN        NaN
648  2025-04-23 10:38:26.885945     NaN     NaN     NaN  81790.00  ...  81591.470062  NaN   NaN       NaN        NaN
649  2025-04-23 10:38:27.827940     NaN     NaN     NaN  81820.00  ...  81598.611623  NaN   NaN       NaN        NaN
650  2025-04-23 10:38:27.890116     NaN     NaN     NaN  81820.00  ...  81605.530010  NaN   NaN       NaN        NaN
651  2025-04-23 10:38:27.890116     NaN     NaN     NaN  81820.00  ...  81612.232197  NaN   NaN       NaN        NaN

[652 rows x 13 columns]
2025-04-23 10:38:28,091 INFO:Final row: {'timestamp': Timestamp('2025-04-23 10:38:27.890116'), 'open': nan, 'high': nan, 'low': nan, 'close': 81820.0, 'volume': nan, 'short': 81811.10960060029, 'middle': 81796.39535216903, 'long': 81612.23219688468, 'buy': nan, 'sell': nan, 'buy_exit': nan, 'sell_exit': nan}
2025-04-23 10:38:28,091 INFO:Buy exit signal received
2025-04-23 10:38:28,091 INFO:Sell exit signal received
2025-04-23 10:38:28,091 INFO:Entering while loop with trade_count: 2
2025-04-23 10:38:28,146 INFO:Combined historical with live algo:                       timestamp    open    high     low     close  ...          long  buy  sell  buy_exit  sell_exit
0     2025-04-22 09:15:00+05:30  821.10  821.10  817.00    818.80  ...    818.800000  NaN   NaN       NaN        NaN
1     2025-04-22 09:16:00+05:30  818.75  818.75  814.60    814.60  ...    818.668750  NaN   NaN       NaN        NaN
2     2025-04-22 09:17:00+05:30  814.60  816.00  814.00    815.35  ...    818.565039  NaN   NaN       NaN        NaN
3     2025-04-22 09:18:00+05:30  815.30  816.00  814.75    815.50  ...    818.469257  NaN   NaN       NaN        NaN
4     2025-04-22 09:19:00+05:30  815.55  815.75  814.50    814.60  ...    818.348342  NaN   NaN       NaN        NaN
..                          ...     ...     ...     ...       ...  ...           ...  ...   ...       ...        ...
648  2025-04-23 10:38:26.885945     NaN     NaN     NaN  81790.00  ...  81591.470062  NaN   NaN       NaN        NaN
649  2025-04-23 10:38:27.827940     NaN     NaN     NaN  81820.00  ...  81598.611623  NaN   NaN       NaN        NaN
650  2025-04-23 10:38:27.890116     NaN     NaN     NaN  81820.00  ...  81605.530010  NaN   NaN       NaN        NaN
651  2025-04-23 10:38:27.890116     NaN     NaN     NaN  81820.00  ...  81612.232197  NaN   NaN       NaN        NaN
652  2025-04-23 10:38:27.890116     NaN     NaN     NaN  81820.00  ...  81618.724941  NaN   NaN       NaN        NaN

[653 rows x 13 columns]
2025-04-23 10:38:28,146 INFO:Final row: {'timestamp': Timestamp('2025-04-23 10:38:27.890116'), 'open': nan, 'high': nan, 'low': nan, 'close': 81820.0, 'volume': nan, 'short': 81814.07306706687, 'middle': 81798.54122924457, 'long': 81618.72494073203, 'buy': nan, 'sell': nan, 'buy_exit': nan, 'sell_exit': nan}
2025-04-23 10:38:28,146 INFO:Buy exit signal received
2025-04-23 10:38:28,146 INFO:Sell exit signal received
2025-04-23 10:38:28,146 INFO:Entering while loop with trade_count: 2
2025-04-23 10:38:28,207 INFO:Combined historical with live algo:                       timestamp    open    high     low     close  ...          long  buy  sell  buy_exit  sell_exit
0     2025-04-22 09:15:00+05:30  821.10  821.10  817.00    818.80  ...    818.800000  NaN   NaN       NaN        NaN
1     2025-04-22 09:16:00+05:30  818.75  818.75  814.60    814.60  ...    818.668750  NaN   NaN       NaN        NaN
2     2025-04-22 09:17:00+05:30  814.60  816.00  814.00    815.35  ...    818.565039  NaN   NaN       NaN        NaN
3     2025-04-22 09:18:00+05:30  815.30  816.00  814.75    815.50  ...    818.469257  NaN   NaN       NaN        NaN
4     2025-04-22 09:19:00+05:30  815.55  815.75  814.50    814.60  ...    818.348342  NaN   NaN       NaN        NaN
..                          ...     ...     ...     ...       ...  ...           ...  ...   ...       ...        ...
649  2025-04-23 10:38:27.827940     NaN     NaN     NaN  81820.00  ...  81598.611623  NaN   NaN       NaN        NaN
650  2025-04-23 10:38:27.890116     NaN     NaN     NaN  81820.00  ...  81605.530010  NaN   NaN       NaN        NaN
651  2025-04-23 10:38:27.890116     NaN     NaN     NaN  81820.00  ...  81612.232197  NaN   NaN       NaN        NaN
652  2025-04-23 10:38:27.890116     NaN     NaN     NaN  81820.00  ...  81618.724941  NaN   NaN       NaN        NaN
653  2025-04-23 10:38:27.890116     NaN     NaN     NaN  81820.00  ...  81625.014786  NaN   NaN       NaN        NaN

[654 rows x 13 columns]
2025-04-23 10:38:28,208 INFO:Final row: {'timestamp': Timestamp('2025-04-23 10:38:27.890116'), 'open': nan, 'high': nan, 'low': nan, 'close': 81820.0, 'volume': nan, 'short': 81816.04871137792, 'middle': 81800.49202658597, 'long': 81625.01478633416, 'buy': nan, 'sell': nan, 'buy_exit': nan, 'sell_exit': nan}
2025-04-23 10:38:28,208 INFO:Buy exit signal received
2025-04-23 10:38:28,208 INFO:Sell exit signal received
2025-04-23 10:38:28,208 INFO:Entering while loop with trade_count: 2
2025-04-23 10:38:28,275 INFO:Combined historical with live algo:                       timestamp    open    high     low     close  ...          long  buy  sell  buy_exit  sell_exit
0     2025-04-22 09:15:00+05:30  821.10  821.10  817.00    818.80  ...    818.800000  NaN   NaN       NaN        NaN
1     2025-04-22 09:16:00+05:30  818.75  818.75  814.60    814.60  ...    818.668750  NaN   NaN       NaN        NaN
2     2025-04-22 09:17:00+05:30  814.60  816.00  814.00    815.35  ...    818.565039  NaN   NaN       NaN        NaN
3     2025-04-22 09:18:00+05:30  815.30  816.00  814.75    815.50  ...    818.469257  NaN   NaN       NaN        NaN
4     2025-04-22 09:19:00+05:30  815.55  815.75  814.50    814.60  ...    818.348342  NaN   NaN       NaN        NaN
..                          ...     ...     ...     ...       ...  ...           ...  ...   ...       ...        ...
650  2025-04-23 10:38:27.890116     NaN     NaN     NaN  81820.00  ...  81605.530010  NaN   NaN       NaN        NaN
651  2025-04-23 10:38:27.890116     NaN     NaN     NaN  81820.00  ...  81612.232197  NaN   NaN       NaN        NaN
652  2025-04-23 10:38:27.890116     NaN     NaN     NaN  81820.00  ...  81618.724941  NaN   NaN       NaN        NaN
653  2025-04-23 10:38:27.890116     NaN     NaN     NaN  81820.00  ...  81625.014786  NaN   NaN       NaN        NaN
654  2025-04-23 10:38:27.890116     NaN     NaN     NaN  81820.00  ...  81631.108074  NaN   NaN       NaN        NaN

[655 rows x 13 columns]
2025-04-23 10:38:28,276 INFO:Final row: {'timestamp': Timestamp('2025-04-23 10:38:27.890116'), 'open': nan, 'high': nan, 'low': nan, 'close': 81820.0, 'volume': nan, 'short': 81817.36580758529, 'middle': 81802.26547871451, 'long': 81631.10807426121, 'buy': nan, 'sell': nan, 'buy_exit': nan, 'sell_exit': nan}
2025-04-23 10:38:28,276 INFO:Buy exit signal received
2025-04-23 10:38:28,276 INFO:Sell exit signal received
2025-04-23 10:38:28,276 INFO:Entering while loop with trade_count: 2
2025-04-23 10:38:28,333 INFO:Combined historical with live algo:                       timestamp    open    high     low     close  ...          long  buy  sell  buy_exit  sell_exit
0     2025-04-22 09:15:00+05:30  821.10  821.10  817.00    818.80  ...    818.800000  NaN   NaN       NaN        NaN
1     2025-04-22 09:16:00+05:30  818.75  818.75  814.60    814.60  ...    818.668750  NaN   NaN       NaN        NaN
2     2025-04-22 09:17:00+05:30  814.60  816.00  814.00    815.35  ...    818.565039  NaN   NaN       NaN        NaN
3     2025-04-22 09:18:00+05:30  815.30  816.00  814.75    815.50  ...    818.469257  NaN   NaN       NaN        NaN
4     2025-04-22 09:19:00+05:30  815.55  815.75  814.50    814.60  ...    818.348342  NaN   NaN       NaN        NaN
..                          ...     ...     ...     ...       ...  ...           ...  ...   ...       ...        ...
651  2025-04-23 10:38:27.890116     NaN     NaN     NaN  81820.00  ...  81612.232197  NaN   NaN       NaN        NaN
652  2025-04-23 10:38:27.890116     NaN     NaN     NaN  81820.00  ...  81618.724941  NaN   NaN       NaN        NaN
653  2025-04-23 10:38:27.890116     NaN     NaN     NaN  81820.00  ...  81625.014786  NaN   NaN       NaN        NaN
654  2025-04-23 10:38:27.890116     NaN     NaN     NaN  81820.00  ...  81631.108074  NaN   NaN       NaN        NaN
655  2025-04-23 10:38:27.890116     NaN     NaN     NaN  81820.00  ...  81637.010947  NaN   NaN       NaN        NaN

[656 rows x 13 columns]
2025-04-23 10:38:28,335 INFO:Final row: {'timestamp': Timestamp('2025-04-23 10:38:27.890116'), 'open': nan, 'high': nan, 'low': nan, 'close': 81820.0, 'volume': nan, 'short': 81818.24387172353, 'middle': 81803.8777079223, 'long': 81637.01094694054, 'buy': nan, 'sell': nan, 'buy_exit': nan, 'sell_exit': nan}
2025-04-23 10:38:28,335 INFO:Buy exit signal received
2025-04-23 10:38:28,335 INFO:Sell exit signal received
2025-04-23 10:38:28,335 INFO:Entering while loop with trade_count: 2
2025-04-23 10:38:28,391 INFO:Combined historical with live algo:                       timestamp    open    high     low     close  ...          long  buy  sell  buy_exit  sell_exit
0     2025-04-22 09:15:00+05:30  821.10  821.10  817.00    818.80  ...    818.800000  NaN   NaN       NaN        NaN
1     2025-04-22 09:16:00+05:30  818.75  818.75  814.60    814.60  ...    818.668750  NaN   NaN       NaN        NaN
2     2025-04-22 09:17:00+05:30  814.60  816.00  814.00    815.35  ...    818.565039  NaN   NaN       NaN        NaN
3     2025-04-22 09:18:00+05:30  815.30  816.00  814.75    815.50  ...    818.469257  NaN   NaN       NaN        NaN
4     2025-04-22 09:19:00+05:30  815.55  815.75  814.50    814.60  ...    818.348342  NaN   NaN       NaN        NaN
..                          ...     ...     ...     ...       ...  ...           ...  ...   ...       ...        ...
652  2025-04-23 10:38:27.890116     NaN     NaN     NaN  81820.00  ...  81618.724941  NaN   NaN       NaN        NaN
653  2025-04-23 10:38:27.890116     NaN     NaN     NaN  81820.00  ...  81625.014786  NaN   NaN       NaN        NaN
654  2025-04-23 10:38:27.890116     NaN     NaN     NaN  81820.00  ...  81631.108074  NaN   NaN       NaN        NaN
655  2025-04-23 10:38:27.890116     NaN     NaN     NaN  81820.00  ...  81637.010947  NaN   NaN       NaN        NaN
656  2025-04-23 10:38:27.890116     NaN     NaN     NaN  81820.00  ...  81642.729355  NaN   NaN       NaN        NaN

[657 rows x 13 columns]
2025-04-23 10:38:28,393 INFO:Final row: {'timestamp': Timestamp('2025-04-23 10:38:27.890116'), 'open': nan, 'high': nan, 'low': nan, 'close': 81820.0, 'volume': nan, 'short': 81818.8292478157, 'middle': 81805.34337083845, 'long': 81642.72935484865, 'buy': nan, 'sell': nan, 'buy_exit': nan, 'sell_exit': nan}
2025-04-23 10:38:28,393 INFO:Buy exit signal received
2025-04-23 10:38:28,393 INFO:Sell exit signal received
2025-04-23 10:38:28,393 INFO:Entering while loop with trade_count: 2
2025-04-23 10:38:28,440 INFO:Combined historical with live algo:                       timestamp    open    high     low     close  ...          long  buy  sell  buy_exit  sell_exit
0     2025-04-22 09:15:00+05:30  821.10  821.10  817.00    818.80  ...    818.800000  NaN   NaN       NaN        NaN
1     2025-04-22 09:16:00+05:30  818.75  818.75  814.60    814.60  ...    818.668750  NaN   NaN       NaN        NaN
2     2025-04-22 09:17:00+05:30  814.60  816.00  814.00    815.35  ...    818.565039  NaN   NaN       NaN        NaN
3     2025-04-22 09:18:00+05:30  815.30  816.00  814.75    815.50  ...    818.469257  NaN   NaN       NaN        NaN
4     2025-04-22 09:19:00+05:30  815.55  815.75  814.50    814.60  ...    818.348342  NaN   NaN       NaN        NaN
..                          ...     ...     ...     ...       ...  ...           ...  ...   ...       ...        ...
653  2025-04-23 10:38:27.890116     NaN     NaN     NaN  81820.00  ...  81625.014786  NaN   NaN       NaN        NaN
654  2025-04-23 10:38:27.890116     NaN     NaN     NaN  81820.00  ...  81631.108074  NaN   NaN       NaN        NaN
655  2025-04-23 10:38:27.890116     NaN     NaN     NaN  81820.00  ...  81637.010947  NaN   NaN       NaN        NaN
656  2025-04-23 10:38:27.890116     NaN     NaN     NaN  81820.00  ...  81642.729355  NaN   NaN       NaN        NaN
657  2025-04-23 10:38:27.890116     NaN     NaN     NaN  81820.00  ...  81648.269063  NaN   NaN       NaN        NaN

[658 rows x 13 columns]
2025-04-23 10:38:28,440 INFO:Final row: {'timestamp': Timestamp('2025-04-23 10:38:27.890116'), 'open': nan, 'high': nan, 'low': nan, 'close': 81820.0, 'volume': nan, 'short': 81819.2194985438, 'middle': 81806.67579167132, 'long': 81648.26906250963, 'buy': nan, 'sell': nan, 'buy_exit': nan, 'sell_exit': nan}
2025-04-23 10:38:28,440 INFO:Buy exit signal received
2025-04-23 10:38:28,448 INFO:Sell exit signal received
2025-04-23 10:38:28,448 INFO:Entering while loop with trade_count: 2
2025-04-23 10:38:28,491 INFO:Combined historical with live algo:                       timestamp    open    high     low     close  ...          long  buy  sell  buy_exit  sell_exit
0     2025-04-22 09:15:00+05:30  821.10  821.10  817.00    818.80  ...    818.800000  NaN   NaN       NaN        NaN
1     2025-04-22 09:16:00+05:30  818.75  818.75  814.60    814.60  ...    818.668750  NaN   NaN       NaN        NaN
2     2025-04-22 09:17:00+05:30  814.60  816.00  814.00    815.35  ...    818.565039  NaN   NaN       NaN        NaN
3     2025-04-22 09:18:00+05:30  815.30  816.00  814.75    815.50  ...    818.469257  NaN   NaN       NaN        NaN
4     2025-04-22 09:19:00+05:30  815.55  815.75  814.50    814.60  ...    818.348342  NaN   NaN       NaN        NaN
..                          ...     ...     ...     ...       ...  ...           ...  ...   ...       ...        ...
654  2025-04-23 10:38:27.890116     NaN     NaN     NaN  81820.00  ...  81631.108074  NaN   NaN       NaN        NaN
655  2025-04-23 10:38:27.890116     NaN     NaN     NaN  81820.00  ...  81637.010947  NaN   NaN       NaN        NaN
656  2025-04-23 10:38:27.890116     NaN     NaN     NaN  81820.00  ...  81642.729355  NaN   NaN       NaN        NaN
657  2025-04-23 10:38:27.890116     NaN     NaN     NaN  81820.00  ...  81648.269063  NaN   NaN       NaN        NaN
658  2025-04-23 10:38:27.890116     NaN     NaN     NaN  81820.00  ...  81653.635654  NaN   NaN       NaN        NaN

[659 rows x 13 columns]
2025-04-23 10:38:28,499 INFO:Final row: {'timestamp': Timestamp('2025-04-23 10:38:27.890116'), 'open': nan, 'high': nan, 'low': nan, 'close': 81820.0, 'volume': nan, 'short': 81819.47966569586, 'middle': 81807.88708333757, 'long': 81653.6356543062, 'buy': nan, 'sell': nan, 'buy_exit': nan, 'sell_exit': nan}
2025-04-23 10:38:28,499 INFO:Buy exit signal received
2025-04-23 10:38:28,499 INFO:Sell exit signal received
2025-04-23 10:38:28,499 INFO:Entering while loop with trade_count: 2
2025-04-23 10:38:28,541 INFO:Combined historical with live algo:                       timestamp    open    high     low     close  ...          long  buy  sell  buy_exit  sell_exit
0     2025-04-22 09:15:00+05:30  821.10  821.10  817.00    818.80  ...    818.800000  NaN   NaN       NaN        NaN
1     2025-04-22 09:16:00+05:30  818.75  818.75  814.60    814.60  ...    818.668750  NaN   NaN       NaN        NaN
2     2025-04-22 09:17:00+05:30  814.60  816.00  814.00    815.35  ...    818.565039  NaN   NaN       NaN        NaN
3     2025-04-22 09:18:00+05:30  815.30  816.00  814.75    815.50  ...    818.469257  NaN   NaN       NaN        NaN
4     2025-04-22 09:19:00+05:30  815.55  815.75  814.50    814.60  ...    818.348342  NaN   NaN       NaN        NaN
..                          ...     ...     ...     ...       ...  ...           ...  ...   ...       ...        ...
655  2025-04-23 10:38:27.890116     NaN     NaN     NaN  81820.00  ...  81637.010947  NaN   NaN       NaN        NaN
656  2025-04-23 10:38:27.890116     NaN     NaN     NaN  81820.00  ...  81642.729355  NaN   NaN       NaN        NaN
657  2025-04-23 10:38:27.890116     NaN     NaN     NaN  81820.00  ...  81648.269063  NaN   NaN       NaN        NaN
658  2025-04-23 10:38:27.890116     NaN     NaN     NaN  81820.00  ...  81653.635654  NaN   NaN       NaN        NaN
659  2025-04-23 10:38:27.890116     NaN     NaN     NaN  81820.00  ...  81658.834540  NaN   NaN       NaN        NaN

[660 rows x 13 columns]
2025-04-23 10:38:28,548 INFO:Final row: {'timestamp': Timestamp('2025-04-23 10:38:27.890116'), 'open': nan, 'high': nan, 'low': nan, 'close': 81820.0, 'volume': nan, 'short': 81819.65311046391, 'middle': 81808.98825757961, 'long': 81658.83454010914, 'buy': nan, 'sell': nan, 'buy_exit': nan, 'sell_exit': nan}
2025-04-23 10:38:28,548 INFO:Buy exit signal received
2025-04-23 10:38:28,548 INFO:Sell exit signal received
2025-04-23 10:38:28,548 INFO:Entering while loop with trade_count: 2
2025-04-23 10:38:28,598 INFO:Combined historical with live algo:                       timestamp    open    high     low     close  ...          long  buy  sell  buy_exit  sell_exit
0     2025-04-22 09:15:00+05:30  821.10  821.10  817.00    818.80  ...    818.800000  NaN   NaN       NaN        NaN
1     2025-04-22 09:16:00+05:30  818.75  818.75  814.60    814.60  ...    818.668750  NaN   NaN       NaN        NaN
2     2025-04-22 09:17:00+05:30  814.60  816.00  814.00    815.35  ...    818.565039  NaN   NaN       NaN        NaN
3     2025-04-22 09:18:00+05:30  815.30  816.00  814.75    815.50  ...    818.469257  NaN   NaN       NaN        NaN
4     2025-04-22 09:19:00+05:30  815.55  815.75  814.50    814.60  ...    818.348342  NaN   NaN       NaN        NaN
..                          ...     ...     ...     ...       ...  ...           ...  ...   ...       ...        ...
656  2025-04-23 10:38:27.890116     NaN     NaN     NaN  81820.00  ...  81642.729355  NaN   NaN       NaN        NaN
657  2025-04-23 10:38:27.890116     NaN     NaN     NaN  81820.00  ...  81648.269063  NaN   NaN       NaN        NaN
658  2025-04-23 10:38:27.890116     NaN     NaN     NaN  81820.00  ...  81653.635654  NaN   NaN       NaN        NaN
659  2025-04-23 10:38:27.890116     NaN     NaN     NaN  81820.00  ...  81658.834540  NaN   NaN       NaN        NaN
660  2025-04-23 10:38:27.890116     NaN     NaN     NaN  81820.00  ...  81663.870961  NaN   NaN       NaN        NaN

[661 rows x 13 columns]
2025-04-23 10:38:28,601 INFO:Final row: {'timestamp': Timestamp('2025-04-23 10:38:27.890116'), 'open': nan, 'high': nan, 'low': nan, 'close': 81820.0, 'volume': nan, 'short': 81819.76874030929, 'middle': 81809.98932507237, 'long': 81663.87096073072, 'buy': nan, 'sell': nan, 'buy_exit': nan, 'sell_exit': nan}
2025-04-23 10:38:28,601 INFO:Buy exit signal received
2025-04-23 10:38:28,601 INFO:Sell exit signal received
2025-04-23 10:38:28,601 INFO:Entering while loop with trade_count: 2
2025-04-23 10:38:28,653 INFO:Combined historical with live algo:                       timestamp    open    high     low     close  ...          long  buy  sell  buy_exit  sell_exit
0     2025-04-22 09:15:00+05:30  821.10  821.10  817.00    818.80  ...    818.800000  NaN   NaN       NaN        NaN
1     2025-04-22 09:16:00+05:30  818.75  818.75  814.60    814.60  ...    818.668750  NaN   NaN       NaN        NaN
2     2025-04-22 09:17:00+05:30  814.60  816.00  814.00    815.35  ...    818.565039  NaN   NaN       NaN        NaN
3     2025-04-22 09:18:00+05:30  815.30  816.00  814.75    815.50  ...    818.469257  NaN   NaN       NaN        NaN
4     2025-04-22 09:19:00+05:30  815.55  815.75  814.50    814.60  ...    818.348342  NaN   NaN       NaN        NaN
..                          ...     ...     ...     ...       ...  ...           ...  ...   ...       ...        ...
657  2025-04-23 10:38:27.890116     NaN     NaN     NaN  81820.00  ...  81648.269063  NaN   NaN       NaN        NaN
658  2025-04-23 10:38:27.890116     NaN     NaN     NaN  81820.00  ...  81653.635654  NaN   NaN       NaN        NaN
659  2025-04-23 10:38:27.890116     NaN     NaN     NaN  81820.00  ...  81658.834540  NaN   NaN       NaN        NaN
660  2025-04-23 10:38:27.890116     NaN     NaN     NaN  81820.00  ...  81663.870961  NaN   NaN       NaN        NaN
661  2025-04-23 10:38:27.890116     NaN     NaN     NaN  81820.00  ...  81668.749993  NaN   NaN       NaN        NaN

[662 rows x 13 columns]
2025-04-23 10:38:28,653 INFO:Final row: {'timestamp': Timestamp('2025-04-23 10:38:27.890116'), 'open': nan, 'high': nan, 'low': nan, 'close': 81820.0, 'volume': nan, 'short': 81819.84582687286, 'middle': 81810.89938642943, 'long': 81668.7499932079, 'buy': nan, 'sell': nan, 'buy_exit': nan, 'sell_exit': nan}
2025-04-23 10:38:28,653 INFO:Buy exit signal received
2025-04-23 10:38:28,653 INFO:Sell exit signal received
2025-04-23 10:38:28,653 INFO:Entering while loop with trade_count: 2
2025-04-23 10:38:28,714 INFO:Combined historical with live algo:                       timestamp    open    high     low     close  ...          long  buy  sell  buy_exit  sell_exit
0     2025-04-22 09:15:00+05:30  821.10  821.10  817.00    818.80  ...    818.800000  NaN   NaN       NaN        NaN
1     2025-04-22 09:16:00+05:30  818.75  818.75  814.60    814.60  ...    818.668750  NaN   NaN       NaN        NaN
2     2025-04-22 09:17:00+05:30  814.60  816.00  814.00    815.35  ...    818.565039  NaN   NaN       NaN        NaN
3     2025-04-22 09:18:00+05:30  815.30  816.00  814.75    815.50  ...    818.469257  NaN   NaN       NaN        NaN
4     2025-04-22 09:19:00+05:30  815.55  815.75  814.50    814.60  ...    818.348342  NaN   NaN       NaN        NaN
..                          ...     ...     ...     ...       ...  ...           ...  ...   ...       ...        ...
658  2025-04-23 10:38:27.890116     NaN     NaN     NaN  81820.00  ...  81653.635654  NaN   NaN       NaN        NaN
659  2025-04-23 10:38:27.890116     NaN     NaN     NaN  81820.00  ...  81658.834540  NaN   NaN       NaN        NaN
660  2025-04-23 10:38:27.890116     NaN     NaN     NaN  81820.00  ...  81663.870961  NaN   NaN       NaN        NaN
661  2025-04-23 10:38:27.890116     NaN     NaN     NaN  81820.00  ...  81668.749993  NaN   NaN       NaN        NaN
662  2025-04-23 10:38:27.890116     NaN     NaN     NaN  81820.00  ...  81673.476556  NaN   NaN       NaN        NaN

[663 rows x 13 columns]
2025-04-23 10:38:28,718 INFO:Final row: {'timestamp': Timestamp('2025-04-23 10:38:27.890116'), 'open': nan, 'high': nan, 'low': nan, 'close': 81820.0, 'volume': nan, 'short': 81819.89721791525, 'middle': 81811.72671493585, 'long': 81673.47655592015, 'buy': nan, 'sell': nan, 'buy_exit': nan, 'sell_exit': nan}
2025-04-23 10:38:28,718 INFO:Buy exit signal received
2025-04-23 10:38:28,718 INFO:Sell exit signal received
2025-04-23 10:38:28,718 INFO:Entering while loop with trade_count: 2
2025-04-23 10:38:28,886 INFO:Combined historical with live algo:                       timestamp    open    high     low     close  ...          long  buy  sell  buy_exit  sell_exit
0     2025-04-22 09:15:00+05:30  821.10  821.10  817.00    818.80  ...    818.800000  NaN   NaN       NaN        NaN
1     2025-04-22 09:16:00+05:30  818.75  818.75  814.60    814.60  ...    818.668750  NaN   NaN       NaN        NaN
2     2025-04-22 09:17:00+05:30  814.60  816.00  814.00    815.35  ...    818.565039  NaN   NaN       NaN        NaN
3     2025-04-22 09:18:00+05:30  815.30  816.00  814.75    815.50  ...    818.469257  NaN   NaN       NaN        NaN
4     2025-04-22 09:19:00+05:30  815.55  815.75  814.50    814.60  ...    818.348342  NaN   NaN       NaN        NaN
..                          ...     ...     ...     ...       ...  ...           ...  ...   ...       ...        ...
659  2025-04-23 10:38:27.890116     NaN     NaN     NaN  81820.00  ...  81658.834540  NaN   NaN       NaN        NaN
660  2025-04-23 10:38:27.890116     NaN     NaN     NaN  81820.00  ...  81663.870961  NaN   NaN       NaN        NaN
661  2025-04-23 10:38:27.890116     NaN     NaN     NaN  81820.00  ...  81668.749993  NaN   NaN       NaN        NaN
662  2025-04-23 10:38:27.890116     NaN     NaN     NaN  81820.00  ...  81673.476556  NaN   NaN       NaN        NaN
663  2025-04-23 10:38:27.890116     NaN     NaN     NaN  81820.00  ...  81678.055414  NaN   NaN       NaN        NaN

[664 rows x 13 columns]
2025-04-23 10:38:28,886 INFO:Final row: {'timestamp': Timestamp('2025-04-23 10:38:27.890116'), 'open': nan, 'high': nan, 'low': nan, 'close': 81820.0, 'volume': nan, 'short': 81819.93147861017, 'middle': 81812.47883175987, 'long': 81678.05541354764, 'buy': nan, 'sell': nan, 'buy_exit': nan, 'sell_exit': nan}
2025-04-23 10:38:28,886 INFO:Buy exit signal received
2025-04-23 10:38:28,886 INFO:Sell exit signal received
2025-04-23 10:38:28,886 INFO:Entering while loop with trade_count: 2
2025-04-23 10:38:28,956 INFO:Combined historical with live algo:                       timestamp    open    high     low     close  ...          long  buy  sell  buy_exit  sell_exit
0     2025-04-22 09:15:00+05:30  821.10  821.10  817.00    818.80  ...    818.800000  NaN   NaN       NaN        NaN
1     2025-04-22 09:16:00+05:30  818.75  818.75  814.60    814.60  ...    818.668750  NaN   NaN       NaN        NaN
2     2025-04-22 09:17:00+05:30  814.60  816.00  814.00    815.35  ...    818.565039  NaN   NaN       NaN        NaN
3     2025-04-22 09:18:00+05:30  815.30  816.00  814.75    815.50  ...    818.469257  NaN   NaN       NaN        NaN
4     2025-04-22 09:19:00+05:30  815.55  815.75  814.50    814.60  ...    818.348342  NaN   NaN       NaN        NaN
..                          ...     ...     ...     ...       ...  ...           ...  ...   ...       ...        ...
660  2025-04-23 10:38:27.890116     NaN     NaN     NaN  81820.00  ...  81663.870961  NaN   NaN       NaN        NaN
661  2025-04-23 10:38:27.890116     NaN     NaN     NaN  81820.00  ...  81668.749993  NaN   NaN       NaN        NaN
662  2025-04-23 10:38:27.890116     NaN     NaN     NaN  81820.00  ...  81673.476556  NaN   NaN       NaN        NaN
663  2025-04-23 10:38:27.890116     NaN     NaN     NaN  81820.00  ...  81678.055414  NaN   NaN       NaN        NaN
664  2025-04-23 10:38:27.890116     NaN     NaN     NaN  81820.00  ...  81682.491182  NaN   NaN       NaN        NaN

[665 rows x 13 columns]
2025-04-23 10:38:28,956 INFO:Final row: {'timestamp': Timestamp('2025-04-23 10:38:27.890116'), 'open': nan, 'high': nan, 'low': nan, 'close': 81820.0, 'volume': nan, 'short': 81819.95431907345, 'middle': 81813.16257432716, 'long': 81682.49118187428, 'buy': nan, 'sell': nan, 'buy_exit': nan, 'sell_exit': nan}
2025-04-23 10:38:28,956 INFO:Buy exit signal received
2025-04-23 10:38:28,956 INFO:Sell exit signal received
2025-04-23 10:38:28,956 INFO:Entering while loop with trade_count: 2
2025-04-23 10:38:29,024 INFO:Combined historical with live algo:                       timestamp    open    high     low     close  ...          long  buy  sell  buy_exit  sell_exit
0     2025-04-22 09:15:00+05:30  821.10  821.10  817.00    818.80  ...    818.800000  NaN   NaN       NaN        NaN
1     2025-04-22 09:16:00+05:30  818.75  818.75  814.60    814.60  ...    818.668750  NaN   NaN       NaN        NaN
2     2025-04-22 09:17:00+05:30  814.60  816.00  814.00    815.35  ...    818.565039  NaN   NaN       NaN        NaN
3     2025-04-22 09:18:00+05:30  815.30  816.00  814.75    815.50  ...    818.469257  NaN   NaN       NaN        NaN
4     2025-04-22 09:19:00+05:30  815.55  815.75  814.50    814.60  ...    818.348342  NaN   NaN       NaN        NaN
..                          ...     ...     ...     ...       ...  ...           ...  ...   ...       ...        ...
661  2025-04-23 10:38:27.890116     NaN     NaN     NaN  81820.00  ...  81668.749993  NaN   NaN       NaN        NaN
662  2025-04-23 10:38:27.890116     NaN     NaN     NaN  81820.00  ...  81673.476556  NaN   NaN       NaN        NaN
663  2025-04-23 10:38:27.890116     NaN     NaN     NaN  81820.00  ...  81678.055414  NaN   NaN       NaN        NaN
664  2025-04-23 10:38:27.890116     NaN     NaN     NaN  81820.00  ...  81682.491182  NaN   NaN       NaN        NaN
665  2025-04-23 10:38:28.939580     NaN     NaN     NaN  81800.00  ...  81686.163332  NaN   NaN       NaN        NaN

[666 rows x 13 columns]
2025-04-23 10:38:29,024 INFO:Final row: {'timestamp': Timestamp('2025-04-23 10:38:28.939580'), 'open': nan, 'high': nan, 'low': nan, 'close': 81800.0, 'volume': nan, 'short': 81813.3028793823, 'middle': 81811.96597666104, 'long': 81686.16333244072, 'buy': nan, 'sell': nan, 'buy_exit': nan, 'sell_exit': nan}
2025-04-23 10:38:29,024 INFO:Buy exit signal received
2025-04-23 10:38:29,024 INFO:Sell exit signal received
2025-04-23 10:38:29,024 INFO:Entering while loop with trade_count: 2
2025-04-23 10:38:29,093 INFO:Combined historical with live algo:                       timestamp    open    high     low     close  ...          long  buy  sell  buy_exit  sell_exit
0     2025-04-22 09:15:00+05:30  821.10  821.10  817.00    818.80  ...    818.800000  NaN   NaN       NaN        NaN
1     2025-04-22 09:16:00+05:30  818.75  818.75  814.60    814.60  ...    818.668750  NaN   NaN       NaN        NaN
2     2025-04-22 09:17:00+05:30  814.60  816.00  814.00    815.35  ...    818.565039  NaN   NaN       NaN        NaN
3     2025-04-22 09:18:00+05:30  815.30  816.00  814.75    815.50  ...    818.469257  NaN   NaN       NaN        NaN
4     2025-04-22 09:19:00+05:30  815.55  815.75  814.50    814.60  ...    818.348342  NaN   NaN       NaN        NaN
..                          ...     ...     ...     ...       ...  ...           ...  ...   ...       ...        ...
662  2025-04-23 10:38:27.890116     NaN     NaN     NaN  81820.00  ...  81673.476556  NaN   NaN       NaN        NaN
663  2025-04-23 10:38:27.890116     NaN     NaN     NaN  81820.00  ...  81678.055414  NaN   NaN       NaN        NaN
664  2025-04-23 10:38:27.890116     NaN     NaN     NaN  81820.00  ...  81682.491182  NaN   NaN       NaN        NaN
665  2025-04-23 10:38:28.939580     NaN     NaN     NaN  81800.00  ...  81686.163332  NaN   NaN       NaN        NaN
666  2025-04-23 10:38:28.939580     NaN     NaN     NaN  81800.00  ...  81689.720728  NaN   NaN       NaN        NaN

[667 rows x 13 columns]
2025-04-23 10:38:29,093 INFO:Final row: {'timestamp': Timestamp('2025-04-23 10:38:28.939580'), 'open': nan, 'high': nan, 'low': nan, 'close': 81800.0, 'volume': nan, 'short': 81808.86858625487, 'middle': 81810.87816060094, 'long': 81689.72072830194, 'buy': nan, 'sell': nan, 'buy_exit': nan, 'sell_exit': nan}
2025-04-23 10:38:29,093 INFO:Buy exit signal received
2025-04-23 10:38:29,093 INFO:Sell exit signal received
2025-04-23 10:38:29,093 INFO:Entering while loop with trade_count: 2
2025-04-23 10:38:29,201 INFO:Combined historical with live algo:                       timestamp    open    high     low     close  ...          long  buy  sell  buy_exit  sell_exit
0     2025-04-22 09:15:00+05:30  821.10  821.10  817.00    818.80  ...    818.800000  NaN   NaN       NaN        NaN
1     2025-04-22 09:16:00+05:30  818.75  818.75  814.60    814.60  ...    818.668750  NaN   NaN       NaN        NaN
2     2025-04-22 09:17:00+05:30  814.60  816.00  814.00    815.35  ...    818.565039  NaN   NaN       NaN        NaN
3     2025-04-22 09:18:00+05:30  815.30  816.00  814.75    815.50  ...    818.469257  NaN   NaN       NaN        NaN
4     2025-04-22 09:19:00+05:30  815.55  815.75  814.50    814.60  ...    818.348342  NaN   NaN       NaN        NaN
..                          ...     ...     ...     ...       ...  ...           ...  ...   ...       ...        ...
663  2025-04-23 10:38:27.890116     NaN     NaN     NaN  81820.00  ...  81678.055414  NaN   NaN       NaN        NaN
664  2025-04-23 10:38:27.890116     NaN     NaN     NaN  81820.00  ...  81682.491182  NaN   NaN       NaN        NaN
665  2025-04-23 10:38:28.939580     NaN     NaN     NaN  81800.00  ...  81686.163332  NaN   NaN       NaN        NaN
666  2025-04-23 10:38:28.939580     NaN     NaN     NaN  81800.00  ...  81689.720728  NaN   NaN       NaN        NaN
667  2025-04-23 10:38:28.939580     NaN     NaN     NaN  81800.00  ...  81693.166956  NaN   NaN       NaN        NaN

[668 rows x 13 columns]
2025-04-23 10:38:29,206 INFO:Final row: {'timestamp': Timestamp('2025-04-23 10:38:28.939580'), 'open': nan, 'high': nan, 'low': nan, 'close': 81800.0, 'volume': nan, 'short': 81805.91239083659, 'middle': 81809.88923690995, 'long': 81693.1669555425, 'buy': nan, 'sell': nan, 'buy_exit': nan, 'sell_exit': nan}
2025-04-23 10:38:29,206 INFO:Buy exit signal received
2025-04-23 10:38:29,206 INFO:Sell exit signal received
2025-04-23 10:38:29,206 INFO:Entering while loop with trade_count: 2
2025-04-23 10:38:29,272 INFO:Combined historical with live algo:                       timestamp    open    high     low     close  ...          long  buy  sell  buy_exit  sell_exit
0     2025-04-22 09:15:00+05:30  821.10  821.10  817.00    818.80  ...    818.800000  NaN   NaN       NaN        NaN
1     2025-04-22 09:16:00+05:30  818.75  818.75  814.60    814.60  ...    818.668750  NaN   NaN       NaN        NaN
2     2025-04-22 09:17:00+05:30  814.60  816.00  814.00    815.35  ...    818.565039  NaN   NaN       NaN        NaN
3     2025-04-22 09:18:00+05:30  815.30  816.00  814.75    815.50  ...    818.469257  NaN   NaN       NaN        NaN
4     2025-04-22 09:19:00+05:30  815.55  815.75  814.50    814.60  ...    818.348342  NaN   NaN       NaN        NaN
..                          ...     ...     ...     ...       ...  ...           ...  ...   ...       ...        ...
664  2025-04-23 10:38:27.890116     NaN     NaN     NaN  81820.00  ...  81682.491182  NaN   NaN       NaN        NaN
665  2025-04-23 10:38:28.939580     NaN     NaN     NaN  81800.00  ...  81686.163332  NaN   NaN       NaN        NaN
666  2025-04-23 10:38:28.939580     NaN     NaN     NaN  81800.00  ...  81689.720728  NaN   NaN       NaN        NaN
667  2025-04-23 10:38:28.939580     NaN     NaN     NaN  81800.00  ...  81693.166956  NaN   NaN       NaN        NaN
668  2025-04-23 10:38:28.939580     NaN     NaN     NaN  81800.00  ...  81696.505488  NaN   NaN       NaN        NaN

[669 rows x 13 columns]
2025-04-23 10:38:29,273 INFO:Final row: {'timestamp': Timestamp('2025-04-23 10:38:28.939580'), 'open': nan, 'high': nan, 'low': nan, 'close': 81800.0, 'volume': nan, 'short': 81803.94159389107, 'middle': 81808.99021537267, 'long': 81696.5054881818, 'buy': nan, 'sell': nan, 'buy_exit': nan, 'sell_exit': nan}
2025-04-23 10:38:29,273 INFO:Buy exit signal received
2025-04-23 10:38:29,273 INFO:Sell exit signal received
2025-04-23 10:38:29,273 INFO:Entering while loop with trade_count: 2
2025-04-23 10:38:29,332 INFO:Combined historical with live algo:                       timestamp    open    high     low     close  ...          long  buy  sell  buy_exit  sell_exit
0     2025-04-22 09:15:00+05:30  821.10  821.10  817.00    818.80  ...    818.800000  NaN   NaN       NaN        NaN
1     2025-04-22 09:16:00+05:30  818.75  818.75  814.60    814.60  ...    818.668750  NaN   NaN       NaN        NaN
2     2025-04-22 09:17:00+05:30  814.60  816.00  814.00    815.35  ...    818.565039  NaN   NaN       NaN        NaN
3     2025-04-22 09:18:00+05:30  815.30  816.00  814.75    815.50  ...    818.469257  NaN   NaN       NaN        NaN
4     2025-04-22 09:19:00+05:30  815.55  815.75  814.50    814.60  ...    818.348342  NaN   NaN       NaN        NaN
..                          ...     ...     ...     ...       ...  ...           ...  ...   ...       ...        ...
665  2025-04-23 10:38:28.939580     NaN     NaN     NaN  81800.00  ...  81686.163332  NaN   NaN       NaN        NaN
666  2025-04-23 10:38:28.939580     NaN     NaN     NaN  81800.00  ...  81689.720728  NaN   NaN       NaN        NaN
667  2025-04-23 10:38:28.939580     NaN     NaN     NaN  81800.00  ...  81693.166956  NaN   NaN       NaN        NaN
668  2025-04-23 10:38:28.939580     NaN     NaN     NaN  81800.00  ...  81696.505488  NaN   NaN       NaN        NaN
669  2025-04-23 10:38:28.939580     NaN     NaN     NaN  81800.00  ...  81699.739692  NaN   NaN       NaN        NaN

[670 rows x 13 columns]
2025-04-23 10:38:29,333 INFO:Final row: {'timestamp': Timestamp('2025-04-23 10:38:28.939580'), 'open': nan, 'high': nan, 'low': nan, 'close': 81800.0, 'volume': nan, 'short': 81802.62772926071, 'middle': 81808.17292306606, 'long': 81699.73969167612, 'buy': nan, 'sell': nan, 'buy_exit': nan, 'sell_exit': nan}
2025-04-23 10:38:29,333 INFO:Buy exit signal received
2025-04-23 10:38:29,333 INFO:Sell exit signal received
2025-04-23 10:38:29,333 INFO:Entering while loop with trade_count: 2
2025-04-23 10:38:29,398 INFO:Combined historical with live algo:                       timestamp    open    high     low     close  ...          long  buy  sell  buy_exit  sell_exit
0     2025-04-22 09:15:00+05:30  821.10  821.10  817.00    818.80  ...    818.800000  NaN   NaN       NaN        NaN
1     2025-04-22 09:16:00+05:30  818.75  818.75  814.60    814.60  ...    818.668750  NaN   NaN       NaN        NaN
2     2025-04-22 09:17:00+05:30  814.60  816.00  814.00    815.35  ...    818.565039  NaN   NaN       NaN        NaN
3     2025-04-22 09:18:00+05:30  815.30  816.00  814.75    815.50  ...    818.469257  NaN   NaN       NaN        NaN
4     2025-04-22 09:19:00+05:30  815.55  815.75  814.50    814.60  ...    818.348342  NaN   NaN       NaN        NaN
..                          ...     ...     ...     ...       ...  ...           ...  ...   ...       ...        ...
666  2025-04-23 10:38:28.939580     NaN     NaN     NaN  81800.00  ...  81689.720728  NaN   NaN       NaN        NaN
667  2025-04-23 10:38:28.939580     NaN     NaN     NaN  81800.00  ...  81693.166956  NaN   NaN       NaN        NaN
668  2025-04-23 10:38:28.939580     NaN     NaN     NaN  81800.00  ...  81696.505488  NaN   NaN       NaN        NaN
669  2025-04-23 10:38:28.939580     NaN     NaN     NaN  81800.00  ...  81699.739692  NaN   NaN       NaN        NaN
670  2025-04-23 10:38:28.939580     NaN     NaN     NaN  81800.00  ...  81702.872826  NaN   NaN       NaN        NaN

[671 rows x 13 columns]
2025-04-23 10:38:29,398 INFO:Final row: {'timestamp': Timestamp('2025-04-23 10:38:28.939580'), 'open': nan, 'high': nan, 'low': nan, 'close': 81800.0, 'volume': nan, 'short': 81801.75181950715, 'middle': 81807.42993006004, 'long': 81702.87282631124, 'buy': nan, 'sell': nan, 'buy_exit': nan, 'sell_exit': nan}
2025-04-23 10:38:29,398 INFO:Buy exit signal received
2025-04-23 10:38:29,401 INFO:Sell exit signal received
2025-04-23 10:38:29,401 INFO:Entering while loop with trade_count: 2
2025-04-23 10:38:29,456 INFO:Combined historical with live algo:                       timestamp    open    high     low     close  ...          long  buy  sell  buy_exit  sell_exit
0     2025-04-22 09:15:00+05:30  821.10  821.10  817.00    818.80  ...    818.800000  NaN   NaN       NaN        NaN
1     2025-04-22 09:16:00+05:30  818.75  818.75  814.60    814.60  ...    818.668750  NaN   NaN       NaN        NaN
2     2025-04-22 09:17:00+05:30  814.60  816.00  814.00    815.35  ...    818.565039  NaN   NaN       NaN        NaN
3     2025-04-22 09:18:00+05:30  815.30  816.00  814.75    815.50  ...    818.469257  NaN   NaN       NaN        NaN
4     2025-04-22 09:19:00+05:30  815.55  815.75  814.50    814.60  ...    818.348342  NaN   NaN       NaN        NaN
..                          ...     ...     ...     ...       ...  ...           ...  ...   ...       ...        ...
667  2025-04-23 10:38:28.939580     NaN     NaN     NaN  81800.00  ...  81693.166956  NaN   NaN       NaN        NaN
668  2025-04-23 10:38:28.939580     NaN     NaN     NaN  81800.00  ...  81696.505488  NaN   NaN       NaN        NaN
669  2025-04-23 10:38:28.939580     NaN     NaN     NaN  81800.00  ...  81699.739692  NaN   NaN       NaN        NaN
670  2025-04-23 10:38:28.939580     NaN     NaN     NaN  81800.00  ...  81702.872826  NaN   NaN       NaN        NaN
671  2025-04-23 10:38:28.939580     NaN     NaN     NaN  81800.00  ...  81705.908050  NaN   NaN       NaN        NaN

[672 rows x 13 columns]
2025-04-23 10:38:29,456 INFO:Final row: {'timestamp': Timestamp('2025-04-23 10:38:28.939580'), 'open': nan, 'high': nan, 'low': nan, 'close': 81800.0, 'volume': nan, 'short': 81801.16787967144, 'middle': 81806.75448187276, 'long': 81705.90805048902, 'buy': nan, 'sell': nan, 'buy_exit': nan, 'sell_exit': nan}
2025-04-23 10:38:29,456 INFO:Buy exit signal received
2025-04-23 10:38:29,456 INFO:Sell exit signal received
2025-04-23 10:38:29,456 INFO:Entering while loop with trade_count: 2
2025-04-23 10:38:29,517 INFO:Combined historical with live algo:                       timestamp    open    high     low     close  ...          long  buy  sell  buy_exit  sell_exit
0     2025-04-22 09:15:00+05:30  821.10  821.10  817.00    818.80  ...    818.800000  NaN   NaN       NaN        NaN
1     2025-04-22 09:16:00+05:30  818.75  818.75  814.60    814.60  ...    818.668750  NaN   NaN       NaN        NaN
2     2025-04-22 09:17:00+05:30  814.60  816.00  814.00    815.35  ...    818.565039  NaN   NaN       NaN        NaN
3     2025-04-22 09:18:00+05:30  815.30  816.00  814.75    815.50  ...    818.469257  NaN   NaN       NaN        NaN
4     2025-04-22 09:19:00+05:30  815.55  815.75  814.50    814.60  ...    818.348342  NaN   NaN       NaN        NaN
..                          ...     ...     ...     ...       ...  ...           ...  ...   ...       ...        ...
668  2025-04-23 10:38:28.939580     NaN     NaN     NaN  81800.00  ...  81696.505488  NaN   NaN       NaN        NaN
669  2025-04-23 10:38:28.939580     NaN     NaN     NaN  81800.00  ...  81699.739692  NaN   NaN       NaN        NaN
670  2025-04-23 10:38:28.939580     NaN     NaN     NaN  81800.00  ...  81702.872826  NaN   NaN       NaN        NaN
671  2025-04-23 10:38:28.939580     NaN     NaN     NaN  81800.00  ...  81705.908050  NaN   NaN       NaN        NaN
672  2025-04-23 10:38:28.939580     NaN     NaN     NaN  81800.00  ...  81708.848424  NaN   NaN       NaN        NaN

[673 rows x 13 columns]
2025-04-23 10:38:29,519 INFO:Final row: {'timestamp': Timestamp('2025-04-23 10:38:28.939580'), 'open': nan, 'high': nan, 'low': nan, 'close': 81800.0, 'volume': nan, 'short': 81800.77858644763, 'middle': 81806.14043806614, 'long': 81708.84842391123, 'buy': nan, 'sell': nan, 'buy_exit': nan, 'sell_exit': nan}
2025-04-23 10:38:29,519 INFO:Buy exit signal received
2025-04-23 10:38:29,519 INFO:Sell exit signal received
2025-04-23 10:38:29,519 INFO:Entering while loop with trade_count: 2
2025-04-23 10:38:29,569 INFO:Combined historical with live algo:                       timestamp    open    high     low     close  ...          long  buy  sell  buy_exit  sell_exit
0     2025-04-22 09:15:00+05:30  821.10  821.10  817.00    818.80  ...    818.800000  NaN   NaN       NaN        NaN
1     2025-04-22 09:16:00+05:30  818.75  818.75  814.60    814.60  ...    818.668750  NaN   NaN       NaN        NaN
2     2025-04-22 09:17:00+05:30  814.60  816.00  814.00    815.35  ...    818.565039  NaN   NaN       NaN        NaN
3     2025-04-22 09:18:00+05:30  815.30  816.00  814.75    815.50  ...    818.469257  NaN   NaN       NaN        NaN
4     2025-04-22 09:19:00+05:30  815.55  815.75  814.50    814.60  ...    818.348342  NaN   NaN       NaN        NaN
..                          ...     ...     ...     ...       ...  ...           ...  ...   ...       ...        ...
669  2025-04-23 10:38:28.939580     NaN     NaN     NaN  81800.00  ...  81699.739692  NaN   NaN       NaN        NaN
670  2025-04-23 10:38:28.939580     NaN     NaN     NaN  81800.00  ...  81702.872826  NaN   NaN       NaN        NaN
671  2025-04-23 10:38:28.939580     NaN     NaN     NaN  81800.00  ...  81705.908050  NaN   NaN       NaN        NaN
672  2025-04-23 10:38:28.939580     NaN     NaN     NaN  81800.00  ...  81708.848424  NaN   NaN       NaN        NaN
673  2025-04-23 10:38:28.939580     NaN     NaN     NaN  81800.00  ...  81711.696911  NaN   NaN       NaN        NaN

[674 rows x 13 columns]
2025-04-23 10:38:29,569 INFO:Final row: {'timestamp': Timestamp('2025-04-23 10:38:28.939580'), 'open': nan, 'high': nan, 'low': nan, 'close': 81800.0, 'volume': nan, 'short': 81800.51905763175, 'middle': 81805.58221642376, 'long': 81711.696910664, 'buy': nan, 'sell': nan, 'buy_exit': nan, 'sell_exit': nan}
2025-04-23 10:38:29,569 INFO:Buy exit signal received
2025-04-23 10:38:29,569 INFO:Sell exit signal received
2025-04-23 10:38:29,569 INFO:Entering while loop with trade_count: 2
2025-04-23 10:38:29,620 INFO:Combined historical with live algo:                       timestamp    open    high     low     close  ...          long  buy  sell  buy_exit  sell_exit
0     2025-04-22 09:15:00+05:30  821.10  821.10  817.00    818.80  ...    818.800000  NaN   NaN       NaN        NaN
1     2025-04-22 09:16:00+05:30  818.75  818.75  814.60    814.60  ...    818.668750  NaN   NaN       NaN        NaN
2     2025-04-22 09:17:00+05:30  814.60  816.00  814.00    815.35  ...    818.565039  NaN   NaN       NaN        NaN
3     2025-04-22 09:18:00+05:30  815.30  816.00  814.75    815.50  ...    818.469257  NaN   NaN       NaN        NaN
4     2025-04-22 09:19:00+05:30  815.55  815.75  814.50    814.60  ...    818.348342  NaN   NaN       NaN        NaN
..                          ...     ...     ...     ...       ...  ...           ...  ...   ...       ...        ...
670  2025-04-23 10:38:28.939580     NaN     NaN     NaN  81800.00  ...  81702.872826  NaN   NaN       NaN        NaN
671  2025-04-23 10:38:28.939580     NaN     NaN     NaN  81800.00  ...  81705.908050  NaN   NaN       NaN        NaN
672  2025-04-23 10:38:28.939580     NaN     NaN     NaN  81800.00  ...  81708.848424  NaN   NaN       NaN        NaN
673  2025-04-23 10:38:28.939580     NaN     NaN     NaN  81800.00  ...  81711.696911  NaN   NaN       NaN        NaN
674  2025-04-23 10:38:28.939580     NaN     NaN     NaN  81800.00  ...  81714.456382  NaN   NaN       NaN        NaN

[675 rows x 13 columns]
2025-04-23 10:38:29,625 INFO:Final row: {'timestamp': Timestamp('2025-04-23 10:38:28.939580'), 'open': nan, 'high': nan, 'low': nan, 'close': 81800.0, 'volume': nan, 'short': 81800.34603842118, 'middle': 81805.07474220342, 'long': 81714.45638220575, 'buy': nan, 'sell': nan, 'buy_exit': nan, 'sell_exit': nan}
2025-04-23 10:38:29,625 INFO:Buy exit signal received
2025-04-23 10:38:29,625 INFO:Sell exit signal received
2025-04-23 10:38:29,625 INFO:Entering while loop with trade_count: 2
2025-04-23 10:38:29,689 INFO:Combined historical with live algo:                       timestamp    open    high     low     close  ...          long  buy  sell  buy_exit  sell_exit
0     2025-04-22 09:15:00+05:30  821.10  821.10  817.00    818.80  ...    818.800000  NaN   NaN       NaN        NaN
1     2025-04-22 09:16:00+05:30  818.75  818.75  814.60    814.60  ...    818.668750  NaN   NaN       NaN        NaN
2     2025-04-22 09:17:00+05:30  814.60  816.00  814.00    815.35  ...    818.565039  NaN   NaN       NaN        NaN
3     2025-04-22 09:18:00+05:30  815.30  816.00  814.75    815.50  ...    818.469257  NaN   NaN       NaN        NaN
4     2025-04-22 09:19:00+05:30  815.55  815.75  814.50    814.60  ...    818.348342  NaN   NaN       NaN        NaN
..                          ...     ...     ...     ...       ...  ...           ...  ...   ...       ...        ...
671  2025-04-23 10:38:28.939580     NaN     NaN     NaN  81800.00  ...  81705.908050  NaN   NaN       NaN        NaN
672  2025-04-23 10:38:28.939580     NaN     NaN     NaN  81800.00  ...  81708.848424  NaN   NaN       NaN        NaN
673  2025-04-23 10:38:28.939580     NaN     NaN     NaN  81800.00  ...  81711.696911  NaN   NaN       NaN        NaN
674  2025-04-23 10:38:28.939580     NaN     NaN     NaN  81800.00  ...  81714.456382  NaN   NaN       NaN        NaN
675  2025-04-23 10:38:28.939580     NaN     NaN     NaN  81800.00  ...  81717.129620  NaN   NaN       NaN        NaN

[676 rows x 13 columns]
2025-04-23 10:38:29,689 INFO:Final row: {'timestamp': Timestamp('2025-04-23 10:38:28.939580'), 'open': nan, 'high': nan, 'low': nan, 'close': 81800.0, 'volume': nan, 'short': 81800.23069228079, 'middle': 81804.6134020031, 'long': 81717.12962026183, 'buy': nan, 'sell': nan, 'buy_exit': nan, 'sell_exit': nan}
2025-04-23 10:38:29,689 INFO:Buy exit signal received
2025-04-23 10:38:29,692 INFO:Sell exit signal received
2025-04-23 10:38:29,692 INFO:Entering while loop with trade_count: 2
2025-04-23 10:38:29,763 INFO:Combined historical with live algo:                       timestamp    open    high     low     close  ...          long  buy  sell  buy_exit  sell_exit
0     2025-04-22 09:15:00+05:30  821.10  821.10  817.00    818.80  ...    818.800000  NaN   NaN       NaN        NaN
1     2025-04-22 09:16:00+05:30  818.75  818.75  814.60    814.60  ...    818.668750  NaN   NaN       NaN        NaN
2     2025-04-22 09:17:00+05:30  814.60  816.00  814.00    815.35  ...    818.565039  NaN   NaN       NaN        NaN
3     2025-04-22 09:18:00+05:30  815.30  816.00  814.75    815.50  ...    818.469257  NaN   NaN       NaN        NaN
4     2025-04-22 09:19:00+05:30  815.55  815.75  814.50    814.60  ...    818.348342  NaN   NaN       NaN        NaN
..                          ...     ...     ...     ...       ...  ...           ...  ...   ...       ...        ...
672  2025-04-23 10:38:28.939580     NaN     NaN     NaN  81800.00  ...  81708.848424  NaN   NaN       NaN        NaN
673  2025-04-23 10:38:28.939580     NaN     NaN     NaN  81800.00  ...  81711.696911  NaN   NaN       NaN        NaN
674  2025-04-23 10:38:28.939580     NaN     NaN     NaN  81800.00  ...  81714.456382  NaN   NaN       NaN        NaN
675  2025-04-23 10:38:28.939580     NaN     NaN     NaN  81800.00  ...  81717.129620  NaN   NaN       NaN        NaN
676  2025-04-23 10:38:28.939580     NaN     NaN     NaN  81800.00  ...  81719.719320  NaN   NaN       NaN        NaN

[677 rows x 13 columns]
2025-04-23 10:38:29,764 INFO:Final row: {'timestamp': Timestamp('2025-04-23 10:38:28.939580'), 'open': nan, 'high': nan, 'low': nan, 'close': 81800.0, 'volume': nan, 'short': 81800.15379485386, 'middle': 81804.194001821, 'long': 81719.71931962864, 'buy': nan, 'sell': nan, 'buy_exit': nan, 'sell_exit': nan}
2025-04-23 10:38:29,764 INFO:Buy exit signal received
2025-04-23 10:38:29,764 INFO:Sell exit signal received
2025-04-23 10:38:29,764 INFO:Entering while loop with trade_count: 2
2025-04-23 10:38:29,819 INFO:Combined historical with live algo:                       timestamp    open    high     low     close  ...          long  buy  sell  buy_exit  sell_exit
0     2025-04-22 09:15:00+05:30  821.10  821.10  817.00    818.80  ...    818.800000  NaN   NaN       NaN        NaN
1     2025-04-22 09:16:00+05:30  818.75  818.75  814.60    814.60  ...    818.668750  NaN   NaN       NaN        NaN
2     2025-04-22 09:17:00+05:30  814.60  816.00  814.00    815.35  ...    818.565039  NaN   NaN       NaN        NaN
3     2025-04-22 09:18:00+05:30  815.30  816.00  814.75    815.50  ...    818.469257  NaN   NaN       NaN        NaN
4     2025-04-22 09:19:00+05:30  815.55  815.75  814.50    814.60  ...    818.348342  NaN   NaN       NaN        NaN
..                          ...     ...     ...     ...       ...  ...           ...  ...   ...       ...        ...
673  2025-04-23 10:38:28.939580     NaN     NaN     NaN  81800.00  ...  81711.696911  NaN   NaN       NaN        NaN
674  2025-04-23 10:38:28.939580     NaN     NaN     NaN  81800.00  ...  81714.456382  NaN   NaN       NaN        NaN
675  2025-04-23 10:38:28.939580     NaN     NaN     NaN  81800.00  ...  81717.129620  NaN   NaN       NaN        NaN
676  2025-04-23 10:38:28.939580     NaN     NaN     NaN  81800.00  ...  81719.719320  NaN   NaN       NaN        NaN
677  2025-04-23 10:38:28.939580     NaN     NaN     NaN  81800.00  ...  81722.228091  NaN   NaN       NaN        NaN

[678 rows x 13 columns]
2025-04-23 10:38:29,819 INFO:Final row: {'timestamp': Timestamp('2025-04-23 10:38:28.939580'), 'open': nan, 'high': nan, 'low': nan, 'close': 81800.0, 'volume': nan, 'short': 81800.10252990258, 'middle': 81803.81272892817, 'long': 81722.22809089025, 'buy': nan, 'sell': nan, 'buy_exit': nan, 'sell_exit': nan}
2025-04-23 10:38:29,819 INFO:Buy exit signal received
2025-04-23 10:38:29,819 INFO:Sell exit signal received
2025-04-23 10:38:29,819 INFO:Entering while loop with trade_count: 2
2025-04-23 10:38:29,880 INFO:Combined historical with live algo:                       timestamp    open    high     low     close  ...          long  buy  sell  buy_exit  sell_exit
0     2025-04-22 09:15:00+05:30  821.10  821.10  817.00    818.80  ...    818.800000  NaN   NaN       NaN        NaN
1     2025-04-22 09:16:00+05:30  818.75  818.75  814.60    814.60  ...    818.668750  NaN   NaN       NaN        NaN
2     2025-04-22 09:17:00+05:30  814.60  816.00  814.00    815.35  ...    818.565039  NaN   NaN       NaN        NaN
3     2025-04-22 09:18:00+05:30  815.30  816.00  814.75    815.50  ...    818.469257  NaN   NaN       NaN        NaN
4     2025-04-22 09:19:00+05:30  815.55  815.75  814.50    814.60  ...    818.348342  NaN   NaN       NaN        NaN
..                          ...     ...     ...     ...       ...  ...           ...  ...   ...       ...        ...
674  2025-04-23 10:38:28.939580     NaN     NaN     NaN  81800.00  ...  81714.456382  NaN   NaN       NaN        NaN
675  2025-04-23 10:38:28.939580     NaN     NaN     NaN  81800.00  ...  81717.129620  NaN   NaN       NaN        NaN
676  2025-04-23 10:38:28.939580     NaN     NaN     NaN  81800.00  ...  81719.719320  NaN   NaN       NaN        NaN
677  2025-04-23 10:38:28.939580     NaN     NaN     NaN  81800.00  ...  81722.228091  NaN   NaN       NaN        NaN
678  2025-04-23 10:38:28.939580     NaN     NaN     NaN  81800.00  ...  81724.658463  NaN   NaN       NaN        NaN

[679 rows x 13 columns]
2025-04-23 10:38:29,881 INFO:Final row: {'timestamp': Timestamp('2025-04-23 10:38:28.939580'), 'open': nan, 'high': nan, 'low': nan, 'close': 81800.0, 'volume': nan, 'short': 81800.06835326839, 'middle': 81803.46611720743, 'long': 81724.65846304993, 'buy': nan, 'sell': nan, 'buy_exit': nan, 'sell_exit': nan}
2025-04-23 10:38:29,881 INFO:Buy exit signal received
2025-04-23 10:38:29,881 INFO:Sell exit signal received
2025-04-23 10:38:29,881 INFO:Entering while loop with trade_count: 2
2025-04-23 10:38:29,939 INFO:Combined historical with live algo:                       timestamp    open    high     low     close  ...          long  buy  sell  buy_exit  sell_exit
0     2025-04-22 09:15:00+05:30  821.10  821.10  817.00    818.80  ...    818.800000  NaN   NaN       NaN        NaN
1     2025-04-22 09:16:00+05:30  818.75  818.75  814.60    814.60  ...    818.668750  NaN   NaN       NaN        NaN
2     2025-04-22 09:17:00+05:30  814.60  816.00  814.00    815.35  ...    818.565039  NaN   NaN       NaN        NaN
3     2025-04-22 09:18:00+05:30  815.30  816.00  814.75    815.50  ...    818.469257  NaN   NaN       NaN        NaN
4     2025-04-22 09:19:00+05:30  815.55  815.75  814.50    814.60  ...    818.348342  NaN   NaN       NaN        NaN
..                          ...     ...     ...     ...       ...  ...           ...  ...   ...       ...        ...
675  2025-04-23 10:38:28.939580     NaN     NaN     NaN  81800.00  ...  81717.129620  NaN   NaN       NaN        NaN
676  2025-04-23 10:38:28.939580     NaN     NaN     NaN  81800.00  ...  81719.719320  NaN   NaN       NaN        NaN
677  2025-04-23 10:38:28.939580     NaN     NaN     NaN  81800.00  ...  81722.228091  NaN   NaN       NaN        NaN
678  2025-04-23 10:38:28.939580     NaN     NaN     NaN  81800.00  ...  81724.658463  NaN   NaN       NaN        NaN
679  2025-04-23 10:38:28.939580     NaN     NaN     NaN  81800.00  ...  81727.012886  NaN   NaN       NaN        NaN

[680 rows x 13 columns]
2025-04-23 10:38:29,939 INFO:Final row: {'timestamp': Timestamp('2025-04-23 10:38:28.939580'), 'open': nan, 'high': nan, 'low': nan, 'close': 81800.0, 'volume': nan, 'short': 81800.0455688456, 'middle': 81803.1510156431, 'long': 81727.01288607961, 'buy': nan, 'sell': nan, 'buy_exit': nan, 'sell_exit': nan}
2025-04-23 10:38:29,939 INFO:Buy exit signal received
2025-04-23 10:38:29,939 INFO:Sell exit signal received
2025-04-23 10:38:29,939 INFO:Entering while loop with trade_count: 2
2025-04-23 10:38:29,993 INFO:Combined historical with live algo:                       timestamp    open    high     low     close  ...          long  buy  sell  buy_exit  sell_exit
0     2025-04-22 09:15:00+05:30  821.10  821.10  817.00    818.80  ...    818.800000  NaN   NaN       NaN        NaN
1     2025-04-22 09:16:00+05:30  818.75  818.75  814.60    814.60  ...    818.668750  NaN   NaN       NaN        NaN
2     2025-04-22 09:17:00+05:30  814.60  816.00  814.00    815.35  ...    818.565039  NaN   NaN       NaN        NaN
3     2025-04-22 09:18:00+05:30  815.30  816.00  814.75    815.50  ...    818.469257  NaN   NaN       NaN        NaN
4     2025-04-22 09:19:00+05:30  815.55  815.75  814.50    814.60  ...    818.348342  NaN   NaN       NaN        NaN
..                          ...     ...     ...     ...       ...  ...           ...  ...   ...       ...        ...
676  2025-04-23 10:38:28.939580     NaN     NaN     NaN  81800.00  ...  81719.719320  NaN   NaN       NaN        NaN
677  2025-04-23 10:38:28.939580     NaN     NaN     NaN  81800.00  ...  81722.228091  NaN   NaN       NaN        NaN
678  2025-04-23 10:38:28.939580     NaN     NaN     NaN  81800.00  ...  81724.658463  NaN   NaN       NaN        NaN
679  2025-04-23 10:38:28.939580     NaN     NaN     NaN  81800.00  ...  81727.012886  NaN   NaN       NaN        NaN
680  2025-04-23 10:38:29.889760     NaN     NaN     NaN  81795.00  ...  81729.137483  NaN   NaN       NaN        NaN

[681 rows x 13 columns]
2025-04-23 10:38:29,993 INFO:Final row: {'timestamp': Timestamp('2025-04-23 10:38:29.889760'), 'open': nan, 'high': nan, 'low': nan, 'close': 81795.0, 'volume': nan, 'short': 81798.36371256373, 'middle': 81802.410014221, 'long': 81729.13748338963, 'buy': nan, 'sell': nan, 'buy_exit': nan, 'sell_exit': nan}
2025-04-23 10:38:29,993 INFO:Buy exit signal received
2025-04-23 10:38:29,993 INFO:Sell exit signal received
2025-04-23 10:38:29,993 INFO:Entering while loop with trade_count: 2
2025-04-23 10:38:30,067 INFO:Combined historical with live algo:                       timestamp    open    high     low     close  ...          long  buy  sell  buy_exit  sell_exit
0     2025-04-22 09:15:00+05:30  821.10  821.10  817.00    818.80  ...    818.800000  NaN   NaN       NaN        NaN
1     2025-04-22 09:16:00+05:30  818.75  818.75  814.60    814.60  ...    818.668750  NaN   NaN       NaN        NaN
2     2025-04-22 09:17:00+05:30  814.60  816.00  814.00    815.35  ...    818.565039  NaN   NaN       NaN        NaN
3     2025-04-22 09:18:00+05:30  815.30  816.00  814.75    815.50  ...    818.469257  NaN   NaN       NaN        NaN
4     2025-04-22 09:19:00+05:30  815.55  815.75  814.50    814.60  ...    818.348342  NaN   NaN       NaN        NaN
..                          ...     ...     ...     ...       ...  ...           ...  ...   ...       ...        ...
677  2025-04-23 10:38:28.939580     NaN     NaN     NaN  81800.00  ...  81722.228091  NaN   NaN       NaN        NaN
678  2025-04-23 10:38:28.939580     NaN     NaN     NaN  81800.00  ...  81724.658463  NaN   NaN       NaN        NaN
679  2025-04-23 10:38:28.939580     NaN     NaN     NaN  81800.00  ...  81727.012886  NaN   NaN       NaN        NaN
680  2025-04-23 10:38:29.889760     NaN     NaN     NaN  81795.00  ...  81729.137483  NaN   NaN       NaN        NaN
681  2025-04-23 10:38:29.889760     NaN     NaN     NaN  81795.00  ...  81731.195687  NaN   NaN       NaN        NaN

[682 rows x 13 columns]
2025-04-23 10:38:30,069 INFO:Final row: {'timestamp': Timestamp('2025-04-23 10:38:29.889760'), 'open': nan, 'high': nan, 'low': nan, 'close': 81795.0, 'volume': nan, 'short': 81797.2424750425, 'middle': 81801.73637656453, 'long': 81731.1956870337, 'buy': nan, 'sell': nan, 'buy_exit': nan, 'sell_exit': nan}
2025-04-23 10:38:30,069 INFO:Buy exit signal received
2025-04-23 10:38:30,069 INFO:Sell exit signal received
2025-04-23 10:38:30,069 INFO:Entering while loop with trade_count: 2
2025-04-23 10:38:30,185 INFO:Combined historical with live algo:                       timestamp    open    high     low     close  ...          long  buy  sell  buy_exit  sell_exit
0     2025-04-22 09:15:00+05:30  821.10  821.10  817.00    818.80  ...    818.800000  NaN   NaN       NaN        NaN
1     2025-04-22 09:16:00+05:30  818.75  818.75  814.60    814.60  ...    818.668750  NaN   NaN       NaN        NaN
2     2025-04-22 09:17:00+05:30  814.60  816.00  814.00    815.35  ...    818.565039  NaN   NaN       NaN        NaN
3     2025-04-22 09:18:00+05:30  815.30  816.00  814.75    815.50  ...    818.469257  NaN   NaN       NaN        NaN
4     2025-04-22 09:19:00+05:30  815.55  815.75  814.50    814.60  ...    818.348342  NaN   NaN       NaN        NaN
..                          ...     ...     ...     ...       ...  ...           ...  ...   ...       ...        ...
678  2025-04-23 10:38:28.939580     NaN     NaN     NaN  81800.00  ...  81724.658463  NaN   NaN       NaN        NaN
679  2025-04-23 10:38:28.939580     NaN     NaN     NaN  81800.00  ...  81727.012886  NaN   NaN       NaN        NaN
680  2025-04-23 10:38:29.889760     NaN     NaN     NaN  81795.00  ...  81729.137483  NaN   NaN       NaN        NaN
681  2025-04-23 10:38:29.889760     NaN     NaN     NaN  81795.00  ...  81731.195687  NaN   NaN       NaN        NaN
682  2025-04-23 10:38:30.031649     NaN     NaN     NaN  81795.00  ...  81733.189572  NaN   NaN       NaN        NaN

[683 rows x 13 columns]
2025-04-23 10:38:30,187 INFO:Final row: {'timestamp': Timestamp('2025-04-23 10:38:30.031649'), 'open': nan, 'high': nan, 'low': nan, 'close': 81795.0, 'volume': nan, 'short': 81796.49498336167, 'middle': 81801.12397869502, 'long': 81733.1895718139, 'buy': nan, 'sell': nan, 'buy_exit': nan, 'sell_exit': nan}
2025-04-23 10:38:30,187 INFO:Buy exit signal received
2025-04-23 10:38:30,187 INFO:Sell exit signal received
2025-04-23 10:38:30,187 INFO:Entering while loop with trade_count: 2
2025-04-23 10:38:30,279 INFO:Combined historical with live algo:                       timestamp    open    high     low     close  ...          long  buy  sell  buy_exit  sell_exit
0     2025-04-22 09:15:00+05:30  821.10  821.10  817.00    818.80  ...    818.800000  NaN   NaN       NaN        NaN
1     2025-04-22 09:16:00+05:30  818.75  818.75  814.60    814.60  ...    818.668750  NaN   NaN       NaN        NaN
2     2025-04-22 09:17:00+05:30  814.60  816.00  814.00    815.35  ...    818.565039  NaN   NaN       NaN        NaN
3     2025-04-22 09:18:00+05:30  815.30  816.00  814.75    815.50  ...    818.469257  NaN   NaN       NaN        NaN
4     2025-04-22 09:19:00+05:30  815.55  815.75  814.50    814.60  ...    818.348342  NaN   NaN       NaN        NaN
..                          ...     ...     ...     ...       ...  ...           ...  ...   ...       ...        ...
679  2025-04-23 10:38:28.939580     NaN     NaN     NaN  81800.00  ...  81727.012886  NaN   NaN       NaN        NaN
680  2025-04-23 10:38:29.889760     NaN     NaN     NaN  81795.00  ...  81729.137483  NaN   NaN       NaN        NaN
681  2025-04-23 10:38:29.889760     NaN     NaN     NaN  81795.00  ...  81731.195687  NaN   NaN       NaN        NaN
682  2025-04-23 10:38:30.031649     NaN     NaN     NaN  81795.00  ...  81733.189572  NaN   NaN       NaN        NaN
683  2025-04-23 10:38:30.031649     NaN     NaN     NaN  81795.00  ...  81735.121148  NaN   NaN       NaN        NaN

[684 rows x 13 columns]
2025-04-23 10:38:30,282 INFO:Final row: {'timestamp': Timestamp('2025-04-23 10:38:30.031649'), 'open': nan, 'high': nan, 'low': nan, 'close': 81795.0, 'volume': nan, 'short': 81795.99665557445, 'middle': 81800.5672533591, 'long': 81735.12114769472, 'buy': nan, 'sell': nan, 'buy_exit': nan, 'sell_exit': nan}
2025-04-23 10:38:30,282 INFO:Buy exit signal received
2025-04-23 10:38:30,282 INFO:Sell exit signal received
2025-04-23 10:38:30,282 INFO:Entering while loop with trade_count: 2
2025-04-23 10:38:30,404 INFO:Combined historical with live algo:                       timestamp    open    high     low     close  ...          long  buy  sell  buy_exit  sell_exit
0     2025-04-22 09:15:00+05:30  821.10  821.10  817.00    818.80  ...    818.800000  NaN   NaN       NaN        NaN
1     2025-04-22 09:16:00+05:30  818.75  818.75  814.60    814.60  ...    818.668750  NaN   NaN       NaN        NaN
2     2025-04-22 09:17:00+05:30  814.60  816.00  814.00    815.35  ...    818.565039  NaN   NaN       NaN        NaN
3     2025-04-22 09:18:00+05:30  815.30  816.00  814.75    815.50  ...    818.469257  NaN   NaN       NaN        NaN
4     2025-04-22 09:19:00+05:30  815.55  815.75  814.50    814.60  ...    818.348342  NaN   NaN       NaN        NaN
..                          ...     ...     ...     ...       ...  ...           ...  ...   ...       ...        ...
680  2025-04-23 10:38:29.889760     NaN     NaN     NaN  81795.00  ...  81729.137483  NaN   NaN       NaN        NaN
681  2025-04-23 10:38:29.889760     NaN     NaN     NaN  81795.00  ...  81731.195687  NaN   NaN       NaN        NaN
682  2025-04-23 10:38:30.031649     NaN     NaN     NaN  81795.00  ...  81733.189572  NaN   NaN       NaN        NaN
683  2025-04-23 10:38:30.031649     NaN     NaN     NaN  81795.00  ...  81735.121148  NaN   NaN       NaN        NaN
684  2025-04-23 10:38:30.031649     NaN     NaN     NaN  81795.00  ...  81736.992362  NaN   NaN       NaN        NaN

[685 rows x 13 columns]
2025-04-23 10:38:30,406 INFO:Final row: {'timestamp': Timestamp('2025-04-23 10:38:30.031649'), 'open': nan, 'high': nan, 'low': nan, 'close': 81795.0, 'volume': nan, 'short': 81795.66443704964, 'middle': 81800.06113941736, 'long': 81736.99236182927, 'buy': nan, 'sell': nan, 'buy_exit': nan, 'sell_exit': nan}
2025-04-23 10:38:30,408 INFO:Buy exit signal received
2025-04-23 10:38:30,408 INFO:Sell exit signal received
2025-04-23 10:38:30,408 INFO:Entering while loop with trade_count: 2
2025-04-23 10:38:30,549 INFO:Combined historical with live algo:                       timestamp    open    high     low     close  ...          long  buy  sell  buy_exit  sell_exit
0     2025-04-22 09:15:00+05:30  821.10  821.10  817.00    818.80  ...    818.800000  NaN   NaN       NaN        NaN
1     2025-04-22 09:16:00+05:30  818.75  818.75  814.60    814.60  ...    818.668750  NaN   NaN       NaN        NaN
2     2025-04-22 09:17:00+05:30  814.60  816.00  814.00    815.35  ...    818.565039  NaN   NaN       NaN        NaN
3     2025-04-22 09:18:00+05:30  815.30  816.00  814.75    815.50  ...    818.469257  NaN   NaN       NaN        NaN
4     2025-04-22 09:19:00+05:30  815.55  815.75  814.50    814.60  ...    818.348342  NaN   NaN       NaN        NaN
..                          ...     ...     ...     ...       ...  ...           ...  ...   ...       ...        ...
681  2025-04-23 10:38:29.889760     NaN     NaN     NaN  81795.00  ...  81731.195687  NaN   NaN       NaN        NaN
682  2025-04-23 10:38:30.031649     NaN     NaN     NaN  81795.00  ...  81733.189572  NaN   NaN       NaN        NaN
683  2025-04-23 10:38:30.031649     NaN     NaN     NaN  81795.00  ...  81735.121148  NaN   NaN       NaN        NaN
684  2025-04-23 10:38:30.031649     NaN     NaN     NaN  81795.00  ...  81736.992362  NaN   NaN       NaN        NaN
685  2025-04-23 10:38:30.031649     NaN     NaN     NaN  81795.00  ...  81738.805101  NaN   NaN       NaN        NaN

[686 rows x 13 columns]
2025-04-23 10:38:30,551 INFO:Final row: {'timestamp': Timestamp('2025-04-23 10:38:30.031649'), 'open': nan, 'high': nan, 'low': nan, 'close': 81795.0, 'volume': nan, 'short': 81795.44295803309, 'middle': 81799.60103583396, 'long': 81738.8051005221, 'buy': nan, 'sell': nan, 'buy_exit': nan, 'sell_exit': nan}
2025-04-23 10:38:30,551 INFO:Buy exit signal received
2025-04-23 10:38:30,551 INFO:Sell exit signal received
2025-04-23 10:38:30,551 INFO:Entering while loop with trade_count: 2
2025-04-23 10:38:30,638 INFO:Combined historical with live algo:                       timestamp    open    high     low     close  ...          long  buy  sell  buy_exit  sell_exit
0     2025-04-22 09:15:00+05:30  821.10  821.10  817.00    818.80  ...    818.800000  NaN   NaN       NaN        NaN
1     2025-04-22 09:16:00+05:30  818.75  818.75  814.60    814.60  ...    818.668750  NaN   NaN       NaN        NaN
2     2025-04-22 09:17:00+05:30  814.60  816.00  814.00    815.35  ...    818.565039  NaN   NaN       NaN        NaN
3     2025-04-22 09:18:00+05:30  815.30  816.00  814.75    815.50  ...    818.469257  NaN   NaN       NaN        NaN
4     2025-04-22 09:19:00+05:30  815.55  815.75  814.50    814.60  ...    818.348342  NaN   NaN       NaN        NaN
..                          ...     ...     ...     ...       ...  ...           ...  ...   ...       ...        ...
682  2025-04-23 10:38:30.031649     NaN     NaN     NaN  81795.00  ...  81733.189572  NaN   NaN       NaN        NaN
683  2025-04-23 10:38:30.031649     NaN     NaN     NaN  81795.00  ...  81735.121148  NaN   NaN       NaN        NaN
684  2025-04-23 10:38:30.031649     NaN     NaN     NaN  81795.00  ...  81736.992362  NaN   NaN       NaN        NaN
685  2025-04-23 10:38:30.031649     NaN     NaN     NaN  81795.00  ...  81738.805101  NaN   NaN       NaN        NaN
686  2025-04-23 10:38:30.031649     NaN     NaN     NaN  81795.00  ...  81740.561191  NaN   NaN       NaN        NaN

[687 rows x 13 columns]
2025-04-23 10:38:30,639 INFO:Final row: {'timestamp': Timestamp('2025-04-23 10:38:30.031649'), 'open': nan, 'high': nan, 'low': nan, 'close': 81795.0, 'volume': nan, 'short': 81795.2953053554, 'middle': 81799.18275984905, 'long': 81740.5611911308, 'buy': nan, 'sell': nan, 'buy_exit': nan, 'sell_exit': nan}
2025-04-23 10:38:30,639 INFO:Buy exit signal received
2025-04-23 10:38:30,639 INFO:Sell exit signal received
2025-04-23 10:38:30,639 INFO:Entering while loop with trade_count: 2
2025-04-23 10:38:30,703 INFO:Combined historical with live algo:                       timestamp    open    high     low     close  ...          long  buy  sell  buy_exit  sell_exit
0     2025-04-22 09:15:00+05:30  821.10  821.10  817.00    818.80  ...    818.800000  NaN   NaN       NaN        NaN
1     2025-04-22 09:16:00+05:30  818.75  818.75  814.60    814.60  ...    818.668750  NaN   NaN       NaN        NaN
2     2025-04-22 09:17:00+05:30  814.60  816.00  814.00    815.35  ...    818.565039  NaN   NaN       NaN        NaN
3     2025-04-22 09:18:00+05:30  815.30  816.00  814.75    815.50  ...    818.469257  NaN   NaN       NaN        NaN
4     2025-04-22 09:19:00+05:30  815.55  815.75  814.50    814.60  ...    818.348342  NaN   NaN       NaN        NaN
..                          ...     ...     ...     ...       ...  ...           ...  ...   ...       ...        ...
683  2025-04-23 10:38:30.031649     NaN     NaN     NaN  81795.00  ...  81735.121148  NaN   NaN       NaN        NaN
684  2025-04-23 10:38:30.031649     NaN     NaN     NaN  81795.00  ...  81736.992362  NaN   NaN       NaN        NaN
685  2025-04-23 10:38:30.031649     NaN     NaN     NaN  81795.00  ...  81738.805101  NaN   NaN       NaN        NaN
686  2025-04-23 10:38:30.031649     NaN     NaN     NaN  81795.00  ...  81740.561191  NaN   NaN       NaN        NaN
687  2025-04-23 10:38:30.031649     NaN     NaN     NaN  81795.00  ...  81742.262404  NaN   NaN       NaN        NaN

[688 rows x 13 columns]
2025-04-23 10:38:30,705 INFO:Final row: {'timestamp': Timestamp('2025-04-23 10:38:30.031649'), 'open': nan, 'high': nan, 'low': nan, 'close': 81795.0, 'volume': nan, 'short': 81795.19687023693, 'middle': 81798.80250895368, 'long': 81742.26240390795, 'buy': nan, 'sell': nan, 'buy_exit': nan, 'sell_exit': nan}
2025-04-23 10:38:30,705 INFO:Buy exit signal received
2025-04-23 10:38:30,705 INFO:Sell exit signal received
2025-04-23 10:38:30,705 INFO:Entering while loop with trade_count: 2
2025-04-23 10:38:30,816 INFO:Combined historical with live algo:                       timestamp    open    high     low     close  ...          long  buy  sell  buy_exit  sell_exit
0     2025-04-22 09:15:00+05:30  821.10  821.10  817.00    818.80  ...    818.800000  NaN   NaN       NaN        NaN
1     2025-04-22 09:16:00+05:30  818.75  818.75  814.60    814.60  ...    818.668750  NaN   NaN       NaN        NaN
2     2025-04-22 09:17:00+05:30  814.60  816.00  814.00    815.35  ...    818.565039  NaN   NaN       NaN        NaN
3     2025-04-22 09:18:00+05:30  815.30  816.00  814.75    815.50  ...    818.469257  NaN   NaN       NaN        NaN
4     2025-04-22 09:19:00+05:30  815.55  815.75  814.50    814.60  ...    818.348342  NaN   NaN       NaN        NaN
..                          ...     ...     ...     ...       ...  ...           ...  ...   ...       ...        ...
684  2025-04-23 10:38:30.031649     NaN     NaN     NaN  81795.00  ...  81736.992362  NaN   NaN       NaN        NaN
685  2025-04-23 10:38:30.031649     NaN     NaN     NaN  81795.00  ...  81738.805101  NaN   NaN       NaN        NaN
686  2025-04-23 10:38:30.031649     NaN     NaN     NaN  81795.00  ...  81740.561191  NaN   NaN       NaN        NaN
687  2025-04-23 10:38:30.031649     NaN     NaN     NaN  81795.00  ...  81742.262404  NaN   NaN       NaN        NaN
688  2025-04-23 10:38:30.031649     NaN     NaN     NaN  81795.00  ...  81743.910454  NaN   NaN       NaN        NaN

[689 rows x 13 columns]
2025-04-23 10:38:30,819 INFO:Final row: {'timestamp': Timestamp('2025-04-23 10:38:30.031649'), 'open': nan, 'high': nan, 'low': nan, 'close': 81795.0, 'volume': nan, 'short': 81795.13124682463, 'middle': 81798.45682632152, 'long': 81743.91045378582, 'buy': nan, 'sell': nan, 'buy_exit': nan, 'sell_exit': nan}
2025-04-23 10:38:30,819 INFO:Buy exit signal received
2025-04-23 10:38:30,819 INFO:Sell exit signal received
2025-04-23 10:38:30,819 INFO:Entering while loop with trade_count: 2
2025-04-23 10:38:30,937 INFO:Combined historical with live algo:                       timestamp    open    high     low     close  ...          long  buy  sell  buy_exit  sell_exit
0     2025-04-22 09:15:00+05:30  821.10  821.10  817.00    818.80  ...    818.800000  NaN   NaN       NaN        NaN
1     2025-04-22 09:16:00+05:30  818.75  818.75  814.60    814.60  ...    818.668750  NaN   NaN       NaN        NaN
2     2025-04-22 09:17:00+05:30  814.60  816.00  814.00    815.35  ...    818.565039  NaN   NaN       NaN        NaN
3     2025-04-22 09:18:00+05:30  815.30  816.00  814.75    815.50  ...    818.469257  NaN   NaN       NaN        NaN
4     2025-04-22 09:19:00+05:30  815.55  815.75  814.50    814.60  ...    818.348342  NaN   NaN       NaN        NaN
..                          ...     ...     ...     ...       ...  ...           ...  ...   ...       ...        ...
685  2025-04-23 10:38:30.031649     NaN     NaN     NaN  81795.00  ...  81738.805101  NaN   NaN       NaN        NaN
686  2025-04-23 10:38:30.031649     NaN     NaN     NaN  81795.00  ...  81740.561191  NaN   NaN       NaN        NaN
687  2025-04-23 10:38:30.031649     NaN     NaN     NaN  81795.00  ...  81742.262404  NaN   NaN       NaN        NaN
688  2025-04-23 10:38:30.031649     NaN     NaN     NaN  81795.00  ...  81743.910454  NaN   NaN       NaN        NaN
689  2025-04-23 10:38:30.031649     NaN     NaN     NaN  81795.00  ...  81745.507002  NaN   NaN       NaN        NaN

[690 rows x 13 columns]
2025-04-23 10:38:30,937 INFO:Final row: {'timestamp': Timestamp('2025-04-23 10:38:30.031649'), 'open': nan, 'high': nan, 'low': nan, 'close': 81795.0, 'volume': nan, 'short': 81795.0874978831, 'middle': 81798.1425693832, 'long': 81745.50700210502, 'buy': nan, 'sell': nan, 'buy_exit': nan, 'sell_exit': nan}
2025-04-23 10:38:30,937 INFO:Buy exit signal received
2025-04-23 10:38:30,937 INFO:Sell exit signal received
2025-04-23 10:38:30,937 INFO:Entering while loop with trade_count: 2
2025-04-23 10:38:31,072 INFO:Combined historical with live algo:                       timestamp    open    high     low     close  ...          long  buy  sell  buy_exit  sell_exit
0     2025-04-22 09:15:00+05:30  821.10  821.10  817.00    818.80  ...    818.800000  NaN   NaN       NaN        NaN
1     2025-04-22 09:16:00+05:30  818.75  818.75  814.60    814.60  ...    818.668750  NaN   NaN       NaN        NaN
2     2025-04-22 09:17:00+05:30  814.60  816.00  814.00    815.35  ...    818.565039  NaN   NaN       NaN        NaN
3     2025-04-22 09:18:00+05:30  815.30  816.00  814.75    815.50  ...    818.469257  NaN   NaN       NaN        NaN
4     2025-04-22 09:19:00+05:30  815.55  815.75  814.50    814.60  ...    818.348342  NaN   NaN       NaN        NaN
..                          ...     ...     ...     ...       ...  ...           ...  ...   ...       ...        ...
686  2025-04-23 10:38:30.031649     NaN     NaN     NaN  81795.00  ...  81740.561191  NaN   NaN       NaN        NaN
687  2025-04-23 10:38:30.031649     NaN     NaN     NaN  81795.00  ...  81742.262404  NaN   NaN       NaN        NaN
688  2025-04-23 10:38:30.031649     NaN     NaN     NaN  81795.00  ...  81743.910454  NaN   NaN       NaN        NaN
689  2025-04-23 10:38:30.031649     NaN     NaN     NaN  81795.00  ...  81745.507002  NaN   NaN       NaN        NaN
690  2025-04-23 10:38:30.031649     NaN     NaN     NaN  81795.00  ...  81747.053658  NaN   NaN       NaN        NaN

[691 rows x 13 columns]
2025-04-23 10:38:31,072 INFO:Final row: {'timestamp': Timestamp('2025-04-23 10:38:30.031649'), 'open': nan, 'high': nan, 'low': nan, 'close': 81795.0, 'volume': nan, 'short': 81795.05833192208, 'middle': 81797.85688125745, 'long': 81747.05365828924, 'buy': nan, 'sell': nan, 'buy_exit': nan, 'sell_exit': nan}
2025-04-23 10:38:31,080 INFO:Buy exit signal received
2025-04-23 10:38:31,080 INFO:Sell exit signal received
2025-04-23 10:38:31,080 INFO:Entering while loop with trade_count: 2
2025-04-23 10:38:31,200 INFO:Combined historical with live algo:                       timestamp    open    high     low     close  ...          long  buy  sell  buy_exit  sell_exit
0     2025-04-22 09:15:00+05:30  821.10  821.10  817.00    818.80  ...    818.800000  NaN   NaN       NaN        NaN
1     2025-04-22 09:16:00+05:30  818.75  818.75  814.60    814.60  ...    818.668750  NaN   NaN       NaN        NaN
2     2025-04-22 09:17:00+05:30  814.60  816.00  814.00    815.35  ...    818.565039  NaN   NaN       NaN        NaN
3     2025-04-22 09:18:00+05:30  815.30  816.00  814.75    815.50  ...    818.469257  NaN   NaN       NaN        NaN
4     2025-04-22 09:19:00+05:30  815.55  815.75  814.50    814.60  ...    818.348342  NaN   NaN       NaN        NaN
..                          ...     ...     ...     ...       ...  ...           ...  ...   ...       ...        ...
687  2025-04-23 10:38:30.031649     NaN     NaN     NaN  81795.00  ...  81742.262404  NaN   NaN       NaN        NaN
688  2025-04-23 10:38:30.031649     NaN     NaN     NaN  81795.00  ...  81743.910454  NaN   NaN       NaN        NaN
689  2025-04-23 10:38:30.031649     NaN     NaN     NaN  81795.00  ...  81745.507002  NaN   NaN       NaN        NaN
690  2025-04-23 10:38:30.031649     NaN     NaN     NaN  81795.00  ...  81747.053658  NaN   NaN       NaN        NaN
691  2025-04-23 10:38:30.961053     NaN     NaN     NaN  81795.00  ...  81748.551981  NaN   NaN       NaN        NaN

[692 rows x 13 columns]
2025-04-23 10:38:31,204 INFO:Final row: {'timestamp': Timestamp('2025-04-23 10:38:30.961053'), 'open': nan, 'high': nan, 'low': nan, 'close': 81795.0, 'volume': nan, 'short': 81795.03888794806, 'middle': 81797.5971647795, 'long': 81748.5519814677, 'buy': nan, 'sell': nan, 'buy_exit': nan, 'sell_exit': nan}
2025-04-23 10:38:31,204 INFO:Buy exit signal received
2025-04-23 10:38:31,204 INFO:Sell exit signal received
2025-04-23 10:38:31,205 INFO:Entering while loop with trade_count: 2
2025-04-23 10:38:31,316 INFO:Combined historical with live algo:                       timestamp    open    high     low     close  ...          long  buy  sell  buy_exit  sell_exit
0     2025-04-22 09:15:00+05:30  821.10  821.10  817.00    818.80  ...    818.800000  NaN   NaN       NaN        NaN
1     2025-04-22 09:16:00+05:30  818.75  818.75  814.60    814.60  ...    818.668750  NaN   NaN       NaN        NaN
2     2025-04-22 09:17:00+05:30  814.60  816.00  814.00    815.35  ...    818.565039  NaN   NaN       NaN        NaN
3     2025-04-22 09:18:00+05:30  815.30  816.00  814.75    815.50  ...    818.469257  NaN   NaN       NaN        NaN
4     2025-04-22 09:19:00+05:30  815.55  815.75  814.50    814.60  ...    818.348342  NaN   NaN       NaN        NaN
..                          ...     ...     ...     ...       ...  ...           ...  ...   ...       ...        ...
688  2025-04-23 10:38:30.031649     NaN     NaN     NaN  81795.00  ...  81743.910454  NaN   NaN       NaN        NaN
689  2025-04-23 10:38:30.031649     NaN     NaN     NaN  81795.00  ...  81745.507002  NaN   NaN       NaN        NaN
690  2025-04-23 10:38:30.031649     NaN     NaN     NaN  81795.00  ...  81747.053658  NaN   NaN       NaN        NaN
691  2025-04-23 10:38:30.961053     NaN     NaN     NaN  81795.00  ...  81748.551981  NaN   NaN       NaN        NaN
692  2025-04-23 10:38:31.164888     NaN     NaN     NaN  81780.00  ...  81749.534732  NaN   NaN       NaN        NaN

[693 rows x 13 columns]
2025-04-23 10:38:31,316 INFO:Final row: {'timestamp': Timestamp('2025-04-23 10:38:31.164888'), 'open': nan, 'high': nan, 'low': nan, 'close': 81780.0, 'volume': nan, 'short': 81790.02592529872, 'middle': 81795.99742252681, 'long': 81749.53473204683, 'buy': nan, 'sell': nan, 'buy_exit': nan, 'sell_exit': nan}
2025-04-23 10:38:31,316 INFO:Buy exit signal received
2025-04-23 10:38:31,316 INFO:Sell exit signal received
2025-04-23 10:38:31,316 INFO:Entering while loop with trade_count: 2
2025-04-23 10:38:31,418 INFO:Combined historical with live algo:                       timestamp    open    high     low     close  ...          long  buy  sell  buy_exit  sell_exit
0     2025-04-22 09:15:00+05:30  821.10  821.10  817.00    818.80  ...    818.800000  NaN   NaN       NaN        NaN
1     2025-04-22 09:16:00+05:30  818.75  818.75  814.60    814.60  ...    818.668750  NaN   NaN       NaN        NaN
2     2025-04-22 09:17:00+05:30  814.60  816.00  814.00    815.35  ...    818.565039  NaN   NaN       NaN        NaN
3     2025-04-22 09:18:00+05:30  815.30  816.00  814.75    815.50  ...    818.469257  NaN   NaN       NaN        NaN
4     2025-04-22 09:19:00+05:30  815.55  815.75  814.50    814.60  ...    818.348342  NaN   NaN       NaN        NaN
..                          ...     ...     ...     ...       ...  ...           ...  ...   ...       ...        ...
689  2025-04-23 10:38:30.031649     NaN     NaN     NaN  81795.00  ...  81745.507002  NaN   NaN       NaN        NaN
690  2025-04-23 10:38:30.031649     NaN     NaN     NaN  81795.00  ...  81747.053658  NaN   NaN       NaN        NaN
691  2025-04-23 10:38:30.961053     NaN     NaN     NaN  81795.00  ...  81748.551981  NaN   NaN       NaN        NaN
692  2025-04-23 10:38:31.164888     NaN     NaN     NaN  81780.00  ...  81749.534732  NaN   NaN       NaN        NaN
693  2025-04-23 10:38:31.164888     NaN     NaN     NaN  81780.00  ...  81750.486772  NaN   NaN       NaN        NaN

[694 rows x 13 columns]
2025-04-23 10:38:31,418 INFO:Final row: {'timestamp': Timestamp('2025-04-23 10:38:31.164888'), 'open': nan, 'high': nan, 'low': nan, 'close': 81780.0, 'volume': nan, 'short': 81786.68395019915, 'middle': 81794.543111388, 'long': 81750.48677167036, 'buy': nan, 'sell': nan, 'buy_exit': nan, 'sell_exit': nan}
2025-04-23 10:38:31,418 INFO:Buy exit signal received
2025-04-23 10:38:31,418 INFO:Sell exit signal received
2025-04-23 10:38:31,418 INFO:Entering while loop with trade_count: 2
2025-04-23 10:38:31,473 INFO:Combined historical with live algo:                       timestamp    open    high     low     close  ...          long  buy  sell  buy_exit  sell_exit
0     2025-04-22 09:15:00+05:30  821.10  821.10  817.00    818.80  ...    818.800000  NaN   NaN       NaN        NaN
1     2025-04-22 09:16:00+05:30  818.75  818.75  814.60    814.60  ...    818.668750  NaN   NaN       NaN        NaN
2     2025-04-22 09:17:00+05:30  814.60  816.00  814.00    815.35  ...    818.565039  NaN   NaN       NaN        NaN
3     2025-04-22 09:18:00+05:30  815.30  816.00  814.75    815.50  ...    818.469257  NaN   NaN       NaN        NaN
4     2025-04-22 09:19:00+05:30  815.55  815.75  814.50    814.60  ...    818.348342  NaN   NaN       NaN        NaN
..                          ...     ...     ...     ...       ...  ...           ...  ...   ...       ...        ...
690  2025-04-23 10:38:30.031649     NaN     NaN     NaN  81795.00  ...  81747.053658  NaN   NaN       NaN        NaN
691  2025-04-23 10:38:30.961053     NaN     NaN     NaN  81795.00  ...  81748.551981  NaN   NaN       NaN        NaN
692  2025-04-23 10:38:31.164888     NaN     NaN     NaN  81780.00  ...  81749.534732  NaN   NaN       NaN        NaN
693  2025-04-23 10:38:31.164888     NaN     NaN     NaN  81780.00  ...  81750.486772  NaN   NaN       NaN        NaN
694  2025-04-23 10:38:31.164888     NaN     NaN     NaN  81780.00  ...  81751.409060  NaN   NaN       NaN        NaN

[695 rows x 13 columns]
2025-04-23 10:38:31,479 INFO:Final row: {'timestamp': Timestamp('2025-04-23 10:38:31.164888'), 'open': nan, 'high': nan, 'low': nan, 'close': 81780.0, 'volume': nan, 'short': 81784.45596679943, 'middle': 81793.22101035273, 'long': 81751.40906005567, 'buy': nan, 'sell': nan, 'buy_exit': nan, 'sell_exit': nan}
2025-04-23 10:38:31,479 INFO:Buy exit signal received
2025-04-23 10:38:31,479 INFO:Sell exit signal received
2025-04-23 10:38:31,479 INFO:Entering while loop with trade_count: 2
2025-04-23 10:38:31,533 INFO:Combined historical with live algo:                       timestamp    open    high     low     close  ...          long  buy  sell  buy_exit  sell_exit
0     2025-04-22 09:15:00+05:30  821.10  821.10  817.00    818.80  ...    818.800000  NaN   NaN       NaN        NaN
1     2025-04-22 09:16:00+05:30  818.75  818.75  814.60    814.60  ...    818.668750  NaN   NaN       NaN        NaN
2     2025-04-22 09:17:00+05:30  814.60  816.00  814.00    815.35  ...    818.565039  NaN   NaN       NaN        NaN
3     2025-04-22 09:18:00+05:30  815.30  816.00  814.75    815.50  ...    818.469257  NaN   NaN       NaN        NaN
4     2025-04-22 09:19:00+05:30  815.55  815.75  814.50    814.60  ...    818.348342  NaN   NaN       NaN        NaN
..                          ...     ...     ...     ...       ...  ...           ...  ...   ...       ...        ...
691  2025-04-23 10:38:30.961053     NaN     NaN     NaN  81795.00  ...  81748.551981  NaN   NaN       NaN        NaN
692  2025-04-23 10:38:31.164888     NaN     NaN     NaN  81780.00  ...  81749.534732  NaN   NaN       NaN        NaN
693  2025-04-23 10:38:31.164888     NaN     NaN     NaN  81780.00  ...  81750.486772  NaN   NaN       NaN        NaN
694  2025-04-23 10:38:31.164888     NaN     NaN     NaN  81780.00  ...  81751.409060  NaN   NaN       NaN        NaN
695  2025-04-23 10:38:31.164888     NaN     NaN     NaN  81780.00  ...  81752.302527  NaN   NaN       NaN        NaN

[696 rows x 13 columns]
2025-04-23 10:38:31,537 INFO:Final row: {'timestamp': Timestamp('2025-04-23 10:38:31.164888'), 'open': nan, 'high': nan, 'low': nan, 'close': 81780.0, 'volume': nan, 'short': 81782.97064453296, 'middle': 81792.01910032067, 'long': 81752.30252692892, 'buy': nan, 'sell': nan, 'buy_exit': nan, 'sell_exit': nan}
2025-04-23 10:38:31,537 INFO:Buy exit signal received
2025-04-23 10:38:31,537 INFO:Sell exit signal received
2025-04-23 10:38:31,537 INFO:Entering while loop with trade_count: 2
2025-04-23 10:38:31,597 INFO:Combined historical with live algo:                       timestamp    open    high     low     close  ...          long  buy  sell  buy_exit  sell_exit
0     2025-04-22 09:15:00+05:30  821.10  821.10  817.00    818.80  ...    818.800000  NaN   NaN       NaN        NaN
1     2025-04-22 09:16:00+05:30  818.75  818.75  814.60    814.60  ...    818.668750  NaN   NaN       NaN        NaN
2     2025-04-22 09:17:00+05:30  814.60  816.00  814.00    815.35  ...    818.565039  NaN   NaN       NaN        NaN
3     2025-04-22 09:18:00+05:30  815.30  816.00  814.75    815.50  ...    818.469257  NaN   NaN       NaN        NaN
4     2025-04-22 09:19:00+05:30  815.55  815.75  814.50    814.60  ...    818.348342  NaN   NaN       NaN        NaN
..                          ...     ...     ...     ...       ...  ...           ...  ...   ...       ...        ...
692  2025-04-23 10:38:31.164888     NaN     NaN     NaN  81780.00  ...  81749.534732  NaN   NaN       NaN        NaN
693  2025-04-23 10:38:31.164888     NaN     NaN     NaN  81780.00  ...  81750.486772  NaN   NaN       NaN        NaN
694  2025-04-23 10:38:31.164888     NaN     NaN     NaN  81780.00  ...  81751.409060  NaN   NaN       NaN        NaN
695  2025-04-23 10:38:31.164888     NaN     NaN     NaN  81780.00  ...  81752.302527  NaN   NaN       NaN        NaN
696  2025-04-23 10:38:31.164888     NaN     NaN     NaN  81780.00  ...  81753.168073  NaN   NaN       NaN        NaN

[697 rows x 13 columns]
2025-04-23 10:38:31,598 INFO:Final row: {'timestamp': Timestamp('2025-04-23 10:38:31.164888'), 'open': nan, 'high': nan, 'low': nan, 'close': 81780.0, 'volume': nan, 'short': 81781.98042968864, 'middle': 81790.92645483697, 'long': 81753.16807296239, 'buy': nan, 'sell': nan, 'buy_exit': nan, 'sell_exit': nan}
2025-04-23 10:38:31,598 INFO:Buy exit signal received
2025-04-23 10:38:31,598 INFO:Sell exit signal received
2025-04-23 10:38:31,598 INFO:Entering while loop with trade_count: 2
2025-04-23 10:38:31,648 INFO:Combined historical with live algo:                       timestamp    open    high     low     close  ...          long  buy  sell  buy_exit  sell_exit
0     2025-04-22 09:15:00+05:30  821.10  821.10  817.00    818.80  ...    818.800000  NaN   NaN       NaN        NaN
1     2025-04-22 09:16:00+05:30  818.75  818.75  814.60    814.60  ...    818.668750  NaN   NaN       NaN        NaN
2     2025-04-22 09:17:00+05:30  814.60  816.00  814.00    815.35  ...    818.565039  NaN   NaN       NaN        NaN
3     2025-04-22 09:18:00+05:30  815.30  816.00  814.75    815.50  ...    818.469257  NaN   NaN       NaN        NaN
4     2025-04-22 09:19:00+05:30  815.55  815.75  814.50    814.60  ...    818.348342  NaN   NaN       NaN        NaN
..                          ...     ...     ...     ...       ...  ...           ...  ...   ...       ...        ...
693  2025-04-23 10:38:31.164888     NaN     NaN     NaN  81780.00  ...  81750.486772  NaN   NaN       NaN        NaN
694  2025-04-23 10:38:31.164888     NaN     NaN     NaN  81780.00  ...  81751.409060  NaN   NaN       NaN        NaN
695  2025-04-23 10:38:31.164888     NaN     NaN     NaN  81780.00  ...  81752.302527  NaN   NaN       NaN        NaN
696  2025-04-23 10:38:31.164888     NaN     NaN     NaN  81780.00  ...  81753.168073  NaN   NaN       NaN        NaN
697  2025-04-23 10:38:31.164888     NaN     NaN     NaN  81780.00  ...  81754.006571  NaN   NaN       NaN        NaN

[698 rows x 13 columns]
2025-04-23 10:38:31,651 INFO:Final row: {'timestamp': Timestamp('2025-04-23 10:38:31.164888'), 'open': nan, 'high': nan, 'low': nan, 'close': 81780.0, 'volume': nan, 'short': 81781.3202864591, 'middle': 81789.93314076088, 'long': 81754.00657068232, 'buy': nan, 'sell': nan, 'buy_exit': nan, 'sell_exit': nan}
2025-04-23 10:38:31,651 INFO:Buy exit signal received
2025-04-23 10:38:31,651 INFO:Sell exit signal received
2025-04-23 10:38:31,651 INFO:Entering while loop with trade_count: 2
2025-04-23 10:38:31,706 INFO:Combined historical with live algo:                       timestamp    open    high     low     close  ...          long  buy  sell  buy_exit  sell_exit
0     2025-04-22 09:15:00+05:30  821.10  821.10  817.00    818.80  ...    818.800000  NaN   NaN       NaN        NaN
1     2025-04-22 09:16:00+05:30  818.75  818.75  814.60    814.60  ...    818.668750  NaN   NaN       NaN        NaN
2     2025-04-22 09:17:00+05:30  814.60  816.00  814.00    815.35  ...    818.565039  NaN   NaN       NaN        NaN
3     2025-04-22 09:18:00+05:30  815.30  816.00  814.75    815.50  ...    818.469257  NaN   NaN       NaN        NaN
4     2025-04-22 09:19:00+05:30  815.55  815.75  814.50    814.60  ...    818.348342  NaN   NaN       NaN        NaN
..                          ...     ...     ...     ...       ...  ...           ...  ...   ...       ...        ...
694  2025-04-23 10:38:31.164888     NaN     NaN     NaN  81780.00  ...  81751.409060  NaN   NaN       NaN        NaN
695  2025-04-23 10:38:31.164888     NaN     NaN     NaN  81780.00  ...  81752.302527  NaN   NaN       NaN        NaN
696  2025-04-23 10:38:31.164888     NaN     NaN     NaN  81780.00  ...  81753.168073  NaN   NaN       NaN        NaN
697  2025-04-23 10:38:31.164888     NaN     NaN     NaN  81780.00  ...  81754.006571  NaN   NaN       NaN        NaN
698  2025-04-23 10:38:31.164888     NaN     NaN     NaN  81780.00  ...  81754.818865  NaN   NaN       NaN        NaN

[699 rows x 13 columns]
2025-04-23 10:38:31,707 INFO:Final row: {'timestamp': Timestamp('2025-04-23 10:38:31.164888'), 'open': nan, 'high': nan, 'low': nan, 'close': 81780.0, 'volume': nan, 'short': 81780.88019097273, 'middle': 81789.03012796443, 'long': 81754.8188653485, 'buy': nan, 'sell': nan, 'buy_exit': nan, 'sell_exit': nan}
2025-04-23 10:38:31,707 INFO:Buy exit signal received
2025-04-23 10:38:31,707 INFO:Sell exit signal received
2025-04-23 10:38:31,707 INFO:Entering while loop with trade_count: 2
2025-04-23 10:38:31,760 INFO:Combined historical with live algo:                       timestamp    open    high     low     close  ...          long  buy  sell  buy_exit  sell_exit
0     2025-04-22 09:15:00+05:30  821.10  821.10  817.00    818.80  ...    818.800000  NaN   NaN       NaN        NaN
1     2025-04-22 09:16:00+05:30  818.75  818.75  814.60    814.60  ...    818.668750  NaN   NaN       NaN        NaN
2     2025-04-22 09:17:00+05:30  814.60  816.00  814.00    815.35  ...    818.565039  NaN   NaN       NaN        NaN
3     2025-04-22 09:18:00+05:30  815.30  816.00  814.75    815.50  ...    818.469257  NaN   NaN       NaN        NaN
4     2025-04-22 09:19:00+05:30  815.55  815.75  814.50    814.60  ...    818.348342  NaN   NaN       NaN        NaN
..                          ...     ...     ...     ...       ...  ...           ...  ...   ...       ...        ...
695  2025-04-23 10:38:31.164888     NaN     NaN     NaN  81780.00  ...  81752.302527  NaN   NaN       NaN        NaN
696  2025-04-23 10:38:31.164888     NaN     NaN     NaN  81780.00  ...  81753.168073  NaN   NaN       NaN        NaN
697  2025-04-23 10:38:31.164888     NaN     NaN     NaN  81780.00  ...  81754.006571  NaN   NaN       NaN        NaN
698  2025-04-23 10:38:31.164888     NaN     NaN     NaN  81780.00  ...  81754.818865  NaN   NaN       NaN        NaN
699  2025-04-23 10:38:31.164888     NaN     NaN     NaN  81780.00  ...  81755.605776  NaN   NaN       NaN        NaN

[700 rows x 13 columns]
2025-04-23 10:38:31,761 INFO:Final row: {'timestamp': Timestamp('2025-04-23 10:38:31.164888'), 'open': nan, 'high': nan, 'low': nan, 'close': 81780.0, 'volume': nan, 'short': 81780.58679398183, 'middle': 81788.20920724039, 'long': 81755.60577580635, 'buy': nan, 'sell': nan, 'buy_exit': nan, 'sell_exit': nan}
2025-04-23 10:38:31,761 INFO:Buy exit signal received
2025-04-23 10:38:31,763 INFO:Sell exit signal received
2025-04-23 10:38:31,763 INFO:Entering while loop with trade_count: 2
2025-04-23 10:38:31,813 INFO:Combined historical with live algo:                       timestamp    open    high     low     close  ...          long  buy  sell  buy_exit  sell_exit
0     2025-04-22 09:15:00+05:30  821.10  821.10  817.00    818.80  ...    818.800000  NaN   NaN       NaN        NaN
1     2025-04-22 09:16:00+05:30  818.75  818.75  814.60    814.60  ...    818.668750  NaN   NaN       NaN        NaN
2     2025-04-22 09:17:00+05:30  814.60  816.00  814.00    815.35  ...    818.565039  NaN   NaN       NaN        NaN
3     2025-04-22 09:18:00+05:30  815.30  816.00  814.75    815.50  ...    818.469257  NaN   NaN       NaN        NaN
4     2025-04-22 09:19:00+05:30  815.55  815.75  814.50    814.60  ...    818.348342  NaN   NaN       NaN        NaN
..                          ...     ...     ...     ...       ...  ...           ...  ...   ...       ...        ...
696  2025-04-23 10:38:31.164888     NaN     NaN     NaN  81780.00  ...  81753.168073  NaN   NaN       NaN        NaN
697  2025-04-23 10:38:31.164888     NaN     NaN     NaN  81780.00  ...  81754.006571  NaN   NaN       NaN        NaN
698  2025-04-23 10:38:31.164888     NaN     NaN     NaN  81780.00  ...  81754.818865  NaN   NaN       NaN        NaN
699  2025-04-23 10:38:31.164888     NaN     NaN     NaN  81780.00  ...  81755.605776  NaN   NaN       NaN        NaN
700  2025-04-23 10:38:31.164888     NaN     NaN     NaN  81780.00  ...  81756.368095  NaN   NaN       NaN        NaN

[701 rows x 13 columns]
2025-04-23 10:38:31,815 INFO:Final row: {'timestamp': Timestamp('2025-04-23 10:38:31.164888'), 'open': nan, 'high': nan, 'low': nan, 'close': 81780.0, 'volume': nan, 'short': 81780.39119598789, 'middle': 81787.46291567308, 'long': 81756.36809531241, 'buy': nan, 'sell': nan, 'buy_exit': nan, 'sell_exit': nan}
2025-04-23 10:38:31,815 INFO:Buy exit signal received
2025-04-23 10:38:31,815 INFO:Sell exit signal received
2025-04-23 10:38:31,815 INFO:Entering while loop with trade_count: 2
2025-04-23 10:38:31,866 INFO:Combined historical with live algo:                       timestamp    open    high     low     close  ...          long  buy  sell  buy_exit  sell_exit
0     2025-04-22 09:15:00+05:30  821.10  821.10  817.00    818.80  ...    818.800000  NaN   NaN       NaN        NaN
1     2025-04-22 09:16:00+05:30  818.75  818.75  814.60    814.60  ...    818.668750  NaN   NaN       NaN        NaN
2     2025-04-22 09:17:00+05:30  814.60  816.00  814.00    815.35  ...    818.565039  NaN   NaN       NaN        NaN
3     2025-04-22 09:18:00+05:30  815.30  816.00  814.75    815.50  ...    818.469257  NaN   NaN       NaN        NaN
4     2025-04-22 09:19:00+05:30  815.55  815.75  814.50    814.60  ...    818.348342  NaN   NaN       NaN        NaN
..                          ...     ...     ...     ...       ...  ...           ...  ...   ...       ...        ...
697  2025-04-23 10:38:31.164888     NaN     NaN     NaN  81780.00  ...  81754.006571  NaN   NaN       NaN        NaN
698  2025-04-23 10:38:31.164888     NaN     NaN     NaN  81780.00  ...  81754.818865  NaN   NaN       NaN        NaN
699  2025-04-23 10:38:31.164888     NaN     NaN     NaN  81780.00  ...  81755.605776  NaN   NaN       NaN        NaN
700  2025-04-23 10:38:31.164888     NaN     NaN     NaN  81780.00  ...  81756.368095  NaN   NaN       NaN        NaN
701  2025-04-23 10:38:31.164888     NaN     NaN     NaN  81780.00  ...  81757.106592  NaN   NaN       NaN        NaN

[702 rows x 13 columns]
2025-04-23 10:38:31,866 INFO:Final row: {'timestamp': Timestamp('2025-04-23 10:38:31.164888'), 'open': nan, 'high': nan, 'low': nan, 'close': 81780.0, 'volume': nan, 'short': 81780.26079732526, 'middle': 81786.7844687937, 'long': 81757.1065923339, 'buy': nan, 'sell': nan, 'buy_exit': nan, 'sell_exit': nan}
2025-04-23 10:38:31,866 INFO:Buy exit signal received
2025-04-23 10:38:31,866 INFO:Sell exit signal received
2025-04-23 10:38:31,866 INFO:Entering while loop with trade_count: 2
2025-04-23 10:38:31,916 INFO:Combined historical with live algo:                       timestamp    open    high     low     close  ...          long  buy  sell  buy_exit  sell_exit
0     2025-04-22 09:15:00+05:30  821.10  821.10  817.00    818.80  ...    818.800000  NaN   NaN       NaN        NaN
1     2025-04-22 09:16:00+05:30  818.75  818.75  814.60    814.60  ...    818.668750  NaN   NaN       NaN        NaN
2     2025-04-22 09:17:00+05:30  814.60  816.00  814.00    815.35  ...    818.565039  NaN   NaN       NaN        NaN
3     2025-04-22 09:18:00+05:30  815.30  816.00  814.75    815.50  ...    818.469257  NaN   NaN       NaN        NaN
4     2025-04-22 09:19:00+05:30  815.55  815.75  814.50    814.60  ...    818.348342  NaN   NaN       NaN        NaN
..                          ...     ...     ...     ...       ...  ...           ...  ...   ...       ...        ...
698  2025-04-23 10:38:31.164888     NaN     NaN     NaN  81780.00  ...  81754.818865  NaN   NaN       NaN        NaN
699  2025-04-23 10:38:31.164888     NaN     NaN     NaN  81780.00  ...  81755.605776  NaN   NaN       NaN        NaN
700  2025-04-23 10:38:31.164888     NaN     NaN     NaN  81780.00  ...  81756.368095  NaN   NaN       NaN        NaN
701  2025-04-23 10:38:31.164888     NaN     NaN     NaN  81780.00  ...  81757.106592  NaN   NaN       NaN        NaN
702  2025-04-23 10:38:31.164888     NaN     NaN     NaN  81780.00  ...  81757.822011  NaN   NaN       NaN        NaN

[703 rows x 13 columns]
2025-04-23 10:38:31,916 INFO:Final row: {'timestamp': Timestamp('2025-04-23 10:38:31.164888'), 'open': nan, 'high': nan, 'low': nan, 'close': 81780.0, 'volume': nan, 'short': 81780.17386488352, 'middle': 81786.16769890336, 'long': 81757.82201132347, 'buy': nan, 'sell': nan, 'buy_exit': nan, 'sell_exit': nan}
2025-04-23 10:38:31,916 INFO:Buy exit signal received
2025-04-23 10:38:31,916 INFO:Sell exit signal received
2025-04-23 10:38:31,916 INFO:Entering while loop with trade_count: 2
2025-04-23 10:38:31,974 INFO:Combined historical with live algo:                       timestamp    open    high     low     close  ...          long  buy  sell  buy_exit  sell_exit
0     2025-04-22 09:15:00+05:30  821.10  821.10  817.00    818.80  ...    818.800000  NaN   NaN       NaN        NaN
1     2025-04-22 09:16:00+05:30  818.75  818.75  814.60    814.60  ...    818.668750  NaN   NaN       NaN        NaN
2     2025-04-22 09:17:00+05:30  814.60  816.00  814.00    815.35  ...    818.565039  NaN   NaN       NaN        NaN
3     2025-04-22 09:18:00+05:30  815.30  816.00  814.75    815.50  ...    818.469257  NaN   NaN       NaN        NaN
4     2025-04-22 09:19:00+05:30  815.55  815.75  814.50    814.60  ...    818.348342  NaN   NaN       NaN        NaN
..                          ...     ...     ...     ...       ...  ...           ...  ...   ...       ...        ...
699  2025-04-23 10:38:31.164888     NaN     NaN     NaN  81780.00  ...  81755.605776  NaN   NaN       NaN        NaN
700  2025-04-23 10:38:31.164888     NaN     NaN     NaN  81780.00  ...  81756.368095  NaN   NaN       NaN        NaN
701  2025-04-23 10:38:31.164888     NaN     NaN     NaN  81780.00  ...  81757.106592  NaN   NaN       NaN        NaN
702  2025-04-23 10:38:31.164888     NaN     NaN     NaN  81780.00  ...  81757.822011  NaN   NaN       NaN        NaN
703  2025-04-23 10:38:31.164888     NaN     NaN     NaN  81780.00  ...  81758.515073  NaN   NaN       NaN        NaN

[704 rows x 13 columns]
2025-04-23 10:38:31,975 INFO:Final row: {'timestamp': Timestamp('2025-04-23 10:38:31.164888'), 'open': nan, 'high': nan, 'low': nan, 'close': 81780.0, 'volume': nan, 'short': 81780.11590992234, 'middle': 81785.60699900305, 'long': 81758.5150734696, 'buy': nan, 'sell': nan, 'buy_exit': nan, 'sell_exit': nan}
2025-04-23 10:38:31,975 INFO:Buy exit signal received
2025-04-23 10:38:31,975 INFO:Sell exit signal received
2025-04-23 10:38:31,975 INFO:Entering while loop with trade_count: 2
2025-04-23 10:38:32,036 INFO:Combined historical with live algo:                       timestamp    open    high     low     close  ...          long  buy  sell  buy_exit  sell_exit
0     2025-04-22 09:15:00+05:30  821.10  821.10  817.00    818.80  ...    818.800000  NaN   NaN       NaN        NaN
1     2025-04-22 09:16:00+05:30  818.75  818.75  814.60    814.60  ...    818.668750  NaN   NaN       NaN        NaN
2     2025-04-22 09:17:00+05:30  814.60  816.00  814.00    815.35  ...    818.565039  NaN   NaN       NaN        NaN
3     2025-04-22 09:18:00+05:30  815.30  816.00  814.75    815.50  ...    818.469257  NaN   NaN       NaN        NaN
4     2025-04-22 09:19:00+05:30  815.55  815.75  814.50    814.60  ...    818.348342  NaN   NaN       NaN        NaN
..                          ...     ...     ...     ...       ...  ...           ...  ...   ...       ...        ...
700  2025-04-23 10:38:31.164888     NaN     NaN     NaN  81780.00  ...  81756.368095  NaN   NaN       NaN        NaN
701  2025-04-23 10:38:31.164888     NaN     NaN     NaN  81780.00  ...  81757.106592  NaN   NaN       NaN        NaN
702  2025-04-23 10:38:31.164888     NaN     NaN     NaN  81780.00  ...  81757.822011  NaN   NaN       NaN        NaN
703  2025-04-23 10:38:31.164888     NaN     NaN     NaN  81780.00  ...  81758.515073  NaN   NaN       NaN        NaN
704  2025-04-23 10:38:31.164888     NaN     NaN     NaN  81780.00  ...  81759.186477  NaN   NaN       NaN        NaN

[705 rows x 13 columns]
2025-04-23 10:38:32,036 INFO:Final row: {'timestamp': Timestamp('2025-04-23 10:38:31.164888'), 'open': nan, 'high': nan, 'low': nan, 'close': 81780.0, 'volume': nan, 'short': 81780.07727328157, 'middle': 81785.09727182095, 'long': 81759.18647742367, 'buy': nan, 'sell': nan, 'buy_exit': nan, 'sell_exit': nan}
2025-04-23 10:38:32,036 INFO:Buy exit signal received
2025-04-23 10:38:32,036 INFO:Sell exit signal received
2025-04-23 10:38:32,036 INFO:Entering while loop with trade_count: 2
2025-04-23 10:38:32,097 INFO:Combined historical with live algo:                       timestamp    open    high     low     close  ...          long  buy  sell  buy_exit  sell_exit
0     2025-04-22 09:15:00+05:30  821.10  821.10  817.00    818.80  ...    818.800000  NaN   NaN       NaN        NaN
1     2025-04-22 09:16:00+05:30  818.75  818.75  814.60    814.60  ...    818.668750  NaN   NaN       NaN        NaN
2     2025-04-22 09:17:00+05:30  814.60  816.00  814.00    815.35  ...    818.565039  NaN   NaN       NaN        NaN
3     2025-04-22 09:18:00+05:30  815.30  816.00  814.75    815.50  ...    818.469257  NaN   NaN       NaN        NaN
4     2025-04-22 09:19:00+05:30  815.55  815.75  814.50    814.60  ...    818.348342  NaN   NaN       NaN        NaN
..                          ...     ...     ...     ...       ...  ...           ...  ...   ...       ...        ...
701  2025-04-23 10:38:31.164888     NaN     NaN     NaN  81780.00  ...  81757.106592  NaN   NaN       NaN        NaN
702  2025-04-23 10:38:31.164888     NaN     NaN     NaN  81780.00  ...  81757.822011  NaN   NaN       NaN        NaN
703  2025-04-23 10:38:31.164888     NaN     NaN     NaN  81780.00  ...  81758.515073  NaN   NaN       NaN        NaN
704  2025-04-23 10:38:31.164888     NaN     NaN     NaN  81780.00  ...  81759.186477  NaN   NaN       NaN        NaN
705  2025-04-23 10:38:31.981084     NaN     NaN     NaN  81780.00  ...  81759.836900  NaN   NaN       NaN        NaN

[706 rows x 13 columns]
2025-04-23 10:38:32,097 INFO:Final row: {'timestamp': Timestamp('2025-04-23 10:38:31.981084'), 'open': nan, 'high': nan, 'low': nan, 'close': 81780.0, 'volume': nan, 'short': 81780.05151552105, 'middle': 81784.6338834736, 'long': 81759.83690000419, 'buy': nan, 'sell': nan, 'buy_exit': nan, 'sell_exit': nan}
2025-04-23 10:38:32,097 INFO:Buy exit signal received
2025-04-23 10:38:32,097 INFO:Sell exit signal received
2025-04-23 10:38:32,097 INFO:Entering while loop with trade_count: 2
2025-04-23 10:38:32,155 INFO:Combined historical with live algo:                       timestamp    open    high     low     close  ...          long  buy  sell  buy_exit  sell_exit
0     2025-04-22 09:15:00+05:30  821.10  821.10  817.00    818.80  ...    818.800000  NaN   NaN       NaN        NaN
1     2025-04-22 09:16:00+05:30  818.75  818.75  814.60    814.60  ...    818.668750  NaN   NaN       NaN        NaN
2     2025-04-22 09:17:00+05:30  814.60  816.00  814.00    815.35  ...    818.565039  NaN   NaN       NaN        NaN
3     2025-04-22 09:18:00+05:30  815.30  816.00  814.75    815.50  ...    818.469257  NaN   NaN       NaN        NaN
4     2025-04-22 09:19:00+05:30  815.55  815.75  814.50    814.60  ...    818.348342  NaN   NaN       NaN        NaN
..                          ...     ...     ...     ...       ...  ...           ...  ...   ...       ...        ...
702  2025-04-23 10:38:31.164888     NaN     NaN     NaN  81780.00  ...  81757.822011  NaN   NaN       NaN        NaN
703  2025-04-23 10:38:31.164888     NaN     NaN     NaN  81780.00  ...  81758.515073  NaN   NaN       NaN        NaN
704  2025-04-23 10:38:31.164888     NaN     NaN     NaN  81780.00  ...  81759.186477  NaN   NaN       NaN        NaN
705  2025-04-23 10:38:31.981084     NaN     NaN     NaN  81780.00  ...  81759.836900  NaN   NaN       NaN        NaN
706  2025-04-23 10:38:31.981084     NaN     NaN     NaN  81780.00  ...  81760.466997  NaN   NaN       NaN        NaN

[707 rows x 13 columns]
2025-04-23 10:38:32,155 INFO:Final row: {'timestamp': Timestamp('2025-04-23 10:38:31.981084'), 'open': nan, 'high': nan, 'low': nan, 'close': 81780.0, 'volume': nan, 'short': 81780.0343436807, 'middle': 81784.21262133963, 'long': 81760.46699687905, 'buy': nan, 'sell': nan, 'buy_exit': nan, 'sell_exit': nan}
2025-04-23 10:38:32,155 INFO:Buy exit signal received
2025-04-23 10:38:32,155 INFO:Sell exit signal received
2025-04-23 10:38:32,155 INFO:Entering while loop with trade_count: 2
2025-04-23 10:38:32,234 INFO:Combined historical with live algo:                       timestamp    open    high     low     close  ...          long  buy  sell  buy_exit  sell_exit
0     2025-04-22 09:15:00+05:30  821.10  821.10  817.00    818.80  ...    818.800000  NaN   NaN       NaN        NaN
1     2025-04-22 09:16:00+05:30  818.75  818.75  814.60    814.60  ...    818.668750  NaN   NaN       NaN        NaN
2     2025-04-22 09:17:00+05:30  814.60  816.00  814.00    815.35  ...    818.565039  NaN   NaN       NaN        NaN
3     2025-04-22 09:18:00+05:30  815.30  816.00  814.75    815.50  ...    818.469257  NaN   NaN       NaN        NaN
4     2025-04-22 09:19:00+05:30  815.55  815.75  814.50    814.60  ...    818.348342  NaN   NaN       NaN        NaN
..                          ...     ...     ...     ...       ...  ...           ...  ...   ...       ...        ...
703  2025-04-23 10:38:31.164888     NaN     NaN     NaN  81780.00  ...  81758.515073  NaN   NaN       NaN        NaN
704  2025-04-23 10:38:31.164888     NaN     NaN     NaN  81780.00  ...  81759.186477  NaN   NaN       NaN        NaN
705  2025-04-23 10:38:31.981084     NaN     NaN     NaN  81780.00  ...  81759.836900  NaN   NaN       NaN        NaN
706  2025-04-23 10:38:31.981084     NaN     NaN     NaN  81780.00  ...  81760.466997  NaN   NaN       NaN        NaN
707  2025-04-23 10:38:31.981084     NaN     NaN     NaN  81780.00  ...  81761.077403  NaN   NaN       NaN        NaN

[708 rows x 13 columns]
2025-04-23 10:38:32,236 INFO:Final row: {'timestamp': Timestamp('2025-04-23 10:38:31.981084'), 'open': nan, 'high': nan, 'low': nan, 'close': 81780.0, 'volume': nan, 'short': 81780.02289578714, 'middle': 81783.8296557633, 'long': 81761.07740322659, 'buy': nan, 'sell': nan, 'buy_exit': nan, 'sell_exit': nan}
2025-04-23 10:38:32,236 INFO:Buy exit signal received
2025-04-23 10:38:32,236 INFO:Sell exit signal received
2025-04-23 10:38:32,236 INFO:Entering while loop with trade_count: 2
2025-04-23 10:38:32,306 INFO:Combined historical with live algo:                       timestamp    open    high     low     close  ...          long  buy  sell  buy_exit  sell_exit
0     2025-04-22 09:15:00+05:30  821.10  821.10  817.00    818.80  ...    818.800000  NaN   NaN       NaN        NaN
1     2025-04-22 09:16:00+05:30  818.75  818.75  814.60    814.60  ...    818.668750  NaN   NaN       NaN        NaN
2     2025-04-22 09:17:00+05:30  814.60  816.00  814.00    815.35  ...    818.565039  NaN   NaN       NaN        NaN
3     2025-04-22 09:18:00+05:30  815.30  816.00  814.75    815.50  ...    818.469257  NaN   NaN       NaN        NaN
4     2025-04-22 09:19:00+05:30  815.55  815.75  814.50    814.60  ...    818.348342  NaN   NaN       NaN        NaN
..                          ...     ...     ...     ...       ...  ...           ...  ...   ...       ...        ...
704  2025-04-23 10:38:31.164888     NaN     NaN     NaN  81780.00  ...  81759.186477  NaN   NaN       NaN        NaN
705  2025-04-23 10:38:31.981084     NaN     NaN     NaN  81780.00  ...  81759.836900  NaN   NaN       NaN        NaN
706  2025-04-23 10:38:31.981084     NaN     NaN     NaN  81780.00  ...  81760.466997  NaN   NaN       NaN        NaN
707  2025-04-23 10:38:31.981084     NaN     NaN     NaN  81780.00  ...  81761.077403  NaN   NaN       NaN        NaN
708  2025-04-23 10:38:32.187039     NaN     NaN     NaN  81800.00  ...  81762.293734  NaN   NaN       NaN        NaN

[709 rows x 13 columns]
2025-04-23 10:38:32,306 INFO:Final row: {'timestamp': Timestamp('2025-04-23 10:38:32.187039'), 'open': nan, 'high': nan, 'low': nan, 'close': 81800.0, 'volume': nan, 'short': 81786.68193052476, 'middle': 81785.29968705754, 'long': 81762.29373437577, 'buy': nan, 'sell': nan, 'buy_exit': nan, 'sell_exit': nan}
2025-04-23 10:38:32,306 INFO:Buy exit signal received
2025-04-23 10:38:32,306 INFO:Sell exit signal received
2025-04-23 10:38:32,306 INFO:Entering while loop with trade_count: 2
2025-04-23 10:38:32,369 INFO:Combined historical with live algo:                       timestamp    open    high     low     close  ...          long  buy  sell  buy_exit  sell_exit
0     2025-04-22 09:15:00+05:30  821.10  821.10  817.00    818.80  ...    818.800000  NaN   NaN       NaN        NaN
1     2025-04-22 09:16:00+05:30  818.75  818.75  814.60    814.60  ...    818.668750  NaN   NaN       NaN        NaN
2     2025-04-22 09:17:00+05:30  814.60  816.00  814.00    815.35  ...    818.565039  NaN   NaN       NaN        NaN
3     2025-04-22 09:18:00+05:30  815.30  816.00  814.75    815.50  ...    818.469257  NaN   NaN       NaN        NaN
4     2025-04-22 09:19:00+05:30  815.55  815.75  814.50    814.60  ...    818.348342  NaN   NaN       NaN        NaN
..                          ...     ...     ...     ...       ...  ...           ...  ...   ...       ...        ...
705  2025-04-23 10:38:31.981084     NaN     NaN     NaN  81780.00  ...  81759.836900  NaN   NaN       NaN        NaN
706  2025-04-23 10:38:31.981084     NaN     NaN     NaN  81780.00  ...  81760.466997  NaN   NaN       NaN        NaN
707  2025-04-23 10:38:31.981084     NaN     NaN     NaN  81780.00  ...  81761.077403  NaN   NaN       NaN        NaN
708  2025-04-23 10:38:32.187039     NaN     NaN     NaN  81800.00  ...  81762.293734  NaN   NaN       NaN        NaN
709  2025-04-23 10:38:32.187039     NaN     NaN     NaN  81800.00  ...  81763.472055  NaN   NaN       NaN        NaN

[710 rows x 13 columns]
2025-04-23 10:38:32,371 INFO:Final row: {'timestamp': Timestamp('2025-04-23 10:38:32.187039'), 'open': nan, 'high': nan, 'low': nan, 'close': 81800.0, 'volume': nan, 'short': 81791.12128701652, 'middle': 81786.63607914321, 'long': 81763.47205517652, 'buy': nan, 'sell': nan, 'buy_exit': nan, 'sell_exit': nan}
2025-04-23 10:38:32,371 INFO:Buy exit signal received
2025-04-23 10:38:32,371 INFO:Sell exit signal received
2025-04-23 10:38:32,371 INFO:Entering while loop with trade_count: 2
2025-04-23 10:38:32,432 INFO:Combined historical with live algo:                       timestamp    open    high     low     close  ...          long  buy  sell  buy_exit  sell_exit
0     2025-04-22 09:15:00+05:30  821.10  821.10  817.00    818.80  ...    818.800000  NaN   NaN       NaN        NaN
1     2025-04-22 09:16:00+05:30  818.75  818.75  814.60    814.60  ...    818.668750  NaN   NaN       NaN        NaN
2     2025-04-22 09:17:00+05:30  814.60  816.00  814.00    815.35  ...    818.565039  NaN   NaN       NaN        NaN
3     2025-04-22 09:18:00+05:30  815.30  816.00  814.75    815.50  ...    818.469257  NaN   NaN       NaN        NaN
4     2025-04-22 09:19:00+05:30  815.55  815.75  814.50    814.60  ...    818.348342  NaN   NaN       NaN        NaN
..                          ...     ...     ...     ...       ...  ...           ...  ...   ...       ...        ...
706  2025-04-23 10:38:31.981084     NaN     NaN     NaN  81780.00  ...  81760.466997  NaN   NaN       NaN        NaN
707  2025-04-23 10:38:31.981084     NaN     NaN     NaN  81780.00  ...  81761.077403  NaN   NaN       NaN        NaN
708  2025-04-23 10:38:32.187039     NaN     NaN     NaN  81800.00  ...  81762.293734  NaN   NaN       NaN        NaN
709  2025-04-23 10:38:32.187039     NaN     NaN     NaN  81800.00  ...  81763.472055  NaN   NaN       NaN        NaN
710  2025-04-23 10:38:32.187039     NaN     NaN     NaN  81800.00  ...  81764.613553  NaN   NaN       NaN        NaN

[711 rows x 13 columns]
2025-04-23 10:38:32,436 INFO:Final row: {'timestamp': Timestamp('2025-04-23 10:38:32.187039'), 'open': nan, 'high': nan, 'low': nan, 'close': 81800.0, 'volume': nan, 'short': 81794.08085801102, 'middle': 81787.85098103927, 'long': 81764.61355345225, 'buy': nan, 'sell': nan, 'buy_exit': nan, 'sell_exit': nan}
2025-04-23 10:38:32,436 INFO:Buy exit signal received
2025-04-23 10:38:32,436 INFO:Sell exit signal received
2025-04-23 10:38:32,436 INFO:Entering while loop with trade_count: 2
2025-04-23 10:38:32,495 INFO:Combined historical with live algo:                       timestamp    open    high     low     close  ...          long  buy  sell  buy_exit  sell_exit
0     2025-04-22 09:15:00+05:30  821.10  821.10  817.00    818.80  ...    818.800000  NaN   NaN       NaN        NaN
1     2025-04-22 09:16:00+05:30  818.75  818.75  814.60    814.60  ...    818.668750  NaN   NaN       NaN        NaN
2     2025-04-22 09:17:00+05:30  814.60  816.00  814.00    815.35  ...    818.565039  NaN   NaN       NaN        NaN
3     2025-04-22 09:18:00+05:30  815.30  816.00  814.75    815.50  ...    818.469257  NaN   NaN       NaN        NaN
4     2025-04-22 09:19:00+05:30  815.55  815.75  814.50    814.60  ...    818.348342  NaN   NaN       NaN        NaN
..                          ...     ...     ...     ...       ...  ...           ...  ...   ...       ...        ...
707  2025-04-23 10:38:31.981084     NaN     NaN     NaN  81780.00  ...  81761.077403  NaN   NaN       NaN        NaN
708  2025-04-23 10:38:32.187039     NaN     NaN     NaN  81800.00  ...  81762.293734  NaN   NaN       NaN        NaN
709  2025-04-23 10:38:32.187039     NaN     NaN     NaN  81800.00  ...  81763.472055  NaN   NaN       NaN        NaN
710  2025-04-23 10:38:32.187039     NaN     NaN     NaN  81800.00  ...  81764.613553  NaN   NaN       NaN        NaN
711  2025-04-23 10:38:32.187039     NaN     NaN     NaN  81800.00  ...  81765.719380  NaN   NaN       NaN        NaN

[712 rows x 13 columns]
2025-04-23 10:38:32,497 INFO:Final row: {'timestamp': Timestamp('2025-04-23 10:38:32.187039'), 'open': nan, 'high': nan, 'low': nan, 'close': 81800.0, 'volume': nan, 'short': 81796.05390534068, 'middle': 81788.95543730842, 'long': 81765.71937990686, 'buy': nan, 'sell': nan, 'buy_exit': nan, 'sell_exit': nan}
2025-04-23 10:38:32,497 INFO:Buy exit signal received
2025-04-23 10:38:32,497 INFO:Sell exit signal received
2025-04-23 10:38:32,497 INFO:Entering while loop with trade_count: 2
2025-04-23 10:38:32,550 INFO:Combined historical with live algo:                       timestamp    open    high     low     close  ...          long  buy  sell  buy_exit  sell_exit
0     2025-04-22 09:15:00+05:30  821.10  821.10  817.00    818.80  ...    818.800000  NaN   NaN       NaN        NaN
1     2025-04-22 09:16:00+05:30  818.75  818.75  814.60    814.60  ...    818.668750  NaN   NaN       NaN        NaN
2     2025-04-22 09:17:00+05:30  814.60  816.00  814.00    815.35  ...    818.565039  NaN   NaN       NaN        NaN
3     2025-04-22 09:18:00+05:30  815.30  816.00  814.75    815.50  ...    818.469257  NaN   NaN       NaN        NaN
4     2025-04-22 09:19:00+05:30  815.55  815.75  814.50    814.60  ...    818.348342  NaN   NaN       NaN        NaN
..                          ...     ...     ...     ...       ...  ...           ...  ...   ...       ...        ...
708  2025-04-23 10:38:32.187039     NaN     NaN     NaN  81800.00  ...  81762.293734  NaN   NaN       NaN        NaN
709  2025-04-23 10:38:32.187039     NaN     NaN     NaN  81800.00  ...  81763.472055  NaN   NaN       NaN        NaN
710  2025-04-23 10:38:32.187039     NaN     NaN     NaN  81800.00  ...  81764.613553  NaN   NaN       NaN        NaN
711  2025-04-23 10:38:32.187039     NaN     NaN     NaN  81800.00  ...  81765.719380  NaN   NaN       NaN        NaN
712  2025-04-23 10:38:32.187039     NaN     NaN     NaN  81800.00  ...  81766.790649  NaN   NaN       NaN        NaN

[713 rows x 13 columns]
2025-04-23 10:38:32,550 INFO:Final row: {'timestamp': Timestamp('2025-04-23 10:38:32.187039'), 'open': nan, 'high': nan, 'low': nan, 'close': 81800.0, 'volume': nan, 'short': 81797.36927022712, 'middle': 81789.95948846219, 'long': 81766.79064928477, 'buy': nan, 'sell': nan, 'buy_exit': nan, 'sell_exit': nan}
2025-04-23 10:38:32,550 INFO:Buy exit signal received
2025-04-23 10:38:32,550 INFO:Sell exit signal received
2025-04-23 10:38:32,550 INFO:Entering while loop with trade_count: 2
2025-04-23 10:38:32,604 INFO:Combined historical with live algo:                       timestamp    open    high     low     close  ...          long  buy  sell  buy_exit  sell_exit
0     2025-04-22 09:15:00+05:30  821.10  821.10  817.00    818.80  ...    818.800000  NaN   NaN       NaN        NaN
1     2025-04-22 09:16:00+05:30  818.75  818.75  814.60    814.60  ...    818.668750  NaN   NaN       NaN        NaN
2     2025-04-22 09:17:00+05:30  814.60  816.00  814.00    815.35  ...    818.565039  NaN   NaN       NaN        NaN
3     2025-04-22 09:18:00+05:30  815.30  816.00  814.75    815.50  ...    818.469257  NaN   NaN       NaN        NaN
4     2025-04-22 09:19:00+05:30  815.55  815.75  814.50    814.60  ...    818.348342  NaN   NaN       NaN        NaN
..                          ...     ...     ...     ...       ...  ...           ...  ...   ...       ...        ...
709  2025-04-23 10:38:32.187039     NaN     NaN     NaN  81800.00  ...  81763.472055  NaN   NaN       NaN        NaN
710  2025-04-23 10:38:32.187039     NaN     NaN     NaN  81800.00  ...  81764.613553  NaN   NaN       NaN        NaN
711  2025-04-23 10:38:32.187039     NaN     NaN     NaN  81800.00  ...  81765.719380  NaN   NaN       NaN        NaN
712  2025-04-23 10:38:32.187039     NaN     NaN     NaN  81800.00  ...  81766.790649  NaN   NaN       NaN        NaN
713  2025-04-23 10:38:32.187039     NaN     NaN     NaN  81800.00  ...  81767.828441  NaN   NaN       NaN        NaN

[714 rows x 13 columns]
2025-04-23 10:38:32,604 INFO:Final row: {'timestamp': Timestamp('2025-04-23 10:38:32.187039'), 'open': nan, 'high': nan, 'low': nan, 'close': 81800.0, 'volume': nan, 'short': 81798.24618015141, 'middle': 81790.87226223835, 'long': 81767.82844149462, 'buy': nan, 'sell': nan, 'buy_exit': nan, 'sell_exit': nan}
2025-04-23 10:38:32,604 INFO:Buy exit signal received
2025-04-23 10:38:32,604 INFO:Sell exit signal received
2025-04-23 10:38:32,604 INFO:Entering while loop with trade_count: 2
2025-04-23 10:38:32,657 INFO:Combined historical with live algo:                       timestamp    open    high     low     close  ...          long  buy  sell  buy_exit  sell_exit
0     2025-04-22 09:15:00+05:30  821.10  821.10  817.00    818.80  ...    818.800000  NaN   NaN       NaN        NaN
1     2025-04-22 09:16:00+05:30  818.75  818.75  814.60    814.60  ...    818.668750  NaN   NaN       NaN        NaN
2     2025-04-22 09:17:00+05:30  814.60  816.00  814.00    815.35  ...    818.565039  NaN   NaN       NaN        NaN
3     2025-04-22 09:18:00+05:30  815.30  816.00  814.75    815.50  ...    818.469257  NaN   NaN       NaN        NaN
4     2025-04-22 09:19:00+05:30  815.55  815.75  814.50    814.60  ...    818.348342  NaN   NaN       NaN        NaN
..                          ...     ...     ...     ...       ...  ...           ...  ...   ...       ...        ...
710  2025-04-23 10:38:32.187039     NaN     NaN     NaN  81800.00  ...  81764.613553  NaN   NaN       NaN        NaN
711  2025-04-23 10:38:32.187039     NaN     NaN     NaN  81800.00  ...  81765.719380  NaN   NaN       NaN        NaN
712  2025-04-23 10:38:32.187039     NaN     NaN     NaN  81800.00  ...  81766.790649  NaN   NaN       NaN        NaN
713  2025-04-23 10:38:32.187039     NaN     NaN     NaN  81800.00  ...  81767.828441  NaN   NaN       NaN        NaN
714  2025-04-23 10:38:32.187039     NaN     NaN     NaN  81800.00  ...  81768.833803  NaN   NaN       NaN        NaN

[715 rows x 13 columns]
2025-04-23 10:38:32,661 INFO:Final row: {'timestamp': Timestamp('2025-04-23 10:38:32.187039'), 'open': nan, 'high': nan, 'low': nan, 'close': 81800.0, 'volume': nan, 'short': 81798.83078676762, 'middle': 81791.70205658031, 'long': 81768.83380269792, 'buy': nan, 'sell': nan, 'buy_exit': nan, 'sell_exit': nan}
2025-04-23 10:38:32,661 INFO:Buy exit signal received
2025-04-23 10:38:32,661 INFO:Sell exit signal received
2025-04-23 10:38:32,661 INFO:Entering while loop with trade_count: 2
2025-04-23 10:38:32,718 INFO:Combined historical with live algo:                       timestamp    open    high     low     close  ...          long  buy  sell  buy_exit  sell_exit
0     2025-04-22 09:15:00+05:30  821.10  821.10  817.00    818.80  ...    818.800000  NaN   NaN       NaN        NaN
1     2025-04-22 09:16:00+05:30  818.75  818.75  814.60    814.60  ...    818.668750  NaN   NaN       NaN        NaN
2     2025-04-22 09:17:00+05:30  814.60  816.00  814.00    815.35  ...    818.565039  NaN   NaN       NaN        NaN
3     2025-04-22 09:18:00+05:30  815.30  816.00  814.75    815.50  ...    818.469257  NaN   NaN       NaN        NaN
4     2025-04-22 09:19:00+05:30  815.55  815.75  814.50    814.60  ...    818.348342  NaN   NaN       NaN        NaN
..                          ...     ...     ...     ...       ...  ...           ...  ...   ...       ...        ...
711  2025-04-23 10:38:32.187039     NaN     NaN     NaN  81800.00  ...  81765.719380  NaN   NaN       NaN        NaN
712  2025-04-23 10:38:32.187039     NaN     NaN     NaN  81800.00  ...  81766.790649  NaN   NaN       NaN        NaN
713  2025-04-23 10:38:32.187039     NaN     NaN     NaN  81800.00  ...  81767.828441  NaN   NaN       NaN        NaN
714  2025-04-23 10:38:32.187039     NaN     NaN     NaN  81800.00  ...  81768.833803  NaN   NaN       NaN        NaN
715  2025-04-23 10:38:32.187039     NaN     NaN     NaN  81800.00  ...  81769.807746  NaN   NaN       NaN        NaN

[716 rows x 13 columns]
2025-04-23 10:38:32,718 INFO:Final row: {'timestamp': Timestamp('2025-04-23 10:38:32.187039'), 'open': nan, 'high': nan, 'low': nan, 'close': 81800.0, 'volume': nan, 'short': 81799.22052451175, 'middle': 81792.456415073, 'long': 81769.80774636361, 'buy': nan, 'sell': nan, 'buy_exit': nan, 'sell_exit': nan}
2025-04-23 10:38:32,718 INFO:Buy exit signal received
2025-04-23 10:38:32,718 INFO:Sell exit signal received
2025-04-23 10:38:32,718 INFO:Entering while loop with trade_count: 2
2025-04-23 10:38:32,774 INFO:Combined historical with live algo:                       timestamp    open    high     low     close  ...          long  buy  sell  buy_exit  sell_exit
0     2025-04-22 09:15:00+05:30  821.10  821.10  817.00    818.80  ...    818.800000  NaN   NaN       NaN        NaN
1     2025-04-22 09:16:00+05:30  818.75  818.75  814.60    814.60  ...    818.668750  NaN   NaN       NaN        NaN
2     2025-04-22 09:17:00+05:30  814.60  816.00  814.00    815.35  ...    818.565039  NaN   NaN       NaN        NaN
3     2025-04-22 09:18:00+05:30  815.30  816.00  814.75    815.50  ...    818.469257  NaN   NaN       NaN        NaN
4     2025-04-22 09:19:00+05:30  815.55  815.75  814.50    814.60  ...    818.348342  NaN   NaN       NaN        NaN
..                          ...     ...     ...     ...       ...  ...           ...  ...   ...       ...        ...
712  2025-04-23 10:38:32.187039     NaN     NaN     NaN  81800.00  ...  81766.790649  NaN   NaN       NaN        NaN
713  2025-04-23 10:38:32.187039     NaN     NaN     NaN  81800.00  ...  81767.828441  NaN   NaN       NaN        NaN
714  2025-04-23 10:38:32.187039     NaN     NaN     NaN  81800.00  ...  81768.833803  NaN   NaN       NaN        NaN
715  2025-04-23 10:38:32.187039     NaN     NaN     NaN  81800.00  ...  81769.807746  NaN   NaN       NaN        NaN
716  2025-04-23 10:38:32.187039     NaN     NaN     NaN  81800.00  ...  81770.751254  NaN   NaN       NaN        NaN

[717 rows x 13 columns]
2025-04-23 10:38:32,780 INFO:Final row: {'timestamp': Timestamp('2025-04-23 10:38:32.187039'), 'open': nan, 'high': nan, 'low': nan, 'close': 81800.0, 'volume': nan, 'short': 81799.4803496745, 'middle': 81793.14219552091, 'long': 81770.75125428975, 'buy': nan, 'sell': nan, 'buy_exit': nan, 'sell_exit': nan}
2025-04-23 10:38:32,780 INFO:Buy exit signal received
2025-04-23 10:38:32,780 INFO:Sell exit signal received
2025-04-23 10:38:32,780 INFO:Entering while loop with trade_count: 2
2025-04-23 10:38:32,833 INFO:Combined historical with live algo:                       timestamp    open    high     low     close  ...          long  buy  sell  buy_exit  sell_exit
0     2025-04-22 09:15:00+05:30  821.10  821.10  817.00    818.80  ...    818.800000  NaN   NaN       NaN        NaN
1     2025-04-22 09:16:00+05:30  818.75  818.75  814.60    814.60  ...    818.668750  NaN   NaN       NaN        NaN
2     2025-04-22 09:17:00+05:30  814.60  816.00  814.00    815.35  ...    818.565039  NaN   NaN       NaN        NaN
3     2025-04-22 09:18:00+05:30  815.30  816.00  814.75    815.50  ...    818.469257  NaN   NaN       NaN        NaN
4     2025-04-22 09:19:00+05:30  815.55  815.75  814.50    814.60  ...    818.348342  NaN   NaN       NaN        NaN
..                          ...     ...     ...     ...       ...  ...           ...  ...   ...       ...        ...
713  2025-04-23 10:38:32.187039     NaN     NaN     NaN  81800.00  ...  81767.828441  NaN   NaN       NaN        NaN
714  2025-04-23 10:38:32.187039     NaN     NaN     NaN  81800.00  ...  81768.833803  NaN   NaN       NaN        NaN
715  2025-04-23 10:38:32.187039     NaN     NaN     NaN  81800.00  ...  81769.807746  NaN   NaN       NaN        NaN
716  2025-04-23 10:38:32.187039     NaN     NaN     NaN  81800.00  ...  81770.751254  NaN   NaN       NaN        NaN
717  2025-04-23 10:38:32.187039     NaN     NaN     NaN  81800.00  ...  81771.665278  NaN   NaN       NaN        NaN

[718 rows x 13 columns]
2025-04-23 10:38:32,833 INFO:Final row: {'timestamp': Timestamp('2025-04-23 10:38:32.187039'), 'open': nan, 'high': nan, 'low': nan, 'close': 81800.0, 'volume': nan, 'short': 81799.65356644968, 'middle': 81793.76563229173, 'long': 81771.66527759319, 'buy': nan, 'sell': nan, 'buy_exit': nan, 'sell_exit': nan}
2025-04-23 10:38:32,833 INFO:Buy exit signal received
2025-04-23 10:38:32,833 INFO:Sell exit signal received
2025-04-23 10:38:32,837 INFO:Entering while loop with trade_count: 2
2025-04-23 10:38:32,888 INFO:Combined historical with live algo:                       timestamp    open    high     low     close  ...          long  buy  sell  buy_exit  sell_exit
0     2025-04-22 09:15:00+05:30  821.10  821.10  817.00    818.80  ...    818.800000  NaN   NaN       NaN        NaN
1     2025-04-22 09:16:00+05:30  818.75  818.75  814.60    814.60  ...    818.668750  NaN   NaN       NaN        NaN
2     2025-04-22 09:17:00+05:30  814.60  816.00  814.00    815.35  ...    818.565039  NaN   NaN       NaN        NaN
3     2025-04-22 09:18:00+05:30  815.30  816.00  814.75    815.50  ...    818.469257  NaN   NaN       NaN        NaN
4     2025-04-22 09:19:00+05:30  815.55  815.75  814.50    814.60  ...    818.348342  NaN   NaN       NaN        NaN
..                          ...     ...     ...     ...       ...  ...           ...  ...   ...       ...        ...
714  2025-04-23 10:38:32.187039     NaN     NaN     NaN  81800.00  ...  81768.833803  NaN   NaN       NaN        NaN
715  2025-04-23 10:38:32.187039     NaN     NaN     NaN  81800.00  ...  81769.807746  NaN   NaN       NaN        NaN
716  2025-04-23 10:38:32.187039     NaN     NaN     NaN  81800.00  ...  81770.751254  NaN   NaN       NaN        NaN
717  2025-04-23 10:38:32.187039     NaN     NaN     NaN  81800.00  ...  81771.665278  NaN   NaN       NaN        NaN
718  2025-04-23 10:38:32.187039     NaN     NaN     NaN  81800.00  ...  81772.550738  NaN   NaN       NaN        NaN

[719 rows x 13 columns]
2025-04-23 10:38:32,889 INFO:Final row: {'timestamp': Timestamp('2025-04-23 10:38:32.187039'), 'open': nan, 'high': nan, 'low': nan, 'close': 81800.0, 'volume': nan, 'short': 81799.76904429978, 'middle': 81794.33239299248, 'long': 81772.5507376684, 'buy': nan, 'sell': nan, 'buy_exit': nan, 'sell_exit': nan}
2025-04-23 10:38:32,889 INFO:Buy exit signal received
2025-04-23 10:38:32,889 INFO:Sell exit signal received
2025-04-23 10:38:32,889 INFO:Entering while loop with trade_count: 2
2025-04-23 10:38:32,943 INFO:Combined historical with live algo:                       timestamp    open    high     low     close  ...          long  buy  sell  buy_exit  sell_exit
0     2025-04-22 09:15:00+05:30  821.10  821.10  817.00    818.80  ...    818.800000  NaN   NaN       NaN        NaN
1     2025-04-22 09:16:00+05:30  818.75  818.75  814.60    814.60  ...    818.668750  NaN   NaN       NaN        NaN
2     2025-04-22 09:17:00+05:30  814.60  816.00  814.00    815.35  ...    818.565039  NaN   NaN       NaN        NaN
3     2025-04-22 09:18:00+05:30  815.30  816.00  814.75    815.50  ...    818.469257  NaN   NaN       NaN        NaN
4     2025-04-22 09:19:00+05:30  815.55  815.75  814.50    814.60  ...    818.348342  NaN   NaN       NaN        NaN
..                          ...     ...     ...     ...       ...  ...           ...  ...   ...       ...        ...
715  2025-04-23 10:38:32.187039     NaN     NaN     NaN  81800.00  ...  81769.807746  NaN   NaN       NaN        NaN
716  2025-04-23 10:38:32.187039     NaN     NaN     NaN  81800.00  ...  81770.751254  NaN   NaN       NaN        NaN
717  2025-04-23 10:38:32.187039     NaN     NaN     NaN  81800.00  ...  81771.665278  NaN   NaN       NaN        NaN
718  2025-04-23 10:38:32.187039     NaN     NaN     NaN  81800.00  ...  81772.550738  NaN   NaN       NaN        NaN
719  2025-04-23 10:38:32.187039     NaN     NaN     NaN  81800.00  ...  81773.408527  NaN   NaN       NaN        NaN

[720 rows x 13 columns]
2025-04-23 10:38:32,943 INFO:Final row: {'timestamp': Timestamp('2025-04-23 10:38:32.187039'), 'open': nan, 'high': nan, 'low': nan, 'close': 81800.0, 'volume': nan, 'short': 81799.84602953319, 'middle': 81794.84762999316, 'long': 81773.40852711626, 'buy': nan, 'sell': nan, 'buy_exit': nan, 'sell_exit': nan}
2025-04-23 10:38:32,943 INFO:Buy exit signal received
2025-04-23 10:38:32,943 INFO:Sell exit signal received
2025-04-23 10:38:32,943 INFO:Entering while loop with trade_count: 2
2025-04-23 10:38:32,999 INFO:Combined historical with live algo:                       timestamp    open    high     low     close  ...          long  buy  sell  buy_exit  sell_exit
0     2025-04-22 09:15:00+05:30  821.10  821.10  817.00    818.80  ...    818.800000  NaN   NaN       NaN        NaN
1     2025-04-22 09:16:00+05:30  818.75  818.75  814.60    814.60  ...    818.668750  NaN   NaN       NaN        NaN
2     2025-04-22 09:17:00+05:30  814.60  816.00  814.00    815.35  ...    818.565039  NaN   NaN       NaN        NaN
3     2025-04-22 09:18:00+05:30  815.30  816.00  814.75    815.50  ...    818.469257  NaN   NaN       NaN        NaN
4     2025-04-22 09:19:00+05:30  815.55  815.75  814.50    814.60  ...    818.348342  NaN   NaN       NaN        NaN
..                          ...     ...     ...     ...       ...  ...           ...  ...   ...       ...        ...
716  2025-04-23 10:38:32.187039     NaN     NaN     NaN  81800.00  ...  81770.751254  NaN   NaN       NaN        NaN
717  2025-04-23 10:38:32.187039     NaN     NaN     NaN  81800.00  ...  81771.665278  NaN   NaN       NaN        NaN
718  2025-04-23 10:38:32.187039     NaN     NaN     NaN  81800.00  ...  81772.550738  NaN   NaN       NaN        NaN
719  2025-04-23 10:38:32.187039     NaN     NaN     NaN  81800.00  ...  81773.408527  NaN   NaN       NaN        NaN
720  2025-04-23 10:38:32.909637     NaN     NaN     NaN  81795.00  ...  81774.083261  NaN   NaN       NaN        NaN

[721 rows x 13 columns]
2025-04-23 10:38:32,999 INFO:Final row: {'timestamp': Timestamp('2025-04-23 10:38:32.909637'), 'open': nan, 'high': nan, 'low': nan, 'close': 81795.0, 'volume': nan, 'short': 81798.23068635547, 'middle': 81794.86148181197, 'long': 81774.08326064388, 'buy': nan, 'sell': nan, 'buy_exit': nan, 'sell_exit': nan}
2025-04-23 10:38:32,999 INFO:Buy exit signal received
2025-04-23 10:38:32,999 INFO:Sell exit signal received
2025-04-23 10:38:32,999 INFO:Entering while loop with trade_count: 2
2025-04-23 10:38:33,055 INFO:Combined historical with live algo:                       timestamp    open    high     low     close  ...          long  buy  sell  buy_exit  sell_exit
0     2025-04-22 09:15:00+05:30  821.10  821.10  817.00    818.80  ...    818.800000  NaN   NaN       NaN        NaN
1     2025-04-22 09:16:00+05:30  818.75  818.75  814.60    814.60  ...    818.668750  NaN   NaN       NaN        NaN
2     2025-04-22 09:17:00+05:30  814.60  816.00  814.00    815.35  ...    818.565039  NaN   NaN       NaN        NaN
3     2025-04-22 09:18:00+05:30  815.30  816.00  814.75    815.50  ...    818.469257  NaN   NaN       NaN        NaN
4     2025-04-22 09:19:00+05:30  815.55  815.75  814.50    814.60  ...    818.348342  NaN   NaN       NaN        NaN
..                          ...     ...     ...     ...       ...  ...           ...  ...   ...       ...        ...
717  2025-04-23 10:38:32.187039     NaN     NaN     NaN  81800.00  ...  81771.665278  NaN   NaN       NaN        NaN
718  2025-04-23 10:38:32.187039     NaN     NaN     NaN  81800.00  ...  81772.550738  NaN   NaN       NaN        NaN
719  2025-04-23 10:38:32.187039     NaN     NaN     NaN  81800.00  ...  81773.408527  NaN   NaN       NaN        NaN
720  2025-04-23 10:38:32.909637     NaN     NaN     NaN  81795.00  ...  81774.083261  NaN   NaN       NaN        NaN
721  2025-04-23 10:38:32.909637     NaN     NaN     NaN  81795.00  ...  81774.736909  NaN   NaN       NaN        NaN

[722 rows x 13 columns]
2025-04-23 10:38:33,055 INFO:Final row: {'timestamp': Timestamp('2025-04-23 10:38:32.909637'), 'open': nan, 'high': nan, 'low': nan, 'close': 81795.0, 'volume': nan, 'short': 81797.15379090366, 'middle': 81794.87407437451, 'long': 81774.73690874876, 'buy': nan, 'sell': nan, 'buy_exit': nan, 'sell_exit': nan}
2025-04-23 10:38:33,055 INFO:Buy exit signal received
2025-04-23 10:38:33,055 INFO:Sell exit signal received
2025-04-23 10:38:33,055 INFO:Entering while loop with trade_count: 2
2025-04-23 10:38:33,113 INFO:Combined historical with live algo:                       timestamp    open    high     low     close  ...          long  buy  sell  buy_exit  sell_exit
0     2025-04-22 09:15:00+05:30  821.10  821.10  817.00    818.80  ...    818.800000  NaN   NaN       NaN        NaN
1     2025-04-22 09:16:00+05:30  818.75  818.75  814.60    814.60  ...    818.668750  NaN   NaN       NaN        NaN
2     2025-04-22 09:17:00+05:30  814.60  816.00  814.00    815.35  ...    818.565039  NaN   NaN       NaN        NaN
3     2025-04-22 09:18:00+05:30  815.30  816.00  814.75    815.50  ...    818.469257  NaN   NaN       NaN        NaN
4     2025-04-22 09:19:00+05:30  815.55  815.75  814.50    814.60  ...    818.348342  NaN   NaN       NaN        NaN
..                          ...     ...     ...     ...       ...  ...           ...  ...   ...       ...        ...
718  2025-04-23 10:38:32.187039     NaN     NaN     NaN  81800.00  ...  81772.550738  NaN   NaN       NaN        NaN
719  2025-04-23 10:38:32.187039     NaN     NaN     NaN  81800.00  ...  81773.408527  NaN   NaN       NaN        NaN
720  2025-04-23 10:38:32.909637     NaN     NaN     NaN  81795.00  ...  81774.083261  NaN   NaN       NaN        NaN
721  2025-04-23 10:38:32.909637     NaN     NaN     NaN  81795.00  ...  81774.736909  NaN   NaN       NaN        NaN
722  2025-04-23 10:38:32.909637     NaN     NaN     NaN  81795.00  ...  81775.370130  NaN   NaN       NaN        NaN

[723 rows x 13 columns]
2025-04-23 10:38:33,114 INFO:Final row: {'timestamp': Timestamp('2025-04-23 10:38:32.909637'), 'open': nan, 'high': nan, 'low': nan, 'close': 81795.0, 'volume': nan, 'short': 81796.43586060245, 'middle': 81794.88552215864, 'long': 81775.37013035036, 'buy': nan, 'sell': nan, 'buy_exit': nan, 'sell_exit': nan}
2025-04-23 10:38:33,114 INFO:Buy exit signal received
2025-04-23 10:38:33,114 INFO:Sell exit signal received
2025-04-23 10:38:33,114 INFO:Entering while loop with trade_count: 2
2025-04-23 10:38:33,165 INFO:Combined historical with live algo:                       timestamp    open    high     low     close  ...          long  buy  sell  buy_exit  sell_exit
0     2025-04-22 09:15:00+05:30  821.10  821.10  817.00    818.80  ...    818.800000  NaN   NaN       NaN        NaN
1     2025-04-22 09:16:00+05:30  818.75  818.75  814.60    814.60  ...    818.668750  NaN   NaN       NaN        NaN
2     2025-04-22 09:17:00+05:30  814.60  816.00  814.00    815.35  ...    818.565039  NaN   NaN       NaN        NaN
3     2025-04-22 09:18:00+05:30  815.30  816.00  814.75    815.50  ...    818.469257  NaN   NaN       NaN        NaN
4     2025-04-22 09:19:00+05:30  815.55  815.75  814.50    814.60  ...    818.348342  NaN   NaN       NaN        NaN
..                          ...     ...     ...     ...       ...  ...           ...  ...   ...       ...        ...
719  2025-04-23 10:38:32.187039     NaN     NaN     NaN  81800.00  ...  81773.408527  NaN   NaN       NaN        NaN
720  2025-04-23 10:38:32.909637     NaN     NaN     NaN  81795.00  ...  81774.083261  NaN   NaN       NaN        NaN
721  2025-04-23 10:38:32.909637     NaN     NaN     NaN  81795.00  ...  81774.736909  NaN   NaN       NaN        NaN
722  2025-04-23 10:38:32.909637     NaN     NaN     NaN  81795.00  ...  81775.370130  NaN   NaN       NaN        NaN
723  2025-04-23 10:38:32.909637     NaN     NaN     NaN  81795.00  ...  81775.983564  NaN   NaN       NaN        NaN

[724 rows x 13 columns]
2025-04-23 10:38:33,165 INFO:Final row: {'timestamp': Timestamp('2025-04-23 10:38:32.909637'), 'open': nan, 'high': nan, 'low': nan, 'close': 81795.0, 'volume': nan, 'short': 81795.95724040164, 'middle': 81794.89592923512, 'long': 81775.98356377691, 'buy': nan, 'sell': nan, 'buy_exit': nan, 'sell_exit': nan}
2025-04-23 10:38:33,165 INFO:Buy exit signal received
2025-04-23 10:38:33,165 INFO:Sell exit signal received
2025-04-23 10:38:33,165 INFO:Entering while loop with trade_count: 2
2025-04-23 10:38:33,214 INFO:Combined historical with live algo:                       timestamp    open    high     low     close  ...          long  buy  sell  buy_exit  sell_exit
0     2025-04-22 09:15:00+05:30  821.10  821.10  817.00    818.80  ...    818.800000  NaN   NaN       NaN        NaN
1     2025-04-22 09:16:00+05:30  818.75  818.75  814.60    814.60  ...    818.668750  NaN   NaN       NaN        NaN
2     2025-04-22 09:17:00+05:30  814.60  816.00  814.00    815.35  ...    818.565039  NaN   NaN       NaN        NaN
3     2025-04-22 09:18:00+05:30  815.30  816.00  814.75    815.50  ...    818.469257  NaN   NaN       NaN        NaN
4     2025-04-22 09:19:00+05:30  815.55  815.75  814.50    814.60  ...    818.348342  NaN   NaN       NaN        NaN
..                          ...     ...     ...     ...       ...  ...           ...  ...   ...       ...        ...
720  2025-04-23 10:38:32.909637     NaN     NaN     NaN  81795.00  ...  81774.083261  NaN   NaN       NaN        NaN
721  2025-04-23 10:38:32.909637     NaN     NaN     NaN  81795.00  ...  81774.736909  NaN   NaN       NaN        NaN
722  2025-04-23 10:38:32.909637     NaN     NaN     NaN  81795.00  ...  81775.370130  NaN   NaN       NaN        NaN
723  2025-04-23 10:38:32.909637     NaN     NaN     NaN  81795.00  ...  81775.983564  NaN   NaN       NaN        NaN
724  2025-04-23 10:38:32.909637     NaN     NaN     NaN  81795.00  ...  81776.577827  NaN   NaN       NaN        NaN

[725 rows x 13 columns]
2025-04-23 10:38:33,214 INFO:Final row: {'timestamp': Timestamp('2025-04-23 10:38:32.909637'), 'open': nan, 'high': nan, 'low': nan, 'close': 81795.0, 'volume': nan, 'short': 81795.63816026776, 'middle': 81794.90539021374, 'long': 81776.57782740888, 'buy': nan, 'sell': nan, 'buy_exit': nan, 'sell_exit': nan}
2025-04-23 10:38:33,214 INFO:Buy exit signal received
2025-04-23 10:38:33,214 INFO:Sell exit signal received
2025-04-23 10:38:33,214 INFO:Entering while loop with trade_count: 2
2025-04-23 10:38:33,280 INFO:Combined historical with live algo:                       timestamp    open    high     low     close  ...          long  buy  sell  buy_exit  sell_exit
0     2025-04-22 09:15:00+05:30  821.10  821.10  817.00    818.80  ...    818.800000  NaN   NaN       NaN        NaN
1     2025-04-22 09:16:00+05:30  818.75  818.75  814.60    814.60  ...    818.668750  NaN   NaN       NaN        NaN
2     2025-04-22 09:17:00+05:30  814.60  816.00  814.00    815.35  ...    818.565039  NaN   NaN       NaN        NaN
3     2025-04-22 09:18:00+05:30  815.30  816.00  814.75    815.50  ...    818.469257  NaN   NaN       NaN        NaN
4     2025-04-22 09:19:00+05:30  815.55  815.75  814.50    814.60  ...    818.348342  NaN   NaN       NaN        NaN
..                          ...     ...     ...     ...       ...  ...           ...  ...   ...       ...        ...
721  2025-04-23 10:38:32.909637     NaN     NaN     NaN  81795.00  ...  81774.736909  NaN   NaN       NaN        NaN
722  2025-04-23 10:38:32.909637     NaN     NaN     NaN  81795.00  ...  81775.370130  NaN   NaN       NaN        NaN
723  2025-04-23 10:38:32.909637     NaN     NaN     NaN  81795.00  ...  81775.983564  NaN   NaN       NaN        NaN
724  2025-04-23 10:38:32.909637     NaN     NaN     NaN  81795.00  ...  81776.577827  NaN   NaN       NaN        NaN
725  2025-04-23 10:38:33.211326     NaN     NaN     NaN  81795.00  ...  81777.153520  NaN   NaN       NaN        NaN

[726 rows x 13 columns]
2025-04-23 10:38:33,282 INFO:Final row: {'timestamp': Timestamp('2025-04-23 10:38:33.211326'), 'open': nan, 'high': nan, 'low': nan, 'close': 81795.0, 'volume': nan, 'short': 81795.42544017851, 'middle': 81794.9139911034, 'long': 81777.15352030235, 'buy': nan, 'sell': nan, 'buy_exit': nan, 'sell_exit': nan}
2025-04-23 10:38:33,282 INFO:Buy exit signal received
2025-04-23 10:38:33,282 INFO:Sell exit signal received
2025-04-23 10:38:33,282 INFO:Entering while loop with trade_count: 2
2025-04-23 10:38:33,338 INFO:Combined historical with live algo:                       timestamp    open    high     low     close  ...          long  buy  sell  buy_exit  sell_exit
0     2025-04-22 09:15:00+05:30  821.10  821.10  817.00    818.80  ...    818.800000  NaN   NaN       NaN        NaN
1     2025-04-22 09:16:00+05:30  818.75  818.75  814.60    814.60  ...    818.668750  NaN   NaN       NaN        NaN
2     2025-04-22 09:17:00+05:30  814.60  816.00  814.00    815.35  ...    818.565039  NaN   NaN       NaN        NaN
3     2025-04-22 09:18:00+05:30  815.30  816.00  814.75    815.50  ...    818.469257  NaN   NaN       NaN        NaN
4     2025-04-22 09:19:00+05:30  815.55  815.75  814.50    814.60  ...    818.348342  NaN   NaN       NaN        NaN
..                          ...     ...     ...     ...       ...  ...           ...  ...   ...       ...        ...
722  2025-04-23 10:38:32.909637     NaN     NaN     NaN  81795.00  ...  81775.370130  NaN   NaN       NaN        NaN
723  2025-04-23 10:38:32.909637     NaN     NaN     NaN  81795.00  ...  81775.983564  NaN   NaN       NaN        NaN
724  2025-04-23 10:38:32.909637     NaN     NaN     NaN  81795.00  ...  81776.577827  NaN   NaN       NaN        NaN
725  2025-04-23 10:38:33.211326     NaN     NaN     NaN  81795.00  ...  81777.153520  NaN   NaN       NaN        NaN
726  2025-04-23 10:38:33.211326     NaN     NaN     NaN  81795.00  ...  81777.711223  NaN   NaN       NaN        NaN

[727 rows x 13 columns]
2025-04-23 10:38:33,340 INFO:Final row: {'timestamp': Timestamp('2025-04-23 10:38:33.211326'), 'open': nan, 'high': nan, 'low': nan, 'close': 81795.0, 'volume': nan, 'short': 81795.28362678568, 'middle': 81794.92181009399, 'long': 81777.7112227929, 'buy': nan, 'sell': nan, 'buy_exit': nan, 'sell_exit': nan}
2025-04-23 10:38:33,340 INFO:Buy exit signal received
2025-04-23 10:38:33,340 INFO:Sell exit signal received
2025-04-23 10:38:33,340 INFO:Entering while loop with trade_count: 2
2025-04-23 10:38:33,400 INFO:Combined historical with live algo:                       timestamp    open    high     low     close  ...          long  buy  sell  buy_exit  sell_exit
0     2025-04-22 09:15:00+05:30  821.10  821.10  817.00    818.80  ...    818.800000  NaN   NaN       NaN        NaN
1     2025-04-22 09:16:00+05:30  818.75  818.75  814.60    814.60  ...    818.668750  NaN   NaN       NaN        NaN
2     2025-04-22 09:17:00+05:30  814.60  816.00  814.00    815.35  ...    818.565039  NaN   NaN       NaN        NaN
3     2025-04-22 09:18:00+05:30  815.30  816.00  814.75    815.50  ...    818.469257  NaN   NaN       NaN        NaN
4     2025-04-22 09:19:00+05:30  815.55  815.75  814.50    814.60  ...    818.348342  NaN   NaN       NaN        NaN
..                          ...     ...     ...     ...       ...  ...           ...  ...   ...       ...        ...
723  2025-04-23 10:38:32.909637     NaN     NaN     NaN  81795.00  ...  81775.983564  NaN   NaN       NaN        NaN
724  2025-04-23 10:38:32.909637     NaN     NaN     NaN  81795.00  ...  81776.577827  NaN   NaN       NaN        NaN
725  2025-04-23 10:38:33.211326     NaN     NaN     NaN  81795.00  ...  81777.153520  NaN   NaN       NaN        NaN
726  2025-04-23 10:38:33.211326     NaN     NaN     NaN  81795.00  ...  81777.711223  NaN   NaN       NaN        NaN
727  2025-04-23 10:38:33.211326     NaN     NaN     NaN  81795.00  ...  81778.251497  NaN   NaN       NaN        NaN

[728 rows x 13 columns]
2025-04-23 10:38:33,400 INFO:Final row: {'timestamp': Timestamp('2025-04-23 10:38:33.211326'), 'open': nan, 'high': nan, 'low': nan, 'close': 81795.0, 'volume': nan, 'short': 81795.1890845238, 'middle': 81794.92891826727, 'long': 81778.25149708062, 'buy': nan, 'sell': nan, 'buy_exit': nan, 'sell_exit': nan}
2025-04-23 10:38:33,400 INFO:Buy exit signal received
2025-04-23 10:38:33,400 INFO:Sell exit signal received
2025-04-23 10:38:33,400 INFO:Entering while loop with trade_count: 2
2025-04-23 10:38:33,464 INFO:Combined historical with live algo:                       timestamp    open    high     low     close  ...          long  buy  sell  buy_exit  sell_exit
0     2025-04-22 09:15:00+05:30  821.10  821.10  817.00    818.80  ...    818.800000  NaN   NaN       NaN        NaN
1     2025-04-22 09:16:00+05:30  818.75  818.75  814.60    814.60  ...    818.668750  NaN   NaN       NaN        NaN
2     2025-04-22 09:17:00+05:30  814.60  816.00  814.00    815.35  ...    818.565039  NaN   NaN       NaN        NaN
3     2025-04-22 09:18:00+05:30  815.30  816.00  814.75    815.50  ...    818.469257  NaN   NaN       NaN        NaN
4     2025-04-22 09:19:00+05:30  815.55  815.75  814.50    814.60  ...    818.348342  NaN   NaN       NaN        NaN
..                          ...     ...     ...     ...       ...  ...           ...  ...   ...       ...        ...
724  2025-04-23 10:38:32.909637     NaN     NaN     NaN  81795.00  ...  81776.577827  NaN   NaN       NaN        NaN
725  2025-04-23 10:38:33.211326     NaN     NaN     NaN  81795.00  ...  81777.153520  NaN   NaN       NaN        NaN
726  2025-04-23 10:38:33.211326     NaN     NaN     NaN  81795.00  ...  81777.711223  NaN   NaN       NaN        NaN
727  2025-04-23 10:38:33.211326     NaN     NaN     NaN  81795.00  ...  81778.251497  NaN   NaN       NaN        NaN
728  2025-04-23 10:38:33.211326     NaN     NaN     NaN  81795.00  ...  81778.774888  NaN   NaN       NaN        NaN

[729 rows x 13 columns]
2025-04-23 10:38:33,464 INFO:Final row: {'timestamp': Timestamp('2025-04-23 10:38:33.211326'), 'open': nan, 'high': nan, 'low': nan, 'close': 81795.0, 'volume': nan, 'short': 81795.1260563492, 'middle': 81794.93538024297, 'long': 81778.77488779686, 'buy': nan, 'sell': nan, 'buy_exit': nan, 'sell_exit': nan}
2025-04-23 10:38:33,464 INFO:Buy exit signal received
2025-04-23 10:38:33,464 INFO:Sell exit signal received
2025-04-23 10:38:33,464 INFO:Entering while loop with trade_count: 2
2025-04-23 10:38:33,516 INFO:Combined historical with live algo:                       timestamp    open    high     low     close  ...          long  buy  sell  buy_exit  sell_exit
0     2025-04-22 09:15:00+05:30  821.10  821.10  817.00    818.80  ...    818.800000  NaN   NaN       NaN        NaN
1     2025-04-22 09:16:00+05:30  818.75  818.75  814.60    814.60  ...    818.668750  NaN   NaN       NaN        NaN
2     2025-04-22 09:17:00+05:30  814.60  816.00  814.00    815.35  ...    818.565039  NaN   NaN       NaN        NaN
3     2025-04-22 09:18:00+05:30  815.30  816.00  814.75    815.50  ...    818.469257  NaN   NaN       NaN        NaN
4     2025-04-22 09:19:00+05:30  815.55  815.75  814.50    814.60  ...    818.348342  NaN   NaN       NaN        NaN
..                          ...     ...     ...     ...       ...  ...           ...  ...   ...       ...        ...
725  2025-04-23 10:38:33.211326     NaN     NaN     NaN  81795.00  ...  81777.153520  NaN   NaN       NaN        NaN
726  2025-04-23 10:38:33.211326     NaN     NaN     NaN  81795.00  ...  81777.711223  NaN   NaN       NaN        NaN
727  2025-04-23 10:38:33.211326     NaN     NaN     NaN  81795.00  ...  81778.251497  NaN   NaN       NaN        NaN
728  2025-04-23 10:38:33.211326     NaN     NaN     NaN  81795.00  ...  81778.774888  NaN   NaN       NaN        NaN
729  2025-04-23 10:38:33.211326     NaN     NaN     NaN  81795.00  ...  81779.281923  NaN   NaN       NaN        NaN

[730 rows x 13 columns]
2025-04-23 10:38:33,516 INFO:Final row: {'timestamp': Timestamp('2025-04-23 10:38:33.211326'), 'open': nan, 'high': nan, 'low': nan, 'close': 81795.0, 'volume': nan, 'short': 81795.08403756614, 'middle': 81794.94125476632, 'long': 81779.2819225532, 'buy': nan, 'sell': nan, 'buy_exit': nan, 'sell_exit': nan}
2025-04-23 10:38:33,516 INFO:Buy exit signal received
2025-04-23 10:38:33,516 INFO:Sell exit signal received
2025-04-23 10:38:33,516 INFO:Entering while loop with trade_count: 2
2025-04-23 10:38:33,570 INFO:Combined historical with live algo:                       timestamp    open    high     low     close  ...          long  buy  sell  buy_exit  sell_exit
0     2025-04-22 09:15:00+05:30  821.10  821.10  817.00    818.80  ...    818.800000  NaN   NaN       NaN        NaN
1     2025-04-22 09:16:00+05:30  818.75  818.75  814.60    814.60  ...    818.668750  NaN   NaN       NaN        NaN
2     2025-04-22 09:17:00+05:30  814.60  816.00  814.00    815.35  ...    818.565039  NaN   NaN       NaN        NaN
3     2025-04-22 09:18:00+05:30  815.30  816.00  814.75    815.50  ...    818.469257  NaN   NaN       NaN        NaN
4     2025-04-22 09:19:00+05:30  815.55  815.75  814.50    814.60  ...    818.348342  NaN   NaN       NaN        NaN
..                          ...     ...     ...     ...       ...  ...           ...  ...   ...       ...        ...
726  2025-04-23 10:38:33.211326     NaN     NaN     NaN  81795.00  ...  81777.711223  NaN   NaN       NaN        NaN
727  2025-04-23 10:38:33.211326     NaN     NaN     NaN  81795.00  ...  81778.251497  NaN   NaN       NaN        NaN
728  2025-04-23 10:38:33.211326     NaN     NaN     NaN  81795.00  ...  81778.774888  NaN   NaN       NaN        NaN
729  2025-04-23 10:38:33.211326     NaN     NaN     NaN  81795.00  ...  81779.281923  NaN   NaN       NaN        NaN
730  2025-04-23 10:38:33.211326     NaN     NaN     NaN  81795.00  ...  81779.773112  NaN   NaN       NaN        NaN

[731 rows x 13 columns]
2025-04-23 10:38:33,570 INFO:Final row: {'timestamp': Timestamp('2025-04-23 10:38:33.211326'), 'open': nan, 'high': nan, 'low': nan, 'close': 81795.0, 'volume': nan, 'short': 81795.05602504409, 'middle': 81794.9465952421, 'long': 81779.77311247341, 'buy': nan, 'sell': nan, 'buy_exit': nan, 'sell_exit': nan}
2025-04-23 10:38:33,570 INFO:Buy exit signal received
2025-04-23 10:38:33,570 INFO:Sell exit signal received
2025-04-23 10:38:33,570 INFO:Entering while loop with trade_count: 2
2025-04-23 10:38:33,625 INFO:Combined historical with live algo:                       timestamp    open    high     low     close  ...          long  buy  sell  buy_exit  sell_exit
0     2025-04-22 09:15:00+05:30  821.10  821.10  817.00    818.80  ...    818.800000  NaN   NaN       NaN        NaN
1     2025-04-22 09:16:00+05:30  818.75  818.75  814.60    814.60  ...    818.668750  NaN   NaN       NaN        NaN
2     2025-04-22 09:17:00+05:30  814.60  816.00  814.00    815.35  ...    818.565039  NaN   NaN       NaN        NaN
3     2025-04-22 09:18:00+05:30  815.30  816.00  814.75    815.50  ...    818.469257  NaN   NaN       NaN        NaN
4     2025-04-22 09:19:00+05:30  815.55  815.75  814.50    814.60  ...    818.348342  NaN   NaN       NaN        NaN
..                          ...     ...     ...     ...       ...  ...           ...  ...   ...       ...        ...
727  2025-04-23 10:38:33.211326     NaN     NaN     NaN  81795.00  ...  81778.251497  NaN   NaN       NaN        NaN
728  2025-04-23 10:38:33.211326     NaN     NaN     NaN  81795.00  ...  81778.774888  NaN   NaN       NaN        NaN
729  2025-04-23 10:38:33.211326     NaN     NaN     NaN  81795.00  ...  81779.281923  NaN   NaN       NaN        NaN
730  2025-04-23 10:38:33.211326     NaN     NaN     NaN  81795.00  ...  81779.773112  NaN   NaN       NaN        NaN
731  2025-04-23 10:38:33.211326     NaN     NaN     NaN  81795.00  ...  81780.248953  NaN   NaN       NaN        NaN

[732 rows x 13 columns]
2025-04-23 10:38:33,627 INFO:Final row: {'timestamp': Timestamp('2025-04-23 10:38:33.211326'), 'open': nan, 'high': nan, 'low': nan, 'close': 81795.0, 'volume': nan, 'short': 81795.0373500294, 'middle': 81794.95145022009, 'long': 81780.24895270861, 'buy': nan, 'sell': nan, 'buy_exit': nan, 'sell_exit': nan}
2025-04-23 10:38:33,627 INFO:Buy exit signal received
2025-04-23 10:38:33,627 INFO:Sell exit signal received
2025-04-23 10:38:33,627 INFO:Entering while loop with trade_count: 2
2025-04-23 10:38:33,679 INFO:Combined historical with live algo:                       timestamp    open    high     low     close  ...          long  buy  sell  buy_exit  sell_exit
0     2025-04-22 09:15:00+05:30  821.10  821.10  817.00    818.80  ...    818.800000  NaN   NaN       NaN        NaN
1     2025-04-22 09:16:00+05:30  818.75  818.75  814.60    814.60  ...    818.668750  NaN   NaN       NaN        NaN
2     2025-04-22 09:17:00+05:30  814.60  816.00  814.00    815.35  ...    818.565039  NaN   NaN       NaN        NaN
3     2025-04-22 09:18:00+05:30  815.30  816.00  814.75    815.50  ...    818.469257  NaN   NaN       NaN        NaN
4     2025-04-22 09:19:00+05:30  815.55  815.75  814.50    814.60  ...    818.348342  NaN   NaN       NaN        NaN
..                          ...     ...     ...     ...       ...  ...           ...  ...   ...       ...        ...
728  2025-04-23 10:38:33.211326     NaN     NaN     NaN  81795.00  ...  81778.774888  NaN   NaN       NaN        NaN
729  2025-04-23 10:38:33.211326     NaN     NaN     NaN  81795.00  ...  81779.281923  NaN   NaN       NaN        NaN
730  2025-04-23 10:38:33.211326     NaN     NaN     NaN  81795.00  ...  81779.773112  NaN   NaN       NaN        NaN
731  2025-04-23 10:38:33.211326     NaN     NaN     NaN  81795.00  ...  81780.248953  NaN   NaN       NaN        NaN
732  2025-04-23 10:38:33.211326     NaN     NaN     NaN  81795.00  ...  81780.709923  NaN   NaN       NaN        NaN

[733 rows x 13 columns]
2025-04-23 10:38:33,681 INFO:Final row: {'timestamp': Timestamp('2025-04-23 10:38:33.211326'), 'open': nan, 'high': nan, 'low': nan, 'close': 81795.0, 'volume': nan, 'short': 81795.0249000196, 'middle': 81794.95586383644, 'long': 81780.70992293647, 'buy': nan, 'sell': nan, 'buy_exit': nan, 'sell_exit': nan}
2025-04-23 10:38:33,681 INFO:Buy exit signal received
2025-04-23 10:38:33,681 INFO:Sell exit signal received
2025-04-23 10:38:33,681 INFO:Entering while loop with trade_count: 2
2025-04-23 10:38:33,730 INFO:Combined historical with live algo:                       timestamp    open    high     low     close  ...          long  buy  sell  buy_exit  sell_exit
0     2025-04-22 09:15:00+05:30  821.10  821.10  817.00    818.80  ...    818.800000  NaN   NaN       NaN        NaN
1     2025-04-22 09:16:00+05:30  818.75  818.75  814.60    814.60  ...    818.668750  NaN   NaN       NaN        NaN
2     2025-04-22 09:17:00+05:30  814.60  816.00  814.00    815.35  ...    818.565039  NaN   NaN       NaN        NaN
3     2025-04-22 09:18:00+05:30  815.30  816.00  814.75    815.50  ...    818.469257  NaN   NaN       NaN        NaN
4     2025-04-22 09:19:00+05:30  815.55  815.75  814.50    814.60  ...    818.348342  NaN   NaN       NaN        NaN
..                          ...     ...     ...     ...       ...  ...           ...  ...   ...       ...        ...
729  2025-04-23 10:38:33.211326     NaN     NaN     NaN  81795.00  ...  81779.281923  NaN   NaN       NaN        NaN
730  2025-04-23 10:38:33.211326     NaN     NaN     NaN  81795.00  ...  81779.773112  NaN   NaN       NaN        NaN
731  2025-04-23 10:38:33.211326     NaN     NaN     NaN  81795.00  ...  81780.248953  NaN   NaN       NaN        NaN
732  2025-04-23 10:38:33.211326     NaN     NaN     NaN  81795.00  ...  81780.709923  NaN   NaN       NaN        NaN
733  2025-04-23 10:38:33.211326     NaN     NaN     NaN  81795.00  ...  81781.156488  NaN   NaN       NaN        NaN

[734 rows x 13 columns]
2025-04-23 10:38:33,742 INFO:Final row: {'timestamp': Timestamp('2025-04-23 10:38:33.211326'), 'open': nan, 'high': nan, 'low': nan, 'close': 81795.0, 'volume': nan, 'short': 81795.01660001307, 'middle': 81794.95987621494, 'long': 81781.15648784471, 'buy': nan, 'sell': nan, 'buy_exit': nan, 'sell_exit': nan}
2025-04-23 10:38:33,742 INFO:Buy exit signal received
2025-04-23 10:38:33,742 INFO:Sell exit signal received
2025-04-23 10:38:33,742 INFO:Entering while loop with trade_count: 2
2025-04-23 10:38:33,804 INFO:Combined historical with live algo:                       timestamp    open    high     low     close  ...          long  buy  sell  buy_exit  sell_exit
0     2025-04-22 09:15:00+05:30  821.10  821.10  817.00    818.80  ...    818.800000  NaN   NaN       NaN        NaN
1     2025-04-22 09:16:00+05:30  818.75  818.75  814.60    814.60  ...    818.668750  NaN   NaN       NaN        NaN
2     2025-04-22 09:17:00+05:30  814.60  816.00  814.00    815.35  ...    818.565039  NaN   NaN       NaN        NaN
3     2025-04-22 09:18:00+05:30  815.30  816.00  814.75    815.50  ...    818.469257  NaN   NaN       NaN        NaN
4     2025-04-22 09:19:00+05:30  815.55  815.75  814.50    814.60  ...    818.348342  NaN   NaN       NaN        NaN
..                          ...     ...     ...     ...       ...  ...           ...  ...   ...       ...        ...
730  2025-04-23 10:38:33.211326     NaN     NaN     NaN  81795.00  ...  81779.773112  NaN   NaN       NaN        NaN
731  2025-04-23 10:38:33.211326     NaN     NaN     NaN  81795.00  ...  81780.248953  NaN   NaN       NaN        NaN
732  2025-04-23 10:38:33.211326     NaN     NaN     NaN  81795.00  ...  81780.709923  NaN   NaN       NaN        NaN
733  2025-04-23 10:38:33.211326     NaN     NaN     NaN  81795.00  ...  81781.156488  NaN   NaN       NaN        NaN
734  2025-04-23 10:38:33.211326     NaN     NaN     NaN  81795.00  ...  81781.589098  NaN   NaN       NaN        NaN

[735 rows x 13 columns]
2025-04-23 10:38:33,807 INFO:Final row: {'timestamp': Timestamp('2025-04-23 10:38:33.211326'), 'open': nan, 'high': nan, 'low': nan, 'close': 81795.0, 'volume': nan, 'short': 81795.01106667539, 'middle': 81794.96352383176, 'long': 81781.58909759956, 'buy': nan, 'sell': nan, 'buy_exit': nan, 'sell_exit': nan}
2025-04-23 10:38:33,807 INFO:Buy exit signal received
2025-04-23 10:38:33,807 INFO:Sell exit signal received
2025-04-23 10:38:33,807 INFO:Entering while loop with trade_count: 2
2025-04-23 10:38:33,882 INFO:Combined historical with live algo:                       timestamp    open    high     low     close  ...          long  buy  sell  buy_exit  sell_exit
0     2025-04-22 09:15:00+05:30  821.10  821.10  817.00    818.80  ...    818.800000  NaN   NaN       NaN        NaN
1     2025-04-22 09:16:00+05:30  818.75  818.75  814.60    814.60  ...    818.668750  NaN   NaN       NaN        NaN
2     2025-04-22 09:17:00+05:30  814.60  816.00  814.00    815.35  ...    818.565039  NaN   NaN       NaN        NaN
3     2025-04-22 09:18:00+05:30  815.30  816.00  814.75    815.50  ...    818.469257  NaN   NaN       NaN        NaN
4     2025-04-22 09:19:00+05:30  815.55  815.75  814.50    814.60  ...    818.348342  NaN   NaN       NaN        NaN
..                          ...     ...     ...     ...       ...  ...           ...  ...   ...       ...        ...
731  2025-04-23 10:38:33.211326     NaN     NaN     NaN  81795.00  ...  81780.248953  NaN   NaN       NaN        NaN
732  2025-04-23 10:38:33.211326     NaN     NaN     NaN  81795.00  ...  81780.709923  NaN   NaN       NaN        NaN
733  2025-04-23 10:38:33.211326     NaN     NaN     NaN  81795.00  ...  81781.156488  NaN   NaN       NaN        NaN
734  2025-04-23 10:38:33.211326     NaN     NaN     NaN  81795.00  ...  81781.589098  NaN   NaN       NaN        NaN
735  2025-04-23 10:38:33.211326     NaN     NaN     NaN  81795.00  ...  81782.008188  NaN   NaN       NaN        NaN

[736 rows x 13 columns]
2025-04-23 10:38:33,882 INFO:Final row: {'timestamp': Timestamp('2025-04-23 10:38:33.211326'), 'open': nan, 'high': nan, 'low': nan, 'close': 81795.0, 'volume': nan, 'short': 81795.0073777836, 'middle': 81794.96683984705, 'long': 81782.00818829957, 'buy': nan, 'sell': nan, 'buy_exit': nan, 'sell_exit': nan}
2025-04-23 10:38:33,882 INFO:Buy exit signal received
2025-04-23 10:38:33,882 INFO:Sell exit signal received
2025-04-23 10:38:33,882 INFO:Entering while loop with trade_count: 2
2025-04-23 10:38:33,946 INFO:Combined historical with live algo:                       timestamp    open    high     low     close  ...          long  buy  sell  buy_exit  sell_exit
0     2025-04-22 09:15:00+05:30  821.10  821.10  817.00    818.80  ...    818.800000  NaN   NaN       NaN        NaN
1     2025-04-22 09:16:00+05:30  818.75  818.75  814.60    814.60  ...    818.668750  NaN   NaN       NaN        NaN
2     2025-04-22 09:17:00+05:30  814.60  816.00  814.00    815.35  ...    818.565039  NaN   NaN       NaN        NaN
3     2025-04-22 09:18:00+05:30  815.30  816.00  814.75    815.50  ...    818.469257  NaN   NaN       NaN        NaN
4     2025-04-22 09:19:00+05:30  815.55  815.75  814.50    814.60  ...    818.348342  NaN   NaN       NaN        NaN
..                          ...     ...     ...     ...       ...  ...           ...  ...   ...       ...        ...
732  2025-04-23 10:38:33.211326     NaN     NaN     NaN  81795.00  ...  81780.709923  NaN   NaN       NaN        NaN
733  2025-04-23 10:38:33.211326     NaN     NaN     NaN  81795.00  ...  81781.156488  NaN   NaN       NaN        NaN
734  2025-04-23 10:38:33.211326     NaN     NaN     NaN  81795.00  ...  81781.589098  NaN   NaN       NaN        NaN
735  2025-04-23 10:38:33.211326     NaN     NaN     NaN  81795.00  ...  81782.008188  NaN   NaN       NaN        NaN
736  2025-04-23 10:38:33.211326     NaN     NaN     NaN  81795.00  ...  81782.414182  NaN   NaN       NaN        NaN

[737 rows x 13 columns]
2025-04-23 10:38:33,948 INFO:Final row: {'timestamp': Timestamp('2025-04-23 10:38:33.211326'), 'open': nan, 'high': nan, 'low': nan, 'close': 81795.0, 'volume': nan, 'short': 81795.0049185224, 'middle': 81794.9698544064, 'long': 81782.41418241522, 'buy': nan, 'sell': nan, 'buy_exit': nan, 'sell_exit': nan}
2025-04-23 10:38:33,948 INFO:Buy exit signal received
2025-04-23 10:38:33,948 INFO:Sell exit signal received
2025-04-23 10:38:33,948 INFO:Entering while loop with trade_count: 2
2025-04-23 10:38:34,013 INFO:Combined historical with live algo:                       timestamp    open    high     low     close  ...          long  buy  sell  buy_exit  sell_exit
0     2025-04-22 09:15:00+05:30  821.10  821.10  817.00    818.80  ...    818.800000  NaN   NaN       NaN        NaN
1     2025-04-22 09:16:00+05:30  818.75  818.75  814.60    814.60  ...    818.668750  NaN   NaN       NaN        NaN
2     2025-04-22 09:17:00+05:30  814.60  816.00  814.00    815.35  ...    818.565039  NaN   NaN       NaN        NaN
3     2025-04-22 09:18:00+05:30  815.30  816.00  814.75    815.50  ...    818.469257  NaN   NaN       NaN        NaN
4     2025-04-22 09:19:00+05:30  815.55  815.75  814.50    814.60  ...    818.348342  NaN   NaN       NaN        NaN
..                          ...     ...     ...     ...       ...  ...           ...  ...   ...       ...        ...
733  2025-04-23 10:38:33.211326     NaN     NaN     NaN  81795.00  ...  81781.156488  NaN   NaN       NaN        NaN
734  2025-04-23 10:38:33.211326     NaN     NaN     NaN  81795.00  ...  81781.589098  NaN   NaN       NaN        NaN
735  2025-04-23 10:38:33.211326     NaN     NaN     NaN  81795.00  ...  81782.008188  NaN   NaN       NaN        NaN
736  2025-04-23 10:38:33.211326     NaN     NaN     NaN  81795.00  ...  81782.414182  NaN   NaN       NaN        NaN
737  2025-04-23 10:38:33.932674     NaN     NaN     NaN  81795.00  ...  81782.807489  NaN   NaN       NaN        NaN

[738 rows x 13 columns]
2025-04-23 10:38:34,013 INFO:Final row: {'timestamp': Timestamp('2025-04-23 10:38:33.932674'), 'open': nan, 'high': nan, 'low': nan, 'close': 81795.0, 'volume': nan, 'short': 81795.00327901494, 'middle': 81794.9725949149, 'long': 81782.80748921474, 'buy': nan, 'sell': nan, 'buy_exit': nan, 'sell_exit': nan}
2025-04-23 10:38:34,013 INFO:Buy exit signal received
2025-04-23 10:38:34,013 INFO:Sell exit signal received
2025-04-23 10:38:34,013 INFO:Entering while loop with trade_count: 2
2025-04-23 10:38:34,070 INFO:Combined historical with live algo:                       timestamp    open    high     low     close  ...          long  buy  sell  buy_exit  sell_exit
0     2025-04-22 09:15:00+05:30  821.10  821.10  817.00    818.80  ...    818.800000  NaN   NaN       NaN        NaN
1     2025-04-22 09:16:00+05:30  818.75  818.75  814.60    814.60  ...    818.668750  NaN   NaN       NaN        NaN
2     2025-04-22 09:17:00+05:30  814.60  816.00  814.00    815.35  ...    818.565039  NaN   NaN       NaN        NaN
3     2025-04-22 09:18:00+05:30  815.30  816.00  814.75    815.50  ...    818.469257  NaN   NaN       NaN        NaN
4     2025-04-22 09:19:00+05:30  815.55  815.75  814.50    814.60  ...    818.348342  NaN   NaN       NaN        NaN
..                          ...     ...     ...     ...       ...  ...           ...  ...   ...       ...        ...
734  2025-04-23 10:38:33.211326     NaN     NaN     NaN  81795.00  ...  81781.589098  NaN   NaN       NaN        NaN
735  2025-04-23 10:38:33.211326     NaN     NaN     NaN  81795.00  ...  81782.008188  NaN   NaN       NaN        NaN
736  2025-04-23 10:38:33.211326     NaN     NaN     NaN  81795.00  ...  81782.414182  NaN   NaN       NaN        NaN
737  2025-04-23 10:38:33.932674     NaN     NaN     NaN  81795.00  ...  81782.807489  NaN   NaN       NaN        NaN
738  2025-04-23 10:38:33.932674     NaN     NaN     NaN  81795.00  ...  81783.188505  NaN   NaN       NaN        NaN

[739 rows x 13 columns]
2025-04-23 10:38:34,070 INFO:Final row: {'timestamp': Timestamp('2025-04-23 10:38:33.932674'), 'open': nan, 'high': nan, 'low': nan, 'close': 81795.0, 'volume': nan, 'short': 81795.00218600997, 'middle': 81794.97508628627, 'long': 81783.18850517677, 'buy': nan, 'sell': nan, 'buy_exit': nan, 'sell_exit': nan}
2025-04-23 10:38:34,070 INFO:Buy exit signal received
2025-04-23 10:38:34,070 INFO:Sell exit signal received
2025-04-23 10:38:34,070 INFO:Entering while loop with trade_count: 2
2025-04-23 10:38:34,130 INFO:Combined historical with live algo:                       timestamp    open    high     low     close  ...          long  buy  sell  buy_exit  sell_exit
0     2025-04-22 09:15:00+05:30  821.10  821.10  817.00    818.80  ...    818.800000  NaN   NaN       NaN        NaN
1     2025-04-22 09:16:00+05:30  818.75  818.75  814.60    814.60  ...    818.668750  NaN   NaN       NaN        NaN
2     2025-04-22 09:17:00+05:30  814.60  816.00  814.00    815.35  ...    818.565039  NaN   NaN       NaN        NaN
3     2025-04-22 09:18:00+05:30  815.30  816.00  814.75    815.50  ...    818.469257  NaN   NaN       NaN        NaN
4     2025-04-22 09:19:00+05:30  815.55  815.75  814.50    814.60  ...    818.348342  NaN   NaN       NaN        NaN
..                          ...     ...     ...     ...       ...  ...           ...  ...   ...       ...        ...
735  2025-04-23 10:38:33.211326     NaN     NaN     NaN  81795.00  ...  81782.008188  NaN   NaN       NaN        NaN
736  2025-04-23 10:38:33.211326     NaN     NaN     NaN  81795.00  ...  81782.414182  NaN   NaN       NaN        NaN
737  2025-04-23 10:38:33.932674     NaN     NaN     NaN  81795.00  ...  81782.807489  NaN   NaN       NaN        NaN
738  2025-04-23 10:38:33.932674     NaN     NaN     NaN  81795.00  ...  81783.188505  NaN   NaN       NaN        NaN
739  2025-04-23 10:38:33.932674     NaN     NaN     NaN  81795.00  ...  81783.557614  NaN   NaN       NaN        NaN

[740 rows x 13 columns]
2025-04-23 10:38:34,130 INFO:Final row: {'timestamp': Timestamp('2025-04-23 10:38:33.932674'), 'open': nan, 'high': nan, 'low': nan, 'close': 81795.0, 'volume': nan, 'short': 81795.00145733998, 'middle': 81794.97735116933, 'long': 81783.55761439, 'buy': nan, 'sell': nan, 'buy_exit': nan, 'sell_exit': nan}
2025-04-23 10:38:34,130 INFO:Buy exit signal received
2025-04-23 10:38:34,130 INFO:Sell exit signal received
2025-04-23 10:38:34,130 INFO:Entering while loop with trade_count: 2
2025-04-23 10:38:34,181 INFO:Combined historical with live algo:                       timestamp    open    high     low     close  ...          long  buy  sell  buy_exit  sell_exit
0     2025-04-22 09:15:00+05:30  821.10  821.10  817.00    818.80  ...    818.800000  NaN   NaN       NaN        NaN
1     2025-04-22 09:16:00+05:30  818.75  818.75  814.60    814.60  ...    818.668750  NaN   NaN       NaN        NaN
2     2025-04-22 09:17:00+05:30  814.60  816.00  814.00    815.35  ...    818.565039  NaN   NaN       NaN        NaN
3     2025-04-22 09:18:00+05:30  815.30  816.00  814.75    815.50  ...    818.469257  NaN   NaN       NaN        NaN
4     2025-04-22 09:19:00+05:30  815.55  815.75  814.50    814.60  ...    818.348342  NaN   NaN       NaN        NaN
..                          ...     ...     ...     ...       ...  ...           ...  ...   ...       ...        ...
736  2025-04-23 10:38:33.211326     NaN     NaN     NaN  81795.00  ...  81782.414182  NaN   NaN       NaN        NaN
737  2025-04-23 10:38:33.932674     NaN     NaN     NaN  81795.00  ...  81782.807489  NaN   NaN       NaN        NaN
738  2025-04-23 10:38:33.932674     NaN     NaN     NaN  81795.00  ...  81783.188505  NaN   NaN       NaN        NaN
739  2025-04-23 10:38:33.932674     NaN     NaN     NaN  81795.00  ...  81783.557614  NaN   NaN       NaN        NaN
740  2025-04-23 10:38:33.932674     NaN     NaN     NaN  81795.00  ...  81783.915189  NaN   NaN       NaN        NaN

[741 rows x 13 columns]
2025-04-23 10:38:34,181 INFO:Final row: {'timestamp': Timestamp('2025-04-23 10:38:33.932674'), 'open': nan, 'high': nan, 'low': nan, 'close': 81795.0, 'volume': nan, 'short': 81795.00097155999, 'middle': 81794.97941015393, 'long': 81783.91518894031, 'buy': nan, 'sell': nan, 'buy_exit': nan, 'sell_exit': nan}
2025-04-23 10:38:34,181 INFO:Buy exit signal received
2025-04-23 10:38:34,181 INFO:Sell exit signal received
2025-04-23 10:38:34,181 INFO:Entering while loop with trade_count: 2
2025-04-23 10:38:34,268 INFO:Combined historical with live algo:                       timestamp    open    high     low     close  ...          long  buy  sell  buy_exit  sell_exit
0     2025-04-22 09:15:00+05:30  821.10  821.10  817.00    818.80  ...    818.800000  NaN   NaN       NaN        NaN
1     2025-04-22 09:16:00+05:30  818.75  818.75  814.60    814.60  ...    818.668750  NaN   NaN       NaN        NaN
2     2025-04-22 09:17:00+05:30  814.60  816.00  814.00    815.35  ...    818.565039  NaN   NaN       NaN        NaN
3     2025-04-22 09:18:00+05:30  815.30  816.00  814.75    815.50  ...    818.469257  NaN   NaN       NaN        NaN
4     2025-04-22 09:19:00+05:30  815.55  815.75  814.50    814.60  ...    818.348342  NaN   NaN       NaN        NaN
..                          ...     ...     ...     ...       ...  ...           ...  ...   ...       ...        ...
737  2025-04-23 10:38:33.932674     NaN     NaN     NaN  81795.00  ...  81782.807489  NaN   NaN       NaN        NaN
738  2025-04-23 10:38:33.932674     NaN     NaN     NaN  81795.00  ...  81783.188505  NaN   NaN       NaN        NaN
739  2025-04-23 10:38:33.932674     NaN     NaN     NaN  81795.00  ...  81783.557614  NaN   NaN       NaN        NaN
740  2025-04-23 10:38:33.932674     NaN     NaN     NaN  81795.00  ...  81783.915189  NaN   NaN       NaN        NaN
741  2025-04-23 10:38:33.932674     NaN     NaN     NaN  81795.00  ...  81784.261589  NaN   NaN       NaN        NaN

[742 rows x 13 columns]
2025-04-23 10:38:34,268 INFO:Final row: {'timestamp': Timestamp('2025-04-23 10:38:33.932674'), 'open': nan, 'high': nan, 'low': nan, 'close': 81795.0, 'volume': nan, 'short': 81795.00064770666, 'middle': 81794.98128195811, 'long': 81784.26158928593, 'buy': nan, 'sell': nan, 'buy_exit': nan, 'sell_exit': nan}
2025-04-23 10:38:34,268 INFO:Buy exit signal received
2025-04-23 10:38:34,268 INFO:Sell exit signal received
2025-04-23 10:38:34,268 INFO:Entering while loop with trade_count: 2
2025-04-23 10:38:34,353 INFO:Combined historical with live algo:                       timestamp    open    high     low     close  ...          long  buy  sell  buy_exit  sell_exit
0     2025-04-22 09:15:00+05:30  821.10  821.10  817.00    818.80  ...    818.800000  NaN   NaN       NaN        NaN
1     2025-04-22 09:16:00+05:30  818.75  818.75  814.60    814.60  ...    818.668750  NaN   NaN       NaN        NaN
2     2025-04-22 09:17:00+05:30  814.60  816.00  814.00    815.35  ...    818.565039  NaN   NaN       NaN        NaN
3     2025-04-22 09:18:00+05:30  815.30  816.00  814.75    815.50  ...    818.469257  NaN   NaN       NaN        NaN
4     2025-04-22 09:19:00+05:30  815.55  815.75  814.50    814.60  ...    818.348342  NaN   NaN       NaN        NaN
..                          ...     ...     ...     ...       ...  ...           ...  ...   ...       ...        ...
738  2025-04-23 10:38:33.932674     NaN     NaN     NaN  81795.00  ...  81783.188505  NaN   NaN       NaN        NaN
739  2025-04-23 10:38:33.932674     NaN     NaN     NaN  81795.00  ...  81783.557614  NaN   NaN       NaN        NaN
740  2025-04-23 10:38:33.932674     NaN     NaN     NaN  81795.00  ...  81783.915189  NaN   NaN       NaN        NaN
741  2025-04-23 10:38:33.932674     NaN     NaN     NaN  81795.00  ...  81784.261589  NaN   NaN       NaN        NaN
742  2025-04-23 10:38:34.252550     NaN     NaN     NaN  81795.00  ...  81784.597165  NaN   NaN       NaN        NaN

[743 rows x 13 columns]
2025-04-23 10:38:34,353 INFO:Final row: {'timestamp': Timestamp('2025-04-23 10:38:34.252550'), 'open': nan, 'high': nan, 'low': nan, 'close': 81795.0, 'volume': nan, 'short': 81795.00043180445, 'middle': 81794.98298359828, 'long': 81784.59716462075, 'buy': nan, 'sell': nan, 'buy_exit': nan, 'sell_exit': nan}
2025-04-23 10:38:34,353 INFO:Buy exit signal received
2025-04-23 10:38:34,353 INFO:Sell exit signal received
2025-04-23 10:38:34,353 INFO:Entering while loop with trade_count: 2
2025-04-23 10:38:34,433 INFO:Combined historical with live algo:                       timestamp    open    high     low     close  ...          long  buy  sell  buy_exit  sell_exit
0     2025-04-22 09:15:00+05:30  821.10  821.10  817.00    818.80  ...    818.800000  NaN   NaN       NaN        NaN
1     2025-04-22 09:16:00+05:30  818.75  818.75  814.60    814.60  ...    818.668750  NaN   NaN       NaN        NaN
2     2025-04-22 09:17:00+05:30  814.60  816.00  814.00    815.35  ...    818.565039  NaN   NaN       NaN        NaN
3     2025-04-22 09:18:00+05:30  815.30  816.00  814.75    815.50  ...    818.469257  NaN   NaN       NaN        NaN
4     2025-04-22 09:19:00+05:30  815.55  815.75  814.50    814.60  ...    818.348342  NaN   NaN       NaN        NaN
..                          ...     ...     ...     ...       ...  ...           ...  ...   ...       ...        ...
739  2025-04-23 10:38:33.932674     NaN     NaN     NaN  81795.00  ...  81783.557614  NaN   NaN       NaN        NaN
740  2025-04-23 10:38:33.932674     NaN     NaN     NaN  81795.00  ...  81783.915189  NaN   NaN       NaN        NaN
741  2025-04-23 10:38:33.932674     NaN     NaN     NaN  81795.00  ...  81784.261589  NaN   NaN       NaN        NaN
742  2025-04-23 10:38:34.252550     NaN     NaN     NaN  81795.00  ...  81784.597165  NaN   NaN       NaN        NaN
743  2025-04-23 10:38:34.252550     NaN     NaN     NaN  81795.00  ...  81784.922253  NaN   NaN       NaN        NaN

[744 rows x 13 columns]
2025-04-23 10:38:34,433 INFO:Final row: {'timestamp': Timestamp('2025-04-23 10:38:34.252550'), 'open': nan, 'high': nan, 'low': nan, 'close': 81795.0, 'volume': nan, 'short': 81795.00028786964, 'middle': 81794.9845305439, 'long': 81784.92225322635, 'buy': nan, 'sell': nan, 'buy_exit': nan, 'sell_exit': nan}
2025-04-23 10:38:34,433 INFO:Buy exit signal received
2025-04-23 10:38:34,433 INFO:Sell exit signal received
2025-04-23 10:38:34,433 INFO:Entering while loop with trade_count: 2
2025-04-23 10:38:34,489 INFO:Combined historical with live algo:                       timestamp    open    high     low     close  ...          long  buy  sell  buy_exit  sell_exit
0     2025-04-22 09:15:00+05:30  821.10  821.10  817.00    818.80  ...    818.800000  NaN   NaN       NaN        NaN
1     2025-04-22 09:16:00+05:30  818.75  818.75  814.60    814.60  ...    818.668750  NaN   NaN       NaN        NaN
2     2025-04-22 09:17:00+05:30  814.60  816.00  814.00    815.35  ...    818.565039  NaN   NaN       NaN        NaN
3     2025-04-22 09:18:00+05:30  815.30  816.00  814.75    815.50  ...    818.469257  NaN   NaN       NaN        NaN
4     2025-04-22 09:19:00+05:30  815.55  815.75  814.50    814.60  ...    818.348342  NaN   NaN       NaN        NaN
..                          ...     ...     ...     ...       ...  ...           ...  ...   ...       ...        ...
740  2025-04-23 10:38:33.932674     NaN     NaN     NaN  81795.00  ...  81783.915189  NaN   NaN       NaN        NaN
741  2025-04-23 10:38:33.932674     NaN     NaN     NaN  81795.00  ...  81784.261589  NaN   NaN       NaN        NaN
742  2025-04-23 10:38:34.252550     NaN     NaN     NaN  81795.00  ...  81784.597165  NaN   NaN       NaN        NaN
743  2025-04-23 10:38:34.252550     NaN     NaN     NaN  81795.00  ...  81784.922253  NaN   NaN       NaN        NaN
744  2025-04-23 10:38:34.252550     NaN     NaN     NaN  81795.00  ...  81785.237183  NaN   NaN       NaN        NaN

[745 rows x 13 columns]
2025-04-23 10:38:34,489 INFO:Final row: {'timestamp': Timestamp('2025-04-23 10:38:34.252550'), 'open': nan, 'high': nan, 'low': nan, 'close': 81795.0, 'volume': nan, 'short': 81795.0001919131, 'middle': 81794.98593685808, 'long': 81785.23718281303, 'buy': nan, 'sell': nan, 'buy_exit': nan, 'sell_exit': nan}
2025-04-23 10:38:34,489 INFO:Buy exit signal received
2025-04-23 10:38:34,489 INFO:Sell exit signal received
2025-04-23 10:38:34,489 INFO:Entering while loop with trade_count: 2
2025-04-23 10:38:34,548 INFO:Combined historical with live algo:                       timestamp    open    high     low     close  ...          long  buy  sell  buy_exit  sell_exit
0     2025-04-22 09:15:00+05:30  821.10  821.10  817.00    818.80  ...    818.800000  NaN   NaN       NaN        NaN
1     2025-04-22 09:16:00+05:30  818.75  818.75  814.60    814.60  ...    818.668750  NaN   NaN       NaN        NaN
2     2025-04-22 09:17:00+05:30  814.60  816.00  814.00    815.35  ...    818.565039  NaN   NaN       NaN        NaN
3     2025-04-22 09:18:00+05:30  815.30  816.00  814.75    815.50  ...    818.469257  NaN   NaN       NaN        NaN
4     2025-04-22 09:19:00+05:30  815.55  815.75  814.50    814.60  ...    818.348342  NaN   NaN       NaN        NaN
..                          ...     ...     ...     ...       ...  ...           ...  ...   ...       ...        ...
741  2025-04-23 10:38:33.932674     NaN     NaN     NaN  81795.00  ...  81784.261589  NaN   NaN       NaN        NaN
742  2025-04-23 10:38:34.252550     NaN     NaN     NaN  81795.00  ...  81784.597165  NaN   NaN       NaN        NaN
743  2025-04-23 10:38:34.252550     NaN     NaN     NaN  81795.00  ...  81784.922253  NaN   NaN       NaN        NaN
744  2025-04-23 10:38:34.252550     NaN     NaN     NaN  81795.00  ...  81785.237183  NaN   NaN       NaN        NaN
745  2025-04-23 10:38:34.252550     NaN     NaN     NaN  81795.00  ...  81785.542271  NaN   NaN       NaN        NaN

[746 rows x 13 columns]
2025-04-23 10:38:34,548 INFO:Final row: {'timestamp': Timestamp('2025-04-23 10:38:34.252550'), 'open': nan, 'high': nan, 'low': nan, 'close': 81795.0, 'volume': nan, 'short': 81795.00012794207, 'middle': 81794.98721532553, 'long': 81785.54227085011, 'buy': nan, 'sell': nan, 'buy_exit': nan, 'sell_exit': nan}
2025-04-23 10:38:34,548 INFO:Buy exit signal received
2025-04-23 10:38:34,548 INFO:Sell exit signal received
2025-04-23 10:38:34,548 INFO:Entering while loop with trade_count: 2
2025-04-23 10:38:34,618 INFO:Combined historical with live algo:                       timestamp    open    high     low     close  ...          long  buy  sell  buy_exit  sell_exit
0     2025-04-22 09:15:00+05:30  821.10  821.10  817.00    818.80  ...    818.800000  NaN   NaN       NaN        NaN
1     2025-04-22 09:16:00+05:30  818.75  818.75  814.60    814.60  ...    818.668750  NaN   NaN       NaN        NaN
2     2025-04-22 09:17:00+05:30  814.60  816.00  814.00    815.35  ...    818.565039  NaN   NaN       NaN        NaN
3     2025-04-22 09:18:00+05:30  815.30  816.00  814.75    815.50  ...    818.469257  NaN   NaN       NaN        NaN
4     2025-04-22 09:19:00+05:30  815.55  815.75  814.50    814.60  ...    818.348342  NaN   NaN       NaN        NaN
..                          ...     ...     ...     ...       ...  ...           ...  ...   ...       ...        ...
742  2025-04-23 10:38:34.252550     NaN     NaN     NaN  81795.00  ...  81784.597165  NaN   NaN       NaN        NaN
743  2025-04-23 10:38:34.252550     NaN     NaN     NaN  81795.00  ...  81784.922253  NaN   NaN       NaN        NaN
744  2025-04-23 10:38:34.252550     NaN     NaN     NaN  81795.00  ...  81785.237183  NaN   NaN       NaN        NaN
745  2025-04-23 10:38:34.252550     NaN     NaN     NaN  81795.00  ...  81785.542271  NaN   NaN       NaN        NaN
746  2025-04-23 10:38:34.252550     NaN     NaN     NaN  81795.00  ...  81785.837825  NaN   NaN       NaN        NaN

[747 rows x 13 columns]
2025-04-23 10:38:34,618 INFO:Final row: {'timestamp': Timestamp('2025-04-23 10:38:34.252550'), 'open': nan, 'high': nan, 'low': nan, 'close': 81795.0, 'volume': nan, 'short': 81795.00008529471, 'middle': 81794.98837756866, 'long': 81785.83782488605, 'buy': nan, 'sell': nan, 'buy_exit': nan, 'sell_exit': nan}
2025-04-23 10:38:34,618 INFO:Buy exit signal received
2025-04-23 10:38:34,618 INFO:Sell exit signal received
2025-04-23 10:38:34,618 INFO:Entering while loop with trade_count: 2
2025-04-23 10:38:34,682 INFO:Combined historical with live algo:                       timestamp    open    high     low     close  ...          long  buy  sell  buy_exit  sell_exit
0     2025-04-22 09:15:00+05:30  821.10  821.10  817.00    818.80  ...    818.800000  NaN   NaN       NaN        NaN
1     2025-04-22 09:16:00+05:30  818.75  818.75  814.60    814.60  ...    818.668750  NaN   NaN       NaN        NaN
2     2025-04-22 09:17:00+05:30  814.60  816.00  814.00    815.35  ...    818.565039  NaN   NaN       NaN        NaN
3     2025-04-22 09:18:00+05:30  815.30  816.00  814.75    815.50  ...    818.469257  NaN   NaN       NaN        NaN
4     2025-04-22 09:19:00+05:30  815.55  815.75  814.50    814.60  ...    818.348342  NaN   NaN       NaN        NaN
..                          ...     ...     ...     ...       ...  ...           ...  ...   ...       ...        ...
743  2025-04-23 10:38:34.252550     NaN     NaN     NaN  81795.00  ...  81784.922253  NaN   NaN       NaN        NaN
744  2025-04-23 10:38:34.252550     NaN     NaN     NaN  81795.00  ...  81785.237183  NaN   NaN       NaN        NaN
745  2025-04-23 10:38:34.252550     NaN     NaN     NaN  81795.00  ...  81785.542271  NaN   NaN       NaN        NaN
746  2025-04-23 10:38:34.252550     NaN     NaN     NaN  81795.00  ...  81785.837825  NaN   NaN       NaN        NaN
747  2025-04-23 10:38:34.252550     NaN     NaN     NaN  81795.00  ...  81786.124143  NaN   NaN       NaN        NaN

[748 rows x 13 columns]
2025-04-23 10:38:34,684 INFO:Final row: {'timestamp': Timestamp('2025-04-23 10:38:34.252550'), 'open': nan, 'high': nan, 'low': nan, 'close': 81795.0, 'volume': nan, 'short': 81795.00005686315, 'middle': 81794.98943415332, 'long': 81786.12414285836, 'buy': nan, 'sell': nan, 'buy_exit': nan, 'sell_exit': nan}
2025-04-23 10:38:34,684 INFO:Buy exit signal received
2025-04-23 10:38:34,684 INFO:Sell exit signal received
2025-04-23 10:38:34,684 INFO:Entering while loop with trade_count: 2
2025-04-23 10:38:34,803 INFO:Combined historical with live algo:                       timestamp    open    high     low     close  ...          long  buy  sell  buy_exit  sell_exit
0     2025-04-22 09:15:00+05:30  821.10  821.10  817.00    818.80  ...    818.800000  NaN   NaN       NaN        NaN
1     2025-04-22 09:16:00+05:30  818.75  818.75  814.60    814.60  ...    818.668750  NaN   NaN       NaN        NaN
2     2025-04-22 09:17:00+05:30  814.60  816.00  814.00    815.35  ...    818.565039  NaN   NaN       NaN        NaN
3     2025-04-22 09:18:00+05:30  815.30  816.00  814.75    815.50  ...    818.469257  NaN   NaN       NaN        NaN
4     2025-04-22 09:19:00+05:30  815.55  815.75  814.50    814.60  ...    818.348342  NaN   NaN       NaN        NaN
..                          ...     ...     ...     ...       ...  ...           ...  ...   ...       ...        ...
744  2025-04-23 10:38:34.252550     NaN     NaN     NaN  81795.00  ...  81785.237183  NaN   NaN       NaN        NaN
745  2025-04-23 10:38:34.252550     NaN     NaN     NaN  81795.00  ...  81785.542271  NaN   NaN       NaN        NaN
746  2025-04-23 10:38:34.252550     NaN     NaN     NaN  81795.00  ...  81785.837825  NaN   NaN       NaN        NaN
747  2025-04-23 10:38:34.252550     NaN     NaN     NaN  81795.00  ...  81786.124143  NaN   NaN       NaN        NaN
748  2025-04-23 10:38:34.252550     NaN     NaN     NaN  81795.00  ...  81786.401513  NaN   NaN       NaN        NaN

[749 rows x 13 columns]
2025-04-23 10:38:34,807 INFO:Final row: {'timestamp': Timestamp('2025-04-23 10:38:34.252550'), 'open': nan, 'high': nan, 'low': nan, 'close': 81795.0, 'volume': nan, 'short': 81795.00003790877, 'middle': 81794.99039468484, 'long': 81786.40151339404, 'buy': nan, 'sell': nan, 'buy_exit': nan, 'sell_exit': nan}
2025-04-23 10:38:34,807 INFO:Buy exit signal received
2025-04-23 10:38:34,807 INFO:Sell exit signal received
2025-04-23 10:38:34,807 INFO:Entering while loop with trade_count: 2
2025-04-23 10:38:34,902 INFO:Combined historical with live algo:                       timestamp    open    high     low     close  ...          long  buy  sell  buy_exit  sell_exit
0     2025-04-22 09:15:00+05:30  821.10  821.10  817.00    818.80  ...    818.800000  NaN   NaN       NaN        NaN
1     2025-04-22 09:16:00+05:30  818.75  818.75  814.60    814.60  ...    818.668750  NaN   NaN       NaN        NaN
2     2025-04-22 09:17:00+05:30  814.60  816.00  814.00    815.35  ...    818.565039  NaN   NaN       NaN        NaN
3     2025-04-22 09:18:00+05:30  815.30  816.00  814.75    815.50  ...    818.469257  NaN   NaN       NaN        NaN
4     2025-04-22 09:19:00+05:30  815.55  815.75  814.50    814.60  ...    818.348342  NaN   NaN       NaN        NaN
..                          ...     ...     ...     ...       ...  ...           ...  ...   ...       ...        ...
745  2025-04-23 10:38:34.252550     NaN     NaN     NaN  81795.00  ...  81785.542271  NaN   NaN       NaN        NaN
746  2025-04-23 10:38:34.252550     NaN     NaN     NaN  81795.00  ...  81785.837825  NaN   NaN       NaN        NaN
747  2025-04-23 10:38:34.252550     NaN     NaN     NaN  81795.00  ...  81786.124143  NaN   NaN       NaN        NaN
748  2025-04-23 10:38:34.252550     NaN     NaN     NaN  81795.00  ...  81786.401513  NaN   NaN       NaN        NaN
749  2025-04-23 10:38:34.252550     NaN     NaN     NaN  81795.00  ...  81786.670216  NaN   NaN       NaN        NaN

[750 rows x 13 columns]
2025-04-23 10:38:34,903 INFO:Final row: {'timestamp': Timestamp('2025-04-23 10:38:34.252550'), 'open': nan, 'high': nan, 'low': nan, 'close': 81795.0, 'volume': nan, 'short': 81795.00002527251, 'middle': 81794.9912678953, 'long': 81786.67021610048, 'buy': nan, 'sell': nan, 'buy_exit': nan, 'sell_exit': nan}
2025-04-23 10:38:34,903 INFO:Buy exit signal received
2025-04-23 10:38:34,903 INFO:Sell exit signal received
2025-04-23 10:38:34,903 INFO:Entering while loop with trade_count: 2
2025-04-23 10:38:34,977 INFO:Combined historical with live algo:                       timestamp    open    high     low     close  ...          long  buy  sell  buy_exit  sell_exit
0     2025-04-22 09:15:00+05:30  821.10  821.10  817.00    818.80  ...    818.800000  NaN   NaN       NaN        NaN
1     2025-04-22 09:16:00+05:30  818.75  818.75  814.60    814.60  ...    818.668750  NaN   NaN       NaN        NaN
2     2025-04-22 09:17:00+05:30  814.60  816.00  814.00    815.35  ...    818.565039  NaN   NaN       NaN        NaN
3     2025-04-22 09:18:00+05:30  815.30  816.00  814.75    815.50  ...    818.469257  NaN   NaN       NaN        NaN
4     2025-04-22 09:19:00+05:30  815.55  815.75  814.50    814.60  ...    818.348342  NaN   NaN       NaN        NaN
..                          ...     ...     ...     ...       ...  ...           ...  ...   ...       ...        ...
746  2025-04-23 10:38:34.252550     NaN     NaN     NaN  81795.00  ...  81785.837825  NaN   NaN       NaN        NaN
747  2025-04-23 10:38:34.252550     NaN     NaN     NaN  81795.00  ...  81786.124143  NaN   NaN       NaN        NaN
748  2025-04-23 10:38:34.252550     NaN     NaN     NaN  81795.00  ...  81786.401513  NaN   NaN       NaN        NaN
749  2025-04-23 10:38:34.252550     NaN     NaN     NaN  81795.00  ...  81786.670216  NaN   NaN       NaN        NaN
750  2025-04-23 10:38:34.252550     NaN     NaN     NaN  81795.00  ...  81786.930522  NaN   NaN       NaN        NaN

[751 rows x 13 columns]
2025-04-23 10:38:34,979 INFO:Final row: {'timestamp': Timestamp('2025-04-23 10:38:34.252550'), 'open': nan, 'high': nan, 'low': nan, 'close': 81795.0, 'volume': nan, 'short': 81795.00001684835, 'middle': 81794.992061723, 'long': 81786.93052184735, 'buy': nan, 'sell': nan, 'buy_exit': nan, 'sell_exit': nan}
2025-04-23 10:38:34,980 INFO:Buy exit signal received
2025-04-23 10:38:34,980 INFO:Sell exit signal received
2025-04-23 10:38:34,980 INFO:Entering while loop with trade_count: 2
2025-04-23 10:38:35,051 INFO:Combined historical with live algo:                       timestamp    open    high     low     close  ...          long  buy  sell  buy_exit  sell_exit
0     2025-04-22 09:15:00+05:30  821.10  821.10  817.00    818.80  ...    818.800000  NaN   NaN       NaN        NaN
1     2025-04-22 09:16:00+05:30  818.75  818.75  814.60    814.60  ...    818.668750  NaN   NaN       NaN        NaN
2     2025-04-22 09:17:00+05:30  814.60  816.00  814.00    815.35  ...    818.565039  NaN   NaN       NaN        NaN
3     2025-04-22 09:18:00+05:30  815.30  816.00  814.75    815.50  ...    818.469257  NaN   NaN       NaN        NaN
4     2025-04-22 09:19:00+05:30  815.55  815.75  814.50    814.60  ...    818.348342  NaN   NaN       NaN        NaN
..                          ...     ...     ...     ...       ...  ...           ...  ...   ...       ...        ...
747  2025-04-23 10:38:34.252550     NaN     NaN     NaN  81795.00  ...  81786.124143  NaN   NaN       NaN        NaN
748  2025-04-23 10:38:34.252550     NaN     NaN     NaN  81795.00  ...  81786.401513  NaN   NaN       NaN        NaN
749  2025-04-23 10:38:34.252550     NaN     NaN     NaN  81795.00  ...  81786.670216  NaN   NaN       NaN        NaN
750  2025-04-23 10:38:34.252550     NaN     NaN     NaN  81795.00  ...  81786.930522  NaN   NaN       NaN        NaN
751  2025-04-23 10:38:34.951435     NaN     NaN     NaN  81790.00  ...  81787.026443  NaN   NaN       NaN        NaN

[752 rows x 13 columns]
2025-04-23 10:38:35,051 INFO:Final row: {'timestamp': Timestamp('2025-04-23 10:38:34.951435'), 'open': nan, 'high': nan, 'low': nan, 'close': 81790.0, 'volume': nan, 'short': 81793.33334456557, 'middle': 81794.53823792998, 'long': 81787.02644303962, 'buy': nan, 'sell': nan, 'buy_exit': nan, 'sell_exit': nan}
2025-04-23 10:38:35,051 INFO:Buy exit signal received
2025-04-23 10:38:35,051 INFO:Sell exit signal received
2025-04-23 10:38:35,051 INFO:Entering while loop with trade_count: 2
2025-04-23 10:38:35,150 INFO:Combined historical with live algo:                       timestamp    open    high     low     close  ...          long  buy  sell  buy_exit  sell_exit
0     2025-04-22 09:15:00+05:30  821.10  821.10  817.00    818.80  ...    818.800000  NaN   NaN       NaN        NaN
1     2025-04-22 09:16:00+05:30  818.75  818.75  814.60    814.60  ...    818.668750  NaN   NaN       NaN        NaN
2     2025-04-22 09:17:00+05:30  814.60  816.00  814.00    815.35  ...    818.565039  NaN   NaN       NaN        NaN
3     2025-04-22 09:18:00+05:30  815.30  816.00  814.75    815.50  ...    818.469257  NaN   NaN       NaN        NaN
4     2025-04-22 09:19:00+05:30  815.55  815.75  814.50    814.60  ...    818.348342  NaN   NaN       NaN        NaN
..                          ...     ...     ...     ...       ...  ...           ...  ...   ...       ...        ...
748  2025-04-23 10:38:34.252550     NaN     NaN     NaN  81795.00  ...  81786.401513  NaN   NaN       NaN        NaN
749  2025-04-23 10:38:34.252550     NaN     NaN     NaN  81795.00  ...  81786.670216  NaN   NaN       NaN        NaN
750  2025-04-23 10:38:34.252550     NaN     NaN     NaN  81795.00  ...  81786.930522  NaN   NaN       NaN        NaN
751  2025-04-23 10:38:34.951435     NaN     NaN     NaN  81790.00  ...  81787.026443  NaN   NaN       NaN        NaN
752  2025-04-23 10:38:34.951435     NaN     NaN     NaN  81790.00  ...  81787.119367  NaN   NaN       NaN        NaN

[753 rows x 13 columns]
2025-04-23 10:38:35,150 INFO:Final row: {'timestamp': Timestamp('2025-04-23 10:38:34.951435'), 'open': nan, 'high': nan, 'low': nan, 'close': 81790.0, 'volume': nan, 'short': 81792.22222971039, 'middle': 81794.12567084543, 'long': 81787.11936669463, 'buy': nan, 'sell': nan, 'buy_exit': nan, 'sell_exit': nan}
2025-04-23 10:38:35,150 INFO:Buy exit signal received
2025-04-23 10:38:35,150 INFO:Sell exit signal received
2025-04-23 10:38:35,150 INFO:Entering while loop with trade_count: 2
2025-04-23 10:38:35,237 INFO:Combined historical with live algo:                       timestamp    open    high     low     close  ...          long  buy  sell  buy_exit  sell_exit
0     2025-04-22 09:15:00+05:30  821.10  821.10  817.00    818.80  ...    818.800000  NaN   NaN       NaN        NaN
1     2025-04-22 09:16:00+05:30  818.75  818.75  814.60    814.60  ...    818.668750  NaN   NaN       NaN        NaN
2     2025-04-22 09:17:00+05:30  814.60  816.00  814.00    815.35  ...    818.565039  NaN   NaN       NaN        NaN
3     2025-04-22 09:18:00+05:30  815.30  816.00  814.75    815.50  ...    818.469257  NaN   NaN       NaN        NaN
4     2025-04-22 09:19:00+05:30  815.55  815.75  814.50    814.60  ...    818.348342  NaN   NaN       NaN        NaN
..                          ...     ...     ...     ...       ...  ...           ...  ...   ...       ...        ...
749  2025-04-23 10:38:34.252550     NaN     NaN     NaN  81795.00  ...  81786.670216  NaN   NaN       NaN        NaN
750  2025-04-23 10:38:34.252550     NaN     NaN     NaN  81795.00  ...  81786.930522  NaN   NaN       NaN        NaN
751  2025-04-23 10:38:34.951435     NaN     NaN     NaN  81790.00  ...  81787.026443  NaN   NaN       NaN        NaN
752  2025-04-23 10:38:34.951435     NaN     NaN     NaN  81790.00  ...  81787.119367  NaN   NaN       NaN        NaN
753  2025-04-23 10:38:34.951435     NaN     NaN     NaN  81790.00  ...  81787.209386  NaN   NaN       NaN        NaN

[754 rows x 13 columns]
2025-04-23 10:38:35,238 INFO:Final row: {'timestamp': Timestamp('2025-04-23 10:38:34.951435'), 'open': nan, 'high': nan, 'low': nan, 'close': 81790.0, 'volume': nan, 'short': 81791.4814864736, 'middle': 81793.75060985947, 'long': 81787.20938648543, 'buy': nan, 'sell': nan, 'buy_exit': nan, 'sell_exit': nan}
2025-04-23 10:38:35,238 INFO:Buy exit signal received
2025-04-23 10:38:35,238 INFO:Sell exit signal received
2025-04-23 10:38:35,238 INFO:Entering while loop with trade_count: 2
2025-04-23 10:38:35,314 INFO:Combined historical with live algo:                       timestamp    open    high     low     close  ...          long  buy  sell  buy_exit  sell_exit
0     2025-04-22 09:15:00+05:30  821.10  821.10  817.00    818.80  ...    818.800000  NaN   NaN       NaN        NaN
1     2025-04-22 09:16:00+05:30  818.75  818.75  814.60    814.60  ...    818.668750  NaN   NaN       NaN        NaN
2     2025-04-22 09:17:00+05:30  814.60  816.00  814.00    815.35  ...    818.565039  NaN   NaN       NaN        NaN
3     2025-04-22 09:18:00+05:30  815.30  816.00  814.75    815.50  ...    818.469257  NaN   NaN       NaN        NaN
4     2025-04-22 09:19:00+05:30  815.55  815.75  814.50    814.60  ...    818.348342  NaN   NaN       NaN        NaN
..                          ...     ...     ...     ...       ...  ...           ...  ...   ...       ...        ...
750  2025-04-23 10:38:34.252550     NaN     NaN     NaN  81795.00  ...  81786.930522  NaN   NaN       NaN        NaN
751  2025-04-23 10:38:34.951435     NaN     NaN     NaN  81790.00  ...  81787.026443  NaN   NaN       NaN        NaN
752  2025-04-23 10:38:34.951435     NaN     NaN     NaN  81790.00  ...  81787.119367  NaN   NaN       NaN        NaN
753  2025-04-23 10:38:34.951435     NaN     NaN     NaN  81790.00  ...  81787.209386  NaN   NaN       NaN        NaN
754  2025-04-23 10:38:34.951435     NaN     NaN     NaN  81790.00  ...  81787.296593  NaN   NaN       NaN        NaN

[755 rows x 13 columns]
2025-04-23 10:38:35,314 INFO:Final row: {'timestamp': Timestamp('2025-04-23 10:38:34.951435'), 'open': nan, 'high': nan, 'low': nan, 'close': 81790.0, 'volume': nan, 'short': 81790.98765764906, 'middle': 81793.40964532678, 'long': 81787.29659315775, 'buy': nan, 'sell': nan, 'buy_exit': nan, 'sell_exit': nan}
2025-04-23 10:38:35,316 INFO:Buy exit signal received
2025-04-23 10:38:35,316 INFO:Sell exit signal received
2025-04-23 10:38:35,316 INFO:Entering while loop with trade_count: 2
2025-04-23 10:38:35,410 INFO:Combined historical with live algo:                       timestamp    open    high     low     close  ...          long  buy  sell  buy_exit  sell_exit
0     2025-04-22 09:15:00+05:30  821.10  821.10  817.00    818.80  ...    818.800000  NaN   NaN       NaN        NaN
1     2025-04-22 09:16:00+05:30  818.75  818.75  814.60    814.60  ...    818.668750  NaN   NaN       NaN        NaN
2     2025-04-22 09:17:00+05:30  814.60  816.00  814.00    815.35  ...    818.565039  NaN   NaN       NaN        NaN
3     2025-04-22 09:18:00+05:30  815.30  816.00  814.75    815.50  ...    818.469257  NaN   NaN       NaN        NaN
4     2025-04-22 09:19:00+05:30  815.55  815.75  814.50    814.60  ...    818.348342  NaN   NaN       NaN        NaN
..                          ...     ...     ...     ...       ...  ...           ...  ...   ...       ...        ...
751  2025-04-23 10:38:34.951435     NaN     NaN     NaN  81790.00  ...  81787.026443  NaN   NaN       NaN        NaN
752  2025-04-23 10:38:34.951435     NaN     NaN     NaN  81790.00  ...  81787.119367  NaN   NaN       NaN        NaN
753  2025-04-23 10:38:34.951435     NaN     NaN     NaN  81790.00  ...  81787.209386  NaN   NaN       NaN        NaN
754  2025-04-23 10:38:34.951435     NaN     NaN     NaN  81790.00  ...  81787.296593  NaN   NaN       NaN        NaN
755  2025-04-23 10:38:34.951435     NaN     NaN     NaN  81790.00  ...  81787.381075  NaN   NaN       NaN        NaN

[756 rows x 13 columns]
2025-04-23 10:38:35,414 INFO:Final row: {'timestamp': Timestamp('2025-04-23 10:38:34.951435'), 'open': nan, 'high': nan, 'low': nan, 'close': 81790.0, 'volume': nan, 'short': 81790.65843843271, 'middle': 81793.0996775698, 'long': 81787.38107462157, 'buy': nan, 'sell': nan, 'buy_exit': nan, 'sell_exit': nan}
2025-04-23 10:38:35,414 INFO:Buy exit signal received
2025-04-23 10:38:35,414 INFO:Sell exit signal received
2025-04-23 10:38:35,414 INFO:Entering while loop with trade_count: 2
2025-04-23 10:38:35,471 INFO:Combined historical with live algo:                       timestamp    open    high     low     close  ...          long  buy  sell  buy_exit  sell_exit
0     2025-04-22 09:15:00+05:30  821.10  821.10  817.00    818.80  ...    818.800000  NaN   NaN       NaN        NaN
1     2025-04-22 09:16:00+05:30  818.75  818.75  814.60    814.60  ...    818.668750  NaN   NaN       NaN        NaN
2     2025-04-22 09:17:00+05:30  814.60  816.00  814.00    815.35  ...    818.565039  NaN   NaN       NaN        NaN
3     2025-04-22 09:18:00+05:30  815.30  816.00  814.75    815.50  ...    818.469257  NaN   NaN       NaN        NaN
4     2025-04-22 09:19:00+05:30  815.55  815.75  814.50    814.60  ...    818.348342  NaN   NaN       NaN        NaN
..                          ...     ...     ...     ...       ...  ...           ...  ...   ...       ...        ...
752  2025-04-23 10:38:34.951435     NaN     NaN     NaN  81790.00  ...  81787.119367  NaN   NaN       NaN        NaN
753  2025-04-23 10:38:34.951435     NaN     NaN     NaN  81790.00  ...  81787.209386  NaN   NaN       NaN        NaN
754  2025-04-23 10:38:34.951435     NaN     NaN     NaN  81790.00  ...  81787.296593  NaN   NaN       NaN        NaN
755  2025-04-23 10:38:34.951435     NaN     NaN     NaN  81790.00  ...  81787.381075  NaN   NaN       NaN        NaN
756  2025-04-23 10:38:35.365082     NaN     NaN     NaN  81800.00  ...  81787.775416  NaN   NaN       NaN        NaN

[757 rows x 13 columns]
2025-04-23 10:38:35,472 INFO:Final row: {'timestamp': Timestamp('2025-04-23 10:38:35.365082'), 'open': nan, 'high': nan, 'low': nan, 'close': 81800.0, 'volume': nan, 'short': 81793.77229228849, 'middle': 81793.72697960891, 'long': 81787.77541603966, 'buy': nan, 'sell': nan, 'buy_exit': nan, 'sell_exit': nan}
2025-04-23 10:38:35,472 INFO:Buy exit signal received
2025-04-23 10:38:35,472 INFO:Sell exit signal received
2025-04-23 10:38:35,472 INFO:Entering while loop with trade_count: 2
2025-04-23 10:38:35,537 INFO:Combined historical with live algo:                       timestamp    open    high     low     close  ...          long  buy  sell  buy_exit  sell_exit
0     2025-04-22 09:15:00+05:30  821.10  821.10  817.00    818.80  ...    818.800000  NaN   NaN       NaN        NaN
1     2025-04-22 09:16:00+05:30  818.75  818.75  814.60    814.60  ...    818.668750  NaN   NaN       NaN        NaN
2     2025-04-22 09:17:00+05:30  814.60  816.00  814.00    815.35  ...    818.565039  NaN   NaN       NaN        NaN
3     2025-04-22 09:18:00+05:30  815.30  816.00  814.75    815.50  ...    818.469257  NaN   NaN       NaN        NaN
4     2025-04-22 09:19:00+05:30  815.55  815.75  814.50    814.60  ...    818.348342  NaN   NaN       NaN        NaN
..                          ...     ...     ...     ...       ...  ...           ...  ...   ...       ...        ...
753  2025-04-23 10:38:34.951435     NaN     NaN     NaN  81790.00  ...  81787.209386  NaN   NaN       NaN        NaN
754  2025-04-23 10:38:34.951435     NaN     NaN     NaN  81790.00  ...  81787.296593  NaN   NaN       NaN        NaN
755  2025-04-23 10:38:34.951435     NaN     NaN     NaN  81790.00  ...  81787.381075  NaN   NaN       NaN        NaN
756  2025-04-23 10:38:35.365082     NaN     NaN     NaN  81800.00  ...  81787.775416  NaN   NaN       NaN        NaN
757  2025-04-23 10:38:35.365082     NaN     NaN     NaN  81800.00  ...  81788.157434  NaN   NaN       NaN        NaN

[758 rows x 13 columns]
2025-04-23 10:38:35,537 INFO:Final row: {'timestamp': Timestamp('2025-04-23 10:38:35.365082'), 'open': nan, 'high': nan, 'low': nan, 'close': 81800.0, 'volume': nan, 'short': 81795.84819485899, 'middle': 81794.2972541899, 'long': 81788.15743428841, 'buy': nan, 'sell': nan, 'buy_exit': nan, 'sell_exit': nan}
2025-04-23 10:38:35,537 INFO:Buy exit signal received
2025-04-23 10:38:35,537 INFO:Sell exit signal received
2025-04-23 10:38:35,537 INFO:Entering while loop with trade_count: 2
2025-04-23 10:38:35,600 INFO:Combined historical with live algo:                       timestamp    open    high     low     close  ...          long  buy  sell  buy_exit  sell_exit
0     2025-04-22 09:15:00+05:30  821.10  821.10  817.00    818.80  ...    818.800000  NaN   NaN       NaN        NaN
1     2025-04-22 09:16:00+05:30  818.75  818.75  814.60    814.60  ...    818.668750  NaN   NaN       NaN        NaN
2     2025-04-22 09:17:00+05:30  814.60  816.00  814.00    815.35  ...    818.565039  NaN   NaN       NaN        NaN
3     2025-04-22 09:18:00+05:30  815.30  816.00  814.75    815.50  ...    818.469257  NaN   NaN       NaN        NaN
4     2025-04-22 09:19:00+05:30  815.55  815.75  814.50    814.60  ...    818.348342  NaN   NaN       NaN        NaN
..                          ...     ...     ...     ...       ...  ...           ...  ...   ...       ...        ...
754  2025-04-23 10:38:34.951435     NaN     NaN     NaN  81790.00  ...  81787.296593  NaN   NaN       NaN        NaN
755  2025-04-23 10:38:34.951435     NaN     NaN     NaN  81790.00  ...  81787.381075  NaN   NaN       NaN        NaN
756  2025-04-23 10:38:35.365082     NaN     NaN     NaN  81800.00  ...  81787.775416  NaN   NaN       NaN        NaN
757  2025-04-23 10:38:35.365082     NaN     NaN     NaN  81800.00  ...  81788.157434  NaN   NaN       NaN        NaN
758  2025-04-23 10:38:35.365082     NaN     NaN     NaN  81800.00  ...  81788.527514  NaN   NaN       NaN        NaN

[759 rows x 13 columns]
2025-04-23 10:38:35,600 INFO:Final row: {'timestamp': Timestamp('2025-04-23 10:38:35.365082'), 'open': nan, 'high': nan, 'low': nan, 'close': 81800.0, 'volume': nan, 'short': 81797.232129906, 'middle': 81794.81568562718, 'long': 81788.5275144669, 'buy': nan, 'sell': nan, 'buy_exit': nan, 'sell_exit': nan}
2025-04-23 10:38:35,600 INFO:Buy exit signal received
2025-04-23 10:38:35,600 INFO:Sell exit signal received
2025-04-23 10:38:35,600 INFO:Entering while loop with trade_count: 2
2025-04-23 10:38:35,678 INFO:Combined historical with live algo:                       timestamp    open    high     low     close  ...          long  buy  sell  buy_exit  sell_exit
0     2025-04-22 09:15:00+05:30  821.10  821.10  817.00    818.80  ...    818.800000  NaN   NaN       NaN        NaN
1     2025-04-22 09:16:00+05:30  818.75  818.75  814.60    814.60  ...    818.668750  NaN   NaN       NaN        NaN
2     2025-04-22 09:17:00+05:30  814.60  816.00  814.00    815.35  ...    818.565039  NaN   NaN       NaN        NaN
3     2025-04-22 09:18:00+05:30  815.30  816.00  814.75    815.50  ...    818.469257  NaN   NaN       NaN        NaN
4     2025-04-22 09:19:00+05:30  815.55  815.75  814.50    814.60  ...    818.348342  NaN   NaN       NaN        NaN
..                          ...     ...     ...     ...       ...  ...           ...  ...   ...       ...        ...
755  2025-04-23 10:38:34.951435     NaN     NaN     NaN  81790.00  ...  81787.381075  NaN   NaN       NaN        NaN
756  2025-04-23 10:38:35.365082     NaN     NaN     NaN  81800.00  ...  81787.775416  NaN   NaN       NaN        NaN
757  2025-04-23 10:38:35.365082     NaN     NaN     NaN  81800.00  ...  81788.157434  NaN   NaN       NaN        NaN
758  2025-04-23 10:38:35.365082     NaN     NaN     NaN  81800.00  ...  81788.527514  NaN   NaN       NaN        NaN
759  2025-04-23 10:38:35.365082     NaN     NaN     NaN  81800.00  ...  81788.886030  NaN   NaN       NaN        NaN

[760 rows x 13 columns]
2025-04-23 10:38:35,680 INFO:Final row: {'timestamp': Timestamp('2025-04-23 10:38:35.365082'), 'open': nan, 'high': nan, 'low': nan, 'close': 81800.0, 'volume': nan, 'short': 81798.15475327068, 'middle': 81795.28698693379, 'long': 81788.8860296398, 'buy': nan, 'sell': nan, 'buy_exit': nan, 'sell_exit': nan}
2025-04-23 10:38:35,682 INFO:Buy exit signal received
2025-04-23 10:38:35,682 INFO:Sell exit signal received
2025-04-23 10:38:35,682 INFO:Entering while loop with trade_count: 2
2025-04-23 10:38:35,747 INFO:Combined historical with live algo:                       timestamp    open    high     low     close  ...          long  buy  sell  buy_exit  sell_exit
0     2025-04-22 09:15:00+05:30  821.10  821.10  817.00    818.80  ...    818.800000  NaN   NaN       NaN        NaN
1     2025-04-22 09:16:00+05:30  818.75  818.75  814.60    814.60  ...    818.668750  NaN   NaN       NaN        NaN
2     2025-04-22 09:17:00+05:30  814.60  816.00  814.00    815.35  ...    818.565039  NaN   NaN       NaN        NaN
3     2025-04-22 09:18:00+05:30  815.30  816.00  814.75    815.50  ...    818.469257  NaN   NaN       NaN        NaN
4     2025-04-22 09:19:00+05:30  815.55  815.75  814.50    814.60  ...    818.348342  NaN   NaN       NaN        NaN
..                          ...     ...     ...     ...       ...  ...           ...  ...   ...       ...        ...
756  2025-04-23 10:38:35.365082     NaN     NaN     NaN  81800.00  ...  81787.775416  NaN   NaN       NaN        NaN
757  2025-04-23 10:38:35.365082     NaN     NaN     NaN  81800.00  ...  81788.157434  NaN   NaN       NaN        NaN
758  2025-04-23 10:38:35.365082     NaN     NaN     NaN  81800.00  ...  81788.527514  NaN   NaN       NaN        NaN
759  2025-04-23 10:38:35.365082     NaN     NaN     NaN  81800.00  ...  81788.886030  NaN   NaN       NaN        NaN
760  2025-04-23 10:38:35.365082     NaN     NaN     NaN  81800.00  ...  81789.233341  NaN   NaN       NaN        NaN

[761 rows x 13 columns]
2025-04-23 10:38:35,747 INFO:Final row: {'timestamp': Timestamp('2025-04-23 10:38:35.365082'), 'open': nan, 'high': nan, 'low': nan, 'close': 81800.0, 'volume': nan, 'short': 81798.76983551378, 'middle': 81795.71544266707, 'long': 81789.23334121356, 'buy': nan, 'sell': nan, 'buy_exit': nan, 'sell_exit': nan}
2025-04-23 10:38:35,747 INFO:Buy exit signal received
2025-04-23 10:38:35,747 INFO:Sell exit signal received
2025-04-23 10:38:35,747 INFO:Entering while loop with trade_count: 2
2025-04-23 10:38:35,815 INFO:Combined historical with live algo:                       timestamp    open    high     low     close  ...          long  buy  sell  buy_exit  sell_exit
0     2025-04-22 09:15:00+05:30  821.10  821.10  817.00    818.80  ...    818.800000  NaN   NaN       NaN        NaN
1     2025-04-22 09:16:00+05:30  818.75  818.75  814.60    814.60  ...    818.668750  NaN   NaN       NaN        NaN
2     2025-04-22 09:17:00+05:30  814.60  816.00  814.00    815.35  ...    818.565039  NaN   NaN       NaN        NaN
3     2025-04-22 09:18:00+05:30  815.30  816.00  814.75    815.50  ...    818.469257  NaN   NaN       NaN        NaN
4     2025-04-22 09:19:00+05:30  815.55  815.75  814.50    814.60  ...    818.348342  NaN   NaN       NaN        NaN
..                          ...     ...     ...     ...       ...  ...           ...  ...   ...       ...        ...
757  2025-04-23 10:38:35.365082     NaN     NaN     NaN  81800.00  ...  81788.157434  NaN   NaN       NaN        NaN
758  2025-04-23 10:38:35.365082     NaN     NaN     NaN  81800.00  ...  81788.527514  NaN   NaN       NaN        NaN
759  2025-04-23 10:38:35.365082     NaN     NaN     NaN  81800.00  ...  81788.886030  NaN   NaN       NaN        NaN
760  2025-04-23 10:38:35.365082     NaN     NaN     NaN  81800.00  ...  81789.233341  NaN   NaN       NaN        NaN
761  2025-04-23 10:38:35.365082     NaN     NaN     NaN  81800.00  ...  81789.569799  NaN   NaN       NaN        NaN

[762 rows x 13 columns]
2025-04-23 10:38:35,828 INFO:Final row: {'timestamp': Timestamp('2025-04-23 10:38:35.365082'), 'open': nan, 'high': nan, 'low': nan, 'close': 81800.0, 'volume': nan, 'short': 81799.17989034252, 'middle': 81796.10494787915, 'long': 81789.56979930063, 'buy': nan, 'sell': nan, 'buy_exit': nan, 'sell_exit': nan}
2025-04-23 10:38:35,828 INFO:Buy exit signal received
2025-04-23 10:38:35,828 INFO:Sell exit signal received
2025-04-23 10:38:35,828 INFO:Entering while loop with trade_count: 2
2025-04-23 10:38:35,885 INFO:Combined historical with live algo:                       timestamp    open    high     low     close  ...          long  buy  sell  buy_exit  sell_exit
0     2025-04-22 09:15:00+05:30  821.10  821.10  817.00    818.80  ...    818.800000  NaN   NaN       NaN        NaN
1     2025-04-22 09:16:00+05:30  818.75  818.75  814.60    814.60  ...    818.668750  NaN   NaN       NaN        NaN
2     2025-04-22 09:17:00+05:30  814.60  816.00  814.00    815.35  ...    818.565039  NaN   NaN       NaN        NaN
3     2025-04-22 09:18:00+05:30  815.30  816.00  814.75    815.50  ...    818.469257  NaN   NaN       NaN        NaN
4     2025-04-22 09:19:00+05:30  815.55  815.75  814.50    814.60  ...    818.348342  NaN   NaN       NaN        NaN
..                          ...     ...     ...     ...       ...  ...           ...  ...   ...       ...        ...
758  2025-04-23 10:38:35.365082     NaN     NaN     NaN  81800.00  ...  81788.527514  NaN   NaN       NaN        NaN
759  2025-04-23 10:38:35.365082     NaN     NaN     NaN  81800.00  ...  81788.886030  NaN   NaN       NaN        NaN
760  2025-04-23 10:38:35.365082     NaN     NaN     NaN  81800.00  ...  81789.233341  NaN   NaN       NaN        NaN
761  2025-04-23 10:38:35.365082     NaN     NaN     NaN  81800.00  ...  81789.569799  NaN   NaN       NaN        NaN
762  2025-04-23 10:38:35.365082     NaN     NaN     NaN  81800.00  ...  81789.895743  NaN   NaN       NaN        NaN

[763 rows x 13 columns]
2025-04-23 10:38:35,885 INFO:Final row: {'timestamp': Timestamp('2025-04-23 10:38:35.365082'), 'open': nan, 'high': nan, 'low': nan, 'close': 81800.0, 'volume': nan, 'short': 81799.45326022836, 'middle': 81796.4590435265, 'long': 81789.89574307248, 'buy': nan, 'sell': nan, 'buy_exit': nan, 'sell_exit': nan}
2025-04-23 10:38:35,885 INFO:Buy exit signal received
2025-04-23 10:38:35,885 INFO:Sell exit signal received
2025-04-23 10:38:35,885 INFO:Entering while loop with trade_count: 2
2025-04-23 10:38:35,951 INFO:Combined historical with live algo:                       timestamp    open    high     low     close  ...          long  buy  sell  buy_exit  sell_exit
0     2025-04-22 09:15:00+05:30  821.10  821.10  817.00    818.80  ...    818.800000  NaN   NaN       NaN        NaN
1     2025-04-22 09:16:00+05:30  818.75  818.75  814.60    814.60  ...    818.668750  NaN   NaN       NaN        NaN
2     2025-04-22 09:17:00+05:30  814.60  816.00  814.00    815.35  ...    818.565039  NaN   NaN       NaN        NaN
3     2025-04-22 09:18:00+05:30  815.30  816.00  814.75    815.50  ...    818.469257  NaN   NaN       NaN        NaN
4     2025-04-22 09:19:00+05:30  815.55  815.75  814.50    814.60  ...    818.348342  NaN   NaN       NaN        NaN
..                          ...     ...     ...     ...       ...  ...           ...  ...   ...       ...        ...
759  2025-04-23 10:38:35.365082     NaN     NaN     NaN  81800.00  ...  81788.886030  NaN   NaN       NaN        NaN
760  2025-04-23 10:38:35.365082     NaN     NaN     NaN  81800.00  ...  81789.233341  NaN   NaN       NaN        NaN
761  2025-04-23 10:38:35.365082     NaN     NaN     NaN  81800.00  ...  81789.569799  NaN   NaN       NaN        NaN
762  2025-04-23 10:38:35.365082     NaN     NaN     NaN  81800.00  ...  81789.895743  NaN   NaN       NaN        NaN
763  2025-04-23 10:38:35.365082     NaN     NaN     NaN  81800.00  ...  81790.211501  NaN   NaN       NaN        NaN

[764 rows x 13 columns]
2025-04-23 10:38:35,951 INFO:Final row: {'timestamp': Timestamp('2025-04-23 10:38:35.365082'), 'open': nan, 'high': nan, 'low': nan, 'close': 81800.0, 'volume': nan, 'short': 81799.63550681892, 'middle': 81796.78094866045, 'long': 81790.21150110147, 'buy': nan, 'sell': nan, 'buy_exit': nan, 'sell_exit': nan}
2025-04-23 10:38:35,951 INFO:Buy exit signal received
2025-04-23 10:38:35,951 INFO:Sell exit signal received
2025-04-23 10:38:35,951 INFO:Entering while loop with trade_count: 2
2025-04-23 10:38:36,029 INFO:Combined historical with live algo:                       timestamp    open    high     low     close  ...          long  buy  sell  buy_exit  sell_exit
0     2025-04-22 09:15:00+05:30  821.10  821.10  817.00    818.80  ...    818.800000  NaN   NaN       NaN        NaN
1     2025-04-22 09:16:00+05:30  818.75  818.75  814.60    814.60  ...    818.668750  NaN   NaN       NaN        NaN
2     2025-04-22 09:17:00+05:30  814.60  816.00  814.00    815.35  ...    818.565039  NaN   NaN       NaN        NaN
3     2025-04-22 09:18:00+05:30  815.30  816.00  814.75    815.50  ...    818.469257  NaN   NaN       NaN        NaN
4     2025-04-22 09:19:00+05:30  815.55  815.75  814.50    814.60  ...    818.348342  NaN   NaN       NaN        NaN
..                          ...     ...     ...     ...       ...  ...           ...  ...   ...       ...        ...
760  2025-04-23 10:38:35.365082     NaN     NaN     NaN  81800.00  ...  81789.233341  NaN   NaN       NaN        NaN
761  2025-04-23 10:38:35.365082     NaN     NaN     NaN  81800.00  ...  81789.569799  NaN   NaN       NaN        NaN
762  2025-04-23 10:38:35.365082     NaN     NaN     NaN  81800.00  ...  81789.895743  NaN   NaN       NaN        NaN
763  2025-04-23 10:38:35.365082     NaN     NaN     NaN  81800.00  ...  81790.211501  NaN   NaN       NaN        NaN
764  2025-04-23 10:38:35.365082     NaN     NaN     NaN  81800.00  ...  81790.517392  NaN   NaN       NaN        NaN

[765 rows x 13 columns]
2025-04-23 10:38:36,029 INFO:Final row: {'timestamp': Timestamp('2025-04-23 10:38:35.365082'), 'open': nan, 'high': nan, 'low': nan, 'close': 81800.0, 'volume': nan, 'short': 81799.75700454594, 'middle': 81797.07358969131, 'long': 81790.51739169205, 'buy': nan, 'sell': nan, 'buy_exit': nan, 'sell_exit': nan}
2025-04-23 10:38:36,029 INFO:Buy exit signal received
2025-04-23 10:38:36,029 INFO:Sell exit signal received
2025-04-23 10:38:36,029 INFO:Entering while loop with trade_count: 2
2025-04-23 10:38:36,092 INFO:Combined historical with live algo:                       timestamp    open    high     low     close  ...          long  buy  sell  buy_exit  sell_exit
0     2025-04-22 09:15:00+05:30  821.10  821.10  817.00    818.80  ...    818.800000  NaN   NaN       NaN        NaN
1     2025-04-22 09:16:00+05:30  818.75  818.75  814.60    814.60  ...    818.668750  NaN   NaN       NaN        NaN
2     2025-04-22 09:17:00+05:30  814.60  816.00  814.00    815.35  ...    818.565039  NaN   NaN       NaN        NaN
3     2025-04-22 09:18:00+05:30  815.30  816.00  814.75    815.50  ...    818.469257  NaN   NaN       NaN        NaN
4     2025-04-22 09:19:00+05:30  815.55  815.75  814.50    814.60  ...    818.348342  NaN   NaN       NaN        NaN
..                          ...     ...     ...     ...       ...  ...           ...  ...   ...       ...        ...
761  2025-04-23 10:38:35.365082     NaN     NaN     NaN  81800.00  ...  81789.569799  NaN   NaN       NaN        NaN
762  2025-04-23 10:38:35.365082     NaN     NaN     NaN  81800.00  ...  81789.895743  NaN   NaN       NaN        NaN
763  2025-04-23 10:38:35.365082     NaN     NaN     NaN  81800.00  ...  81790.211501  NaN   NaN       NaN        NaN
764  2025-04-23 10:38:35.365082     NaN     NaN     NaN  81800.00  ...  81790.517392  NaN   NaN       NaN        NaN
765  2025-04-23 10:38:35.975752     NaN     NaN     NaN  81800.00  ...  81790.813723  NaN   NaN       NaN        NaN

[766 rows x 13 columns]
2025-04-23 10:38:36,093 INFO:Final row: {'timestamp': Timestamp('2025-04-23 10:38:35.975752'), 'open': nan, 'high': nan, 'low': nan, 'close': 81800.0, 'volume': nan, 'short': 81799.83800303063, 'middle': 81797.33962699209, 'long': 81790.81372320167, 'buy': nan, 'sell': nan, 'buy_exit': nan, 'sell_exit': nan}
2025-04-23 10:38:36,093 INFO:Buy exit signal received
2025-04-23 10:38:36,095 INFO:Sell exit signal received
2025-04-23 10:38:36,095 INFO:Entering while loop with trade_count: 2
2025-04-23 10:38:36,158 INFO:Combined historical with live algo:                       timestamp    open    high     low     close  ...          long  buy  sell  buy_exit  sell_exit
0     2025-04-22 09:15:00+05:30  821.10  821.10  817.00    818.80  ...    818.800000  NaN   NaN       NaN        NaN
1     2025-04-22 09:16:00+05:30  818.75  818.75  814.60    814.60  ...    818.668750  NaN   NaN       NaN        NaN
2     2025-04-22 09:17:00+05:30  814.60  816.00  814.00    815.35  ...    818.565039  NaN   NaN       NaN        NaN
3     2025-04-22 09:18:00+05:30  815.30  816.00  814.75    815.50  ...    818.469257  NaN   NaN       NaN        NaN
4     2025-04-22 09:19:00+05:30  815.55  815.75  814.50    814.60  ...    818.348342  NaN   NaN       NaN        NaN
..                          ...     ...     ...     ...       ...  ...           ...  ...   ...       ...        ...
762  2025-04-23 10:38:35.365082     NaN     NaN     NaN  81800.00  ...  81789.895743  NaN   NaN       NaN        NaN
763  2025-04-23 10:38:35.365082     NaN     NaN     NaN  81800.00  ...  81790.211501  NaN   NaN       NaN        NaN
764  2025-04-23 10:38:35.365082     NaN     NaN     NaN  81800.00  ...  81790.517392  NaN   NaN       NaN        NaN
765  2025-04-23 10:38:35.975752     NaN     NaN     NaN  81800.00  ...  81790.813723  NaN   NaN       NaN        NaN
766  2025-04-23 10:38:35.975752     NaN     NaN     NaN  81800.00  ...  81791.100794  NaN   NaN       NaN        NaN

[767 rows x 13 columns]
2025-04-23 10:38:36,160 INFO:Final row: {'timestamp': Timestamp('2025-04-23 10:38:35.975752'), 'open': nan, 'high': nan, 'low': nan, 'close': 81800.0, 'volume': nan, 'short': 81799.89200202042, 'middle': 81797.58147908372, 'long': 81791.10079435162, 'buy': nan, 'sell': nan, 'buy_exit': nan, 'sell_exit': nan}
2025-04-23 10:38:36,160 INFO:Buy exit signal received
2025-04-23 10:38:36,160 INFO:Sell exit signal received
2025-04-23 10:38:36,160 INFO:Entering while loop with trade_count: 2
2025-04-23 10:38:36,228 INFO:Combined historical with live algo:                       timestamp    open    high     low     close  ...          long  buy  sell  buy_exit  sell_exit
0     2025-04-22 09:15:00+05:30  821.10  821.10  817.00    818.80  ...    818.800000  NaN   NaN       NaN        NaN
1     2025-04-22 09:16:00+05:30  818.75  818.75  814.60    814.60  ...    818.668750  NaN   NaN       NaN        NaN
2     2025-04-22 09:17:00+05:30  814.60  816.00  814.00    815.35  ...    818.565039  NaN   NaN       NaN        NaN
3     2025-04-22 09:18:00+05:30  815.30  816.00  814.75    815.50  ...    818.469257  NaN   NaN       NaN        NaN
4     2025-04-22 09:19:00+05:30  815.55  815.75  814.50    814.60  ...    818.348342  NaN   NaN       NaN        NaN
..                          ...     ...     ...     ...       ...  ...           ...  ...   ...       ...        ...
763  2025-04-23 10:38:35.365082     NaN     NaN     NaN  81800.00  ...  81790.211501  NaN   NaN       NaN        NaN
764  2025-04-23 10:38:35.365082     NaN     NaN     NaN  81800.00  ...  81790.517392  NaN   NaN       NaN        NaN
765  2025-04-23 10:38:35.975752     NaN     NaN     NaN  81800.00  ...  81790.813723  NaN   NaN       NaN        NaN
766  2025-04-23 10:38:35.975752     NaN     NaN     NaN  81800.00  ...  81791.100794  NaN   NaN       NaN        NaN
767  2025-04-23 10:38:35.975752     NaN     NaN     NaN  81800.00  ...  81791.378895  NaN   NaN       NaN        NaN

[768 rows x 13 columns]
2025-04-23 10:38:36,236 INFO:Final row: {'timestamp': Timestamp('2025-04-23 10:38:35.975752'), 'open': nan, 'high': nan, 'low': nan, 'close': 81800.0, 'volume': nan, 'short': 81799.92800134695, 'middle': 81797.80134462155, 'long': 81791.37889452813, 'buy': nan, 'sell': nan, 'buy_exit': nan, 'sell_exit': nan}
2025-04-23 10:38:36,236 INFO:Buy exit signal received
2025-04-23 10:38:36,236 INFO:Sell exit signal received
2025-04-23 10:38:36,236 INFO:Entering while loop with trade_count: 2
2025-04-23 10:38:36,302 INFO:Combined historical with live algo:                       timestamp    open    high     low     close  ...          long  buy  sell  buy_exit  sell_exit
0     2025-04-22 09:15:00+05:30  821.10  821.10  817.00    818.80  ...    818.800000  NaN   NaN       NaN        NaN
1     2025-04-22 09:16:00+05:30  818.75  818.75  814.60    814.60  ...    818.668750  NaN   NaN       NaN        NaN
2     2025-04-22 09:17:00+05:30  814.60  816.00  814.00    815.35  ...    818.565039  NaN   NaN       NaN        NaN
3     2025-04-22 09:18:00+05:30  815.30  816.00  814.75    815.50  ...    818.469257  NaN   NaN       NaN        NaN
4     2025-04-22 09:19:00+05:30  815.55  815.75  814.50    814.60  ...    818.348342  NaN   NaN       NaN        NaN
..                          ...     ...     ...     ...       ...  ...           ...  ...   ...       ...        ...
764  2025-04-23 10:38:35.365082     NaN     NaN     NaN  81800.00  ...  81790.517392  NaN   NaN       NaN        NaN
765  2025-04-23 10:38:35.975752     NaN     NaN     NaN  81800.00  ...  81790.813723  NaN   NaN       NaN        NaN
766  2025-04-23 10:38:35.975752     NaN     NaN     NaN  81800.00  ...  81791.100794  NaN   NaN       NaN        NaN
767  2025-04-23 10:38:35.975752     NaN     NaN     NaN  81800.00  ...  81791.378895  NaN   NaN       NaN        NaN
768  2025-04-23 10:38:35.975752     NaN     NaN     NaN  81800.00  ...  81791.648304  NaN   NaN       NaN        NaN

[769 rows x 13 columns]
2025-04-23 10:38:36,304 INFO:Final row: {'timestamp': Timestamp('2025-04-23 10:38:35.975752'), 'open': nan, 'high': nan, 'low': nan, 'close': 81800.0, 'volume': nan, 'short': 81799.95200089797, 'middle': 81798.00122238322, 'long': 81791.64830407413, 'buy': nan, 'sell': nan, 'buy_exit': nan, 'sell_exit': nan}
2025-04-23 10:38:36,304 INFO:Buy exit signal received
2025-04-23 10:38:36,304 INFO:Sell exit signal received
2025-04-23 10:38:36,304 INFO:Entering while loop with trade_count: 2
2025-04-23 10:38:36,380 INFO:Combined historical with live algo:                       timestamp    open    high     low     close  ...          long  buy  sell  buy_exit  sell_exit
0     2025-04-22 09:15:00+05:30  821.10  821.10  817.00    818.80  ...    818.800000  NaN   NaN       NaN        NaN
1     2025-04-22 09:16:00+05:30  818.75  818.75  814.60    814.60  ...    818.668750  NaN   NaN       NaN        NaN
2     2025-04-22 09:17:00+05:30  814.60  816.00  814.00    815.35  ...    818.565039  NaN   NaN       NaN        NaN
3     2025-04-22 09:18:00+05:30  815.30  816.00  814.75    815.50  ...    818.469257  NaN   NaN       NaN        NaN
4     2025-04-22 09:19:00+05:30  815.55  815.75  814.50    814.60  ...    818.348342  NaN   NaN       NaN        NaN
..                          ...     ...     ...     ...       ...  ...           ...  ...   ...       ...        ...
765  2025-04-23 10:38:35.975752     NaN     NaN     NaN  81800.00  ...  81790.813723  NaN   NaN       NaN        NaN
766  2025-04-23 10:38:35.975752     NaN     NaN     NaN  81800.00  ...  81791.100794  NaN   NaN       NaN        NaN
767  2025-04-23 10:38:35.975752     NaN     NaN     NaN  81800.00  ...  81791.378895  NaN   NaN       NaN        NaN
768  2025-04-23 10:38:35.975752     NaN     NaN     NaN  81800.00  ...  81791.648304  NaN   NaN       NaN        NaN
769  2025-04-23 10:38:35.975752     NaN     NaN     NaN  81800.00  ...  81791.909295  NaN   NaN       NaN        NaN

[770 rows x 13 columns]
2025-04-23 10:38:36,382 INFO:Final row: {'timestamp': Timestamp('2025-04-23 10:38:35.975752'), 'open': nan, 'high': nan, 'low': nan, 'close': 81800.0, 'volume': nan, 'short': 81799.96800059866, 'middle': 81798.18292943928, 'long': 81791.90929457181, 'buy': nan, 'sell': nan, 'buy_exit': nan, 'sell_exit': nan}
2025-04-23 10:38:36,382 INFO:Buy exit signal received
2025-04-23 10:38:36,382 INFO:Sell exit signal received
2025-04-23 10:38:36,382 INFO:Entering while loop with trade_count: 2
2025-04-23 10:38:36,469 INFO:Combined historical with live algo:                       timestamp    open    high     low     close  ...          long  buy  sell  buy_exit  sell_exit
0     2025-04-22 09:15:00+05:30  821.10  821.10  817.00    818.80  ...    818.800000  NaN   NaN       NaN        NaN
1     2025-04-22 09:16:00+05:30  818.75  818.75  814.60    814.60  ...    818.668750  NaN   NaN       NaN        NaN
2     2025-04-22 09:17:00+05:30  814.60  816.00  814.00    815.35  ...    818.565039  NaN   NaN       NaN        NaN
3     2025-04-22 09:18:00+05:30  815.30  816.00  814.75    815.50  ...    818.469257  NaN   NaN       NaN        NaN
4     2025-04-22 09:19:00+05:30  815.55  815.75  814.50    814.60  ...    818.348342  NaN   NaN       NaN        NaN
..                          ...     ...     ...     ...       ...  ...           ...  ...   ...       ...        ...
766  2025-04-23 10:38:35.975752     NaN     NaN     NaN  81800.00  ...  81791.100794  NaN   NaN       NaN        NaN
767  2025-04-23 10:38:35.975752     NaN     NaN     NaN  81800.00  ...  81791.378895  NaN   NaN       NaN        NaN
768  2025-04-23 10:38:35.975752     NaN     NaN     NaN  81800.00  ...  81791.648304  NaN   NaN       NaN        NaN
769  2025-04-23 10:38:35.975752     NaN     NaN     NaN  81800.00  ...  81791.909295  NaN   NaN       NaN        NaN
770  2025-04-23 10:38:35.975752     NaN     NaN     NaN  81800.00  ...  81792.162129  NaN   NaN       NaN        NaN

[771 rows x 13 columns]
2025-04-23 10:38:36,469 INFO:Final row: {'timestamp': Timestamp('2025-04-23 10:38:35.975752'), 'open': nan, 'high': nan, 'low': nan, 'close': 81800.0, 'volume': nan, 'short': 81799.97866706578, 'middle': 81798.34811767207, 'long': 81792.16212911645, 'buy': nan, 'sell': nan, 'buy_exit': nan, 'sell_exit': nan}
2025-04-23 10:38:36,469 INFO:Buy exit signal received
2025-04-23 10:38:36,469 INFO:Sell exit signal received
2025-04-23 10:38:36,469 INFO:Entering while loop with trade_count: 2
2025-04-23 10:38:36,595 INFO:Combined historical with live algo:                       timestamp    open    high     low     close  ...          long  buy  sell  buy_exit  sell_exit
0     2025-04-22 09:15:00+05:30  821.10  821.10  817.00    818.80  ...    818.800000  NaN   NaN       NaN        NaN
1     2025-04-22 09:16:00+05:30  818.75  818.75  814.60    814.60  ...    818.668750  NaN   NaN       NaN        NaN
2     2025-04-22 09:17:00+05:30  814.60  816.00  814.00    815.35  ...    818.565039  NaN   NaN       NaN        NaN
3     2025-04-22 09:18:00+05:30  815.30  816.00  814.75    815.50  ...    818.469257  NaN   NaN       NaN        NaN
4     2025-04-22 09:19:00+05:30  815.55  815.75  814.50    814.60  ...    818.348342  NaN   NaN       NaN        NaN
..                          ...     ...     ...     ...       ...  ...           ...  ...   ...       ...        ...
767  2025-04-23 10:38:35.975752     NaN     NaN     NaN  81800.00  ...  81791.378895  NaN   NaN       NaN        NaN
768  2025-04-23 10:38:35.975752     NaN     NaN     NaN  81800.00  ...  81791.648304  NaN   NaN       NaN        NaN
769  2025-04-23 10:38:35.975752     NaN     NaN     NaN  81800.00  ...  81791.909295  NaN   NaN       NaN        NaN
770  2025-04-23 10:38:35.975752     NaN     NaN     NaN  81800.00  ...  81792.162129  NaN   NaN       NaN        NaN
771  2025-04-23 10:38:36.432571     NaN     NaN     NaN  81800.00  ...  81792.407063  NaN   NaN       NaN        NaN

[772 rows x 13 columns]
2025-04-23 10:38:36,596 INFO:Final row: {'timestamp': Timestamp('2025-04-23 10:38:36.432571'), 'open': nan, 'high': nan, 'low': nan, 'close': 81800.0, 'volume': nan, 'short': 81799.98577804386, 'middle': 81798.49828879278, 'long': 81792.40706258157, 'buy': nan, 'sell': nan, 'buy_exit': nan, 'sell_exit': nan}
2025-04-23 10:38:36,596 INFO:Buy exit signal received
2025-04-23 10:38:36,596 INFO:Sell exit signal received
2025-04-23 10:38:36,596 INFO:Entering while loop with trade_count: 2
2025-04-23 10:38:36,717 INFO:Combined historical with live algo:                       timestamp    open    high     low     close  ...          long  buy  sell  buy_exit  sell_exit
0     2025-04-22 09:15:00+05:30  821.10  821.10  817.00    818.80  ...    818.800000  NaN   NaN       NaN        NaN
1     2025-04-22 09:16:00+05:30  818.75  818.75  814.60    814.60  ...    818.668750  NaN   NaN       NaN        NaN
2     2025-04-22 09:17:00+05:30  814.60  816.00  814.00    815.35  ...    818.565039  NaN   NaN       NaN        NaN
3     2025-04-22 09:18:00+05:30  815.30  816.00  814.75    815.50  ...    818.469257  NaN   NaN       NaN        NaN
4     2025-04-22 09:19:00+05:30  815.55  815.75  814.50    814.60  ...    818.348342  NaN   NaN       NaN        NaN
..                          ...     ...     ...     ...       ...  ...           ...  ...   ...       ...        ...
768  2025-04-23 10:38:35.975752     NaN     NaN     NaN  81800.00  ...  81791.648304  NaN   NaN       NaN        NaN
769  2025-04-23 10:38:35.975752     NaN     NaN     NaN  81800.00  ...  81791.909295  NaN   NaN       NaN        NaN
770  2025-04-23 10:38:35.975752     NaN     NaN     NaN  81800.00  ...  81792.162129  NaN   NaN       NaN        NaN
771  2025-04-23 10:38:36.432571     NaN     NaN     NaN  81800.00  ...  81792.407063  NaN   NaN       NaN        NaN
772  2025-04-23 10:38:36.432571     NaN     NaN     NaN  81800.00  ...  81792.644342  NaN   NaN       NaN        NaN

[773 rows x 13 columns]
2025-04-23 10:38:36,717 INFO:Final row: {'timestamp': Timestamp('2025-04-23 10:38:36.432571'), 'open': nan, 'high': nan, 'low': nan, 'close': 81800.0, 'volume': nan, 'short': 81799.99051869591, 'middle': 81798.63480799343, 'long': 81792.64434187589, 'buy': nan, 'sell': nan, 'buy_exit': nan, 'sell_exit': nan}
2025-04-23 10:38:36,717 INFO:Buy exit signal received
2025-04-23 10:38:36,717 INFO:Sell exit signal received
2025-04-23 10:38:36,717 INFO:Entering while loop with trade_count: 2
2025-04-23 10:38:36,844 INFO:Combined historical with live algo:                       timestamp    open    high     low     close  ...          long  buy  sell  buy_exit  sell_exit
0     2025-04-22 09:15:00+05:30  821.10  821.10  817.00    818.80  ...    818.800000  NaN   NaN       NaN        NaN
1     2025-04-22 09:16:00+05:30  818.75  818.75  814.60    814.60  ...    818.668750  NaN   NaN       NaN        NaN
2     2025-04-22 09:17:00+05:30  814.60  816.00  814.00    815.35  ...    818.565039  NaN   NaN       NaN        NaN
3     2025-04-22 09:18:00+05:30  815.30  816.00  814.75    815.50  ...    818.469257  NaN   NaN       NaN        NaN
4     2025-04-22 09:19:00+05:30  815.55  815.75  814.50    814.60  ...    818.348342  NaN   NaN       NaN        NaN
..                          ...     ...     ...     ...       ...  ...           ...  ...   ...       ...        ...
769  2025-04-23 10:38:35.975752     NaN     NaN     NaN  81800.00  ...  81791.909295  NaN   NaN       NaN        NaN
770  2025-04-23 10:38:35.975752     NaN     NaN     NaN  81800.00  ...  81792.162129  NaN   NaN       NaN        NaN
771  2025-04-23 10:38:36.432571     NaN     NaN     NaN  81800.00  ...  81792.407063  NaN   NaN       NaN        NaN
772  2025-04-23 10:38:36.432571     NaN     NaN     NaN  81800.00  ...  81792.644342  NaN   NaN       NaN        NaN
773  2025-04-23 10:38:36.432571     NaN     NaN     NaN  81800.00  ...  81792.874206  NaN   NaN       NaN        NaN

[774 rows x 13 columns]
2025-04-23 10:38:36,850 INFO:Final row: {'timestamp': Timestamp('2025-04-23 10:38:36.432571'), 'open': nan, 'high': nan, 'low': nan, 'close': 81800.0, 'volume': nan, 'short': 81799.99367913061, 'middle': 81798.75891635765, 'long': 81792.87420619227, 'buy': nan, 'sell': nan, 'buy_exit': nan, 'sell_exit': nan}
2025-04-23 10:38:36,850 INFO:Buy exit signal received
2025-04-23 10:38:36,850 INFO:Sell exit signal received
2025-04-23 10:38:36,850 INFO:Entering while loop with trade_count: 2
2025-04-23 10:38:36,943 INFO:Combined historical with live algo:                       timestamp    open    high     low     close  ...          long  buy  sell  buy_exit  sell_exit
0     2025-04-22 09:15:00+05:30  821.10  821.10  817.00    818.80  ...    818.800000  NaN   NaN       NaN        NaN
1     2025-04-22 09:16:00+05:30  818.75  818.75  814.60    814.60  ...    818.668750  NaN   NaN       NaN        NaN
2     2025-04-22 09:17:00+05:30  814.60  816.00  814.00    815.35  ...    818.565039  NaN   NaN       NaN        NaN
3     2025-04-22 09:18:00+05:30  815.30  816.00  814.75    815.50  ...    818.469257  NaN   NaN       NaN        NaN
4     2025-04-22 09:19:00+05:30  815.55  815.75  814.50    814.60  ...    818.348342  NaN   NaN       NaN        NaN
..                          ...     ...     ...     ...       ...  ...           ...  ...   ...       ...        ...
770  2025-04-23 10:38:35.975752     NaN     NaN     NaN  81800.00  ...  81792.162129  NaN   NaN       NaN        NaN
771  2025-04-23 10:38:36.432571     NaN     NaN     NaN  81800.00  ...  81792.407063  NaN   NaN       NaN        NaN
772  2025-04-23 10:38:36.432571     NaN     NaN     NaN  81800.00  ...  81792.644342  NaN   NaN       NaN        NaN
773  2025-04-23 10:38:36.432571     NaN     NaN     NaN  81800.00  ...  81792.874206  NaN   NaN       NaN        NaN
774  2025-04-23 10:38:36.432571     NaN     NaN     NaN  81800.00  ...  81793.096887  NaN   NaN       NaN        NaN

[775 rows x 13 columns]
2025-04-23 10:38:36,943 INFO:Final row: {'timestamp': Timestamp('2025-04-23 10:38:36.432571'), 'open': nan, 'high': nan, 'low': nan, 'close': 81800.0, 'volume': nan, 'short': 81799.99578608708, 'middle': 81798.87174214331, 'long': 81793.09688724876, 'buy': nan, 'sell': nan, 'buy_exit': nan, 'sell_exit': nan}
2025-04-23 10:38:36,943 INFO:Buy exit signal received
2025-04-23 10:38:36,943 INFO:Sell exit signal received
2025-04-23 10:38:36,943 INFO:Entering while loop with trade_count: 2
2025-04-23 10:38:37,042 INFO:Combined historical with live algo:                       timestamp    open    high     low     close  ...          long  buy  sell  buy_exit  sell_exit
0     2025-04-22 09:15:00+05:30  821.10  821.10  817.00    818.80  ...    818.800000  NaN   NaN       NaN        NaN
1     2025-04-22 09:16:00+05:30  818.75  818.75  814.60    814.60  ...    818.668750  NaN   NaN       NaN        NaN
2     2025-04-22 09:17:00+05:30  814.60  816.00  814.00    815.35  ...    818.565039  NaN   NaN       NaN        NaN
3     2025-04-22 09:18:00+05:30  815.30  816.00  814.75    815.50  ...    818.469257  NaN   NaN       NaN        NaN
4     2025-04-22 09:19:00+05:30  815.55  815.75  814.50    814.60  ...    818.348342  NaN   NaN       NaN        NaN
..                          ...     ...     ...     ...       ...  ...           ...  ...   ...       ...        ...
771  2025-04-23 10:38:36.432571     NaN     NaN     NaN  81800.00  ...  81792.407063  NaN   NaN       NaN        NaN
772  2025-04-23 10:38:36.432571     NaN     NaN     NaN  81800.00  ...  81792.644342  NaN   NaN       NaN        NaN
773  2025-04-23 10:38:36.432571     NaN     NaN     NaN  81800.00  ...  81792.874206  NaN   NaN       NaN        NaN
774  2025-04-23 10:38:36.432571     NaN     NaN     NaN  81800.00  ...  81793.096887  NaN   NaN       NaN        NaN
775  2025-04-23 10:38:36.432571     NaN     NaN     NaN  81800.00  ...  81793.312610  NaN   NaN       NaN        NaN

[776 rows x 13 columns]
2025-04-23 10:38:37,042 INFO:Final row: {'timestamp': Timestamp('2025-04-23 10:38:36.432571'), 'open': nan, 'high': nan, 'low': nan, 'close': 81800.0, 'volume': nan, 'short': 81799.99719072472, 'middle': 81798.97431103936, 'long': 81793.31260952224, 'buy': nan, 'sell': nan, 'buy_exit': nan, 'sell_exit': nan}
2025-04-23 10:38:37,042 INFO:Buy exit signal received
2025-04-23 10:38:37,042 INFO:Sell exit signal received
2025-04-23 10:38:37,042 INFO:Entering while loop with trade_count: 2
2025-04-23 10:38:37,104 INFO:Combined historical with live algo:                       timestamp    open    high     low     close  ...          long  buy  sell  buy_exit  sell_exit
0     2025-04-22 09:15:00+05:30  821.10  821.10  817.00    818.80  ...    818.800000  NaN   NaN       NaN        NaN
1     2025-04-22 09:16:00+05:30  818.75  818.75  814.60    814.60  ...    818.668750  NaN   NaN       NaN        NaN
2     2025-04-22 09:17:00+05:30  814.60  816.00  814.00    815.35  ...    818.565039  NaN   NaN       NaN        NaN
3     2025-04-22 09:18:00+05:30  815.30  816.00  814.75    815.50  ...    818.469257  NaN   NaN       NaN        NaN
4     2025-04-22 09:19:00+05:30  815.55  815.75  814.50    814.60  ...    818.348342  NaN   NaN       NaN        NaN
..                          ...     ...     ...     ...       ...  ...           ...  ...   ...       ...        ...
772  2025-04-23 10:38:36.432571     NaN     NaN     NaN  81800.00  ...  81792.644342  NaN   NaN       NaN        NaN
773  2025-04-23 10:38:36.432571     NaN     NaN     NaN  81800.00  ...  81792.874206  NaN   NaN       NaN        NaN
774  2025-04-23 10:38:36.432571     NaN     NaN     NaN  81800.00  ...  81793.096887  NaN   NaN       NaN        NaN
775  2025-04-23 10:38:36.432571     NaN     NaN     NaN  81800.00  ...  81793.312610  NaN   NaN       NaN        NaN
776  2025-04-23 10:38:36.999663     NaN     NaN     NaN  81795.00  ...  81793.365340  NaN   NaN       NaN        NaN

[777 rows x 13 columns]
2025-04-23 10:38:37,105 INFO:Final row: {'timestamp': Timestamp('2025-04-23 10:38:36.999663'), 'open': nan, 'high': nan, 'low': nan, 'close': 81795.0, 'volume': nan, 'short': 81798.33146048315, 'middle': 81798.61301003578, 'long': 81793.36534047467, 'buy': nan, 'sell': nan, 'buy_exit': nan, 'sell_exit': nan}
2025-04-23 10:38:37,105 INFO:Buy exit signal received
2025-04-23 10:38:37,105 INFO:Sell exit signal received
2025-04-23 10:38:37,105 INFO:Entering while loop with trade_count: 2
2025-04-23 10:38:37,168 INFO:Combined historical with live algo:                       timestamp    open    high     low     close  ...          long  buy  sell  buy_exit  sell_exit
0     2025-04-22 09:15:00+05:30  821.10  821.10  817.00    818.80  ...    818.800000  NaN   NaN       NaN        NaN
1     2025-04-22 09:16:00+05:30  818.75  818.75  814.60    814.60  ...    818.668750  NaN   NaN       NaN        NaN
2     2025-04-22 09:17:00+05:30  814.60  816.00  814.00    815.35  ...    818.565039  NaN   NaN       NaN        NaN
3     2025-04-22 09:18:00+05:30  815.30  816.00  814.75    815.50  ...    818.469257  NaN   NaN       NaN        NaN
4     2025-04-22 09:19:00+05:30  815.55  815.75  814.50    814.60  ...    818.348342  NaN   NaN       NaN        NaN
..                          ...     ...     ...     ...       ...  ...           ...  ...   ...       ...        ...
773  2025-04-23 10:38:36.432571     NaN     NaN     NaN  81800.00  ...  81792.874206  NaN   NaN       NaN        NaN
774  2025-04-23 10:38:36.432571     NaN     NaN     NaN  81800.00  ...  81793.096887  NaN   NaN       NaN        NaN
775  2025-04-23 10:38:36.432571     NaN     NaN     NaN  81800.00  ...  81793.312610  NaN   NaN       NaN        NaN
776  2025-04-23 10:38:36.999663     NaN     NaN     NaN  81795.00  ...  81793.365340  NaN   NaN       NaN        NaN
777  2025-04-23 10:38:36.999663     NaN     NaN     NaN  81795.00  ...  81793.416424  NaN   NaN       NaN        NaN

[778 rows x 13 columns]
2025-04-23 10:38:37,168 INFO:Final row: {'timestamp': Timestamp('2025-04-23 10:38:36.999663'), 'open': nan, 'high': nan, 'low': nan, 'close': 81795.0, 'volume': nan, 'short': 81797.22097365544, 'middle': 81798.28455457799, 'long': 81793.41642358484, 'buy': nan, 'sell': nan, 'buy_exit': nan, 'sell_exit': nan}
2025-04-23 10:38:37,168 INFO:Buy exit signal received
2025-04-23 10:38:37,168 INFO:Sell exit signal received
2025-04-23 10:38:37,168 INFO:Entering while loop with trade_count: 2
2025-04-23 10:38:37,251 INFO:Combined historical with live algo:                       timestamp    open    high     low     close  ...          long  buy  sell  buy_exit  sell_exit
0     2025-04-22 09:15:00+05:30  821.10  821.10  817.00    818.80  ...    818.800000  NaN   NaN       NaN        NaN
1     2025-04-22 09:16:00+05:30  818.75  818.75  814.60    814.60  ...    818.668750  NaN   NaN       NaN        NaN
2     2025-04-22 09:17:00+05:30  814.60  816.00  814.00    815.35  ...    818.565039  NaN   NaN       NaN        NaN
3     2025-04-22 09:18:00+05:30  815.30  816.00  814.75    815.50  ...    818.469257  NaN   NaN       NaN        NaN
4     2025-04-22 09:19:00+05:30  815.55  815.75  814.50    814.60  ...    818.348342  NaN   NaN       NaN        NaN
..                          ...     ...     ...     ...       ...  ...           ...  ...   ...       ...        ...
774  2025-04-23 10:38:36.432571     NaN     NaN     NaN  81800.00  ...  81793.096887  NaN   NaN       NaN        NaN
775  2025-04-23 10:38:36.432571     NaN     NaN     NaN  81800.00  ...  81793.312610  NaN   NaN       NaN        NaN
776  2025-04-23 10:38:36.999663     NaN     NaN     NaN  81795.00  ...  81793.365340  NaN   NaN       NaN        NaN
777  2025-04-23 10:38:36.999663     NaN     NaN     NaN  81795.00  ...  81793.416424  NaN   NaN       NaN        NaN
778  2025-04-23 10:38:36.999663     NaN     NaN     NaN  81795.00  ...  81793.465910  NaN   NaN       NaN        NaN

[779 rows x 13 columns]
2025-04-23 10:38:37,251 INFO:Final row: {'timestamp': Timestamp('2025-04-23 10:38:36.999663'), 'open': nan, 'high': nan, 'low': nan, 'close': 81795.0, 'volume': nan, 'short': 81796.48064910363, 'middle': 81797.98595870726, 'long': 81793.46591034782, 'buy': nan, 'sell': nan, 'buy_exit': nan, 'sell_exit': nan}
2025-04-23 10:38:37,251 INFO:Buy exit signal received
2025-04-23 10:38:37,251 INFO:Sell exit signal received
2025-04-23 10:38:37,251 INFO:Entering while loop with trade_count: 2
2025-04-23 10:38:37,328 INFO:Combined historical with live algo:                       timestamp    open    high     low     close  ...          long  buy  sell  buy_exit  sell_exit
0     2025-04-22 09:15:00+05:30  821.10  821.10  817.00    818.80  ...    818.800000  NaN   NaN       NaN        NaN
1     2025-04-22 09:16:00+05:30  818.75  818.75  814.60    814.60  ...    818.668750  NaN   NaN       NaN        NaN
2     2025-04-22 09:17:00+05:30  814.60  816.00  814.00    815.35  ...    818.565039  NaN   NaN       NaN        NaN
3     2025-04-22 09:18:00+05:30  815.30  816.00  814.75    815.50  ...    818.469257  NaN   NaN       NaN        NaN
4     2025-04-22 09:19:00+05:30  815.55  815.75  814.50    814.60  ...    818.348342  NaN   NaN       NaN        NaN
..                          ...     ...     ...     ...       ...  ...           ...  ...   ...       ...        ...
775  2025-04-23 10:38:36.432571     NaN     NaN     NaN  81800.00  ...  81793.312610  NaN   NaN       NaN        NaN
776  2025-04-23 10:38:36.999663     NaN     NaN     NaN  81795.00  ...  81793.365340  NaN   NaN       NaN        NaN
777  2025-04-23 10:38:36.999663     NaN     NaN     NaN  81795.00  ...  81793.416424  NaN   NaN       NaN        NaN
778  2025-04-23 10:38:36.999663     NaN     NaN     NaN  81795.00  ...  81793.465910  NaN   NaN       NaN        NaN
779  2025-04-23 10:38:36.999663     NaN     NaN     NaN  81795.00  ...  81793.513851  NaN   NaN       NaN        NaN

[780 rows x 13 columns]
2025-04-23 10:38:37,328 INFO:Final row: {'timestamp': Timestamp('2025-04-23 10:38:36.999663'), 'open': nan, 'high': nan, 'low': nan, 'close': 81795.0, 'volume': nan, 'short': 81795.98709940242, 'middle': 81797.71450791568, 'long': 81793.51385064945, 'buy': nan, 'sell': nan, 'buy_exit': nan, 'sell_exit': nan}
2025-04-23 10:38:37,328 INFO:Buy exit signal received
2025-04-23 10:38:37,328 INFO:Sell exit signal received
2025-04-23 10:38:37,328 INFO:Entering while loop with trade_count: 2
2025-04-23 10:38:37,411 INFO:Combined historical with live algo:                       timestamp    open    high     low     close  ...          long  buy  sell  buy_exit  sell_exit
0     2025-04-22 09:15:00+05:30  821.10  821.10  817.00    818.80  ...    818.800000  NaN   NaN       NaN        NaN
1     2025-04-22 09:16:00+05:30  818.75  818.75  814.60    814.60  ...    818.668750  NaN   NaN       NaN        NaN
2     2025-04-22 09:17:00+05:30  814.60  816.00  814.00    815.35  ...    818.565039  NaN   NaN       NaN        NaN
3     2025-04-22 09:18:00+05:30  815.30  816.00  814.75    815.50  ...    818.469257  NaN   NaN       NaN        NaN
4     2025-04-22 09:19:00+05:30  815.55  815.75  814.50    814.60  ...    818.348342  NaN   NaN       NaN        NaN
..                          ...     ...     ...     ...       ...  ...           ...  ...   ...       ...        ...
776  2025-04-23 10:38:36.999663     NaN     NaN     NaN  81795.00  ...  81793.365340  NaN   NaN       NaN        NaN
777  2025-04-23 10:38:36.999663     NaN     NaN     NaN  81795.00  ...  81793.416424  NaN   NaN       NaN        NaN
778  2025-04-23 10:38:36.999663     NaN     NaN     NaN  81795.00  ...  81793.465910  NaN   NaN       NaN        NaN
779  2025-04-23 10:38:36.999663     NaN     NaN     NaN  81795.00  ...  81793.513851  NaN   NaN       NaN        NaN
780  2025-04-23 10:38:36.999663     NaN     NaN     NaN  81795.00  ...  81793.560293  NaN   NaN       NaN        NaN

[781 rows x 13 columns]
2025-04-23 10:38:37,415 INFO:Final row: {'timestamp': Timestamp('2025-04-23 10:38:36.999663'), 'open': nan, 'high': nan, 'low': nan, 'close': 81795.0, 'volume': nan, 'short': 81795.65806626828, 'middle': 81797.4677344688, 'long': 81793.56029281666, 'buy': nan, 'sell': nan, 'buy_exit': nan, 'sell_exit': nan}
2025-04-23 10:38:37,415 INFO:Buy exit signal received
2025-04-23 10:38:37,415 INFO:Sell exit signal received
2025-04-23 10:38:37,415 INFO:Entering while loop with trade_count: 2
2025-04-23 10:38:37,476 INFO:Combined historical with live algo:                       timestamp    open    high     low     close  ...          long  buy  sell  buy_exit  sell_exit
0     2025-04-22 09:15:00+05:30  821.10  821.10  817.00    818.80  ...    818.800000  NaN   NaN       NaN        NaN
1     2025-04-22 09:16:00+05:30  818.75  818.75  814.60    814.60  ...    818.668750  NaN   NaN       NaN        NaN
2     2025-04-22 09:17:00+05:30  814.60  816.00  814.00    815.35  ...    818.565039  NaN   NaN       NaN        NaN
3     2025-04-22 09:18:00+05:30  815.30  816.00  814.75    815.50  ...    818.469257  NaN   NaN       NaN        NaN
4     2025-04-22 09:19:00+05:30  815.55  815.75  814.50    814.60  ...    818.348342  NaN   NaN       NaN        NaN
..                          ...     ...     ...     ...       ...  ...           ...  ...   ...       ...        ...
777  2025-04-23 10:38:36.999663     NaN     NaN     NaN  81795.00  ...  81793.416424  NaN   NaN       NaN        NaN
778  2025-04-23 10:38:36.999663     NaN     NaN     NaN  81795.00  ...  81793.465910  NaN   NaN       NaN        NaN
779  2025-04-23 10:38:36.999663     NaN     NaN     NaN  81795.00  ...  81793.513851  NaN   NaN       NaN        NaN
780  2025-04-23 10:38:36.999663     NaN     NaN     NaN  81795.00  ...  81793.560293  NaN   NaN       NaN        NaN
781  2025-04-23 10:38:36.999663     NaN     NaN     NaN  81795.00  ...  81793.605284  NaN   NaN       NaN        NaN

[782 rows x 13 columns]
2025-04-23 10:38:37,476 INFO:Final row: {'timestamp': Timestamp('2025-04-23 10:38:36.999663'), 'open': nan, 'high': nan, 'low': nan, 'close': 81795.0, 'volume': nan, 'short': 81795.43871084553, 'middle': 81797.24339497162, 'long': 81793.60528366614, 'buy': nan, 'sell': nan, 'buy_exit': nan, 'sell_exit': nan}
2025-04-23 10:38:37,476 INFO:Buy exit signal received
2025-04-23 10:38:37,476 INFO:Sell exit signal received
2025-04-23 10:38:37,476 INFO:Entering while loop with trade_count: 2
2025-04-23 10:38:37,591 INFO:Combined historical with live algo:                       timestamp    open    high     low     close  ...          long  buy  sell  buy_exit  sell_exit
0     2025-04-22 09:15:00+05:30  821.10  821.10  817.00    818.80  ...    818.800000  NaN   NaN       NaN        NaN
1     2025-04-22 09:16:00+05:30  818.75  818.75  814.60    814.60  ...    818.668750  NaN   NaN       NaN        NaN
2     2025-04-22 09:17:00+05:30  814.60  816.00  814.00    815.35  ...    818.565039  NaN   NaN       NaN        NaN
3     2025-04-22 09:18:00+05:30  815.30  816.00  814.75    815.50  ...    818.469257  NaN   NaN       NaN        NaN
4     2025-04-22 09:19:00+05:30  815.55  815.75  814.50    814.60  ...    818.348342  NaN   NaN       NaN        NaN
..                          ...     ...     ...     ...       ...  ...           ...  ...   ...       ...        ...
778  2025-04-23 10:38:36.999663     NaN     NaN     NaN  81795.00  ...  81793.465910  NaN   NaN       NaN        NaN
779  2025-04-23 10:38:36.999663     NaN     NaN     NaN  81795.00  ...  81793.513851  NaN   NaN       NaN        NaN
780  2025-04-23 10:38:36.999663     NaN     NaN     NaN  81795.00  ...  81793.560293  NaN   NaN       NaN        NaN
781  2025-04-23 10:38:36.999663     NaN     NaN     NaN  81795.00  ...  81793.605284  NaN   NaN       NaN        NaN
782  2025-04-23 10:38:36.999663     NaN     NaN     NaN  81795.00  ...  81793.648869  NaN   NaN       NaN        NaN

[783 rows x 13 columns]
2025-04-23 10:38:37,594 INFO:Final row: {'timestamp': Timestamp('2025-04-23 10:38:36.999663'), 'open': nan, 'high': nan, 'low': nan, 'close': 81795.0, 'volume': nan, 'short': 81795.29247389702, 'middle': 81797.0394499742, 'long': 81793.64886855158, 'buy': nan, 'sell': nan, 'buy_exit': nan, 'sell_exit': nan}
2025-04-23 10:38:37,594 INFO:Buy exit signal received
2025-04-23 10:38:37,594 INFO:Sell exit signal received
2025-04-23 10:38:37,594 INFO:Entering while loop with trade_count: 2
2025-04-23 10:38:37,665 INFO:Combined historical with live algo:                       timestamp    open    high     low     close  ...          long  buy  sell  buy_exit  sell_exit
0     2025-04-22 09:15:00+05:30  821.10  821.10  817.00    818.80  ...    818.800000  NaN   NaN       NaN        NaN
1     2025-04-22 09:16:00+05:30  818.75  818.75  814.60    814.60  ...    818.668750  NaN   NaN       NaN        NaN
2     2025-04-22 09:17:00+05:30  814.60  816.00  814.00    815.35  ...    818.565039  NaN   NaN       NaN        NaN
3     2025-04-22 09:18:00+05:30  815.30  816.00  814.75    815.50  ...    818.469257  NaN   NaN       NaN        NaN
4     2025-04-22 09:19:00+05:30  815.55  815.75  814.50    814.60  ...    818.348342  NaN   NaN       NaN        NaN
..                          ...     ...     ...     ...       ...  ...           ...  ...   ...       ...        ...
779  2025-04-23 10:38:36.999663     NaN     NaN     NaN  81795.00  ...  81793.513851  NaN   NaN       NaN        NaN
780  2025-04-23 10:38:36.999663     NaN     NaN     NaN  81795.00  ...  81793.560293  NaN   NaN       NaN        NaN
781  2025-04-23 10:38:36.999663     NaN     NaN     NaN  81795.00  ...  81793.605284  NaN   NaN       NaN        NaN
782  2025-04-23 10:38:36.999663     NaN     NaN     NaN  81795.00  ...  81793.648869  NaN   NaN       NaN        NaN
783  2025-04-23 10:38:36.999663     NaN     NaN     NaN  81795.00  ...  81793.691091  NaN   NaN       NaN        NaN

[784 rows x 13 columns]
2025-04-23 10:38:37,667 INFO:Final row: {'timestamp': Timestamp('2025-04-23 10:38:36.999663'), 'open': nan, 'high': nan, 'low': nan, 'close': 81795.0, 'volume': nan, 'short': 81795.19498259801, 'middle': 81796.85404543109, 'long': 81793.69109140935, 'buy': nan, 'sell': nan, 'buy_exit': nan, 'sell_exit': nan}
2025-04-23 10:38:37,667 INFO:Buy exit signal received
2025-04-23 10:38:37,667 INFO:Sell exit signal received
2025-04-23 10:38:37,667 INFO:Entering while loop with trade_count: 2
2025-04-23 10:38:37,730 INFO:Combined historical with live algo:                       timestamp    open    high     low     close  ...          long  buy  sell  buy_exit  sell_exit
0     2025-04-22 09:15:00+05:30  821.10  821.10  817.00    818.80  ...    818.800000  NaN   NaN       NaN        NaN
1     2025-04-22 09:16:00+05:30  818.75  818.75  814.60    814.60  ...    818.668750  NaN   NaN       NaN        NaN
2     2025-04-22 09:17:00+05:30  814.60  816.00  814.00    815.35  ...    818.565039  NaN   NaN       NaN        NaN
3     2025-04-22 09:18:00+05:30  815.30  816.00  814.75    815.50  ...    818.469257  NaN   NaN       NaN        NaN
4     2025-04-22 09:19:00+05:30  815.55  815.75  814.50    814.60  ...    818.348342  NaN   NaN       NaN        NaN
..                          ...     ...     ...     ...       ...  ...           ...  ...   ...       ...        ...
780  2025-04-23 10:38:36.999663     NaN     NaN     NaN  81795.00  ...  81793.560293  NaN   NaN       NaN        NaN
781  2025-04-23 10:38:36.999663     NaN     NaN     NaN  81795.00  ...  81793.605284  NaN   NaN       NaN        NaN
782  2025-04-23 10:38:36.999663     NaN     NaN     NaN  81795.00  ...  81793.648869  NaN   NaN       NaN        NaN
783  2025-04-23 10:38:36.999663     NaN     NaN     NaN  81795.00  ...  81793.691091  NaN   NaN       NaN        NaN
784  2025-04-23 10:38:37.611795     NaN     NaN     NaN  81765.00  ...  81792.794495  NaN   NaN       NaN        NaN

[785 rows x 13 columns]
2025-04-23 10:38:37,732 INFO:Final row: {'timestamp': Timestamp('2025-04-23 10:38:37.611795'), 'open': nan, 'high': nan, 'low': nan, 'close': 81765.0, 'volume': nan, 'short': 81785.12998839868, 'middle': 81793.95822311917, 'long': 81792.7944948028, 'buy': nan, 'sell': nan, 'buy_exit': nan, 'sell_exit': nan}
2025-04-23 10:38:37,732 INFO:Buy exit signal received
2025-04-23 10:38:37,732 INFO:Sell exit signal received
2025-04-23 10:38:37,732 INFO:Entering while loop with trade_count: 2
2025-04-23 10:38:37,758 ERROR:Error processing trade for user_id=1 - 'Close'
Traceback (most recent call last):
  File "D:\POC\smartAPI\sub-Modules\.venv\lib\site-packages\pandas\core\indexes\base.py", line 3805, in get_loc
    return self._engine.get_loc(casted_key)
  File "index.pyx", line 167, in pandas._libs.index.IndexEngine.get_loc
  File "index.pyx", line 196, in pandas._libs.index.IndexEngine.get_loc
  File "pandas\\_libs\\hashtable_class_helper.pxi", line 7081, in pandas._libs.hashtable.PyObjectHashTable.get_item
  File "pandas\\_libs\\hashtable_class_helper.pxi", line 7089, in pandas._libs.hashtable.PyObjectHashTable.get_item
KeyError: 'Close'

The above exception was the direct cause of the following exception:

Traceback (most recent call last):
  File "D:\POC\smartAPI\sub-Modules\place_order\app.py", line 95, in trade_function
    ovr_data = combine_historical_with_live_algo(historical_df=ovr_data, token=stock_token)
  File "D:\POC\smartAPI\sub-Modules\place_order\services.py", line 241, in combine_historical_with_live_algo
    buy_list, sell_list, buy_exit_list, sell_exit_list = buy_sell_function(combined_df.tail(1))
  File "D:\POC\smartAPI\sub-Modules\place_order\services.py", line 154, in buy_sell_function
    print(f"\U0001f4c9 Sell Entry (Short Trade) at {data.index[i]} | Price: {data['Close'][i]}")
  File "D:\POC\smartAPI\sub-Modules\.venv\lib\site-packages\pandas\core\frame.py", line 4102, in __getitem__
    indexer = self.columns.get_loc(key)
  File "D:\POC\smartAPI\sub-Modules\.venv\lib\site-packages\pandas\core\indexes\base.py", line 3812, in get_loc
    raise KeyError(key) from err
KeyError: 'Close'
2025-04-23 10:40:04,965 INFO:Updated is_started=true for IDs: [1, 2]
2025-04-23 10:40:04,965 INFO:Entering trade_function with row: {'id': 1, 'user_id': 1, 'strategy_id': '123qwe', 'stock_token': '3045', 'trade_count': 2, 'quantity': 150, 'created_at': datetime.datetime(2025, 4, 20, 9, 2, 21, 884300), 'updated_at': datetime.datetime(2025, 4, 20, 9, 2, 21, 884300), 'is_active': True, 'is_started': False, 'deactivated_at': None, 'deactivated_by': None}
2025-04-23 10:40:04,965 INFO:Extracting values from row
2025-04-23 10:40:04,965 INFO:Extracted quantity: 150
2025-04-23 10:40:04,965 INFO:Extracted stock_token: 3045
2025-04-23 10:40:04,965 INFO:Extracted trade_count: 2
2025-04-23 10:40:04,965 INFO:Extracted user_id: 1
2025-04-23 10:40:04,965 INFO:Extracted strategy_id: 123qwe
2025-04-23 10:40:04,965 INFO:Processing trade for user_id=1, strategy_id=123qwe, stock_token=3045
2025-04-23 10:40:04,965 INFO:Fetching user details for user_id: 1
2025-04-23 10:40:04,973 INFO:Fetched user details: [{'id': 1, 'name': 'veera', 'email': 'veerakumarhgkfm@gmail.com', 'age': 27, 'gender': 'male'}]
2025-04-23 10:40:04,973 INFO:Fetching strategy details for strategy_id: 123qwe
2025-04-23 10:40:04,979 INFO:Fetched strategy details: [{'id': 4, 'strategy_name': '3 EMA', 'uuid': '123qwe', 'created_at': datetime.datetime(2025, 4, 20, 1, 49, 44, 678215), 'updated_at': datetime.datetime(2025, 4, 20, 1, 49, 44, 678215), 'created_by': 0, 'is_deleted': False, 'deleted_at': None, 'deleted_by': 0}]
2025-04-23 10:40:04,979 INFO:Fetching stock details for stock_token: 3045
2025-04-23 10:40:05,009 INFO:Fetched stock details: [{'id': 2, 'stock_name': 'SBIN-EQ', 'token': '3045', 'ltp': 81685, 'last_update': datetime.datetime(2025, 4, 23, 10, 40, 4, 963156)}]
2025-04-23 10:40:05,009 INFO:Fetching historical data for stock_token: 3045
2025-04-23 10:40:06,787 INFO:Fetched historical data:                     timestamp    open    high     low   close  ...        long  buy  sell  buy_exit  sell_exit
0   2025-04-22 09:15:00+05:30  821.10  821.10  817.00  818.80  ...  818.800000  NaN   NaN       NaN        NaN
1   2025-04-22 09:16:00+05:30  818.75  818.75  814.60  814.60  ...  818.668750  NaN   NaN       NaN        NaN
2   2025-04-22 09:17:00+05:30  814.60  816.00  814.00  815.35  ...  818.565039  NaN   NaN       NaN        NaN
3   2025-04-22 09:18:00+05:30  815.30  816.00  814.75  815.50  ...  818.469257  NaN   NaN       NaN        NaN
4   2025-04-22 09:19:00+05:30  815.55  815.75  814.50  814.60  ...  818.348342  NaN   NaN       NaN        NaN
..                        ...     ...     ...     ...     ...  ...         ...  ...   ...       ...        ...
456 2025-04-23 10:36:00+05:30  816.70  818.25  816.55  818.15  ...  818.465980  NaN   NaN       NaN        NaN
457 2025-04-23 10:37:00+05:30  818.25  818.50  817.40  817.85  ...  818.446731  NaN   NaN       NaN        NaN
458 2025-04-23 10:38:00+05:30  817.90  818.20  817.15  817.55  ...  818.418708  NaN   NaN       NaN        NaN
459 2025-04-23 10:39:00+05:30  817.50  817.55  816.65  816.75  ...  818.366561  NaN   NaN       NaN        NaN
460 2025-04-23 10:40:00+05:30  816.60  816.90  816.60  816.90  ...  818.320731  NaN   NaN       NaN        NaN

[461 rows x 13 columns]
2025-04-23 10:40:06,787 INFO:Entering while loop with trade_count: 2
2025-04-23 10:40:06,845 INFO:Combined historical with live algo:                       timestamp    open    high     low     close  ...         long  buy  sell  buy_exit  sell_exit
0     2025-04-22 09:15:00+05:30  821.10  821.10  817.00    818.80  ...   818.800000  NaN   NaN       NaN        NaN
1     2025-04-22 09:16:00+05:30  818.75  818.75  814.60    814.60  ...   818.668750  NaN   NaN       NaN        NaN
2     2025-04-22 09:17:00+05:30  814.60  816.00  814.00    815.35  ...   818.565039  NaN   NaN       NaN        NaN
3     2025-04-22 09:18:00+05:30  815.30  816.00  814.75    815.50  ...   818.469257  NaN   NaN       NaN        NaN
4     2025-04-22 09:19:00+05:30  815.55  815.75  814.50    814.60  ...   818.348342  NaN   NaN       NaN        NaN
..                          ...     ...     ...     ...       ...  ...          ...  ...   ...       ...        ...
457   2025-04-23 10:37:00+05:30  818.25  818.50  817.40    817.85  ...   818.446731  NaN   NaN       NaN        NaN
458   2025-04-23 10:38:00+05:30  817.90  818.20  817.15    817.55  ...   818.418708  NaN   NaN       NaN        NaN
459   2025-04-23 10:39:00+05:30  817.50  817.55  816.65    816.75  ...   818.366561  NaN   NaN       NaN        NaN
460   2025-04-23 10:40:00+05:30  816.60  816.90  816.60    816.90  ...   818.320731  NaN   NaN       NaN        NaN
461  2025-04-23 10:40:06.206571     NaN     NaN     NaN  81690.00  ...  3345.560708  NaN   NaN       NaN        NaN

[462 rows x 13 columns]
2025-04-23 10:40:06,847 INFO:Final row: {'timestamp': Timestamp('2025-04-23 10:40:06.206571'), 'open': nan, 'high': nan, 'low': nan, 'close': 81690.0, 'volume': nan, 'short': 27774.75250798608, 'middle': 8169.130039031622, 'long': 3345.560707716932, 'buy': nan, 'sell': nan, 'buy_exit': nan, 'sell_exit': nan}
2025-04-23 10:40:06,847 INFO:Buy exit signal received
2025-04-23 10:40:06,847 INFO:Sell exit signal received
2025-04-23 10:40:06,847 INFO:Entering while loop with trade_count: 2
2025-04-23 10:40:06,889 INFO:Combined historical with live algo:                       timestamp    open    high     low     close  ...         long  buy  sell  buy_exit  sell_exit
0     2025-04-22 09:15:00+05:30  821.10  821.10  817.00    818.80  ...   818.800000  NaN   NaN       NaN        NaN
1     2025-04-22 09:16:00+05:30  818.75  818.75  814.60    814.60  ...   818.668750  NaN   NaN       NaN        NaN
2     2025-04-22 09:17:00+05:30  814.60  816.00  814.00    815.35  ...   818.565039  NaN   NaN       NaN        NaN
3     2025-04-22 09:18:00+05:30  815.30  816.00  814.75    815.50  ...   818.469257  NaN   NaN       NaN        NaN
4     2025-04-22 09:19:00+05:30  815.55  815.75  814.50    814.60  ...   818.348342  NaN   NaN       NaN        NaN
..                          ...     ...     ...     ...       ...  ...          ...  ...   ...       ...        ...
458   2025-04-23 10:38:00+05:30  817.90  818.20  817.15    817.55  ...   818.418708  NaN   NaN       NaN        NaN
459   2025-04-23 10:39:00+05:30  817.50  817.55  816.65    816.75  ...   818.366561  NaN   NaN       NaN        NaN
460   2025-04-23 10:40:00+05:30  816.60  816.90  816.60    816.90  ...   818.320731  NaN   NaN       NaN        NaN
461  2025-04-23 10:40:06.206571     NaN     NaN     NaN  81690.00  ...  3345.560708  NaN   NaN       NaN        NaN
462  2025-04-23 10:40:06.206571     NaN     NaN     NaN  81690.00  ...  5793.824436  NaN   NaN       NaN        NaN

[463 rows x 13 columns]
2025-04-23 10:40:06,889 INFO:Final row: {'timestamp': Timestamp('2025-04-23 10:40:06.206571'), 'open': nan, 'high': nan, 'low': nan, 'close': 81690.0, 'volume': nan, 'short': 45746.50167199072, 'middle': 14852.845490028747, 'long': 5793.824435600778, 'buy': nan, 'sell': nan, 'buy_exit': nan, 'sell_exit': nan}
2025-04-23 10:40:06,889 INFO:Buy exit signal received
2025-04-23 10:40:06,889 INFO:Sell exit signal received
2025-04-23 10:40:06,889 INFO:Entering while loop with trade_count: 2
2025-04-23 10:40:06,944 INFO:Combined historical with live algo:                       timestamp    open    high     low     close  ...         long  buy  sell  buy_exit  sell_exit
0     2025-04-22 09:15:00+05:30  821.10  821.10  817.00    818.80  ...   818.800000  NaN   NaN       NaN        NaN
1     2025-04-22 09:16:00+05:30  818.75  818.75  814.60    814.60  ...   818.668750  NaN   NaN       NaN        NaN
2     2025-04-22 09:17:00+05:30  814.60  816.00  814.00    815.35  ...   818.565039  NaN   NaN       NaN        NaN
3     2025-04-22 09:18:00+05:30  815.30  816.00  814.75    815.50  ...   818.469257  NaN   NaN       NaN        NaN
4     2025-04-22 09:19:00+05:30  815.55  815.75  814.50    814.60  ...   818.348342  NaN   NaN       NaN        NaN
..                          ...     ...     ...     ...       ...  ...          ...  ...   ...       ...        ...
459   2025-04-23 10:39:00+05:30  817.50  817.55  816.65    816.75  ...   818.366561  NaN   NaN       NaN        NaN
460   2025-04-23 10:40:00+05:30  816.60  816.90  816.60    816.90  ...   818.320731  NaN   NaN       NaN        NaN
461  2025-04-23 10:40:06.206571     NaN     NaN     NaN  81690.00  ...  3345.560708  NaN   NaN       NaN        NaN
462  2025-04-23 10:40:06.206571     NaN     NaN     NaN  81690.00  ...  5793.824436  NaN   NaN       NaN        NaN
463  2025-04-23 10:40:06.206571     NaN     NaN     NaN  81690.00  ...  8165.579922  NaN   NaN       NaN        NaN

[464 rows x 13 columns]
2025-04-23 10:40:06,946 INFO:Final row: {'timestamp': Timestamp('2025-04-23 10:40:06.206571'), 'open': nan, 'high': nan, 'low': nan, 'close': 81690.0, 'volume': nan, 'short': 57727.66778132715, 'middle': 20928.950445480677, 'long': 8165.579921988254, 'buy': nan, 'sell': nan, 'buy_exit': nan, 'sell_exit': nan}
2025-04-23 10:40:06,946 INFO:Buy exit signal received
2025-04-23 10:40:06,946 INFO:Sell exit signal received
2025-04-23 10:40:06,946 INFO:Entering while loop with trade_count: 2
2025-04-23 10:40:06,991 INFO:Combined historical with live algo:                       timestamp    open    high     low     close  ...          long  buy  sell  buy_exit  sell_exit
0     2025-04-22 09:15:00+05:30  821.10  821.10  817.00    818.80  ...    818.800000  NaN   NaN       NaN        NaN
1     2025-04-22 09:16:00+05:30  818.75  818.75  814.60    814.60  ...    818.668750  NaN   NaN       NaN        NaN
2     2025-04-22 09:17:00+05:30  814.60  816.00  814.00    815.35  ...    818.565039  NaN   NaN       NaN        NaN
3     2025-04-22 09:18:00+05:30  815.30  816.00  814.75    815.50  ...    818.469257  NaN   NaN       NaN        NaN
4     2025-04-22 09:19:00+05:30  815.55  815.75  814.50    814.60  ...    818.348342  NaN   NaN       NaN        NaN
..                          ...     ...     ...     ...       ...  ...           ...  ...   ...       ...        ...
460   2025-04-23 10:40:00+05:30  816.60  816.90  816.60    816.90  ...    818.320731  NaN   NaN       NaN        NaN
461  2025-04-23 10:40:06.206571     NaN     NaN     NaN  81690.00  ...   3345.560708  NaN   NaN       NaN        NaN
462  2025-04-23 10:40:06.206571     NaN     NaN     NaN  81690.00  ...   5793.824436  NaN   NaN       NaN        NaN
463  2025-04-23 10:40:06.206571     NaN     NaN     NaN  81690.00  ...   8165.579922  NaN   NaN       NaN        NaN
464  2025-04-23 10:40:06.206571     NaN     NaN     NaN  81690.00  ...  10463.218049  NaN   NaN       NaN        NaN

[465 rows x 13 columns]
2025-04-23 10:40:06,991 INFO:Final row: {'timestamp': Timestamp('2025-04-23 10:40:06.206571'), 'open': nan, 'high': nan, 'low': nan, 'close': 81690.0, 'volume': nan, 'short': 65715.1118542181, 'middle': 26452.68222316425, 'long': 10463.218049426121, 'buy': nan, 'sell': nan, 'buy_exit': nan, 'sell_exit': nan}
2025-04-23 10:40:06,991 INFO:Buy exit signal received
2025-04-23 10:40:06,991 INFO:Sell exit signal received
2025-04-23 10:40:06,991 INFO:Entering while loop with trade_count: 2
2025-04-23 10:40:07,054 INFO:Combined historical with live algo:                       timestamp    open    high     low     close  ...          long  buy  sell  buy_exit  sell_exit
0     2025-04-22 09:15:00+05:30  821.10  821.10  817.00    818.80  ...    818.800000  NaN   NaN       NaN        NaN
1     2025-04-22 09:16:00+05:30  818.75  818.75  814.60    814.60  ...    818.668750  NaN   NaN       NaN        NaN
2     2025-04-22 09:17:00+05:30  814.60  816.00  814.00    815.35  ...    818.565039  NaN   NaN       NaN        NaN
3     2025-04-22 09:18:00+05:30  815.30  816.00  814.75    815.50  ...    818.469257  NaN   NaN       NaN        NaN
4     2025-04-22 09:19:00+05:30  815.55  815.75  814.50    814.60  ...    818.348342  NaN   NaN       NaN        NaN
..                          ...     ...     ...     ...       ...  ...           ...  ...   ...       ...        ...
461  2025-04-23 10:40:06.206571     NaN     NaN     NaN  81690.00  ...   3345.560708  NaN   NaN       NaN        NaN
462  2025-04-23 10:40:06.206571     NaN     NaN     NaN  81690.00  ...   5793.824436  NaN   NaN       NaN        NaN
463  2025-04-23 10:40:06.206571     NaN     NaN     NaN  81690.00  ...   8165.579922  NaN   NaN       NaN        NaN
464  2025-04-23 10:40:06.206571     NaN     NaN     NaN  81690.00  ...  10463.218049  NaN   NaN       NaN        NaN
465  2025-04-23 10:40:06.206571     NaN     NaN     NaN  81690.00  ...  12689.054985  NaN   NaN       NaN        NaN

[466 rows x 13 columns]
2025-04-23 10:40:07,054 INFO:Final row: {'timestamp': Timestamp('2025-04-23 10:40:06.206571'), 'open': nan, 'high': nan, 'low': nan, 'close': 81690.0, 'volume': nan, 'short': 71040.07456947875, 'middle': 31474.256566512955, 'long': 12689.054985381556, 'buy': nan, 'sell': nan, 'buy_exit': nan, 'sell_exit': nan}
2025-04-23 10:40:07,054 INFO:Buy exit signal received
2025-04-23 10:40:07,054 INFO:Sell exit signal received
2025-04-23 10:40:07,054 INFO:Entering while loop with trade_count: 2
2025-04-23 10:40:07,121 INFO:Combined historical with live algo:                       timestamp    open    high     low     close  ...          long  buy  sell  buy_exit  sell_exit
0     2025-04-22 09:15:00+05:30  821.10  821.10  817.00    818.80  ...    818.800000  NaN   NaN       NaN        NaN
1     2025-04-22 09:16:00+05:30  818.75  818.75  814.60    814.60  ...    818.668750  NaN   NaN       NaN        NaN
2     2025-04-22 09:17:00+05:30  814.60  816.00  814.00    815.35  ...    818.565039  NaN   NaN       NaN        NaN
3     2025-04-22 09:18:00+05:30  815.30  816.00  814.75    815.50  ...    818.469257  NaN   NaN       NaN        NaN
4     2025-04-22 09:19:00+05:30  815.55  815.75  814.50    814.60  ...    818.348342  NaN   NaN       NaN        NaN
..                          ...     ...     ...     ...       ...  ...           ...  ...   ...       ...        ...
462  2025-04-23 10:40:06.206571     NaN     NaN     NaN  81690.00  ...   5793.824436  NaN   NaN       NaN        NaN
463  2025-04-23 10:40:06.206571     NaN     NaN     NaN  81690.00  ...   8165.579922  NaN   NaN       NaN        NaN
464  2025-04-23 10:40:06.206571     NaN     NaN     NaN  81690.00  ...  10463.218049  NaN   NaN       NaN        NaN
465  2025-04-23 10:40:06.206571     NaN     NaN     NaN  81690.00  ...  12689.054985  NaN   NaN       NaN        NaN
466  2025-04-23 10:40:07.009069     NaN     NaN     NaN  81690.00  ...  14845.334517  NaN   NaN       NaN        NaN

[467 rows x 13 columns]
2025-04-23 10:40:07,124 INFO:Final row: {'timestamp': Timestamp('2025-04-23 10:40:07.009069'), 'open': nan, 'high': nan, 'low': nan, 'close': 81690.0, 'volume': nan, 'short': 74590.04971298584, 'middle': 36039.32415137541, 'long': 14845.334517088382, 'buy': nan, 'sell': nan, 'buy_exit': nan, 'sell_exit': nan}
2025-04-23 10:40:07,124 INFO:Buy exit signal received
2025-04-23 10:40:07,124 INFO:Sell exit signal received
2025-04-23 10:40:07,124 INFO:Entering while loop with trade_count: 2
2025-04-23 10:40:07,178 INFO:Combined historical with live algo:                       timestamp    open    high     low     close  ...          long  buy  sell  buy_exit  sell_exit
0     2025-04-22 09:15:00+05:30  821.10  821.10  817.00    818.80  ...    818.800000  NaN   NaN       NaN        NaN
1     2025-04-22 09:16:00+05:30  818.75  818.75  814.60    814.60  ...    818.668750  NaN   NaN       NaN        NaN
2     2025-04-22 09:17:00+05:30  814.60  816.00  814.00    815.35  ...    818.565039  NaN   NaN       NaN        NaN
3     2025-04-22 09:18:00+05:30  815.30  816.00  814.75    815.50  ...    818.469257  NaN   NaN       NaN        NaN
4     2025-04-22 09:19:00+05:30  815.55  815.75  814.50    814.60  ...    818.348342  NaN   NaN       NaN        NaN
..                          ...     ...     ...     ...       ...  ...           ...  ...   ...       ...        ...
463  2025-04-23 10:40:06.206571     NaN     NaN     NaN  81690.00  ...   8165.579922  NaN   NaN       NaN        NaN
464  2025-04-23 10:40:06.206571     NaN     NaN     NaN  81690.00  ...  10463.218049  NaN   NaN       NaN        NaN
465  2025-04-23 10:40:06.206571     NaN     NaN     NaN  81690.00  ...  12689.054985  NaN   NaN       NaN        NaN
466  2025-04-23 10:40:07.009069     NaN     NaN     NaN  81690.00  ...  14845.334517  NaN   NaN       NaN        NaN
467  2025-04-23 10:40:07.009069     NaN     NaN     NaN  81690.00  ...  16934.230313  NaN   NaN       NaN        NaN

[468 rows x 13 columns]
2025-04-23 10:40:07,178 INFO:Final row: {'timestamp': Timestamp('2025-04-23 10:40:07.009069'), 'open': nan, 'high': nan, 'low': nan, 'close': 81690.0, 'volume': nan, 'short': 76956.69980865723, 'middle': 40189.385592159466, 'long': 16934.23031342937, 'buy': nan, 'sell': nan, 'buy_exit': nan, 'sell_exit': nan}
2025-04-23 10:40:07,178 INFO:Buy exit signal received
2025-04-23 10:40:07,178 INFO:Sell exit signal received
2025-04-23 10:40:07,178 INFO:Entering while loop with trade_count: 2
2025-04-23 10:40:07,231 INFO:Combined historical with live algo:                       timestamp    open    high     low     close  ...          long  buy  sell  buy_exit  sell_exit
0     2025-04-22 09:15:00+05:30  821.10  821.10  817.00    818.80  ...    818.800000  NaN   NaN       NaN        NaN
1     2025-04-22 09:16:00+05:30  818.75  818.75  814.60    814.60  ...    818.668750  NaN   NaN       NaN        NaN
2     2025-04-22 09:17:00+05:30  814.60  816.00  814.00    815.35  ...    818.565039  NaN   NaN       NaN        NaN
3     2025-04-22 09:18:00+05:30  815.30  816.00  814.75    815.50  ...    818.469257  NaN   NaN       NaN        NaN
4     2025-04-22 09:19:00+05:30  815.55  815.75  814.50    814.60  ...    818.348342  NaN   NaN       NaN        NaN
..                          ...     ...     ...     ...       ...  ...           ...  ...   ...       ...        ...
464  2025-04-23 10:40:06.206571     NaN     NaN     NaN  81690.00  ...  10463.218049  NaN   NaN       NaN        NaN
465  2025-04-23 10:40:06.206571     NaN     NaN     NaN  81690.00  ...  12689.054985  NaN   NaN       NaN        NaN
466  2025-04-23 10:40:07.009069     NaN     NaN     NaN  81690.00  ...  14845.334517  NaN   NaN       NaN        NaN
467  2025-04-23 10:40:07.009069     NaN     NaN     NaN  81690.00  ...  16934.230313  NaN   NaN       NaN        NaN
468  2025-04-23 10:40:07.009069     NaN     NaN     NaN  81690.00  ...  18957.848116  NaN   NaN       NaN        NaN

[469 rows x 13 columns]
2025-04-23 10:40:07,234 INFO:Final row: {'timestamp': Timestamp('2025-04-23 10:40:07.009069'), 'open': nan, 'high': nan, 'low': nan, 'close': 81690.0, 'volume': nan, 'short': 78534.46653910482, 'middle': 43962.16872014497, 'long': 18957.8481161347, 'buy': nan, 'sell': nan, 'buy_exit': nan, 'sell_exit': nan}
2025-04-23 10:40:07,234 INFO:Buy exit signal received
2025-04-23 10:40:07,234 INFO:Sell exit signal received
2025-04-23 10:40:07,234 INFO:Entering while loop with trade_count: 2
2025-04-23 10:40:07,277 INFO:Combined historical with live algo:                       timestamp    open    high     low     close  ...          long  buy  sell  buy_exit  sell_exit
0     2025-04-22 09:15:00+05:30  821.10  821.10  817.00    818.80  ...    818.800000  NaN   NaN       NaN        NaN
1     2025-04-22 09:16:00+05:30  818.75  818.75  814.60    814.60  ...    818.668750  NaN   NaN       NaN        NaN
2     2025-04-22 09:17:00+05:30  814.60  816.00  814.00    815.35  ...    818.565039  NaN   NaN       NaN        NaN
3     2025-04-22 09:18:00+05:30  815.30  816.00  814.75    815.50  ...    818.469257  NaN   NaN       NaN        NaN
4     2025-04-22 09:19:00+05:30  815.55  815.75  814.50    814.60  ...    818.348342  NaN   NaN       NaN        NaN
..                          ...     ...     ...     ...       ...  ...           ...  ...   ...       ...        ...
465  2025-04-23 10:40:06.206571     NaN     NaN     NaN  81690.00  ...  12689.054985  NaN   NaN       NaN        NaN
466  2025-04-23 10:40:07.009069     NaN     NaN     NaN  81690.00  ...  14845.334517  NaN   NaN       NaN        NaN
467  2025-04-23 10:40:07.009069     NaN     NaN     NaN  81690.00  ...  16934.230313  NaN   NaN       NaN        NaN
468  2025-04-23 10:40:07.009069     NaN     NaN     NaN  81690.00  ...  18957.848116  NaN   NaN       NaN        NaN
469  2025-04-23 10:40:07.009069     NaN     NaN     NaN  81690.00  ...  20918.227863  NaN   NaN       NaN        NaN

[470 rows x 13 columns]
2025-04-23 10:40:07,284 INFO:Final row: {'timestamp': Timestamp('2025-04-23 10:40:07.009069'), 'open': nan, 'high': nan, 'low': nan, 'close': 81690.0, 'volume': nan, 'short': 79586.31102606989, 'middle': 47391.97156376815, 'long': 20918.22786250549, 'buy': nan, 'sell': nan, 'buy_exit': nan, 'sell_exit': nan}
2025-04-23 10:40:07,284 INFO:Buy exit signal received
2025-04-23 10:40:07,284 INFO:Sell exit signal received
2025-04-23 10:40:07,284 INFO:Entering while loop with trade_count: 2
2025-04-23 10:40:07,337 INFO:Combined historical with live algo:                       timestamp    open    high     low     close  ...          long  buy  sell  buy_exit  sell_exit
0     2025-04-22 09:15:00+05:30  821.10  821.10  817.00    818.80  ...    818.800000  NaN   NaN       NaN        NaN
1     2025-04-22 09:16:00+05:30  818.75  818.75  814.60    814.60  ...    818.668750  NaN   NaN       NaN        NaN
2     2025-04-22 09:17:00+05:30  814.60  816.00  814.00    815.35  ...    818.565039  NaN   NaN       NaN        NaN
3     2025-04-22 09:18:00+05:30  815.30  816.00  814.75    815.50  ...    818.469257  NaN   NaN       NaN        NaN
4     2025-04-22 09:19:00+05:30  815.55  815.75  814.50    814.60  ...    818.348342  NaN   NaN       NaN        NaN
..                          ...     ...     ...     ...       ...  ...           ...  ...   ...       ...        ...
466  2025-04-23 10:40:07.009069     NaN     NaN     NaN  81690.00  ...  14845.334517  NaN   NaN       NaN        NaN
467  2025-04-23 10:40:07.009069     NaN     NaN     NaN  81690.00  ...  16934.230313  NaN   NaN       NaN        NaN
468  2025-04-23 10:40:07.009069     NaN     NaN     NaN  81690.00  ...  18957.848116  NaN   NaN       NaN        NaN
469  2025-04-23 10:40:07.009069     NaN     NaN     NaN  81690.00  ...  20918.227863  NaN   NaN       NaN        NaN
470  2025-04-23 10:40:07.009069     NaN     NaN     NaN  81690.00  ...  22817.345742  NaN   NaN       NaN        NaN

[471 rows x 13 columns]
2025-04-23 10:40:07,341 INFO:Final row: {'timestamp': Timestamp('2025-04-23 10:40:07.009069'), 'open': nan, 'high': nan, 'low': nan, 'close': 81690.0, 'volume': nan, 'short': 80287.5406840466, 'middle': 50509.97414888014, 'long': 22817.345741802194, 'buy': nan, 'sell': nan, 'buy_exit': nan, 'sell_exit': nan}
2025-04-23 10:40:07,341 INFO:Buy exit signal received
2025-04-23 10:40:07,341 INFO:Sell exit signal received
2025-04-23 10:40:07,341 INFO:Entering while loop with trade_count: 2
2025-04-23 10:40:07,386 INFO:Combined historical with live algo:                       timestamp    open    high     low     close  ...          long  buy  sell  buy_exit  sell_exit
0     2025-04-22 09:15:00+05:30  821.10  821.10  817.00    818.80  ...    818.800000  NaN   NaN       NaN        NaN
1     2025-04-22 09:16:00+05:30  818.75  818.75  814.60    814.60  ...    818.668750  NaN   NaN       NaN        NaN
2     2025-04-22 09:17:00+05:30  814.60  816.00  814.00    815.35  ...    818.565039  NaN   NaN       NaN        NaN
3     2025-04-22 09:18:00+05:30  815.30  816.00  814.75    815.50  ...    818.469257  NaN   NaN       NaN        NaN
4     2025-04-22 09:19:00+05:30  815.55  815.75  814.50    814.60  ...    818.348342  NaN   NaN       NaN        NaN
..                          ...     ...     ...     ...       ...  ...           ...  ...   ...       ...        ...
467  2025-04-23 10:40:07.009069     NaN     NaN     NaN  81690.00  ...  16934.230313  NaN   NaN       NaN        NaN
468  2025-04-23 10:40:07.009069     NaN     NaN     NaN  81690.00  ...  18957.848116  NaN   NaN       NaN        NaN
469  2025-04-23 10:40:07.009069     NaN     NaN     NaN  81690.00  ...  20918.227863  NaN   NaN       NaN        NaN
470  2025-04-23 10:40:07.009069     NaN     NaN     NaN  81690.00  ...  22817.345742  NaN   NaN       NaN        NaN
471  2025-04-23 10:40:07.294154     NaN     NaN     NaN  81660.00  ...  24656.178687  NaN   NaN       NaN        NaN

[472 rows x 13 columns]
2025-04-23 10:40:07,394 INFO:Final row: {'timestamp': Timestamp('2025-04-23 10:40:07.294154'), 'open': nan, 'high': nan, 'low': nan, 'close': 81660.0, 'volume': nan, 'short': 80745.02712269773, 'middle': 53341.79468080013, 'long': 24656.178687370873, 'buy': nan, 'sell': nan, 'buy_exit': nan, 'sell_exit': nan}
2025-04-23 10:40:07,394 INFO:Buy exit signal received
2025-04-23 10:40:07,394 INFO:Sell exit signal received
2025-04-23 10:40:07,394 INFO:Entering while loop with trade_count: 2
2025-04-23 10:40:07,452 INFO:Combined historical with live algo:                       timestamp    open    high     low     close  ...          long  buy  sell  buy_exit  sell_exit
0     2025-04-22 09:15:00+05:30  821.10  821.10  817.00    818.80  ...    818.800000  NaN   NaN       NaN        NaN
1     2025-04-22 09:16:00+05:30  818.75  818.75  814.60    814.60  ...    818.668750  NaN   NaN       NaN        NaN
2     2025-04-22 09:17:00+05:30  814.60  816.00  814.00    815.35  ...    818.565039  NaN   NaN       NaN        NaN
3     2025-04-22 09:18:00+05:30  815.30  816.00  814.75    815.50  ...    818.469257  NaN   NaN       NaN        NaN
4     2025-04-22 09:19:00+05:30  815.55  815.75  814.50    814.60  ...    818.348342  NaN   NaN       NaN        NaN
..                          ...     ...     ...     ...       ...  ...           ...  ...   ...       ...        ...
468  2025-04-23 10:40:07.009069     NaN     NaN     NaN  81690.00  ...  18957.848116  NaN   NaN       NaN        NaN
469  2025-04-23 10:40:07.009069     NaN     NaN     NaN  81690.00  ...  20918.227863  NaN   NaN       NaN        NaN
470  2025-04-23 10:40:07.009069     NaN     NaN     NaN  81690.00  ...  22817.345742  NaN   NaN       NaN        NaN
471  2025-04-23 10:40:07.294154     NaN     NaN     NaN  81660.00  ...  24656.178687  NaN   NaN       NaN        NaN
472  2025-04-23 10:40:07.294154     NaN     NaN     NaN  81660.00  ...  26437.548103  NaN   NaN       NaN        NaN

[473 rows x 13 columns]
2025-04-23 10:40:07,452 INFO:Final row: {'timestamp': Timestamp('2025-04-23 10:40:07.294154'), 'open': nan, 'high': nan, 'low': nan, 'close': 81660.0, 'volume': nan, 'short': 81050.0180817985, 'middle': 55916.17698254557, 'long': 26437.548103390534, 'buy': nan, 'sell': nan, 'buy_exit': nan, 'sell_exit': nan}
2025-04-23 10:40:07,452 INFO:Buy exit signal received
2025-04-23 10:40:07,452 INFO:Sell exit signal received
2025-04-23 10:40:07,452 INFO:Entering while loop with trade_count: 2
2025-04-23 10:40:07,503 INFO:Combined historical with live algo:                       timestamp    open    high     low     close  ...          long  buy  sell  buy_exit  sell_exit
0     2025-04-22 09:15:00+05:30  821.10  821.10  817.00    818.80  ...    818.800000  NaN   NaN       NaN        NaN
1     2025-04-22 09:16:00+05:30  818.75  818.75  814.60    814.60  ...    818.668750  NaN   NaN       NaN        NaN
2     2025-04-22 09:17:00+05:30  814.60  816.00  814.00    815.35  ...    818.565039  NaN   NaN       NaN        NaN
3     2025-04-22 09:18:00+05:30  815.30  816.00  814.75    815.50  ...    818.469257  NaN   NaN       NaN        NaN
4     2025-04-22 09:19:00+05:30  815.55  815.75  814.50    814.60  ...    818.348342  NaN   NaN       NaN        NaN
..                          ...     ...     ...     ...       ...  ...           ...  ...   ...       ...        ...
469  2025-04-23 10:40:07.009069     NaN     NaN     NaN  81690.00  ...  20918.227863  NaN   NaN       NaN        NaN
470  2025-04-23 10:40:07.009069     NaN     NaN     NaN  81690.00  ...  22817.345742  NaN   NaN       NaN        NaN
471  2025-04-23 10:40:07.294154     NaN     NaN     NaN  81660.00  ...  24656.178687  NaN   NaN       NaN        NaN
472  2025-04-23 10:40:07.294154     NaN     NaN     NaN  81660.00  ...  26437.548103  NaN   NaN       NaN        NaN
473  2025-04-23 10:40:07.294154     NaN     NaN     NaN  81660.00  ...  28163.249725  NaN   NaN       NaN        NaN

[474 rows x 13 columns]
2025-04-23 10:40:07,503 INFO:Final row: {'timestamp': Timestamp('2025-04-23 10:40:07.294154'), 'open': nan, 'high': nan, 'low': nan, 'close': 81660.0, 'volume': nan, 'short': 81253.34538786567, 'middle': 58256.52452958688, 'long': 28163.24972515958, 'buy': nan, 'sell': nan, 'buy_exit': nan, 'sell_exit': nan}
2025-04-23 10:40:07,503 INFO:Buy exit signal received
2025-04-23 10:40:07,503 INFO:Sell exit signal received
2025-04-23 10:40:07,503 INFO:Entering while loop with trade_count: 2
2025-04-23 10:40:07,589 INFO:Combined historical with live algo:                       timestamp    open    high     low     close  ...          long  buy  sell  buy_exit  sell_exit
0     2025-04-22 09:15:00+05:30  821.10  821.10  817.00    818.80  ...    818.800000  NaN   NaN       NaN        NaN
1     2025-04-22 09:16:00+05:30  818.75  818.75  814.60    814.60  ...    818.668750  NaN   NaN       NaN        NaN
2     2025-04-22 09:17:00+05:30  814.60  816.00  814.00    815.35  ...    818.565039  NaN   NaN       NaN        NaN
3     2025-04-22 09:18:00+05:30  815.30  816.00  814.75    815.50  ...    818.469257  NaN   NaN       NaN        NaN
4     2025-04-22 09:19:00+05:30  815.55  815.75  814.50    814.60  ...    818.348342  NaN   NaN       NaN        NaN
..                          ...     ...     ...     ...       ...  ...           ...  ...   ...       ...        ...
470  2025-04-23 10:40:07.009069     NaN     NaN     NaN  81690.00  ...  22817.345742  NaN   NaN       NaN        NaN
471  2025-04-23 10:40:07.294154     NaN     NaN     NaN  81660.00  ...  24656.178687  NaN   NaN       NaN        NaN
472  2025-04-23 10:40:07.294154     NaN     NaN     NaN  81660.00  ...  26437.548103  NaN   NaN       NaN        NaN
473  2025-04-23 10:40:07.294154     NaN     NaN     NaN  81660.00  ...  28163.249725  NaN   NaN       NaN        NaN
474  2025-04-23 10:40:07.294154     NaN     NaN     NaN  81660.00  ...  29835.023171  NaN   NaN       NaN        NaN

[475 rows x 13 columns]
2025-04-23 10:40:07,589 INFO:Final row: {'timestamp': Timestamp('2025-04-23 10:40:07.294154'), 'open': nan, 'high': nan, 'low': nan, 'close': 81660.0, 'volume': nan, 'short': 81388.89692524378, 'middle': 60384.11320871534, 'long': 29835.023171248344, 'buy': nan, 'sell': nan, 'buy_exit': nan, 'sell_exit': nan}
2025-04-23 10:40:07,589 INFO:Buy exit signal received
2025-04-23 10:40:07,589 INFO:Sell exit signal received
2025-04-23 10:40:07,589 INFO:Entering while loop with trade_count: 2
2025-04-23 10:40:07,670 INFO:Combined historical with live algo:                       timestamp    open    high     low     close  ...          long  buy  sell  buy_exit  sell_exit
0     2025-04-22 09:15:00+05:30  821.10  821.10  817.00    818.80  ...    818.800000  NaN   NaN       NaN        NaN
1     2025-04-22 09:16:00+05:30  818.75  818.75  814.60    814.60  ...    818.668750  NaN   NaN       NaN        NaN
2     2025-04-22 09:17:00+05:30  814.60  816.00  814.00    815.35  ...    818.565039  NaN   NaN       NaN        NaN
3     2025-04-22 09:18:00+05:30  815.30  816.00  814.75    815.50  ...    818.469257  NaN   NaN       NaN        NaN
4     2025-04-22 09:19:00+05:30  815.55  815.75  814.50    814.60  ...    818.348342  NaN   NaN       NaN        NaN
..                          ...     ...     ...     ...       ...  ...           ...  ...   ...       ...        ...
471  2025-04-23 10:40:07.294154     NaN     NaN     NaN  81660.00  ...  24656.178687  NaN   NaN       NaN        NaN
472  2025-04-23 10:40:07.294154     NaN     NaN     NaN  81660.00  ...  26437.548103  NaN   NaN       NaN        NaN
473  2025-04-23 10:40:07.294154     NaN     NaN     NaN  81660.00  ...  28163.249725  NaN   NaN       NaN        NaN
474  2025-04-23 10:40:07.294154     NaN     NaN     NaN  81660.00  ...  29835.023171  NaN   NaN       NaN        NaN
475  2025-04-23 10:40:07.294154     NaN     NaN     NaN  81660.00  ...  31454.553697  NaN   NaN       NaN        NaN

[476 rows x 13 columns]
2025-04-23 10:40:07,672 INFO:Final row: {'timestamp': Timestamp('2025-04-23 10:40:07.294154'), 'open': nan, 'high': nan, 'low': nan, 'close': 81660.0, 'volume': nan, 'short': 81479.2646168292, 'middle': 62318.28473519576, 'long': 31454.553697146832, 'buy': nan, 'sell': nan, 'buy_exit': nan, 'sell_exit': nan}
2025-04-23 10:40:07,672 INFO:Buy exit signal received
2025-04-23 10:40:07,672 INFO:Sell exit signal received
2025-04-23 10:40:07,672 INFO:Entering while loop with trade_count: 2
2025-04-23 10:40:07,737 INFO:Combined historical with live algo:                       timestamp    open    high     low     close  ...          long  buy  sell  buy_exit  sell_exit
0     2025-04-22 09:15:00+05:30  821.10  821.10  817.00    818.80  ...    818.800000  NaN   NaN       NaN        NaN
1     2025-04-22 09:16:00+05:30  818.75  818.75  814.60    814.60  ...    818.668750  NaN   NaN       NaN        NaN
2     2025-04-22 09:17:00+05:30  814.60  816.00  814.00    815.35  ...    818.565039  NaN   NaN       NaN        NaN
3     2025-04-22 09:18:00+05:30  815.30  816.00  814.75    815.50  ...    818.469257  NaN   NaN       NaN        NaN
4     2025-04-22 09:19:00+05:30  815.55  815.75  814.50    814.60  ...    818.348342  NaN   NaN       NaN        NaN
..                          ...     ...     ...     ...       ...  ...           ...  ...   ...       ...        ...
472  2025-04-23 10:40:07.294154     NaN     NaN     NaN  81660.00  ...  26437.548103  NaN   NaN       NaN        NaN
473  2025-04-23 10:40:07.294154     NaN     NaN     NaN  81660.00  ...  28163.249725  NaN   NaN       NaN        NaN
474  2025-04-23 10:40:07.294154     NaN     NaN     NaN  81660.00  ...  29835.023171  NaN   NaN       NaN        NaN
475  2025-04-23 10:40:07.294154     NaN     NaN     NaN  81660.00  ...  31454.553697  NaN   NaN       NaN        NaN
476  2025-04-23 10:40:07.294154     NaN     NaN     NaN  81660.00  ...  33023.473894  NaN   NaN       NaN        NaN

[477 rows x 13 columns]
2025-04-23 10:40:07,737 INFO:Final row: {'timestamp': Timestamp('2025-04-23 10:40:07.294154'), 'open': nan, 'high': nan, 'low': nan, 'close': 81660.0, 'volume': nan, 'short': 81539.50974455281, 'middle': 64076.6224865416, 'long': 33023.473894111, 'buy': nan, 'sell': nan, 'buy_exit': nan, 'sell_exit': nan}
2025-04-23 10:40:07,737 INFO:Buy exit signal received
2025-04-23 10:40:07,737 INFO:Sell exit signal received
2025-04-23 10:40:07,737 INFO:Entering while loop with trade_count: 2
2025-04-23 10:40:07,785 INFO:Combined historical with live algo:                       timestamp    open    high     low     close  ...          long  buy  sell  buy_exit  sell_exit
0     2025-04-22 09:15:00+05:30  821.10  821.10  817.00    818.80  ...    818.800000  NaN   NaN       NaN        NaN
1     2025-04-22 09:16:00+05:30  818.75  818.75  814.60    814.60  ...    818.668750  NaN   NaN       NaN        NaN
2     2025-04-22 09:17:00+05:30  814.60  816.00  814.00    815.35  ...    818.565039  NaN   NaN       NaN        NaN
3     2025-04-22 09:18:00+05:30  815.30  816.00  814.75    815.50  ...    818.469257  NaN   NaN       NaN        NaN
4     2025-04-22 09:19:00+05:30  815.55  815.75  814.50    814.60  ...    818.348342  NaN   NaN       NaN        NaN
..                          ...     ...     ...     ...       ...  ...           ...  ...   ...       ...        ...
473  2025-04-23 10:40:07.294154     NaN     NaN     NaN  81660.00  ...  28163.249725  NaN   NaN       NaN        NaN
474  2025-04-23 10:40:07.294154     NaN     NaN     NaN  81660.00  ...  29835.023171  NaN   NaN       NaN        NaN
475  2025-04-23 10:40:07.294154     NaN     NaN     NaN  81660.00  ...  31454.553697  NaN   NaN       NaN        NaN
476  2025-04-23 10:40:07.294154     NaN     NaN     NaN  81660.00  ...  33023.473894  NaN   NaN       NaN        NaN
477  2025-04-23 10:40:07.294154     NaN     NaN     NaN  81660.00  ...  34543.365335  NaN   NaN       NaN        NaN

[478 rows x 13 columns]
2025-04-23 10:40:07,794 INFO:Final row: {'timestamp': Timestamp('2025-04-23 10:40:07.294154'), 'open': nan, 'high': nan, 'low': nan, 'close': 81660.0, 'volume': nan, 'short': 81579.67316303522, 'middle': 65675.11135140146, 'long': 34543.36533492003, 'buy': nan, 'sell': nan, 'buy_exit': nan, 'sell_exit': nan}
2025-04-23 10:40:07,794 INFO:Buy exit signal received
2025-04-23 10:40:07,794 INFO:Sell exit signal received
2025-04-23 10:40:07,794 INFO:Entering while loop with trade_count: 2
2025-04-23 10:40:07,837 INFO:Combined historical with live algo:                       timestamp    open    high     low     close  ...          long  buy  sell  buy_exit  sell_exit
0     2025-04-22 09:15:00+05:30  821.10  821.10  817.00    818.80  ...    818.800000  NaN   NaN       NaN        NaN
1     2025-04-22 09:16:00+05:30  818.75  818.75  814.60    814.60  ...    818.668750  NaN   NaN       NaN        NaN
2     2025-04-22 09:17:00+05:30  814.60  816.00  814.00    815.35  ...    818.565039  NaN   NaN       NaN        NaN
3     2025-04-22 09:18:00+05:30  815.30  816.00  814.75    815.50  ...    818.469257  NaN   NaN       NaN        NaN
4     2025-04-22 09:19:00+05:30  815.55  815.75  814.50    814.60  ...    818.348342  NaN   NaN       NaN        NaN
..                          ...     ...     ...     ...       ...  ...           ...  ...   ...       ...        ...
474  2025-04-23 10:40:07.294154     NaN     NaN     NaN  81660.00  ...  29835.023171  NaN   NaN       NaN        NaN
475  2025-04-23 10:40:07.294154     NaN     NaN     NaN  81660.00  ...  31454.553697  NaN   NaN       NaN        NaN
476  2025-04-23 10:40:07.294154     NaN     NaN     NaN  81660.00  ...  33023.473894  NaN   NaN       NaN        NaN
477  2025-04-23 10:40:07.294154     NaN     NaN     NaN  81660.00  ...  34543.365335  NaN   NaN       NaN        NaN
478  2025-04-23 10:40:07.294154     NaN     NaN     NaN  81660.00  ...  36015.760168  NaN   NaN       NaN        NaN

[479 rows x 13 columns]
2025-04-23 10:40:07,844 INFO:Final row: {'timestamp': Timestamp('2025-04-23 10:40:07.294154'), 'open': nan, 'high': nan, 'low': nan, 'close': 81660.0, 'volume': nan, 'short': 81606.44877535681, 'middle': 67128.2830467286, 'long': 36015.76016820378, 'buy': nan, 'sell': nan, 'buy_exit': nan, 'sell_exit': nan}
2025-04-23 10:40:07,844 INFO:Buy exit signal received
2025-04-23 10:40:07,844 INFO:Sell exit signal received
2025-04-23 10:40:07,844 INFO:Entering while loop with trade_count: 2
2025-04-23 10:40:07,886 INFO:Combined historical with live algo:                       timestamp    open    high     low     close  ...          long  buy  sell  buy_exit  sell_exit
0     2025-04-22 09:15:00+05:30  821.10  821.10  817.00    818.80  ...    818.800000  NaN   NaN       NaN        NaN
1     2025-04-22 09:16:00+05:30  818.75  818.75  814.60    814.60  ...    818.668750  NaN   NaN       NaN        NaN
2     2025-04-22 09:17:00+05:30  814.60  816.00  814.00    815.35  ...    818.565039  NaN   NaN       NaN        NaN
3     2025-04-22 09:18:00+05:30  815.30  816.00  814.75    815.50  ...    818.469257  NaN   NaN       NaN        NaN
4     2025-04-22 09:19:00+05:30  815.55  815.75  814.50    814.60  ...    818.348342  NaN   NaN       NaN        NaN
..                          ...     ...     ...     ...       ...  ...           ...  ...   ...       ...        ...
475  2025-04-23 10:40:07.294154     NaN     NaN     NaN  81660.00  ...  31454.553697  NaN   NaN       NaN        NaN
476  2025-04-23 10:40:07.294154     NaN     NaN     NaN  81660.00  ...  33023.473894  NaN   NaN       NaN        NaN
477  2025-04-23 10:40:07.294154     NaN     NaN     NaN  81660.00  ...  34543.365335  NaN   NaN       NaN        NaN
478  2025-04-23 10:40:07.294154     NaN     NaN     NaN  81660.00  ...  36015.760168  NaN   NaN       NaN        NaN
479  2025-04-23 10:40:07.294154     NaN     NaN     NaN  81660.00  ...  37442.142663  NaN   NaN       NaN        NaN

[480 rows x 13 columns]
2025-04-23 10:40:07,886 INFO:Final row: {'timestamp': Timestamp('2025-04-23 10:40:07.294154'), 'open': nan, 'high': nan, 'low': nan, 'close': 81660.0, 'volume': nan, 'short': 81624.29918357122, 'middle': 68449.34822429872, 'long': 37442.14266294741, 'buy': nan, 'sell': nan, 'buy_exit': nan, 'sell_exit': nan}
2025-04-23 10:40:07,886 INFO:Buy exit signal received
2025-04-23 10:40:07,886 INFO:Sell exit signal received
2025-04-23 10:40:07,886 INFO:Entering while loop with trade_count: 2
2025-04-23 10:40:07,941 INFO:Combined historical with live algo:                       timestamp    open    high     low     close  ...          long  buy  sell  buy_exit  sell_exit
0     2025-04-22 09:15:00+05:30  821.10  821.10  817.00    818.80  ...    818.800000  NaN   NaN       NaN        NaN
1     2025-04-22 09:16:00+05:30  818.75  818.75  814.60    814.60  ...    818.668750  NaN   NaN       NaN        NaN
2     2025-04-22 09:17:00+05:30  814.60  816.00  814.00    815.35  ...    818.565039  NaN   NaN       NaN        NaN
3     2025-04-22 09:18:00+05:30  815.30  816.00  814.75    815.50  ...    818.469257  NaN   NaN       NaN        NaN
4     2025-04-22 09:19:00+05:30  815.55  815.75  814.50    814.60  ...    818.348342  NaN   NaN       NaN        NaN
..                          ...     ...     ...     ...       ...  ...           ...  ...   ...       ...        ...
476  2025-04-23 10:40:07.294154     NaN     NaN     NaN  81660.00  ...  33023.473894  NaN   NaN       NaN        NaN
477  2025-04-23 10:40:07.294154     NaN     NaN     NaN  81660.00  ...  34543.365335  NaN   NaN       NaN        NaN
478  2025-04-23 10:40:07.294154     NaN     NaN     NaN  81660.00  ...  36015.760168  NaN   NaN       NaN        NaN
479  2025-04-23 10:40:07.294154     NaN     NaN     NaN  81660.00  ...  37442.142663  NaN   NaN       NaN        NaN
480  2025-04-23 10:40:07.294154     NaN     NaN     NaN  81660.00  ...  38823.950705  NaN   NaN       NaN        NaN

[481 rows x 13 columns]
2025-04-23 10:40:07,941 INFO:Final row: {'timestamp': Timestamp('2025-04-23 10:40:07.294154'), 'open': nan, 'high': nan, 'low': nan, 'close': 81660.0, 'volume': nan, 'short': 81636.19945571414, 'middle': 69650.31656754429, 'long': 38823.950704730305, 'buy': nan, 'sell': nan, 'buy_exit': nan, 'sell_exit': nan}
2025-04-23 10:40:07,941 INFO:Buy exit signal received
2025-04-23 10:40:07,941 INFO:Sell exit signal received
2025-04-23 10:40:07,941 INFO:Entering while loop with trade_count: 2
2025-04-23 10:40:07,999 INFO:Combined historical with live algo:                       timestamp    open    high     low     close  ...          long  buy  sell  buy_exit  sell_exit
0     2025-04-22 09:15:00+05:30  821.10  821.10  817.00    818.80  ...    818.800000  NaN   NaN       NaN        NaN
1     2025-04-22 09:16:00+05:30  818.75  818.75  814.60    814.60  ...    818.668750  NaN   NaN       NaN        NaN
2     2025-04-22 09:17:00+05:30  814.60  816.00  814.00    815.35  ...    818.565039  NaN   NaN       NaN        NaN
3     2025-04-22 09:18:00+05:30  815.30  816.00  814.75    815.50  ...    818.469257  NaN   NaN       NaN        NaN
4     2025-04-22 09:19:00+05:30  815.55  815.75  814.50    814.60  ...    818.348342  NaN   NaN       NaN        NaN
..                          ...     ...     ...     ...       ...  ...           ...  ...   ...       ...        ...
477  2025-04-23 10:40:07.294154     NaN     NaN     NaN  81660.00  ...  34543.365335  NaN   NaN       NaN        NaN
478  2025-04-23 10:40:07.294154     NaN     NaN     NaN  81660.00  ...  36015.760168  NaN   NaN       NaN        NaN
479  2025-04-23 10:40:07.294154     NaN     NaN     NaN  81660.00  ...  37442.142663  NaN   NaN       NaN        NaN
480  2025-04-23 10:40:07.294154     NaN     NaN     NaN  81660.00  ...  38823.950705  NaN   NaN       NaN        NaN
481  2025-04-23 10:40:07.928413     NaN     NaN     NaN  81690.00  ...  40163.514745  NaN   NaN       NaN        NaN

[482 rows x 13 columns]
2025-04-23 10:40:08,002 INFO:Final row: {'timestamp': Timestamp('2025-04-23 10:40:07.928413'), 'open': nan, 'high': nan, 'low': nan, 'close': 81690.0, 'volume': nan, 'short': 81654.1329704761, 'middle': 70744.83324322208, 'long': 40163.51474520748, 'buy': nan, 'sell': nan, 'buy_exit': nan, 'sell_exit': nan}
2025-04-23 10:40:08,002 INFO:Buy exit signal received
2025-04-23 10:40:08,002 INFO:Sell exit signal received
2025-04-23 10:40:08,002 INFO:Entering while loop with trade_count: 2
2025-04-23 10:40:08,052 INFO:Combined historical with live algo:                       timestamp    open    high     low     close  ...          long  buy  sell  buy_exit  sell_exit
0     2025-04-22 09:15:00+05:30  821.10  821.10  817.00    818.80  ...    818.800000  NaN   NaN       NaN        NaN
1     2025-04-22 09:16:00+05:30  818.75  818.75  814.60    814.60  ...    818.668750  NaN   NaN       NaN        NaN
2     2025-04-22 09:17:00+05:30  814.60  816.00  814.00    815.35  ...    818.565039  NaN   NaN       NaN        NaN
3     2025-04-22 09:18:00+05:30  815.30  816.00  814.75    815.50  ...    818.469257  NaN   NaN       NaN        NaN
4     2025-04-22 09:19:00+05:30  815.55  815.75  814.50    814.60  ...    818.348342  NaN   NaN       NaN        NaN
..                          ...     ...     ...     ...       ...  ...           ...  ...   ...       ...        ...
478  2025-04-23 10:40:07.294154     NaN     NaN     NaN  81660.00  ...  36015.760168  NaN   NaN       NaN        NaN
479  2025-04-23 10:40:07.294154     NaN     NaN     NaN  81660.00  ...  37442.142663  NaN   NaN       NaN        NaN
480  2025-04-23 10:40:07.294154     NaN     NaN     NaN  81660.00  ...  38823.950705  NaN   NaN       NaN        NaN
481  2025-04-23 10:40:07.928413     NaN     NaN     NaN  81690.00  ...  40163.514745  NaN   NaN       NaN        NaN
482  2025-04-23 10:40:07.928413     NaN     NaN     NaN  81690.00  ...  41461.217409  NaN   NaN       NaN        NaN

[483 rows x 13 columns]
2025-04-23 10:40:08,052 INFO:Final row: {'timestamp': Timestamp('2025-04-23 10:40:07.928413'), 'open': nan, 'high': nan, 'low': nan, 'close': 81690.0, 'volume': nan, 'short': 81666.08864698408, 'middle': 71739.84840292916, 'long': 41461.21740941975, 'buy': nan, 'sell': nan, 'buy_exit': nan, 'sell_exit': nan}
2025-04-23 10:40:08,052 INFO:Buy exit signal received
2025-04-23 10:40:08,052 INFO:Sell exit signal received
2025-04-23 10:40:08,052 INFO:Entering while loop with trade_count: 2
2025-04-23 10:40:08,103 INFO:Combined historical with live algo:                       timestamp    open    high     low     close  ...          long  buy  sell  buy_exit  sell_exit
0     2025-04-22 09:15:00+05:30  821.10  821.10  817.00    818.80  ...    818.800000  NaN   NaN       NaN        NaN
1     2025-04-22 09:16:00+05:30  818.75  818.75  814.60    814.60  ...    818.668750  NaN   NaN       NaN        NaN
2     2025-04-22 09:17:00+05:30  814.60  816.00  814.00    815.35  ...    818.565039  NaN   NaN       NaN        NaN
3     2025-04-22 09:18:00+05:30  815.30  816.00  814.75    815.50  ...    818.469257  NaN   NaN       NaN        NaN
4     2025-04-22 09:19:00+05:30  815.55  815.75  814.50    814.60  ...    818.348342  NaN   NaN       NaN        NaN
..                          ...     ...     ...     ...       ...  ...           ...  ...   ...       ...        ...
479  2025-04-23 10:40:07.294154     NaN     NaN     NaN  81660.00  ...  37442.142663  NaN   NaN       NaN        NaN
480  2025-04-23 10:40:07.294154     NaN     NaN     NaN  81660.00  ...  38823.950705  NaN   NaN       NaN        NaN
481  2025-04-23 10:40:07.928413     NaN     NaN     NaN  81690.00  ...  40163.514745  NaN   NaN       NaN        NaN
482  2025-04-23 10:40:07.928413     NaN     NaN     NaN  81690.00  ...  41461.217409  NaN   NaN       NaN        NaN
483  2025-04-23 10:40:07.928413     NaN     NaN     NaN  81690.00  ...  42718.366865  NaN   NaN       NaN        NaN

[484 rows x 13 columns]
2025-04-23 10:40:08,103 INFO:Final row: {'timestamp': Timestamp('2025-04-23 10:40:07.928413'), 'open': nan, 'high': nan, 'low': nan, 'close': 81690.0, 'volume': nan, 'short': 81674.05909798939, 'middle': 72644.40763902651, 'long': 42718.36686537538, 'buy': nan, 'sell': nan, 'buy_exit': nan, 'sell_exit': nan}
2025-04-23 10:40:08,103 INFO:Buy exit signal received
2025-04-23 10:40:08,103 INFO:Sell exit signal received
2025-04-23 10:40:08,103 INFO:Entering while loop with trade_count: 2
2025-04-23 10:40:08,169 INFO:Combined historical with live algo:                       timestamp    open    high     low     close  ...          long  buy  sell  buy_exit  sell_exit
0     2025-04-22 09:15:00+05:30  821.10  821.10  817.00    818.80  ...    818.800000  NaN   NaN       NaN        NaN
1     2025-04-22 09:16:00+05:30  818.75  818.75  814.60    814.60  ...    818.668750  NaN   NaN       NaN        NaN
2     2025-04-22 09:17:00+05:30  814.60  816.00  814.00    815.35  ...    818.565039  NaN   NaN       NaN        NaN
3     2025-04-22 09:18:00+05:30  815.30  816.00  814.75    815.50  ...    818.469257  NaN   NaN       NaN        NaN
4     2025-04-22 09:19:00+05:30  815.55  815.75  814.50    814.60  ...    818.348342  NaN   NaN       NaN        NaN
..                          ...     ...     ...     ...       ...  ...           ...  ...   ...       ...        ...
480  2025-04-23 10:40:07.294154     NaN     NaN     NaN  81660.00  ...  38823.950705  NaN   NaN       NaN        NaN
481  2025-04-23 10:40:07.928413     NaN     NaN     NaN  81690.00  ...  40163.514745  NaN   NaN       NaN        NaN
482  2025-04-23 10:40:07.928413     NaN     NaN     NaN  81690.00  ...  41461.217409  NaN   NaN       NaN        NaN
483  2025-04-23 10:40:07.928413     NaN     NaN     NaN  81690.00  ...  42718.366865  NaN   NaN       NaN        NaN
484  2025-04-23 10:40:07.928413     NaN     NaN     NaN  81690.00  ...  43936.230401  NaN   NaN       NaN        NaN

[485 rows x 13 columns]
2025-04-23 10:40:08,170 INFO:Final row: {'timestamp': Timestamp('2025-04-23 10:40:07.928413'), 'open': nan, 'high': nan, 'low': nan, 'close': 81690.0, 'volume': nan, 'short': 81679.37273199293, 'middle': 73466.73421729682, 'long': 43936.2304008324, 'buy': nan, 'sell': nan, 'buy_exit': nan, 'sell_exit': nan}
2025-04-23 10:40:08,170 INFO:Buy exit signal received
2025-04-23 10:40:08,170 INFO:Sell exit signal received
2025-04-23 10:40:08,170 INFO:Entering while loop with trade_count: 2
2025-04-23 10:40:08,223 INFO:Combined historical with live algo:                       timestamp    open    high     low     close  ...          long  buy  sell  buy_exit  sell_exit
0     2025-04-22 09:15:00+05:30  821.10  821.10  817.00    818.80  ...    818.800000  NaN   NaN       NaN        NaN
1     2025-04-22 09:16:00+05:30  818.75  818.75  814.60    814.60  ...    818.668750  NaN   NaN       NaN        NaN
2     2025-04-22 09:17:00+05:30  814.60  816.00  814.00    815.35  ...    818.565039  NaN   NaN       NaN        NaN
3     2025-04-22 09:18:00+05:30  815.30  816.00  814.75    815.50  ...    818.469257  NaN   NaN       NaN        NaN
4     2025-04-22 09:19:00+05:30  815.55  815.75  814.50    814.60  ...    818.348342  NaN   NaN       NaN        NaN
..                          ...     ...     ...     ...       ...  ...           ...  ...   ...       ...        ...
481  2025-04-23 10:40:07.928413     NaN     NaN     NaN  81690.00  ...  40163.514745  NaN   NaN       NaN        NaN
482  2025-04-23 10:40:07.928413     NaN     NaN     NaN  81690.00  ...  41461.217409  NaN   NaN       NaN        NaN
483  2025-04-23 10:40:07.928413     NaN     NaN     NaN  81690.00  ...  42718.366865  NaN   NaN       NaN        NaN
484  2025-04-23 10:40:07.928413     NaN     NaN     NaN  81690.00  ...  43936.230401  NaN   NaN       NaN        NaN
485  2025-04-23 10:40:07.928413     NaN     NaN     NaN  81690.00  ...  45116.035701  NaN   NaN       NaN        NaN

[486 rows x 13 columns]
2025-04-23 10:40:08,223 INFO:Final row: {'timestamp': Timestamp('2025-04-23 10:40:07.928413'), 'open': nan, 'high': nan, 'low': nan, 'close': 81690.0, 'volume': nan, 'short': 81682.91515466195, 'middle': 74214.30383390619, 'long': 45116.03570080639, 'buy': nan, 'sell': nan, 'buy_exit': nan, 'sell_exit': nan}
2025-04-23 10:40:08,223 INFO:Buy exit signal received
2025-04-23 10:40:08,223 INFO:Sell exit signal received
2025-04-23 10:40:08,223 INFO:Entering while loop with trade_count: 2
2025-04-23 10:40:08,286 INFO:Combined historical with live algo:                       timestamp    open    high     low     close  ...          long  buy  sell  buy_exit  sell_exit
0     2025-04-22 09:15:00+05:30  821.10  821.10  817.00    818.80  ...    818.800000  NaN   NaN       NaN        NaN
1     2025-04-22 09:16:00+05:30  818.75  818.75  814.60    814.60  ...    818.668750  NaN   NaN       NaN        NaN
2     2025-04-22 09:17:00+05:30  814.60  816.00  814.00    815.35  ...    818.565039  NaN   NaN       NaN        NaN
3     2025-04-22 09:18:00+05:30  815.30  816.00  814.75    815.50  ...    818.469257  NaN   NaN       NaN        NaN
4     2025-04-22 09:19:00+05:30  815.55  815.75  814.50    814.60  ...    818.348342  NaN   NaN       NaN        NaN
..                          ...     ...     ...     ...       ...  ...           ...  ...   ...       ...        ...
482  2025-04-23 10:40:07.928413     NaN     NaN     NaN  81690.00  ...  41461.217409  NaN   NaN       NaN        NaN
483  2025-04-23 10:40:07.928413     NaN     NaN     NaN  81690.00  ...  42718.366865  NaN   NaN       NaN        NaN
484  2025-04-23 10:40:07.928413     NaN     NaN     NaN  81690.00  ...  43936.230401  NaN   NaN       NaN        NaN
485  2025-04-23 10:40:07.928413     NaN     NaN     NaN  81690.00  ...  45116.035701  NaN   NaN       NaN        NaN
486  2025-04-23 10:40:07.928413     NaN     NaN     NaN  81690.00  ...  46258.972085  NaN   NaN       NaN        NaN

[487 rows x 13 columns]
2025-04-23 10:40:08,286 INFO:Final row: {'timestamp': Timestamp('2025-04-23 10:40:07.928413'), 'open': nan, 'high': nan, 'low': nan, 'close': 81690.0, 'volume': nan, 'short': 81685.27676977465, 'middle': 74893.91257627835, 'long': 46258.97208515619, 'buy': nan, 'sell': nan, 'buy_exit': nan, 'sell_exit': nan}
2025-04-23 10:40:08,286 INFO:Buy exit signal received
2025-04-23 10:40:08,286 INFO:Sell exit signal received
2025-04-23 10:40:08,286 INFO:Entering while loop with trade_count: 2
2025-04-23 10:40:08,334 INFO:Combined historical with live algo:                       timestamp    open    high     low     close  ...          long  buy  sell  buy_exit  sell_exit
0     2025-04-22 09:15:00+05:30  821.10  821.10  817.00    818.80  ...    818.800000  NaN   NaN       NaN        NaN
1     2025-04-22 09:16:00+05:30  818.75  818.75  814.60    814.60  ...    818.668750  NaN   NaN       NaN        NaN
2     2025-04-22 09:17:00+05:30  814.60  816.00  814.00    815.35  ...    818.565039  NaN   NaN       NaN        NaN
3     2025-04-22 09:18:00+05:30  815.30  816.00  814.75    815.50  ...    818.469257  NaN   NaN       NaN        NaN
4     2025-04-22 09:19:00+05:30  815.55  815.75  814.50    814.60  ...    818.348342  NaN   NaN       NaN        NaN
..                          ...     ...     ...     ...       ...  ...           ...  ...   ...       ...        ...
483  2025-04-23 10:40:07.928413     NaN     NaN     NaN  81690.00  ...  42718.366865  NaN   NaN       NaN        NaN
484  2025-04-23 10:40:07.928413     NaN     NaN     NaN  81690.00  ...  43936.230401  NaN   NaN       NaN        NaN
485  2025-04-23 10:40:07.928413     NaN     NaN     NaN  81690.00  ...  45116.035701  NaN   NaN       NaN        NaN
486  2025-04-23 10:40:07.928413     NaN     NaN     NaN  81690.00  ...  46258.972085  NaN   NaN       NaN        NaN
487  2025-04-23 10:40:07.928413     NaN     NaN     NaN  81690.00  ...  47366.191707  NaN   NaN       NaN        NaN

[488 rows x 13 columns]
2025-04-23 10:40:08,334 INFO:Final row: {'timestamp': Timestamp('2025-04-23 10:40:07.928413'), 'open': nan, 'high': nan, 'low': nan, 'close': 81690.0, 'volume': nan, 'short': 81686.85117984976, 'middle': 75511.73870570758, 'long': 47366.191707495054, 'buy': nan, 'sell': nan, 'buy_exit': nan, 'sell_exit': nan}
2025-04-23 10:40:08,334 INFO:Buy exit signal received
2025-04-23 10:40:08,334 INFO:Sell exit signal received
2025-04-23 10:40:08,334 INFO:Entering while loop with trade_count: 2
2025-04-23 10:40:08,395 INFO:Combined historical with live algo:                       timestamp    open    high     low     close  ...          long  buy  sell  buy_exit  sell_exit
0     2025-04-22 09:15:00+05:30  821.10  821.10  817.00    818.80  ...    818.800000  NaN   NaN       NaN        NaN
1     2025-04-22 09:16:00+05:30  818.75  818.75  814.60    814.60  ...    818.668750  NaN   NaN       NaN        NaN
2     2025-04-22 09:17:00+05:30  814.60  816.00  814.00    815.35  ...    818.565039  NaN   NaN       NaN        NaN
3     2025-04-22 09:18:00+05:30  815.30  816.00  814.75    815.50  ...    818.469257  NaN   NaN       NaN        NaN
4     2025-04-22 09:19:00+05:30  815.55  815.75  814.50    814.60  ...    818.348342  NaN   NaN       NaN        NaN
..                          ...     ...     ...     ...       ...  ...           ...  ...   ...       ...        ...
484  2025-04-23 10:40:07.928413     NaN     NaN     NaN  81690.00  ...  43936.230401  NaN   NaN       NaN        NaN
485  2025-04-23 10:40:07.928413     NaN     NaN     NaN  81690.00  ...  45116.035701  NaN   NaN       NaN        NaN
486  2025-04-23 10:40:07.928413     NaN     NaN     NaN  81690.00  ...  46258.972085  NaN   NaN       NaN        NaN
487  2025-04-23 10:40:07.928413     NaN     NaN     NaN  81690.00  ...  47366.191707  NaN   NaN       NaN        NaN
488  2025-04-23 10:40:07.928413     NaN     NaN     NaN  81690.00  ...  48438.810717  NaN   NaN       NaN        NaN

[489 rows x 13 columns]
2025-04-23 10:40:08,400 INFO:Final row: {'timestamp': Timestamp('2025-04-23 10:40:07.928413'), 'open': nan, 'high': nan, 'low': nan, 'close': 81690.0, 'volume': nan, 'short': 81687.90078656652, 'middle': 76073.39882337052, 'long': 48438.81071663583, 'buy': nan, 'sell': nan, 'buy_exit': nan, 'sell_exit': nan}
2025-04-23 10:40:08,400 INFO:Buy exit signal received
2025-04-23 10:40:08,400 INFO:Sell exit signal received
2025-04-23 10:40:08,400 INFO:Entering while loop with trade_count: 2
2025-04-23 10:40:08,455 INFO:Combined historical with live algo:                       timestamp    open    high     low     close  ...          long  buy  sell  buy_exit  sell_exit
0     2025-04-22 09:15:00+05:30  821.10  821.10  817.00    818.80  ...    818.800000  NaN   NaN       NaN        NaN
1     2025-04-22 09:16:00+05:30  818.75  818.75  814.60    814.60  ...    818.668750  NaN   NaN       NaN        NaN
2     2025-04-22 09:17:00+05:30  814.60  816.00  814.00    815.35  ...    818.565039  NaN   NaN       NaN        NaN
3     2025-04-22 09:18:00+05:30  815.30  816.00  814.75    815.50  ...    818.469257  NaN   NaN       NaN        NaN
4     2025-04-22 09:19:00+05:30  815.55  815.75  814.50    814.60  ...    818.348342  NaN   NaN       NaN        NaN
..                          ...     ...     ...     ...       ...  ...           ...  ...   ...       ...        ...
485  2025-04-23 10:40:07.928413     NaN     NaN     NaN  81690.00  ...  45116.035701  NaN   NaN       NaN        NaN
486  2025-04-23 10:40:07.928413     NaN     NaN     NaN  81690.00  ...  46258.972085  NaN   NaN       NaN        NaN
487  2025-04-23 10:40:07.928413     NaN     NaN     NaN  81690.00  ...  47366.191707  NaN   NaN       NaN        NaN
488  2025-04-23 10:40:07.928413     NaN     NaN     NaN  81690.00  ...  48438.810717  NaN   NaN       NaN        NaN
489  2025-04-23 10:40:08.352274     NaN     NaN     NaN  81690.00  ...  49477.910382  NaN   NaN       NaN        NaN

[490 rows x 13 columns]
2025-04-23 10:40:08,457 INFO:Final row: {'timestamp': Timestamp('2025-04-23 10:40:08.352274'), 'open': nan, 'high': nan, 'low': nan, 'close': 81690.0, 'volume': nan, 'short': 81688.60052437769, 'middle': 76583.99893033682, 'long': 49477.91038174096, 'buy': nan, 'sell': nan, 'buy_exit': nan, 'sell_exit': nan}
2025-04-23 10:40:08,457 INFO:Buy exit signal received
2025-04-23 10:40:08,457 INFO:Sell exit signal received
2025-04-23 10:40:08,457 INFO:Entering while loop with trade_count: 2
2025-04-23 10:40:08,512 INFO:Combined historical with live algo:                       timestamp    open    high     low     close  ...          long  buy  sell  buy_exit  sell_exit
0     2025-04-22 09:15:00+05:30  821.10  821.10  817.00    818.80  ...    818.800000  NaN   NaN       NaN        NaN
1     2025-04-22 09:16:00+05:30  818.75  818.75  814.60    814.60  ...    818.668750  NaN   NaN       NaN        NaN
2     2025-04-22 09:17:00+05:30  814.60  816.00  814.00    815.35  ...    818.565039  NaN   NaN       NaN        NaN
3     2025-04-22 09:18:00+05:30  815.30  816.00  814.75    815.50  ...    818.469257  NaN   NaN       NaN        NaN
4     2025-04-22 09:19:00+05:30  815.55  815.75  814.50    814.60  ...    818.348342  NaN   NaN       NaN        NaN
..                          ...     ...     ...     ...       ...  ...           ...  ...   ...       ...        ...
486  2025-04-23 10:40:07.928413     NaN     NaN     NaN  81690.00  ...  46258.972085  NaN   NaN       NaN        NaN
487  2025-04-23 10:40:07.928413     NaN     NaN     NaN  81690.00  ...  47366.191707  NaN   NaN       NaN        NaN
488  2025-04-23 10:40:07.928413     NaN     NaN     NaN  81690.00  ...  48438.810717  NaN   NaN       NaN        NaN
489  2025-04-23 10:40:08.352274     NaN     NaN     NaN  81690.00  ...  49477.910382  NaN   NaN       NaN        NaN
490  2025-04-23 10:40:08.352274     NaN     NaN     NaN  81690.00  ...  50484.538182  NaN   NaN       NaN        NaN

[491 rows x 13 columns]
2025-04-23 10:40:08,512 INFO:Final row: {'timestamp': Timestamp('2025-04-23 10:40:08.352274'), 'open': nan, 'high': nan, 'low': nan, 'close': 81690.0, 'volume': nan, 'short': 81689.06701625179, 'middle': 77048.18084576074, 'long': 50484.53818231156, 'buy': nan, 'sell': nan, 'buy_exit': nan, 'sell_exit': nan}
2025-04-23 10:40:08,512 INFO:Buy exit signal received
2025-04-23 10:40:08,512 INFO:Sell exit signal received
2025-04-23 10:40:08,512 INFO:Entering while loop with trade_count: 2
2025-04-23 10:40:08,561 INFO:Combined historical with live algo:                       timestamp    open    high     low     close  ...          long  buy  sell  buy_exit  sell_exit
0     2025-04-22 09:15:00+05:30  821.10  821.10  817.00    818.80  ...    818.800000  NaN   NaN       NaN        NaN
1     2025-04-22 09:16:00+05:30  818.75  818.75  814.60    814.60  ...    818.668750  NaN   NaN       NaN        NaN
2     2025-04-22 09:17:00+05:30  814.60  816.00  814.00    815.35  ...    818.565039  NaN   NaN       NaN        NaN
3     2025-04-22 09:18:00+05:30  815.30  816.00  814.75    815.50  ...    818.469257  NaN   NaN       NaN        NaN
4     2025-04-22 09:19:00+05:30  815.55  815.75  814.50    814.60  ...    818.348342  NaN   NaN       NaN        NaN
..                          ...     ...     ...     ...       ...  ...           ...  ...   ...       ...        ...
487  2025-04-23 10:40:07.928413     NaN     NaN     NaN  81690.00  ...  47366.191707  NaN   NaN       NaN        NaN
488  2025-04-23 10:40:07.928413     NaN     NaN     NaN  81690.00  ...  48438.810717  NaN   NaN       NaN        NaN
489  2025-04-23 10:40:08.352274     NaN     NaN     NaN  81690.00  ...  49477.910382  NaN   NaN       NaN        NaN
490  2025-04-23 10:40:08.352274     NaN     NaN     NaN  81690.00  ...  50484.538182  NaN   NaN       NaN        NaN
491  2025-04-23 10:40:08.352274     NaN     NaN     NaN  81690.00  ...  51459.708864  NaN   NaN       NaN        NaN

[492 rows x 13 columns]
2025-04-23 10:40:08,563 INFO:Final row: {'timestamp': Timestamp('2025-04-23 10:40:08.352274'), 'open': nan, 'high': nan, 'low': nan, 'close': 81690.0, 'volume': nan, 'short': 81689.37801083454, 'middle': 77470.16440523702, 'long': 51459.70886411433, 'buy': nan, 'sell': nan, 'buy_exit': nan, 'sell_exit': nan}
2025-04-23 10:40:08,563 INFO:Buy exit signal received
2025-04-23 10:40:08,563 INFO:Sell exit signal received
2025-04-23 10:40:08,563 INFO:Entering while loop with trade_count: 2
2025-04-23 10:40:08,608 INFO:Combined historical with live algo:                       timestamp    open    high     low     close  ...          long  buy  sell  buy_exit  sell_exit
0     2025-04-22 09:15:00+05:30  821.10  821.10  817.00    818.80  ...    818.800000  NaN   NaN       NaN        NaN
1     2025-04-22 09:16:00+05:30  818.75  818.75  814.60    814.60  ...    818.668750  NaN   NaN       NaN        NaN
2     2025-04-22 09:17:00+05:30  814.60  816.00  814.00    815.35  ...    818.565039  NaN   NaN       NaN        NaN
3     2025-04-22 09:18:00+05:30  815.30  816.00  814.75    815.50  ...    818.469257  NaN   NaN       NaN        NaN
4     2025-04-22 09:19:00+05:30  815.55  815.75  814.50    814.60  ...    818.348342  NaN   NaN       NaN        NaN
..                          ...     ...     ...     ...       ...  ...           ...  ...   ...       ...        ...
488  2025-04-23 10:40:07.928413     NaN     NaN     NaN  81690.00  ...  48438.810717  NaN   NaN       NaN        NaN
489  2025-04-23 10:40:08.352274     NaN     NaN     NaN  81690.00  ...  49477.910382  NaN   NaN       NaN        NaN
490  2025-04-23 10:40:08.352274     NaN     NaN     NaN  81690.00  ...  50484.538182  NaN   NaN       NaN        NaN
491  2025-04-23 10:40:08.352274     NaN     NaN     NaN  81690.00  ...  51459.708864  NaN   NaN       NaN        NaN
492  2025-04-23 10:40:08.352274     NaN     NaN     NaN  81690.00  ...  52404.405462  NaN   NaN       NaN        NaN

[493 rows x 13 columns]
2025-04-23 10:40:08,608 INFO:Final row: {'timestamp': Timestamp('2025-04-23 10:40:08.352274'), 'open': nan, 'high': nan, 'low': nan, 'close': 81690.0, 'volume': nan, 'short': 81689.58534055637, 'middle': 77853.78582294274, 'long': 52404.40546211076, 'buy': nan, 'sell': nan, 'buy_exit': nan, 'sell_exit': nan}
2025-04-23 10:40:08,608 INFO:Buy exit signal received
2025-04-23 10:40:08,608 INFO:Sell exit signal received
2025-04-23 10:40:08,608 INFO:Entering while loop with trade_count: 2
2025-04-23 10:40:08,651 INFO:Combined historical with live algo:                       timestamp    open    high     low     close  ...          long  buy  sell  buy_exit  sell_exit
0     2025-04-22 09:15:00+05:30  821.10  821.10  817.00    818.80  ...    818.800000  NaN   NaN       NaN        NaN
1     2025-04-22 09:16:00+05:30  818.75  818.75  814.60    814.60  ...    818.668750  NaN   NaN       NaN        NaN
2     2025-04-22 09:17:00+05:30  814.60  816.00  814.00    815.35  ...    818.565039  NaN   NaN       NaN        NaN
3     2025-04-22 09:18:00+05:30  815.30  816.00  814.75    815.50  ...    818.469257  NaN   NaN       NaN        NaN
4     2025-04-22 09:19:00+05:30  815.55  815.75  814.50    814.60  ...    818.348342  NaN   NaN       NaN        NaN
..                          ...     ...     ...     ...       ...  ...           ...  ...   ...       ...        ...
489  2025-04-23 10:40:08.352274     NaN     NaN     NaN  81690.00  ...  49477.910382  NaN   NaN       NaN        NaN
490  2025-04-23 10:40:08.352274     NaN     NaN     NaN  81690.00  ...  50484.538182  NaN   NaN       NaN        NaN
491  2025-04-23 10:40:08.352274     NaN     NaN     NaN  81690.00  ...  51459.708864  NaN   NaN       NaN        NaN
492  2025-04-23 10:40:08.352274     NaN     NaN     NaN  81690.00  ...  52404.405462  NaN   NaN       NaN        NaN
493  2025-04-23 10:40:08.352274     NaN     NaN     NaN  81690.00  ...  53319.580291  NaN   NaN       NaN        NaN

[494 rows x 13 columns]
2025-04-23 10:40:08,665 INFO:Final row: {'timestamp': Timestamp('2025-04-23 10:40:08.352274'), 'open': nan, 'high': nan, 'low': nan, 'close': 81690.0, 'volume': nan, 'short': 81689.72356037091, 'middle': 78202.53256631157, 'long': 53319.5802914198, 'buy': nan, 'sell': nan, 'buy_exit': nan, 'sell_exit': nan}
2025-04-23 10:40:08,665 INFO:Buy exit signal received
2025-04-23 10:40:08,665 INFO:Sell exit signal received
2025-04-23 10:40:08,665 INFO:Entering while loop with trade_count: 2
2025-04-23 10:40:08,708 INFO:Combined historical with live algo:                       timestamp    open    high     low     close  ...          long  buy  sell  buy_exit  sell_exit
0     2025-04-22 09:15:00+05:30  821.10  821.10  817.00    818.80  ...    818.800000  NaN   NaN       NaN        NaN
1     2025-04-22 09:16:00+05:30  818.75  818.75  814.60    814.60  ...    818.668750  NaN   NaN       NaN        NaN
2     2025-04-22 09:17:00+05:30  814.60  816.00  814.00    815.35  ...    818.565039  NaN   NaN       NaN        NaN
3     2025-04-22 09:18:00+05:30  815.30  816.00  814.75    815.50  ...    818.469257  NaN   NaN       NaN        NaN
4     2025-04-22 09:19:00+05:30  815.55  815.75  814.50    814.60  ...    818.348342  NaN   NaN       NaN        NaN
..                          ...     ...     ...     ...       ...  ...           ...  ...   ...       ...        ...
490  2025-04-23 10:40:08.352274     NaN     NaN     NaN  81690.00  ...  50484.538182  NaN   NaN       NaN        NaN
491  2025-04-23 10:40:08.352274     NaN     NaN     NaN  81690.00  ...  51459.708864  NaN   NaN       NaN        NaN
492  2025-04-23 10:40:08.352274     NaN     NaN     NaN  81690.00  ...  52404.405462  NaN   NaN       NaN        NaN
493  2025-04-23 10:40:08.352274     NaN     NaN     NaN  81690.00  ...  53319.580291  NaN   NaN       NaN        NaN
494  2025-04-23 10:40:08.352274     NaN     NaN     NaN  81690.00  ...  54206.155907  NaN   NaN       NaN        NaN

[495 rows x 13 columns]
2025-04-23 10:40:08,715 INFO:Final row: {'timestamp': Timestamp('2025-04-23 10:40:08.352274'), 'open': nan, 'high': nan, 'low': nan, 'close': 81690.0, 'volume': nan, 'short': 81689.81570691394, 'middle': 78519.57506028324, 'long': 54206.15590731293, 'buy': nan, 'sell': nan, 'buy_exit': nan, 'sell_exit': nan}
2025-04-23 10:40:08,716 INFO:Buy exit signal received
2025-04-23 10:40:08,716 INFO:Sell exit signal received
2025-04-23 10:40:08,716 INFO:Entering while loop with trade_count: 2
2025-04-23 10:40:08,771 INFO:Combined historical with live algo:                       timestamp    open    high     low     close  ...          long  buy  sell  buy_exit  sell_exit
0     2025-04-22 09:15:00+05:30  821.10  821.10  817.00    818.80  ...    818.800000  NaN   NaN       NaN        NaN
1     2025-04-22 09:16:00+05:30  818.75  818.75  814.60    814.60  ...    818.668750  NaN   NaN       NaN        NaN
2     2025-04-22 09:17:00+05:30  814.60  816.00  814.00    815.35  ...    818.565039  NaN   NaN       NaN        NaN
3     2025-04-22 09:18:00+05:30  815.30  816.00  814.75    815.50  ...    818.469257  NaN   NaN       NaN        NaN
4     2025-04-22 09:19:00+05:30  815.55  815.75  814.50    814.60  ...    818.348342  NaN   NaN       NaN        NaN
..                          ...     ...     ...     ...       ...  ...           ...  ...   ...       ...        ...
491  2025-04-23 10:40:08.352274     NaN     NaN     NaN  81690.00  ...  51459.708864  NaN   NaN       NaN        NaN
492  2025-04-23 10:40:08.352274     NaN     NaN     NaN  81690.00  ...  52404.405462  NaN   NaN       NaN        NaN
493  2025-04-23 10:40:08.352274     NaN     NaN     NaN  81690.00  ...  53319.580291  NaN   NaN       NaN        NaN
494  2025-04-23 10:40:08.352274     NaN     NaN     NaN  81690.00  ...  54206.155907  NaN   NaN       NaN        NaN
495  2025-04-23 10:40:08.352274     NaN     NaN     NaN  81690.00  ...  55065.026035  NaN   NaN       NaN        NaN

[496 rows x 13 columns]
2025-04-23 10:40:08,774 INFO:Final row: {'timestamp': Timestamp('2025-04-23 10:40:08.352274'), 'open': nan, 'high': nan, 'low': nan, 'close': 81690.0, 'volume': nan, 'short': 81689.87713794263, 'middle': 78807.79550934839, 'long': 55065.026035209405, 'buy': nan, 'sell': nan, 'buy_exit': nan, 'sell_exit': nan}
2025-04-23 10:40:08,774 INFO:Buy exit signal received
2025-04-23 10:40:08,774 INFO:Sell exit signal received
2025-04-23 10:40:08,774 INFO:Entering while loop with trade_count: 2
2025-04-23 10:40:08,827 INFO:Combined historical with live algo:                       timestamp    open    high     low     close  ...          long  buy  sell  buy_exit  sell_exit
0     2025-04-22 09:15:00+05:30  821.10  821.10  817.00    818.80  ...    818.800000  NaN   NaN       NaN        NaN
1     2025-04-22 09:16:00+05:30  818.75  818.75  814.60    814.60  ...    818.668750  NaN   NaN       NaN        NaN
2     2025-04-22 09:17:00+05:30  814.60  816.00  814.00    815.35  ...    818.565039  NaN   NaN       NaN        NaN
3     2025-04-22 09:18:00+05:30  815.30  816.00  814.75    815.50  ...    818.469257  NaN   NaN       NaN        NaN
4     2025-04-22 09:19:00+05:30  815.55  815.75  814.50    814.60  ...    818.348342  NaN   NaN       NaN        NaN
..                          ...     ...     ...     ...       ...  ...           ...  ...   ...       ...        ...
492  2025-04-23 10:40:08.352274     NaN     NaN     NaN  81690.00  ...  52404.405462  NaN   NaN       NaN        NaN
493  2025-04-23 10:40:08.352274     NaN     NaN     NaN  81690.00  ...  53319.580291  NaN   NaN       NaN        NaN
494  2025-04-23 10:40:08.352274     NaN     NaN     NaN  81690.00  ...  54206.155907  NaN   NaN       NaN        NaN
495  2025-04-23 10:40:08.352274     NaN     NaN     NaN  81690.00  ...  55065.026035  NaN   NaN       NaN        NaN
496  2025-04-23 10:40:08.352274     NaN     NaN     NaN  81690.00  ...  55897.056472  NaN   NaN       NaN        NaN

[497 rows x 13 columns]
2025-04-23 10:40:08,827 INFO:Final row: {'timestamp': Timestamp('2025-04-23 10:40:08.352274'), 'open': nan, 'high': nan, 'low': nan, 'close': 81690.0, 'volume': nan, 'short': 81689.91809196176, 'middle': 79069.81409940762, 'long': 55897.05647160911, 'buy': nan, 'sell': nan, 'buy_exit': nan, 'sell_exit': nan}
2025-04-23 10:40:08,827 INFO:Buy exit signal received
2025-04-23 10:40:08,827 INFO:Sell exit signal received
2025-04-23 10:40:08,827 INFO:Entering while loop with trade_count: 2
2025-04-23 10:40:08,885 INFO:Combined historical with live algo:                       timestamp    open    high     low     close  ...          long  buy  sell  buy_exit  sell_exit
0     2025-04-22 09:15:00+05:30  821.10  821.10  817.00    818.80  ...    818.800000  NaN   NaN       NaN        NaN
1     2025-04-22 09:16:00+05:30  818.75  818.75  814.60    814.60  ...    818.668750  NaN   NaN       NaN        NaN
2     2025-04-22 09:17:00+05:30  814.60  816.00  814.00    815.35  ...    818.565039  NaN   NaN       NaN        NaN
3     2025-04-22 09:18:00+05:30  815.30  816.00  814.75    815.50  ...    818.469257  NaN   NaN       NaN        NaN
4     2025-04-22 09:19:00+05:30  815.55  815.75  814.50    814.60  ...    818.348342  NaN   NaN       NaN        NaN
..                          ...     ...     ...     ...       ...  ...           ...  ...   ...       ...        ...
493  2025-04-23 10:40:08.352274     NaN     NaN     NaN  81690.00  ...  53319.580291  NaN   NaN       NaN        NaN
494  2025-04-23 10:40:08.352274     NaN     NaN     NaN  81690.00  ...  54206.155907  NaN   NaN       NaN        NaN
495  2025-04-23 10:40:08.352274     NaN     NaN     NaN  81690.00  ...  55065.026035  NaN   NaN       NaN        NaN
496  2025-04-23 10:40:08.352274     NaN     NaN     NaN  81690.00  ...  55897.056472  NaN   NaN       NaN        NaN
497  2025-04-23 10:40:08.352274     NaN     NaN     NaN  81690.00  ...  56703.085957  NaN   NaN       NaN        NaN

[498 rows x 13 columns]
2025-04-23 10:40:08,885 INFO:Final row: {'timestamp': Timestamp('2025-04-23 10:40:08.352274'), 'open': nan, 'high': nan, 'low': nan, 'close': 81690.0, 'volume': nan, 'short': 81689.94539464118, 'middle': 79308.01281764329, 'long': 56703.08595687133, 'buy': nan, 'sell': nan, 'buy_exit': nan, 'sell_exit': nan}
2025-04-23 10:40:08,887 INFO:Buy exit signal received
2025-04-23 10:40:08,887 INFO:Sell exit signal received
2025-04-23 10:40:08,887 INFO:Entering while loop with trade_count: 2
2025-04-23 10:40:08,948 INFO:Combined historical with live algo:                       timestamp    open    high     low     close  ...          long  buy  sell  buy_exit  sell_exit
0     2025-04-22 09:15:00+05:30  821.10  821.10  817.00    818.80  ...    818.800000  NaN   NaN       NaN        NaN
1     2025-04-22 09:16:00+05:30  818.75  818.75  814.60    814.60  ...    818.668750  NaN   NaN       NaN        NaN
2     2025-04-22 09:17:00+05:30  814.60  816.00  814.00    815.35  ...    818.565039  NaN   NaN       NaN        NaN
3     2025-04-22 09:18:00+05:30  815.30  816.00  814.75    815.50  ...    818.469257  NaN   NaN       NaN        NaN
4     2025-04-22 09:19:00+05:30  815.55  815.75  814.50    814.60  ...    818.348342  NaN   NaN       NaN        NaN
..                          ...     ...     ...     ...       ...  ...           ...  ...   ...       ...        ...
494  2025-04-23 10:40:08.352274     NaN     NaN     NaN  81690.00  ...  54206.155907  NaN   NaN       NaN        NaN
495  2025-04-23 10:40:08.352274     NaN     NaN     NaN  81690.00  ...  55065.026035  NaN   NaN       NaN        NaN
496  2025-04-23 10:40:08.352274     NaN     NaN     NaN  81690.00  ...  55897.056472  NaN   NaN       NaN        NaN
497  2025-04-23 10:40:08.352274     NaN     NaN     NaN  81690.00  ...  56703.085957  NaN   NaN       NaN        NaN
498  2025-04-23 10:40:08.352274     NaN     NaN     NaN  81690.00  ...  57483.927021  NaN   NaN       NaN        NaN

[499 rows x 13 columns]
2025-04-23 10:40:08,951 INFO:Final row: {'timestamp': Timestamp('2025-04-23 10:40:08.352274'), 'open': nan, 'high': nan, 'low': nan, 'close': 81690.0, 'volume': nan, 'short': 81689.96359642746, 'middle': 79524.55710694844, 'long': 57483.9270207191, 'buy': nan, 'sell': nan, 'buy_exit': nan, 'sell_exit': nan}
2025-04-23 10:40:08,951 INFO:Buy exit signal received
2025-04-23 10:40:08,951 INFO:Sell exit signal received
2025-04-23 10:40:08,951 INFO:Entering while loop with trade_count: 2
2025-04-23 10:40:09,011 INFO:Combined historical with live algo:                       timestamp    open    high     low     close  ...          long  buy  sell  buy_exit  sell_exit
0     2025-04-22 09:15:00+05:30  821.10  821.10  817.00    818.80  ...    818.800000  NaN   NaN       NaN        NaN
1     2025-04-22 09:16:00+05:30  818.75  818.75  814.60    814.60  ...    818.668750  NaN   NaN       NaN        NaN
2     2025-04-22 09:17:00+05:30  814.60  816.00  814.00    815.35  ...    818.565039  NaN   NaN       NaN        NaN
3     2025-04-22 09:18:00+05:30  815.30  816.00  814.75    815.50  ...    818.469257  NaN   NaN       NaN        NaN
4     2025-04-22 09:19:00+05:30  815.55  815.75  814.50    814.60  ...    818.348342  NaN   NaN       NaN        NaN
..                          ...     ...     ...     ...       ...  ...           ...  ...   ...       ...        ...
495  2025-04-23 10:40:08.352274     NaN     NaN     NaN  81690.00  ...  55065.026035  NaN   NaN       NaN        NaN
496  2025-04-23 10:40:08.352274     NaN     NaN     NaN  81690.00  ...  55897.056472  NaN   NaN       NaN        NaN
497  2025-04-23 10:40:08.352274     NaN     NaN     NaN  81690.00  ...  56703.085957  NaN   NaN       NaN        NaN
498  2025-04-23 10:40:08.352274     NaN     NaN     NaN  81690.00  ...  57483.927021  NaN   NaN       NaN        NaN
499  2025-04-23 10:40:08.352274     NaN     NaN     NaN  81690.00  ...  58240.366801  NaN   NaN       NaN        NaN

[500 rows x 13 columns]
2025-04-23 10:40:09,011 INFO:Final row: {'timestamp': Timestamp('2025-04-23 10:40:08.352274'), 'open': nan, 'high': nan, 'low': nan, 'close': 81690.0, 'volume': nan, 'short': 81689.97573095164, 'middle': 79721.41555177131, 'long': 58240.36680132163, 'buy': nan, 'sell': nan, 'buy_exit': nan, 'sell_exit': nan}
2025-04-23 10:40:09,011 INFO:Buy exit signal received
2025-04-23 10:40:09,011 INFO:Sell exit signal received
2025-04-23 10:40:09,011 INFO:Entering while loop with trade_count: 2
2025-04-23 10:40:09,069 INFO:Combined historical with live algo:                       timestamp    open    high     low     close  ...          long  buy  sell  buy_exit  sell_exit
0     2025-04-22 09:15:00+05:30  821.10  821.10  817.00    818.80  ...    818.800000  NaN   NaN       NaN        NaN
1     2025-04-22 09:16:00+05:30  818.75  818.75  814.60    814.60  ...    818.668750  NaN   NaN       NaN        NaN
2     2025-04-22 09:17:00+05:30  814.60  816.00  814.00    815.35  ...    818.565039  NaN   NaN       NaN        NaN
3     2025-04-22 09:18:00+05:30  815.30  816.00  814.75    815.50  ...    818.469257  NaN   NaN       NaN        NaN
4     2025-04-22 09:19:00+05:30  815.55  815.75  814.50    814.60  ...    818.348342  NaN   NaN       NaN        NaN
..                          ...     ...     ...     ...       ...  ...           ...  ...   ...       ...        ...
496  2025-04-23 10:40:08.352274     NaN     NaN     NaN  81690.00  ...  55897.056472  NaN   NaN       NaN        NaN
497  2025-04-23 10:40:08.352274     NaN     NaN     NaN  81690.00  ...  56703.085957  NaN   NaN       NaN        NaN
498  2025-04-23 10:40:08.352274     NaN     NaN     NaN  81690.00  ...  57483.927021  NaN   NaN       NaN        NaN
499  2025-04-23 10:40:08.352274     NaN     NaN     NaN  81690.00  ...  58240.366801  NaN   NaN       NaN        NaN
500  2025-04-23 10:40:08.954147     NaN     NaN     NaN  81685.00  ...  58973.011589  NaN   NaN       NaN        NaN

[501 rows x 13 columns]
2025-04-23 10:40:09,069 INFO:Final row: {'timestamp': Timestamp('2025-04-23 10:40:08.954147'), 'open': nan, 'high': nan, 'low': nan, 'close': 81685.0, 'volume': nan, 'short': 81688.31715396777, 'middle': 79899.923228883, 'long': 58973.011588780326, 'buy': nan, 'sell': nan, 'buy_exit': nan, 'sell_exit': nan}
2025-04-23 10:40:09,069 INFO:Buy exit signal received
2025-04-23 10:40:09,069 INFO:Sell exit signal received
2025-04-23 10:40:09,069 INFO:Entering while loop with trade_count: 2
2025-04-23 10:40:09,119 INFO:Combined historical with live algo:                       timestamp    open    high     low     close  ...          long  buy  sell  buy_exit  sell_exit
0     2025-04-22 09:15:00+05:30  821.10  821.10  817.00    818.80  ...    818.800000  NaN   NaN       NaN        NaN
1     2025-04-22 09:16:00+05:30  818.75  818.75  814.60    814.60  ...    818.668750  NaN   NaN       NaN        NaN
2     2025-04-22 09:17:00+05:30  814.60  816.00  814.00    815.35  ...    818.565039  NaN   NaN       NaN        NaN
3     2025-04-22 09:18:00+05:30  815.30  816.00  814.75    815.50  ...    818.469257  NaN   NaN       NaN        NaN
4     2025-04-22 09:19:00+05:30  815.55  815.75  814.50    814.60  ...    818.348342  NaN   NaN       NaN        NaN
..                          ...     ...     ...     ...       ...  ...           ...  ...   ...       ...        ...
497  2025-04-23 10:40:08.352274     NaN     NaN     NaN  81690.00  ...  56703.085957  NaN   NaN       NaN        NaN
498  2025-04-23 10:40:08.352274     NaN     NaN     NaN  81690.00  ...  57483.927021  NaN   NaN       NaN        NaN
499  2025-04-23 10:40:08.352274     NaN     NaN     NaN  81690.00  ...  58240.366801  NaN   NaN       NaN        NaN
500  2025-04-23 10:40:08.954147     NaN     NaN     NaN  81685.00  ...  58973.011589  NaN   NaN       NaN        NaN
501  2025-04-23 10:40:08.954147     NaN     NaN     NaN  81685.00  ...  59682.761227  NaN   NaN       NaN        NaN

[502 rows x 13 columns]
2025-04-23 10:40:09,127 INFO:Final row: {'timestamp': Timestamp('2025-04-23 10:40:08.954147'), 'open': nan, 'high': nan, 'low': nan, 'close': 81685.0, 'volume': nan, 'short': 81687.21143597852, 'middle': 80062.20293534818, 'long': 59682.761226630944, 'buy': nan, 'sell': nan, 'buy_exit': nan, 'sell_exit': nan}
2025-04-23 10:40:09,127 INFO:Buy exit signal received
2025-04-23 10:40:09,127 INFO:Sell exit signal received
2025-04-23 10:40:09,127 INFO:Entering while loop with trade_count: 2
2025-04-23 10:40:09,185 INFO:Combined historical with live algo:                       timestamp    open    high     low     close  ...          long  buy  sell  buy_exit  sell_exit
0     2025-04-22 09:15:00+05:30  821.10  821.10  817.00    818.80  ...    818.800000  NaN   NaN       NaN        NaN
1     2025-04-22 09:16:00+05:30  818.75  818.75  814.60    814.60  ...    818.668750  NaN   NaN       NaN        NaN
2     2025-04-22 09:17:00+05:30  814.60  816.00  814.00    815.35  ...    818.565039  NaN   NaN       NaN        NaN
3     2025-04-22 09:18:00+05:30  815.30  816.00  814.75    815.50  ...    818.469257  NaN   NaN       NaN        NaN
4     2025-04-22 09:19:00+05:30  815.55  815.75  814.50    814.60  ...    818.348342  NaN   NaN       NaN        NaN
..                          ...     ...     ...     ...       ...  ...           ...  ...   ...       ...        ...
498  2025-04-23 10:40:08.352274     NaN     NaN     NaN  81690.00  ...  57483.927021  NaN   NaN       NaN        NaN
499  2025-04-23 10:40:08.352274     NaN     NaN     NaN  81690.00  ...  58240.366801  NaN   NaN       NaN        NaN
500  2025-04-23 10:40:08.954147     NaN     NaN     NaN  81685.00  ...  58973.011589  NaN   NaN       NaN        NaN
501  2025-04-23 10:40:08.954147     NaN     NaN     NaN  81685.00  ...  59682.761227  NaN   NaN       NaN        NaN
502  2025-04-23 10:40:08.954147     NaN     NaN     NaN  81685.00  ...  60370.331188  NaN   NaN       NaN        NaN

[503 rows x 13 columns]
2025-04-23 10:40:09,185 INFO:Final row: {'timestamp': Timestamp('2025-04-23 10:40:08.954147'), 'open': nan, 'high': nan, 'low': nan, 'close': 81685.0, 'volume': nan, 'short': 81686.47429065235, 'middle': 80209.72994122561, 'long': 60370.331188298725, 'buy': nan, 'sell': nan, 'buy_exit': nan, 'sell_exit': nan}
2025-04-23 10:40:09,185 INFO:Buy exit signal received
2025-04-23 10:40:09,185 INFO:Sell exit signal received
2025-04-23 10:40:09,185 INFO:Entering while loop with trade_count: 2
2025-04-23 10:40:09,263 INFO:Combined historical with live algo:                       timestamp    open    high     low     close  ...          long  buy  sell  buy_exit  sell_exit
0     2025-04-22 09:15:00+05:30  821.10  821.10  817.00    818.80  ...    818.800000  NaN   NaN       NaN        NaN
1     2025-04-22 09:16:00+05:30  818.75  818.75  814.60    814.60  ...    818.668750  NaN   NaN       NaN        NaN
2     2025-04-22 09:17:00+05:30  814.60  816.00  814.00    815.35  ...    818.565039  NaN   NaN       NaN        NaN
3     2025-04-22 09:18:00+05:30  815.30  816.00  814.75    815.50  ...    818.469257  NaN   NaN       NaN        NaN
4     2025-04-22 09:19:00+05:30  815.55  815.75  814.50    814.60  ...    818.348342  NaN   NaN       NaN        NaN
..                          ...     ...     ...     ...       ...  ...           ...  ...   ...       ...        ...
499  2025-04-23 10:40:08.352274     NaN     NaN     NaN  81690.00  ...  58240.366801  NaN   NaN       NaN        NaN
500  2025-04-23 10:40:08.954147     NaN     NaN     NaN  81685.00  ...  58973.011589  NaN   NaN       NaN        NaN
501  2025-04-23 10:40:08.954147     NaN     NaN     NaN  81685.00  ...  59682.761227  NaN   NaN       NaN        NaN
502  2025-04-23 10:40:08.954147     NaN     NaN     NaN  81685.00  ...  60370.331188  NaN   NaN       NaN        NaN
503  2025-04-23 10:40:08.954147     NaN     NaN     NaN  81685.00  ...  61036.414589  NaN   NaN       NaN        NaN

[504 rows x 13 columns]
2025-04-23 10:40:09,269 INFO:Final row: {'timestamp': Timestamp('2025-04-23 10:40:08.954147'), 'open': nan, 'high': nan, 'low': nan, 'close': 81685.0, 'volume': nan, 'short': 81685.9828604349, 'middle': 80343.84540111419, 'long': 61036.41458866439, 'buy': nan, 'sell': nan, 'buy_exit': nan, 'sell_exit': nan}
2025-04-23 10:40:09,269 INFO:Buy exit signal received
2025-04-23 10:40:09,269 INFO:Sell exit signal received
2025-04-23 10:40:09,269 INFO:Entering while loop with trade_count: 2
2025-04-23 10:40:09,333 INFO:Combined historical with live algo:                       timestamp    open    high     low     close  ...          long  buy  sell  buy_exit  sell_exit
0     2025-04-22 09:15:00+05:30  821.10  821.10  817.00    818.80  ...    818.800000  NaN   NaN       NaN        NaN
1     2025-04-22 09:16:00+05:30  818.75  818.75  814.60    814.60  ...    818.668750  NaN   NaN       NaN        NaN
2     2025-04-22 09:17:00+05:30  814.60  816.00  814.00    815.35  ...    818.565039  NaN   NaN       NaN        NaN
3     2025-04-22 09:18:00+05:30  815.30  816.00  814.75    815.50  ...    818.469257  NaN   NaN       NaN        NaN
4     2025-04-22 09:19:00+05:30  815.55  815.75  814.50    814.60  ...    818.348342  NaN   NaN       NaN        NaN
..                          ...     ...     ...     ...       ...  ...           ...  ...   ...       ...        ...
500  2025-04-23 10:40:08.954147     NaN     NaN     NaN  81685.00  ...  58973.011589  NaN   NaN       NaN        NaN
501  2025-04-23 10:40:08.954147     NaN     NaN     NaN  81685.00  ...  59682.761227  NaN   NaN       NaN        NaN
502  2025-04-23 10:40:08.954147     NaN     NaN     NaN  81685.00  ...  60370.331188  NaN   NaN       NaN        NaN
503  2025-04-23 10:40:08.954147     NaN     NaN     NaN  81685.00  ...  61036.414589  NaN   NaN       NaN        NaN
504  2025-04-23 10:40:08.954147     NaN     NaN     NaN  81685.00  ...  61681.682883  NaN   NaN       NaN        NaN

[505 rows x 13 columns]
2025-04-23 10:40:09,334 INFO:Final row: {'timestamp': Timestamp('2025-04-23 10:40:08.954147'), 'open': nan, 'high': nan, 'low': nan, 'close': 81685.0, 'volume': nan, 'short': 81685.65524028994, 'middle': 80465.76854646744, 'long': 61681.682882768626, 'buy': nan, 'sell': nan, 'buy_exit': nan, 'sell_exit': nan}
2025-04-23 10:40:09,334 INFO:Buy exit signal received
2025-04-23 10:40:09,334 INFO:Sell exit signal received
2025-04-23 10:40:09,334 INFO:Entering while loop with trade_count: 2
2025-04-23 10:40:09,381 INFO:Combined historical with live algo:                       timestamp    open    high     low     close  ...          long  buy  sell  buy_exit  sell_exit
0     2025-04-22 09:15:00+05:30  821.10  821.10  817.00    818.80  ...    818.800000  NaN   NaN       NaN        NaN
1     2025-04-22 09:16:00+05:30  818.75  818.75  814.60    814.60  ...    818.668750  NaN   NaN       NaN        NaN
2     2025-04-22 09:17:00+05:30  814.60  816.00  814.00    815.35  ...    818.565039  NaN   NaN       NaN        NaN
3     2025-04-22 09:18:00+05:30  815.30  816.00  814.75    815.50  ...    818.469257  NaN   NaN       NaN        NaN
4     2025-04-22 09:19:00+05:30  815.55  815.75  814.50    814.60  ...    818.348342  NaN   NaN       NaN        NaN
..                          ...     ...     ...     ...       ...  ...           ...  ...   ...       ...        ...
501  2025-04-23 10:40:08.954147     NaN     NaN     NaN  81685.00  ...  59682.761227  NaN   NaN       NaN        NaN
502  2025-04-23 10:40:08.954147     NaN     NaN     NaN  81685.00  ...  60370.331188  NaN   NaN       NaN        NaN
503  2025-04-23 10:40:08.954147     NaN     NaN     NaN  81685.00  ...  61036.414589  NaN   NaN       NaN        NaN
504  2025-04-23 10:40:08.954147     NaN     NaN     NaN  81685.00  ...  61681.682883  NaN   NaN       NaN        NaN
505  2025-04-23 10:40:08.954147     NaN     NaN     NaN  81685.00  ...  62306.786543  NaN   NaN       NaN        NaN

[506 rows x 13 columns]
2025-04-23 10:40:09,384 INFO:Final row: {'timestamp': Timestamp('2025-04-23 10:40:08.954147'), 'open': nan, 'high': nan, 'low': nan, 'close': 81685.0, 'volume': nan, 'short': 81685.43682685996, 'middle': 80576.60776951585, 'long': 62306.78654268211, 'buy': nan, 'sell': nan, 'buy_exit': nan, 'sell_exit': nan}
2025-04-23 10:40:09,384 INFO:Buy exit signal received
2025-04-23 10:40:09,384 INFO:Sell exit signal received
2025-04-23 10:40:09,384 INFO:Entering while loop with trade_count: 2
2025-04-23 10:40:09,432 INFO:Combined historical with live algo:                       timestamp    open    high     low     close  ...          long  buy  sell  buy_exit  sell_exit
0     2025-04-22 09:15:00+05:30  821.10  821.10  817.00    818.80  ...    818.800000  NaN   NaN       NaN        NaN
1     2025-04-22 09:16:00+05:30  818.75  818.75  814.60    814.60  ...    818.668750  NaN   NaN       NaN        NaN
2     2025-04-22 09:17:00+05:30  814.60  816.00  814.00    815.35  ...    818.565039  NaN   NaN       NaN        NaN
3     2025-04-22 09:18:00+05:30  815.30  816.00  814.75    815.50  ...    818.469257  NaN   NaN       NaN        NaN
4     2025-04-22 09:19:00+05:30  815.55  815.75  814.50    814.60  ...    818.348342  NaN   NaN       NaN        NaN
..                          ...     ...     ...     ...       ...  ...           ...  ...   ...       ...        ...
502  2025-04-23 10:40:08.954147     NaN     NaN     NaN  81685.00  ...  60370.331188  NaN   NaN       NaN        NaN
503  2025-04-23 10:40:08.954147     NaN     NaN     NaN  81685.00  ...  61036.414589  NaN   NaN       NaN        NaN
504  2025-04-23 10:40:08.954147     NaN     NaN     NaN  81685.00  ...  61681.682883  NaN   NaN       NaN        NaN
505  2025-04-23 10:40:08.954147     NaN     NaN     NaN  81685.00  ...  62306.786543  NaN   NaN       NaN        NaN
506  2025-04-23 10:40:08.954147     NaN     NaN     NaN  81685.00  ...  62912.355713  NaN   NaN       NaN        NaN

[507 rows x 13 columns]
2025-04-23 10:40:09,434 INFO:Final row: {'timestamp': Timestamp('2025-04-23 10:40:08.954147'), 'open': nan, 'high': nan, 'low': nan, 'close': 81685.0, 'volume': nan, 'short': 81685.29121790665, 'middle': 80677.37069955985, 'long': 62912.35571322329, 'buy': nan, 'sell': nan, 'buy_exit': nan, 'sell_exit': nan}
2025-04-23 10:40:09,434 INFO:Buy exit signal received
2025-04-23 10:40:09,434 INFO:Sell exit signal received
2025-04-23 10:40:09,434 INFO:Entering while loop with trade_count: 2
2025-04-23 10:40:09,491 INFO:Combined historical with live algo:                       timestamp    open    high     low     close  ...          long  buy  sell  buy_exit  sell_exit
0     2025-04-22 09:15:00+05:30  821.10  821.10  817.00    818.80  ...    818.800000  NaN   NaN       NaN        NaN
1     2025-04-22 09:16:00+05:30  818.75  818.75  814.60    814.60  ...    818.668750  NaN   NaN       NaN        NaN
2     2025-04-22 09:17:00+05:30  814.60  816.00  814.00    815.35  ...    818.565039  NaN   NaN       NaN        NaN
3     2025-04-22 09:18:00+05:30  815.30  816.00  814.75    815.50  ...    818.469257  NaN   NaN       NaN        NaN
4     2025-04-22 09:19:00+05:30  815.55  815.75  814.50    814.60  ...    818.348342  NaN   NaN       NaN        NaN
..                          ...     ...     ...     ...       ...  ...           ...  ...   ...       ...        ...
503  2025-04-23 10:40:08.954147     NaN     NaN     NaN  81685.00  ...  61036.414589  NaN   NaN       NaN        NaN
504  2025-04-23 10:40:08.954147     NaN     NaN     NaN  81685.00  ...  61681.682883  NaN   NaN       NaN        NaN
505  2025-04-23 10:40:08.954147     NaN     NaN     NaN  81685.00  ...  62306.786543  NaN   NaN       NaN        NaN
506  2025-04-23 10:40:08.954147     NaN     NaN     NaN  81685.00  ...  62912.355713  NaN   NaN       NaN        NaN
507  2025-04-23 10:40:09.412387     NaN     NaN     NaN  81685.00  ...  63499.000847  NaN   NaN       NaN        NaN

[508 rows x 13 columns]
2025-04-23 10:40:09,491 INFO:Final row: {'timestamp': Timestamp('2025-04-23 10:40:09.412387'), 'open': nan, 'high': nan, 'low': nan, 'close': 81685.0, 'volume': nan, 'short': 81685.1941452711, 'middle': 80768.97336323622, 'long': 63499.00084718506, 'buy': nan, 'sell': nan, 'buy_exit': nan, 'sell_exit': nan}
2025-04-23 10:40:09,491 INFO:Buy exit signal received
2025-04-23 10:40:09,491 INFO:Sell exit signal received
2025-04-23 10:40:09,491 INFO:Entering while loop with trade_count: 2
2025-04-23 10:40:09,541 INFO:Combined historical with live algo:                       timestamp    open    high     low     close  ...          long  buy  sell  buy_exit  sell_exit
0     2025-04-22 09:15:00+05:30  821.10  821.10  817.00    818.80  ...    818.800000  NaN   NaN       NaN        NaN
1     2025-04-22 09:16:00+05:30  818.75  818.75  814.60    814.60  ...    818.668750  NaN   NaN       NaN        NaN
2     2025-04-22 09:17:00+05:30  814.60  816.00  814.00    815.35  ...    818.565039  NaN   NaN       NaN        NaN
3     2025-04-22 09:18:00+05:30  815.30  816.00  814.75    815.50  ...    818.469257  NaN   NaN       NaN        NaN
4     2025-04-22 09:19:00+05:30  815.55  815.75  814.50    814.60  ...    818.348342  NaN   NaN       NaN        NaN
..                          ...     ...     ...     ...       ...  ...           ...  ...   ...       ...        ...
504  2025-04-23 10:40:08.954147     NaN     NaN     NaN  81685.00  ...  61681.682883  NaN   NaN       NaN        NaN
505  2025-04-23 10:40:08.954147     NaN     NaN     NaN  81685.00  ...  62306.786543  NaN   NaN       NaN        NaN
506  2025-04-23 10:40:08.954147     NaN     NaN     NaN  81685.00  ...  62912.355713  NaN   NaN       NaN        NaN
507  2025-04-23 10:40:09.412387     NaN     NaN     NaN  81685.00  ...  63499.000847  NaN   NaN       NaN        NaN
508  2025-04-23 10:40:09.412387     NaN     NaN     NaN  81685.00  ...  64067.313321  NaN   NaN       NaN        NaN

[509 rows x 13 columns]
2025-04-23 10:40:09,543 INFO:Final row: {'timestamp': Timestamp('2025-04-23 10:40:09.412387'), 'open': nan, 'high': nan, 'low': nan, 'close': 81685.0, 'volume': nan, 'short': 81685.12943018074, 'middle': 80852.24851203292, 'long': 64067.31332071053, 'buy': nan, 'sell': nan, 'buy_exit': nan, 'sell_exit': nan}
2025-04-23 10:40:09,543 INFO:Buy exit signal received
2025-04-23 10:40:09,543 INFO:Sell exit signal received
2025-04-23 10:40:09,543 INFO:Entering while loop with trade_count: 2
2025-04-23 10:40:09,600 INFO:Combined historical with live algo:                       timestamp    open    high     low     close  ...          long  buy  sell  buy_exit  sell_exit
0     2025-04-22 09:15:00+05:30  821.10  821.10  817.00    818.80  ...    818.800000  NaN   NaN       NaN        NaN
1     2025-04-22 09:16:00+05:30  818.75  818.75  814.60    814.60  ...    818.668750  NaN   NaN       NaN        NaN
2     2025-04-22 09:17:00+05:30  814.60  816.00  814.00    815.35  ...    818.565039  NaN   NaN       NaN        NaN
3     2025-04-22 09:18:00+05:30  815.30  816.00  814.75    815.50  ...    818.469257  NaN   NaN       NaN        NaN
4     2025-04-22 09:19:00+05:30  815.55  815.75  814.50    814.60  ...    818.348342  NaN   NaN       NaN        NaN
..                          ...     ...     ...     ...       ...  ...           ...  ...   ...       ...        ...
505  2025-04-23 10:40:08.954147     NaN     NaN     NaN  81685.00  ...  62306.786543  NaN   NaN       NaN        NaN
506  2025-04-23 10:40:08.954147     NaN     NaN     NaN  81685.00  ...  62912.355713  NaN   NaN       NaN        NaN
507  2025-04-23 10:40:09.412387     NaN     NaN     NaN  81685.00  ...  63499.000847  NaN   NaN       NaN        NaN
508  2025-04-23 10:40:09.412387     NaN     NaN     NaN  81685.00  ...  64067.313321  NaN   NaN       NaN        NaN
509  2025-04-23 10:40:09.412387     NaN     NaN     NaN  81685.00  ...  64617.866029  NaN   NaN       NaN        NaN

[510 rows x 13 columns]
2025-04-23 10:40:09,610 INFO:Final row: {'timestamp': Timestamp('2025-04-23 10:40:09.412387'), 'open': nan, 'high': nan, 'low': nan, 'close': 81685.0, 'volume': nan, 'short': 81685.08628678716, 'middle': 80927.9531927572, 'long': 64617.86602943832, 'buy': nan, 'sell': nan, 'buy_exit': nan, 'sell_exit': nan}
2025-04-23 10:40:09,610 INFO:Buy exit signal received
2025-04-23 10:40:09,610 INFO:Sell exit signal received
2025-04-23 10:40:09,610 INFO:Entering while loop with trade_count: 2
2025-04-23 10:40:09,653 INFO:Combined historical with live algo:                       timestamp    open    high     low     close  ...          long  buy  sell  buy_exit  sell_exit
0     2025-04-22 09:15:00+05:30  821.10  821.10  817.00    818.80  ...    818.800000  NaN   NaN       NaN        NaN
1     2025-04-22 09:16:00+05:30  818.75  818.75  814.60    814.60  ...    818.668750  NaN   NaN       NaN        NaN
2     2025-04-22 09:17:00+05:30  814.60  816.00  814.00    815.35  ...    818.565039  NaN   NaN       NaN        NaN
3     2025-04-22 09:18:00+05:30  815.30  816.00  814.75    815.50  ...    818.469257  NaN   NaN       NaN        NaN
4     2025-04-22 09:19:00+05:30  815.55  815.75  814.50    814.60  ...    818.348342  NaN   NaN       NaN        NaN
..                          ...     ...     ...     ...       ...  ...           ...  ...   ...       ...        ...
506  2025-04-23 10:40:08.954147     NaN     NaN     NaN  81685.00  ...  62912.355713  NaN   NaN       NaN        NaN
507  2025-04-23 10:40:09.412387     NaN     NaN     NaN  81685.00  ...  63499.000847  NaN   NaN       NaN        NaN
508  2025-04-23 10:40:09.412387     NaN     NaN     NaN  81685.00  ...  64067.313321  NaN   NaN       NaN        NaN
509  2025-04-23 10:40:09.412387     NaN     NaN     NaN  81685.00  ...  64617.866029  NaN   NaN       NaN        NaN
510  2025-04-23 10:40:09.412387     NaN     NaN     NaN  81685.00  ...  65151.213966  NaN   NaN       NaN        NaN

[511 rows x 13 columns]
2025-04-23 10:40:09,653 INFO:Final row: {'timestamp': Timestamp('2025-04-23 10:40:09.412387'), 'open': nan, 'high': nan, 'low': nan, 'close': 81685.0, 'volume': nan, 'short': 81685.05752452477, 'middle': 80996.77562977927, 'long': 65151.213966018375, 'buy': nan, 'sell': nan, 'buy_exit': nan, 'sell_exit': nan}
2025-04-23 10:40:09,653 INFO:Buy exit signal received
2025-04-23 10:40:09,653 INFO:Sell exit signal received
2025-04-23 10:40:09,653 INFO:Entering while loop with trade_count: 2
2025-04-23 10:40:09,724 INFO:Combined historical with live algo:                       timestamp    open    high     low     close  ...          long  buy  sell  buy_exit  sell_exit
0     2025-04-22 09:15:00+05:30  821.10  821.10  817.00    818.80  ...    818.800000  NaN   NaN       NaN        NaN
1     2025-04-22 09:16:00+05:30  818.75  818.75  814.60    814.60  ...    818.668750  NaN   NaN       NaN        NaN
2     2025-04-22 09:17:00+05:30  814.60  816.00  814.00    815.35  ...    818.565039  NaN   NaN       NaN        NaN
3     2025-04-22 09:18:00+05:30  815.30  816.00  814.75    815.50  ...    818.469257  NaN   NaN       NaN        NaN
4     2025-04-22 09:19:00+05:30  815.55  815.75  814.50    814.60  ...    818.348342  NaN   NaN       NaN        NaN
..                          ...     ...     ...     ...       ...  ...           ...  ...   ...       ...        ...
507  2025-04-23 10:40:09.412387     NaN     NaN     NaN  81685.00  ...  63499.000847  NaN   NaN       NaN        NaN
508  2025-04-23 10:40:09.412387     NaN     NaN     NaN  81685.00  ...  64067.313321  NaN   NaN       NaN        NaN
509  2025-04-23 10:40:09.412387     NaN     NaN     NaN  81685.00  ...  64617.866029  NaN   NaN       NaN        NaN
510  2025-04-23 10:40:09.412387     NaN     NaN     NaN  81685.00  ...  65151.213966  NaN   NaN       NaN        NaN
511  2025-04-23 10:40:09.412387     NaN     NaN     NaN  81685.00  ...  65667.894780  NaN   NaN       NaN        NaN

[512 rows x 13 columns]
2025-04-23 10:40:09,724 INFO:Final row: {'timestamp': Timestamp('2025-04-23 10:40:09.412387'), 'open': nan, 'high': nan, 'low': nan, 'close': 81685.0, 'volume': nan, 'short': 81685.0383496832, 'middle': 81059.3414816175, 'long': 65667.8947795803, 'buy': nan, 'sell': nan, 'buy_exit': nan, 'sell_exit': nan}
2025-04-23 10:40:09,724 INFO:Buy exit signal received
2025-04-23 10:40:09,724 INFO:Sell exit signal received
2025-04-23 10:40:09,724 INFO:Entering while loop with trade_count: 2
2025-04-23 10:40:09,771 INFO:Combined historical with live algo:                       timestamp    open    high     low     close  ...          long  buy  sell  buy_exit  sell_exit
0     2025-04-22 09:15:00+05:30  821.10  821.10  817.00    818.80  ...    818.800000  NaN   NaN       NaN        NaN
1     2025-04-22 09:16:00+05:30  818.75  818.75  814.60    814.60  ...    818.668750  NaN   NaN       NaN        NaN
2     2025-04-22 09:17:00+05:30  814.60  816.00  814.00    815.35  ...    818.565039  NaN   NaN       NaN        NaN
3     2025-04-22 09:18:00+05:30  815.30  816.00  814.75    815.50  ...    818.469257  NaN   NaN       NaN        NaN
4     2025-04-22 09:19:00+05:30  815.55  815.75  814.50    814.60  ...    818.348342  NaN   NaN       NaN        NaN
..                          ...     ...     ...     ...       ...  ...           ...  ...   ...       ...        ...
508  2025-04-23 10:40:09.412387     NaN     NaN     NaN  81685.00  ...  64067.313321  NaN   NaN       NaN        NaN
509  2025-04-23 10:40:09.412387     NaN     NaN     NaN  81685.00  ...  64617.866029  NaN   NaN       NaN        NaN
510  2025-04-23 10:40:09.412387     NaN     NaN     NaN  81685.00  ...  65151.213966  NaN   NaN       NaN        NaN
511  2025-04-23 10:40:09.412387     NaN     NaN     NaN  81685.00  ...  65667.894780  NaN   NaN       NaN        NaN
512  2025-04-23 10:40:09.412387     NaN     NaN     NaN  81685.00  ...  66168.429318  NaN   NaN       NaN        NaN

[513 rows x 13 columns]
2025-04-23 10:40:09,771 INFO:Final row: {'timestamp': Timestamp('2025-04-23 10:40:09.412387'), 'open': nan, 'high': nan, 'low': nan, 'close': 81685.0, 'volume': nan, 'short': 81685.02556645547, 'middle': 81116.21952874318, 'long': 66168.42931771842, 'buy': nan, 'sell': nan, 'buy_exit': nan, 'sell_exit': nan}
2025-04-23 10:40:09,771 INFO:Buy exit signal received
2025-04-23 10:40:09,771 INFO:Sell exit signal received
2025-04-23 10:40:09,771 INFO:Entering while loop with trade_count: 2
2025-04-23 10:40:09,836 INFO:Combined historical with live algo:                       timestamp    open    high     low     close  ...          long  buy  sell  buy_exit  sell_exit
0     2025-04-22 09:15:00+05:30  821.10  821.10  817.00    818.80  ...    818.800000  NaN   NaN       NaN        NaN
1     2025-04-22 09:16:00+05:30  818.75  818.75  814.60    814.60  ...    818.668750  NaN   NaN       NaN        NaN
2     2025-04-22 09:17:00+05:30  814.60  816.00  814.00    815.35  ...    818.565039  NaN   NaN       NaN        NaN
3     2025-04-22 09:18:00+05:30  815.30  816.00  814.75    815.50  ...    818.469257  NaN   NaN       NaN        NaN
4     2025-04-22 09:19:00+05:30  815.55  815.75  814.50    814.60  ...    818.348342  NaN   NaN       NaN        NaN
..                          ...     ...     ...     ...       ...  ...           ...  ...   ...       ...        ...
509  2025-04-23 10:40:09.412387     NaN     NaN     NaN  81685.00  ...  64617.866029  NaN   NaN       NaN        NaN
510  2025-04-23 10:40:09.412387     NaN     NaN     NaN  81685.00  ...  65151.213966  NaN   NaN       NaN        NaN
511  2025-04-23 10:40:09.412387     NaN     NaN     NaN  81685.00  ...  65667.894780  NaN   NaN       NaN        NaN
512  2025-04-23 10:40:09.412387     NaN     NaN     NaN  81685.00  ...  66168.429318  NaN   NaN       NaN        NaN
513  2025-04-23 10:40:09.412387     NaN     NaN     NaN  81685.00  ...  66653.322152  NaN   NaN       NaN        NaN

[514 rows x 13 columns]
2025-04-23 10:40:09,836 INFO:Final row: {'timestamp': Timestamp('2025-04-23 10:40:09.412387'), 'open': nan, 'high': nan, 'low': nan, 'close': 81685.0, 'volume': nan, 'short': 81685.01704430365, 'middle': 81167.92684431198, 'long': 66653.32215153972, 'buy': nan, 'sell': nan, 'buy_exit': nan, 'sell_exit': nan}
2025-04-23 10:40:09,836 INFO:Buy exit signal received
2025-04-23 10:40:09,836 INFO:Sell exit signal received
2025-04-23 10:40:09,836 INFO:Entering while loop with trade_count: 2
2025-04-23 10:40:09,886 INFO:Combined historical with live algo:                       timestamp    open    high     low     close  ...          long  buy  sell  buy_exit  sell_exit
0     2025-04-22 09:15:00+05:30  821.10  821.10  817.00    818.80  ...    818.800000  NaN   NaN       NaN        NaN
1     2025-04-22 09:16:00+05:30  818.75  818.75  814.60    814.60  ...    818.668750  NaN   NaN       NaN        NaN
2     2025-04-22 09:17:00+05:30  814.60  816.00  814.00    815.35  ...    818.565039  NaN   NaN       NaN        NaN
3     2025-04-22 09:18:00+05:30  815.30  816.00  814.75    815.50  ...    818.469257  NaN   NaN       NaN        NaN
4     2025-04-22 09:19:00+05:30  815.55  815.75  814.50    814.60  ...    818.348342  NaN   NaN       NaN        NaN
..                          ...     ...     ...     ...       ...  ...           ...  ...   ...       ...        ...
510  2025-04-23 10:40:09.412387     NaN     NaN     NaN  81685.00  ...  65151.213966  NaN   NaN       NaN        NaN
511  2025-04-23 10:40:09.412387     NaN     NaN     NaN  81685.00  ...  65667.894780  NaN   NaN       NaN        NaN
512  2025-04-23 10:40:09.412387     NaN     NaN     NaN  81685.00  ...  66168.429318  NaN   NaN       NaN        NaN
513  2025-04-23 10:40:09.412387     NaN     NaN     NaN  81685.00  ...  66653.322152  NaN   NaN       NaN        NaN
514  2025-04-23 10:40:09.412387     NaN     NaN     NaN  81685.00  ...  67123.062084  NaN   NaN       NaN        NaN

[515 rows x 13 columns]
2025-04-23 10:40:09,886 INFO:Final row: {'timestamp': Timestamp('2025-04-23 10:40:09.412387'), 'open': nan, 'high': nan, 'low': nan, 'close': 81685.0, 'volume': nan, 'short': 81685.0113628691, 'middle': 81214.93349482906, 'long': 67123.06208430411, 'buy': nan, 'sell': nan, 'buy_exit': nan, 'sell_exit': nan}
2025-04-23 10:40:09,886 INFO:Buy exit signal received
2025-04-23 10:40:09,886 INFO:Sell exit signal received
2025-04-23 10:40:09,886 INFO:Entering while loop with trade_count: 2
2025-04-23 10:40:09,934 INFO:Combined historical with live algo:                       timestamp    open    high     low     close  ...          long  buy  sell  buy_exit  sell_exit
0     2025-04-22 09:15:00+05:30  821.10  821.10  817.00    818.80  ...    818.800000  NaN   NaN       NaN        NaN
1     2025-04-22 09:16:00+05:30  818.75  818.75  814.60    814.60  ...    818.668750  NaN   NaN       NaN        NaN
2     2025-04-22 09:17:00+05:30  814.60  816.00  814.00    815.35  ...    818.565039  NaN   NaN       NaN        NaN
3     2025-04-22 09:18:00+05:30  815.30  816.00  814.75    815.50  ...    818.469257  NaN   NaN       NaN        NaN
4     2025-04-22 09:19:00+05:30  815.55  815.75  814.50    814.60  ...    818.348342  NaN   NaN       NaN        NaN
..                          ...     ...     ...     ...       ...  ...           ...  ...   ...       ...        ...
511  2025-04-23 10:40:09.412387     NaN     NaN     NaN  81685.00  ...  65667.894780  NaN   NaN       NaN        NaN
512  2025-04-23 10:40:09.412387     NaN     NaN     NaN  81685.00  ...  66168.429318  NaN   NaN       NaN        NaN
513  2025-04-23 10:40:09.412387     NaN     NaN     NaN  81685.00  ...  66653.322152  NaN   NaN       NaN        NaN
514  2025-04-23 10:40:09.412387     NaN     NaN     NaN  81685.00  ...  67123.062084  NaN   NaN       NaN        NaN
515  2025-04-23 10:40:09.412387     NaN     NaN     NaN  81685.00  ...  67578.122644  NaN   NaN       NaN        NaN

[516 rows x 13 columns]
2025-04-23 10:40:09,941 INFO:Final row: {'timestamp': Timestamp('2025-04-23 10:40:09.412387'), 'open': nan, 'high': nan, 'low': nan, 'close': 81685.0, 'volume': nan, 'short': 81685.00757524607, 'middle': 81257.66681348096, 'long': 67578.1226441696, 'buy': nan, 'sell': nan, 'buy_exit': nan, 'sell_exit': nan}
2025-04-23 10:40:09,941 INFO:Buy exit signal received
2025-04-23 10:40:09,941 INFO:Sell exit signal received
2025-04-23 10:40:09,941 INFO:Entering while loop with trade_count: 2
2025-04-23 10:40:09,993 INFO:Combined historical with live algo:                       timestamp    open    high     low     close  ...          long  buy  sell  buy_exit  sell_exit
0     2025-04-22 09:15:00+05:30  821.10  821.10  817.00    818.80  ...    818.800000  NaN   NaN       NaN        NaN
1     2025-04-22 09:16:00+05:30  818.75  818.75  814.60    814.60  ...    818.668750  NaN   NaN       NaN        NaN
2     2025-04-22 09:17:00+05:30  814.60  816.00  814.00    815.35  ...    818.565039  NaN   NaN       NaN        NaN
3     2025-04-22 09:18:00+05:30  815.30  816.00  814.75    815.50  ...    818.469257  NaN   NaN       NaN        NaN
4     2025-04-22 09:19:00+05:30  815.55  815.75  814.50    814.60  ...    818.348342  NaN   NaN       NaN        NaN
..                          ...     ...     ...     ...       ...  ...           ...  ...   ...       ...        ...
512  2025-04-23 10:40:09.412387     NaN     NaN     NaN  81685.00  ...  66168.429318  NaN   NaN       NaN        NaN
513  2025-04-23 10:40:09.412387     NaN     NaN     NaN  81685.00  ...  66653.322152  NaN   NaN       NaN        NaN
514  2025-04-23 10:40:09.412387     NaN     NaN     NaN  81685.00  ...  67123.062084  NaN   NaN       NaN        NaN
515  2025-04-23 10:40:09.412387     NaN     NaN     NaN  81685.00  ...  67578.122644  NaN   NaN       NaN        NaN
516  2025-04-23 10:40:09.412387     NaN     NaN     NaN  81685.00  ...  68018.962562  NaN   NaN       NaN        NaN

[517 rows x 13 columns]
2025-04-23 10:40:09,993 INFO:Final row: {'timestamp': Timestamp('2025-04-23 10:40:09.412387'), 'open': nan, 'high': nan, 'low': nan, 'close': 81685.0, 'volume': nan, 'short': 81685.00505016405, 'middle': 81296.51528498268, 'long': 68018.9625615393, 'buy': nan, 'sell': nan, 'buy_exit': nan, 'sell_exit': nan}
2025-04-23 10:40:09,993 INFO:Buy exit signal received
2025-04-23 10:40:09,993 INFO:Sell exit signal received
2025-04-23 10:40:09,993 INFO:Entering while loop with trade_count: 2
2025-04-23 10:40:10,042 INFO:Combined historical with live algo:                       timestamp    open    high     low     close  ...          long  buy  sell  buy_exit  sell_exit
0     2025-04-22 09:15:00+05:30  821.10  821.10  817.00    818.80  ...    818.800000  NaN   NaN       NaN        NaN
1     2025-04-22 09:16:00+05:30  818.75  818.75  814.60    814.60  ...    818.668750  NaN   NaN       NaN        NaN
2     2025-04-22 09:17:00+05:30  814.60  816.00  814.00    815.35  ...    818.565039  NaN   NaN       NaN        NaN
3     2025-04-22 09:18:00+05:30  815.30  816.00  814.75    815.50  ...    818.469257  NaN   NaN       NaN        NaN
4     2025-04-22 09:19:00+05:30  815.55  815.75  814.50    814.60  ...    818.348342  NaN   NaN       NaN        NaN
..                          ...     ...     ...     ...       ...  ...           ...  ...   ...       ...        ...
513  2025-04-23 10:40:09.412387     NaN     NaN     NaN  81685.00  ...  66653.322152  NaN   NaN       NaN        NaN
514  2025-04-23 10:40:09.412387     NaN     NaN     NaN  81685.00  ...  67123.062084  NaN   NaN       NaN        NaN
515  2025-04-23 10:40:09.412387     NaN     NaN     NaN  81685.00  ...  67578.122644  NaN   NaN       NaN        NaN
516  2025-04-23 10:40:09.412387     NaN     NaN     NaN  81685.00  ...  68018.962562  NaN   NaN       NaN        NaN
517  2025-04-23 10:40:09.412387     NaN     NaN     NaN  81685.00  ...  68446.026231  NaN   NaN       NaN        NaN

[518 rows x 13 columns]
2025-04-23 10:40:10,042 INFO:Final row: {'timestamp': Timestamp('2025-04-23 10:40:09.412387'), 'open': nan, 'high': nan, 'low': nan, 'close': 81685.0, 'volume': nan, 'short': 81685.00336677604, 'middle': 81331.83207725699, 'long': 68446.0262314912, 'buy': nan, 'sell': nan, 'buy_exit': nan, 'sell_exit': nan}
2025-04-23 10:40:10,042 INFO:Buy exit signal received
2025-04-23 10:40:10,042 INFO:Sell exit signal received
2025-04-23 10:40:10,042 INFO:Entering while loop with trade_count: 2
2025-04-23 10:40:10,086 INFO:Combined historical with live algo:                       timestamp    open    high     low     close  ...          long  buy  sell  buy_exit  sell_exit
0     2025-04-22 09:15:00+05:30  821.10  821.10  817.00    818.80  ...    818.800000  NaN   NaN       NaN        NaN
1     2025-04-22 09:16:00+05:30  818.75  818.75  814.60    814.60  ...    818.668750  NaN   NaN       NaN        NaN
2     2025-04-22 09:17:00+05:30  814.60  816.00  814.00    815.35  ...    818.565039  NaN   NaN       NaN        NaN
3     2025-04-22 09:18:00+05:30  815.30  816.00  814.75    815.50  ...    818.469257  NaN   NaN       NaN        NaN
4     2025-04-22 09:19:00+05:30  815.55  815.75  814.50    814.60  ...    818.348342  NaN   NaN       NaN        NaN
..                          ...     ...     ...     ...       ...  ...           ...  ...   ...       ...        ...
514  2025-04-23 10:40:09.412387     NaN     NaN     NaN  81685.00  ...  67123.062084  NaN   NaN       NaN        NaN
515  2025-04-23 10:40:09.412387     NaN     NaN     NaN  81685.00  ...  67578.122644  NaN   NaN       NaN        NaN
516  2025-04-23 10:40:09.412387     NaN     NaN     NaN  81685.00  ...  68018.962562  NaN   NaN       NaN        NaN
517  2025-04-23 10:40:09.412387     NaN     NaN     NaN  81685.00  ...  68446.026231  NaN   NaN       NaN        NaN
518  2025-04-23 10:40:09.412387     NaN     NaN     NaN  81685.00  ...  68859.744162  NaN   NaN       NaN        NaN

[519 rows x 13 columns]
2025-04-23 10:40:10,097 INFO:Final row: {'timestamp': Timestamp('2025-04-23 10:40:09.412387'), 'open': nan, 'high': nan, 'low': nan, 'close': 81685.0, 'volume': nan, 'short': 81685.00224451737, 'middle': 81363.9382520518, 'long': 68859.7441617571, 'buy': nan, 'sell': nan, 'buy_exit': nan, 'sell_exit': nan}
2025-04-23 10:40:10,097 INFO:Buy exit signal received
2025-04-23 10:40:10,097 INFO:Sell exit signal received
2025-04-23 10:40:10,097 INFO:Entering while loop with trade_count: 2
2025-04-23 10:40:10,151 INFO:Combined historical with live algo:                       timestamp    open    high     low     close  ...          long  buy  sell  buy_exit  sell_exit
0     2025-04-22 09:15:00+05:30  821.10  821.10  817.00    818.80  ...    818.800000  NaN   NaN       NaN        NaN
1     2025-04-22 09:16:00+05:30  818.75  818.75  814.60    814.60  ...    818.668750  NaN   NaN       NaN        NaN
2     2025-04-22 09:17:00+05:30  814.60  816.00  814.00    815.35  ...    818.565039  NaN   NaN       NaN        NaN
3     2025-04-22 09:18:00+05:30  815.30  816.00  814.75    815.50  ...    818.469257  NaN   NaN       NaN        NaN
4     2025-04-22 09:19:00+05:30  815.55  815.75  814.50    814.60  ...    818.348342  NaN   NaN       NaN        NaN
..                          ...     ...     ...     ...       ...  ...           ...  ...   ...       ...        ...
515  2025-04-23 10:40:09.412387     NaN     NaN     NaN  81685.00  ...  67578.122644  NaN   NaN       NaN        NaN
516  2025-04-23 10:40:09.412387     NaN     NaN     NaN  81685.00  ...  68018.962562  NaN   NaN       NaN        NaN
517  2025-04-23 10:40:09.412387     NaN     NaN     NaN  81685.00  ...  68446.026231  NaN   NaN       NaN        NaN
518  2025-04-23 10:40:09.412387     NaN     NaN     NaN  81685.00  ...  68859.744162  NaN   NaN       NaN        NaN
519  2025-04-23 10:40:10.082113     NaN     NaN     NaN  81685.00  ...  69260.533407  NaN   NaN       NaN        NaN

[520 rows x 13 columns]
2025-04-23 10:40:10,151 INFO:Final row: {'timestamp': Timestamp('2025-04-23 10:40:10.082113'), 'open': nan, 'high': nan, 'low': nan, 'close': 81685.0, 'volume': nan, 'short': 81685.00149634492, 'middle': 81393.12568368345, 'long': 69260.53340670219, 'buy': nan, 'sell': nan, 'buy_exit': nan, 'sell_exit': nan}
2025-04-23 10:40:10,151 INFO:Buy exit signal received
2025-04-23 10:40:10,151 INFO:Sell exit signal received
2025-04-23 10:40:10,151 INFO:Entering while loop with trade_count: 2
2025-04-23 10:40:10,209 INFO:Combined historical with live algo:                       timestamp    open    high     low     close  ...          long  buy  sell  buy_exit  sell_exit
0     2025-04-22 09:15:00+05:30  821.10  821.10  817.00    818.80  ...    818.800000  NaN   NaN       NaN        NaN
1     2025-04-22 09:16:00+05:30  818.75  818.75  814.60    814.60  ...    818.668750  NaN   NaN       NaN        NaN
2     2025-04-22 09:17:00+05:30  814.60  816.00  814.00    815.35  ...    818.565039  NaN   NaN       NaN        NaN
3     2025-04-22 09:18:00+05:30  815.30  816.00  814.75    815.50  ...    818.469257  NaN   NaN       NaN        NaN
4     2025-04-22 09:19:00+05:30  815.55  815.75  814.50    814.60  ...    818.348342  NaN   NaN       NaN        NaN
..                          ...     ...     ...     ...       ...  ...           ...  ...   ...       ...        ...
516  2025-04-23 10:40:09.412387     NaN     NaN     NaN  81685.00  ...  68018.962562  NaN   NaN       NaN        NaN
517  2025-04-23 10:40:09.412387     NaN     NaN     NaN  81685.00  ...  68446.026231  NaN   NaN       NaN        NaN
518  2025-04-23 10:40:09.412387     NaN     NaN     NaN  81685.00  ...  68859.744162  NaN   NaN       NaN        NaN
519  2025-04-23 10:40:10.082113     NaN     NaN     NaN  81685.00  ...  69260.533407  NaN   NaN       NaN        NaN
520  2025-04-23 10:40:10.082113     NaN     NaN     NaN  81685.00  ...  69648.797988  NaN   NaN       NaN        NaN

[521 rows x 13 columns]
2025-04-23 10:40:10,211 INFO:Final row: {'timestamp': Timestamp('2025-04-23 10:40:10.082113'), 'open': nan, 'high': nan, 'low': nan, 'close': 81685.0, 'volume': nan, 'short': 81685.00099756329, 'middle': 81419.65971243949, 'long': 69648.79798774274, 'buy': nan, 'sell': nan, 'buy_exit': nan, 'sell_exit': nan}
2025-04-23 10:40:10,211 INFO:Buy exit signal received
2025-04-23 10:40:10,211 INFO:Sell exit signal received
2025-04-23 10:40:10,211 INFO:Entering while loop with trade_count: 2
2025-04-23 10:40:10,278 INFO:Combined historical with live algo:                       timestamp    open    high     low     close  ...          long  buy  sell  buy_exit  sell_exit
0     2025-04-22 09:15:00+05:30  821.10  821.10  817.00    818.80  ...    818.800000  NaN   NaN       NaN        NaN
1     2025-04-22 09:16:00+05:30  818.75  818.75  814.60    814.60  ...    818.668750  NaN   NaN       NaN        NaN
2     2025-04-22 09:17:00+05:30  814.60  816.00  814.00    815.35  ...    818.565039  NaN   NaN       NaN        NaN
3     2025-04-22 09:18:00+05:30  815.30  816.00  814.75    815.50  ...    818.469257  NaN   NaN       NaN        NaN
4     2025-04-22 09:19:00+05:30  815.55  815.75  814.50    814.60  ...    818.348342  NaN   NaN       NaN        NaN
..                          ...     ...     ...     ...       ...  ...           ...  ...   ...       ...        ...
517  2025-04-23 10:40:09.412387     NaN     NaN     NaN  81685.00  ...  68446.026231  NaN   NaN       NaN        NaN
518  2025-04-23 10:40:09.412387     NaN     NaN     NaN  81685.00  ...  68859.744162  NaN   NaN       NaN        NaN
519  2025-04-23 10:40:10.082113     NaN     NaN     NaN  81685.00  ...  69260.533407  NaN   NaN       NaN        NaN
520  2025-04-23 10:40:10.082113     NaN     NaN     NaN  81685.00  ...  69648.797988  NaN   NaN       NaN        NaN
521  2025-04-23 10:40:10.082113     NaN     NaN     NaN  81685.00  ...  70024.929301  NaN   NaN       NaN        NaN

[522 rows x 13 columns]
2025-04-23 10:40:10,283 INFO:Final row: {'timestamp': Timestamp('2025-04-23 10:40:10.082113'), 'open': nan, 'high': nan, 'low': nan, 'close': 81685.0, 'volume': nan, 'short': 81685.0006650422, 'middle': 81443.78155676316, 'long': 70024.92930062578, 'buy': nan, 'sell': nan, 'buy_exit': nan, 'sell_exit': nan}
2025-04-23 10:40:10,283 INFO:Buy exit signal received
2025-04-23 10:40:10,283 INFO:Sell exit signal received
2025-04-23 10:40:10,283 INFO:Entering while loop with trade_count: 2
2025-04-23 10:40:10,343 INFO:Combined historical with live algo:                       timestamp    open    high     low     close  ...          long  buy  sell  buy_exit  sell_exit
0     2025-04-22 09:15:00+05:30  821.10  821.10  817.00    818.80  ...    818.800000  NaN   NaN       NaN        NaN
1     2025-04-22 09:16:00+05:30  818.75  818.75  814.60    814.60  ...    818.668750  NaN   NaN       NaN        NaN
2     2025-04-22 09:17:00+05:30  814.60  816.00  814.00    815.35  ...    818.565039  NaN   NaN       NaN        NaN
3     2025-04-22 09:18:00+05:30  815.30  816.00  814.75    815.50  ...    818.469257  NaN   NaN       NaN        NaN
4     2025-04-22 09:19:00+05:30  815.55  815.75  814.50    814.60  ...    818.348342  NaN   NaN       NaN        NaN
..                          ...     ...     ...     ...       ...  ...           ...  ...   ...       ...        ...
518  2025-04-23 10:40:09.412387     NaN     NaN     NaN  81685.00  ...  68859.744162  NaN   NaN       NaN        NaN
519  2025-04-23 10:40:10.082113     NaN     NaN     NaN  81685.00  ...  69260.533407  NaN   NaN       NaN        NaN
520  2025-04-23 10:40:10.082113     NaN     NaN     NaN  81685.00  ...  69648.797988  NaN   NaN       NaN        NaN
521  2025-04-23 10:40:10.082113     NaN     NaN     NaN  81685.00  ...  70024.929301  NaN   NaN       NaN        NaN
522  2025-04-23 10:40:10.082113     NaN     NaN     NaN  81685.00  ...  70389.306510  NaN   NaN       NaN        NaN

[523 rows x 13 columns]
2025-04-23 10:40:10,343 INFO:Final row: {'timestamp': Timestamp('2025-04-23 10:40:10.082113'), 'open': nan, 'high': nan, 'low': nan, 'close': 81685.0, 'volume': nan, 'short': 81685.00044336147, 'middle': 81465.71050614833, 'long': 70389.30650998122, 'buy': nan, 'sell': nan, 'buy_exit': nan, 'sell_exit': nan}
2025-04-23 10:40:10,343 INFO:Buy exit signal received
2025-04-23 10:40:10,343 INFO:Sell exit signal received
2025-04-23 10:40:10,343 INFO:Entering while loop with trade_count: 2
2025-04-23 10:40:10,401 INFO:Combined historical with live algo:                       timestamp    open    high     low     close  ...          long  buy  sell  buy_exit  sell_exit
0     2025-04-22 09:15:00+05:30  821.10  821.10  817.00    818.80  ...    818.800000  NaN   NaN       NaN        NaN
1     2025-04-22 09:16:00+05:30  818.75  818.75  814.60    814.60  ...    818.668750  NaN   NaN       NaN        NaN
2     2025-04-22 09:17:00+05:30  814.60  816.00  814.00    815.35  ...    818.565039  NaN   NaN       NaN        NaN
3     2025-04-22 09:18:00+05:30  815.30  816.00  814.75    815.50  ...    818.469257  NaN   NaN       NaN        NaN
4     2025-04-22 09:19:00+05:30  815.55  815.75  814.50    814.60  ...    818.348342  NaN   NaN       NaN        NaN
..                          ...     ...     ...     ...       ...  ...           ...  ...   ...       ...        ...
519  2025-04-23 10:40:10.082113     NaN     NaN     NaN  81685.00  ...  69260.533407  NaN   NaN       NaN        NaN
520  2025-04-23 10:40:10.082113     NaN     NaN     NaN  81685.00  ...  69648.797988  NaN   NaN       NaN        NaN
521  2025-04-23 10:40:10.082113     NaN     NaN     NaN  81685.00  ...  70024.929301  NaN   NaN       NaN        NaN
522  2025-04-23 10:40:10.082113     NaN     NaN     NaN  81685.00  ...  70389.306510  NaN   NaN       NaN        NaN
523  2025-04-23 10:40:10.082113     NaN     NaN     NaN  81685.00  ...  70742.296932  NaN   NaN       NaN        NaN

[524 rows x 13 columns]
2025-04-23 10:40:10,401 INFO:Final row: {'timestamp': Timestamp('2025-04-23 10:40:10.082113'), 'open': nan, 'high': nan, 'low': nan, 'close': 81685.0, 'volume': nan, 'short': 81685.00029557431, 'middle': 81485.6459146803, 'long': 70742.2969315443, 'buy': nan, 'sell': nan, 'buy_exit': nan, 'sell_exit': nan}
2025-04-23 10:40:10,401 INFO:Buy exit signal received
2025-04-23 10:40:10,401 INFO:Sell exit signal received
2025-04-23 10:40:10,401 INFO:Entering while loop with trade_count: 2
2025-04-23 10:40:10,455 INFO:Combined historical with live algo:                       timestamp    open    high     low     close  ...          long  buy  sell  buy_exit  sell_exit
0     2025-04-22 09:15:00+05:30  821.10  821.10  817.00    818.80  ...    818.800000  NaN   NaN       NaN        NaN
1     2025-04-22 09:16:00+05:30  818.75  818.75  814.60    814.60  ...    818.668750  NaN   NaN       NaN        NaN
2     2025-04-22 09:17:00+05:30  814.60  816.00  814.00    815.35  ...    818.565039  NaN   NaN       NaN        NaN
3     2025-04-22 09:18:00+05:30  815.30  816.00  814.75    815.50  ...    818.469257  NaN   NaN       NaN        NaN
4     2025-04-22 09:19:00+05:30  815.55  815.75  814.50    814.60  ...    818.348342  NaN   NaN       NaN        NaN
..                          ...     ...     ...     ...       ...  ...           ...  ...   ...       ...        ...
520  2025-04-23 10:40:10.082113     NaN     NaN     NaN  81685.00  ...  69648.797988  NaN   NaN       NaN        NaN
521  2025-04-23 10:40:10.082113     NaN     NaN     NaN  81685.00  ...  70024.929301  NaN   NaN       NaN        NaN
522  2025-04-23 10:40:10.082113     NaN     NaN     NaN  81685.00  ...  70389.306510  NaN   NaN       NaN        NaN
523  2025-04-23 10:40:10.082113     NaN     NaN     NaN  81685.00  ...  70742.296932  NaN   NaN       NaN        NaN
524  2025-04-23 10:40:10.082113     NaN     NaN     NaN  81685.00  ...  71084.256402  NaN   NaN       NaN        NaN

[525 rows x 13 columns]
2025-04-23 10:40:10,457 INFO:Final row: {'timestamp': Timestamp('2025-04-23 10:40:10.082113'), 'open': nan, 'high': nan, 'low': nan, 'close': 81685.0, 'volume': nan, 'short': 81685.00019704955, 'middle': 81503.76901334572, 'long': 71084.25640243354, 'buy': nan, 'sell': nan, 'buy_exit': nan, 'sell_exit': nan}
2025-04-23 10:40:10,457 INFO:Buy exit signal received
2025-04-23 10:40:10,457 INFO:Sell exit signal received
2025-04-23 10:40:10,457 INFO:Entering while loop with trade_count: 2
2025-04-23 10:40:10,510 INFO:Combined historical with live algo:                       timestamp    open    high     low     close  ...          long  buy  sell  buy_exit  sell_exit
0     2025-04-22 09:15:00+05:30  821.10  821.10  817.00    818.80  ...    818.800000  NaN   NaN       NaN        NaN
1     2025-04-22 09:16:00+05:30  818.75  818.75  814.60    814.60  ...    818.668750  NaN   NaN       NaN        NaN
2     2025-04-22 09:17:00+05:30  814.60  816.00  814.00    815.35  ...    818.565039  NaN   NaN       NaN        NaN
3     2025-04-22 09:18:00+05:30  815.30  816.00  814.75    815.50  ...    818.469257  NaN   NaN       NaN        NaN
4     2025-04-22 09:19:00+05:30  815.55  815.75  814.50    814.60  ...    818.348342  NaN   NaN       NaN        NaN
..                          ...     ...     ...     ...       ...  ...           ...  ...   ...       ...        ...
521  2025-04-23 10:40:10.082113     NaN     NaN     NaN  81685.00  ...  70024.929301  NaN   NaN       NaN        NaN
522  2025-04-23 10:40:10.082113     NaN     NaN     NaN  81685.00  ...  70389.306510  NaN   NaN       NaN        NaN
523  2025-04-23 10:40:10.082113     NaN     NaN     NaN  81685.00  ...  70742.296932  NaN   NaN       NaN        NaN
524  2025-04-23 10:40:10.082113     NaN     NaN     NaN  81685.00  ...  71084.256402  NaN   NaN       NaN        NaN
525  2025-04-23 10:40:10.082113     NaN     NaN     NaN  81685.00  ...  71415.529640  NaN   NaN       NaN        NaN

[526 rows x 13 columns]
2025-04-23 10:40:10,510 INFO:Final row: {'timestamp': Timestamp('2025-04-23 10:40:10.082113'), 'open': nan, 'high': nan, 'low': nan, 'close': 81685.0, 'volume': nan, 'short': 81685.00013136637, 'middle': 81520.24455758701, 'long': 71415.5296398575, 'buy': nan, 'sell': nan, 'buy_exit': nan, 'sell_exit': nan}
2025-04-23 10:40:10,510 INFO:Buy exit signal received
2025-04-23 10:40:10,510 INFO:Sell exit signal received
2025-04-23 10:40:10,510 INFO:Entering while loop with trade_count: 2
2025-04-23 10:40:10,568 INFO:Combined historical with live algo:                       timestamp    open    high     low     close  ...          long  buy  sell  buy_exit  sell_exit
0     2025-04-22 09:15:00+05:30  821.10  821.10  817.00    818.80  ...    818.800000  NaN   NaN       NaN        NaN
1     2025-04-22 09:16:00+05:30  818.75  818.75  814.60    814.60  ...    818.668750  NaN   NaN       NaN        NaN
2     2025-04-22 09:17:00+05:30  814.60  816.00  814.00    815.35  ...    818.565039  NaN   NaN       NaN        NaN
3     2025-04-22 09:18:00+05:30  815.30  816.00  814.75    815.50  ...    818.469257  NaN   NaN       NaN        NaN
4     2025-04-22 09:19:00+05:30  815.55  815.75  814.50    814.60  ...    818.348342  NaN   NaN       NaN        NaN
..                          ...     ...     ...     ...       ...  ...           ...  ...   ...       ...        ...
522  2025-04-23 10:40:10.082113     NaN     NaN     NaN  81685.00  ...  70389.306510  NaN   NaN       NaN        NaN
523  2025-04-23 10:40:10.082113     NaN     NaN     NaN  81685.00  ...  70742.296932  NaN   NaN       NaN        NaN
524  2025-04-23 10:40:10.082113     NaN     NaN     NaN  81685.00  ...  71084.256402  NaN   NaN       NaN        NaN
525  2025-04-23 10:40:10.082113     NaN     NaN     NaN  81685.00  ...  71415.529640  NaN   NaN       NaN        NaN
526  2025-04-23 10:40:10.494105     NaN     NaN     NaN  81675.00  ...  71736.138089  NaN   NaN       NaN        NaN

[527 rows x 13 columns]
2025-04-23 10:40:10,568 INFO:Final row: {'timestamp': Timestamp('2025-04-23 10:40:10.494105'), 'open': nan, 'high': nan, 'low': nan, 'close': 81675.0, 'volume': nan, 'short': 81681.66675424424, 'middle': 81534.31323417001, 'long': 71736.13808861196, 'buy': nan, 'sell': nan, 'buy_exit': nan, 'sell_exit': nan}
2025-04-23 10:40:10,568 INFO:Buy exit signal received
2025-04-23 10:40:10,568 INFO:Sell exit signal received
2025-04-23 10:40:10,568 INFO:Entering while loop with trade_count: 2
2025-04-23 10:40:10,627 INFO:Combined historical with live algo:                       timestamp    open    high     low     close  ...          long  buy  sell  buy_exit  sell_exit
0     2025-04-22 09:15:00+05:30  821.10  821.10  817.00    818.80  ...    818.800000  NaN   NaN       NaN        NaN
1     2025-04-22 09:16:00+05:30  818.75  818.75  814.60    814.60  ...    818.668750  NaN   NaN       NaN        NaN
2     2025-04-22 09:17:00+05:30  814.60  816.00  814.00    815.35  ...    818.565039  NaN   NaN       NaN        NaN
3     2025-04-22 09:18:00+05:30  815.30  816.00  814.75    815.50  ...    818.469257  NaN   NaN       NaN        NaN
4     2025-04-22 09:19:00+05:30  815.55  815.75  814.50    814.60  ...    818.348342  NaN   NaN       NaN        NaN
..                          ...     ...     ...     ...       ...  ...           ...  ...   ...       ...        ...
523  2025-04-23 10:40:10.082113     NaN     NaN     NaN  81685.00  ...  70742.296932  NaN   NaN       NaN        NaN
524  2025-04-23 10:40:10.082113     NaN     NaN     NaN  81685.00  ...  71084.256402  NaN   NaN       NaN        NaN
525  2025-04-23 10:40:10.082113     NaN     NaN     NaN  81685.00  ...  71415.529640  NaN   NaN       NaN        NaN
526  2025-04-23 10:40:10.494105     NaN     NaN     NaN  81675.00  ...  71736.138089  NaN   NaN       NaN        NaN
527  2025-04-23 10:40:10.494105     NaN     NaN     NaN  81675.00  ...  72046.727523  NaN   NaN       NaN        NaN

[528 rows x 13 columns]
2025-04-23 10:40:10,628 INFO:Final row: {'timestamp': Timestamp('2025-04-23 10:40:10.494105'), 'open': nan, 'high': nan, 'low': nan, 'close': 81675.0, 'volume': nan, 'short': 81679.4445028295, 'middle': 81547.10294015455, 'long': 72046.72752334284, 'buy': nan, 'sell': nan, 'buy_exit': nan, 'sell_exit': nan}
2025-04-23 10:40:10,628 INFO:Buy exit signal received
2025-04-23 10:40:10,628 INFO:Sell exit signal received
2025-04-23 10:40:10,628 INFO:Entering while loop with trade_count: 2
2025-04-23 10:40:10,685 INFO:Combined historical with live algo:                       timestamp    open    high     low     close  ...          long  buy  sell  buy_exit  sell_exit
0     2025-04-22 09:15:00+05:30  821.10  821.10  817.00    818.80  ...    818.800000  NaN   NaN       NaN        NaN
1     2025-04-22 09:16:00+05:30  818.75  818.75  814.60    814.60  ...    818.668750  NaN   NaN       NaN        NaN
2     2025-04-22 09:17:00+05:30  814.60  816.00  814.00    815.35  ...    818.565039  NaN   NaN       NaN        NaN
3     2025-04-22 09:18:00+05:30  815.30  816.00  814.75    815.50  ...    818.469257  NaN   NaN       NaN        NaN
4     2025-04-22 09:19:00+05:30  815.55  815.75  814.50    814.60  ...    818.348342  NaN   NaN       NaN        NaN
..                          ...     ...     ...     ...       ...  ...           ...  ...   ...       ...        ...
524  2025-04-23 10:40:10.082113     NaN     NaN     NaN  81685.00  ...  71084.256402  NaN   NaN       NaN        NaN
525  2025-04-23 10:40:10.082113     NaN     NaN     NaN  81685.00  ...  71415.529640  NaN   NaN       NaN        NaN
526  2025-04-23 10:40:10.494105     NaN     NaN     NaN  81675.00  ...  71736.138089  NaN   NaN       NaN        NaN
527  2025-04-23 10:40:10.494105     NaN     NaN     NaN  81675.00  ...  72046.727523  NaN   NaN       NaN        NaN
528  2025-04-23 10:40:10.494105     NaN     NaN     NaN  81675.00  ...  72347.611038  NaN   NaN       NaN        NaN

[529 rows x 13 columns]
2025-04-23 10:40:10,685 INFO:Final row: {'timestamp': Timestamp('2025-04-23 10:40:10.494105'), 'open': nan, 'high': nan, 'low': nan, 'close': 81675.0, 'volume': nan, 'short': 81677.96300188634, 'middle': 81558.72994559504, 'long': 72347.61103823838, 'buy': nan, 'sell': nan, 'buy_exit': nan, 'sell_exit': nan}
2025-04-23 10:40:10,685 INFO:Buy exit signal received
2025-04-23 10:40:10,685 INFO:Sell exit signal received
2025-04-23 10:40:10,685 INFO:Entering while loop with trade_count: 2
2025-04-23 10:40:10,750 INFO:Combined historical with live algo:                       timestamp    open    high     low     close  ...          long  buy  sell  buy_exit  sell_exit
0     2025-04-22 09:15:00+05:30  821.10  821.10  817.00    818.80  ...    818.800000  NaN   NaN       NaN        NaN
1     2025-04-22 09:16:00+05:30  818.75  818.75  814.60    814.60  ...    818.668750  NaN   NaN       NaN        NaN
2     2025-04-22 09:17:00+05:30  814.60  816.00  814.00    815.35  ...    818.565039  NaN   NaN       NaN        NaN
3     2025-04-22 09:18:00+05:30  815.30  816.00  814.75    815.50  ...    818.469257  NaN   NaN       NaN        NaN
4     2025-04-22 09:19:00+05:30  815.55  815.75  814.50    814.60  ...    818.348342  NaN   NaN       NaN        NaN
..                          ...     ...     ...     ...       ...  ...           ...  ...   ...       ...        ...
525  2025-04-23 10:40:10.082113     NaN     NaN     NaN  81685.00  ...  71415.529640  NaN   NaN       NaN        NaN
526  2025-04-23 10:40:10.494105     NaN     NaN     NaN  81675.00  ...  71736.138089  NaN   NaN       NaN        NaN
527  2025-04-23 10:40:10.494105     NaN     NaN     NaN  81675.00  ...  72046.727523  NaN   NaN       NaN        NaN
528  2025-04-23 10:40:10.494105     NaN     NaN     NaN  81675.00  ...  72347.611038  NaN   NaN       NaN        NaN
529  2025-04-23 10:40:10.494105     NaN     NaN     NaN  81675.00  ...  72639.091943  NaN   NaN       NaN        NaN

[530 rows x 13 columns]
2025-04-23 10:40:10,756 INFO:Final row: {'timestamp': Timestamp('2025-04-23 10:40:10.494105'), 'open': nan, 'high': nan, 'low': nan, 'close': 81675.0, 'volume': nan, 'short': 81676.9753345909, 'middle': 81569.29995054094, 'long': 72639.09194329343, 'buy': nan, 'sell': nan, 'buy_exit': nan, 'sell_exit': nan}
2025-04-23 10:40:10,756 INFO:Buy exit signal received
2025-04-23 10:40:10,756 INFO:Sell exit signal received
2025-04-23 10:40:10,756 INFO:Entering while loop with trade_count: 2
2025-04-23 10:40:10,807 INFO:Combined historical with live algo:                       timestamp    open    high     low     close  ...          long  buy  sell  buy_exit  sell_exit
0     2025-04-22 09:15:00+05:30  821.10  821.10  817.00    818.80  ...    818.800000  NaN   NaN       NaN        NaN
1     2025-04-22 09:16:00+05:30  818.75  818.75  814.60    814.60  ...    818.668750  NaN   NaN       NaN        NaN
2     2025-04-22 09:17:00+05:30  814.60  816.00  814.00    815.35  ...    818.565039  NaN   NaN       NaN        NaN
3     2025-04-22 09:18:00+05:30  815.30  816.00  814.75    815.50  ...    818.469257  NaN   NaN       NaN        NaN
4     2025-04-22 09:19:00+05:30  815.55  815.75  814.50    814.60  ...    818.348342  NaN   NaN       NaN        NaN
..                          ...     ...     ...     ...       ...  ...           ...  ...   ...       ...        ...
526  2025-04-23 10:40:10.494105     NaN     NaN     NaN  81675.00  ...  71736.138089  NaN   NaN       NaN        NaN
527  2025-04-23 10:40:10.494105     NaN     NaN     NaN  81675.00  ...  72046.727523  NaN   NaN       NaN        NaN
528  2025-04-23 10:40:10.494105     NaN     NaN     NaN  81675.00  ...  72347.611038  NaN   NaN       NaN        NaN
529  2025-04-23 10:40:10.494105     NaN     NaN     NaN  81675.00  ...  72639.091943  NaN   NaN       NaN        NaN
530  2025-04-23 10:40:10.494105     NaN     NaN     NaN  81675.00  ...  72921.464070  NaN   NaN       NaN        NaN

[531 rows x 13 columns]
2025-04-23 10:40:10,815 INFO:Final row: {'timestamp': Timestamp('2025-04-23 10:40:10.494105'), 'open': nan, 'high': nan, 'low': nan, 'close': 81675.0, 'volume': nan, 'short': 81676.31688972727, 'middle': 81578.9090459463, 'long': 72921.46407006551, 'buy': nan, 'sell': nan, 'buy_exit': nan, 'sell_exit': nan}
2025-04-23 10:40:10,815 INFO:Buy exit signal received
2025-04-23 10:40:10,815 INFO:Sell exit signal received
2025-04-23 10:40:10,815 INFO:Entering while loop with trade_count: 2
2025-04-23 10:40:10,864 INFO:Combined historical with live algo:                       timestamp    open    high     low     close  ...          long  buy  sell  buy_exit  sell_exit
0     2025-04-22 09:15:00+05:30  821.10  821.10  817.00    818.80  ...    818.800000  NaN   NaN       NaN        NaN
1     2025-04-22 09:16:00+05:30  818.75  818.75  814.60    814.60  ...    818.668750  NaN   NaN       NaN        NaN
2     2025-04-22 09:17:00+05:30  814.60  816.00  814.00    815.35  ...    818.565039  NaN   NaN       NaN        NaN
3     2025-04-22 09:18:00+05:30  815.30  816.00  814.75    815.50  ...    818.469257  NaN   NaN       NaN        NaN
4     2025-04-22 09:19:00+05:30  815.55  815.75  814.50    814.60  ...    818.348342  NaN   NaN       NaN        NaN
..                          ...     ...     ...     ...       ...  ...           ...  ...   ...       ...        ...
527  2025-04-23 10:40:10.494105     NaN     NaN     NaN  81675.00  ...  72046.727523  NaN   NaN       NaN        NaN
528  2025-04-23 10:40:10.494105     NaN     NaN     NaN  81675.00  ...  72347.611038  NaN   NaN       NaN        NaN
529  2025-04-23 10:40:10.494105     NaN     NaN     NaN  81675.00  ...  72639.091943  NaN   NaN       NaN        NaN
530  2025-04-23 10:40:10.494105     NaN     NaN     NaN  81675.00  ...  72921.464070  NaN   NaN       NaN        NaN
531  2025-04-23 10:40:10.494105     NaN     NaN     NaN  81675.00  ...  73195.012068  NaN   NaN       NaN        NaN

[532 rows x 13 columns]
2025-04-23 10:40:10,865 INFO:Final row: {'timestamp': Timestamp('2025-04-23 10:40:10.494105'), 'open': nan, 'high': nan, 'low': nan, 'close': 81675.0, 'volume': nan, 'short': 81675.87792648486, 'middle': 81587.64458722391, 'long': 73195.01206787597, 'buy': nan, 'sell': nan, 'buy_exit': nan, 'sell_exit': nan}
2025-04-23 10:40:10,865 INFO:Buy exit signal received
2025-04-23 10:40:10,865 INFO:Sell exit signal received
2025-04-23 10:40:10,865 INFO:Entering while loop with trade_count: 2
2025-04-23 10:40:10,913 INFO:Combined historical with live algo:                       timestamp    open    high     low     close  ...          long  buy  sell  buy_exit  sell_exit
0     2025-04-22 09:15:00+05:30  821.10  821.10  817.00    818.80  ...    818.800000  NaN   NaN       NaN        NaN
1     2025-04-22 09:16:00+05:30  818.75  818.75  814.60    814.60  ...    818.668750  NaN   NaN       NaN        NaN
2     2025-04-22 09:17:00+05:30  814.60  816.00  814.00    815.35  ...    818.565039  NaN   NaN       NaN        NaN
3     2025-04-22 09:18:00+05:30  815.30  816.00  814.75    815.50  ...    818.469257  NaN   NaN       NaN        NaN
4     2025-04-22 09:19:00+05:30  815.55  815.75  814.50    814.60  ...    818.348342  NaN   NaN       NaN        NaN
..                          ...     ...     ...     ...       ...  ...           ...  ...   ...       ...        ...
528  2025-04-23 10:40:10.494105     NaN     NaN     NaN  81675.00  ...  72347.611038  NaN   NaN       NaN        NaN
529  2025-04-23 10:40:10.494105     NaN     NaN     NaN  81675.00  ...  72639.091943  NaN   NaN       NaN        NaN
530  2025-04-23 10:40:10.494105     NaN     NaN     NaN  81675.00  ...  72921.464070  NaN   NaN       NaN        NaN
531  2025-04-23 10:40:10.494105     NaN     NaN     NaN  81675.00  ...  73195.012068  NaN   NaN       NaN        NaN
532  2025-04-23 10:40:10.494105     NaN     NaN     NaN  81675.00  ...  73460.011691  NaN   NaN       NaN        NaN

[533 rows x 13 columns]
2025-04-23 10:40:10,915 INFO:Final row: {'timestamp': Timestamp('2025-04-23 10:40:10.494105'), 'open': nan, 'high': nan, 'low': nan, 'close': 81675.0, 'volume': nan, 'short': 81675.58528432324, 'middle': 81595.58598838537, 'long': 73460.01169075485, 'buy': nan, 'sell': nan, 'buy_exit': nan, 'sell_exit': nan}
2025-04-23 10:40:10,915 INFO:Buy exit signal received
2025-04-23 10:40:10,915 INFO:Sell exit signal received
2025-04-23 10:40:10,915 INFO:Entering while loop with trade_count: 2
2025-04-23 10:40:10,966 INFO:Combined historical with live algo:                       timestamp    open    high     low     close  ...          long  buy  sell  buy_exit  sell_exit
0     2025-04-22 09:15:00+05:30  821.10  821.10  817.00    818.80  ...    818.800000  NaN   NaN       NaN        NaN
1     2025-04-22 09:16:00+05:30  818.75  818.75  814.60    814.60  ...    818.668750  NaN   NaN       NaN        NaN
2     2025-04-22 09:17:00+05:30  814.60  816.00  814.00    815.35  ...    818.565039  NaN   NaN       NaN        NaN
3     2025-04-22 09:18:00+05:30  815.30  816.00  814.75    815.50  ...    818.469257  NaN   NaN       NaN        NaN
4     2025-04-22 09:19:00+05:30  815.55  815.75  814.50    814.60  ...    818.348342  NaN   NaN       NaN        NaN
..                          ...     ...     ...     ...       ...  ...           ...  ...   ...       ...        ...
529  2025-04-23 10:40:10.494105     NaN     NaN     NaN  81675.00  ...  72639.091943  NaN   NaN       NaN        NaN
530  2025-04-23 10:40:10.494105     NaN     NaN     NaN  81675.00  ...  72921.464070  NaN   NaN       NaN        NaN
531  2025-04-23 10:40:10.494105     NaN     NaN     NaN  81675.00  ...  73195.012068  NaN   NaN       NaN        NaN
532  2025-04-23 10:40:10.494105     NaN     NaN     NaN  81675.00  ...  73460.011691  NaN   NaN       NaN        NaN
533  2025-04-23 10:40:10.494105     NaN     NaN     NaN  81675.00  ...  73716.730075  NaN   NaN       NaN        NaN

[534 rows x 13 columns]
2025-04-23 10:40:10,968 INFO:Final row: {'timestamp': Timestamp('2025-04-23 10:40:10.494105'), 'open': nan, 'high': nan, 'low': nan, 'close': 81675.0, 'volume': nan, 'short': 81675.39018954884, 'middle': 81602.8054439867, 'long': 73716.73007541876, 'buy': nan, 'sell': nan, 'buy_exit': nan, 'sell_exit': nan}
2025-04-23 10:40:10,968 INFO:Buy exit signal received
2025-04-23 10:40:10,968 INFO:Sell exit signal received
2025-04-23 10:40:10,968 INFO:Entering while loop with trade_count: 2
2025-04-23 10:40:11,019 INFO:Combined historical with live algo:                       timestamp    open    high     low     close  ...          long  buy  sell  buy_exit  sell_exit
0     2025-04-22 09:15:00+05:30  821.10  821.10  817.00    818.80  ...    818.800000  NaN   NaN       NaN        NaN
1     2025-04-22 09:16:00+05:30  818.75  818.75  814.60    814.60  ...    818.668750  NaN   NaN       NaN        NaN
2     2025-04-22 09:17:00+05:30  814.60  816.00  814.00    815.35  ...    818.565039  NaN   NaN       NaN        NaN
3     2025-04-22 09:18:00+05:30  815.30  816.00  814.75    815.50  ...    818.469257  NaN   NaN       NaN        NaN
4     2025-04-22 09:19:00+05:30  815.55  815.75  814.50    814.60  ...    818.348342  NaN   NaN       NaN        NaN
..                          ...     ...     ...     ...       ...  ...           ...  ...   ...       ...        ...
530  2025-04-23 10:40:10.494105     NaN     NaN     NaN  81675.00  ...  72921.464070  NaN   NaN       NaN        NaN
531  2025-04-23 10:40:10.494105     NaN     NaN     NaN  81675.00  ...  73195.012068  NaN   NaN       NaN        NaN
532  2025-04-23 10:40:10.494105     NaN     NaN     NaN  81675.00  ...  73460.011691  NaN   NaN       NaN        NaN
533  2025-04-23 10:40:10.494105     NaN     NaN     NaN  81675.00  ...  73716.730075  NaN   NaN       NaN        NaN
534  2025-04-23 10:40:10.494105     NaN     NaN     NaN  81675.00  ...  73965.426011  NaN   NaN       NaN        NaN

[535 rows x 13 columns]
2025-04-23 10:40:11,019 INFO:Final row: {'timestamp': Timestamp('2025-04-23 10:40:10.494105'), 'open': nan, 'high': nan, 'low': nan, 'close': 81675.0, 'volume': nan, 'short': 81675.2601263659, 'middle': 81609.36858544245, 'long': 73965.42601056192, 'buy': nan, 'sell': nan, 'buy_exit': nan, 'sell_exit': nan}
2025-04-23 10:40:11,019 INFO:Buy exit signal received
2025-04-23 10:40:11,019 INFO:Sell exit signal received
2025-04-23 10:40:11,019 INFO:Entering while loop with trade_count: 2
2025-04-23 10:40:11,076 INFO:Combined historical with live algo:                       timestamp    open    high     low     close  ...          long  buy  sell  buy_exit  sell_exit
0     2025-04-22 09:15:00+05:30  821.10  821.10  817.00    818.80  ...    818.800000  NaN   NaN       NaN        NaN
1     2025-04-22 09:16:00+05:30  818.75  818.75  814.60    814.60  ...    818.668750  NaN   NaN       NaN        NaN
2     2025-04-22 09:17:00+05:30  814.60  816.00  814.00    815.35  ...    818.565039  NaN   NaN       NaN        NaN
3     2025-04-22 09:18:00+05:30  815.30  816.00  814.75    815.50  ...    818.469257  NaN   NaN       NaN        NaN
4     2025-04-22 09:19:00+05:30  815.55  815.75  814.50    814.60  ...    818.348342  NaN   NaN       NaN        NaN
..                          ...     ...     ...     ...       ...  ...           ...  ...   ...       ...        ...
531  2025-04-23 10:40:10.494105     NaN     NaN     NaN  81675.00  ...  73195.012068  NaN   NaN       NaN        NaN
532  2025-04-23 10:40:10.494105     NaN     NaN     NaN  81675.00  ...  73460.011691  NaN   NaN       NaN        NaN
533  2025-04-23 10:40:10.494105     NaN     NaN     NaN  81675.00  ...  73716.730075  NaN   NaN       NaN        NaN
534  2025-04-23 10:40:10.494105     NaN     NaN     NaN  81675.00  ...  73965.426011  NaN   NaN       NaN        NaN
535  2025-04-23 10:40:11.003474     NaN     NaN     NaN  81690.00  ...  74206.818948  NaN   NaN       NaN        NaN

[536 rows x 13 columns]
2025-04-23 10:40:11,076 INFO:Final row: {'timestamp': Timestamp('2025-04-23 10:40:11.003474'), 'open': nan, 'high': nan, 'low': nan, 'close': 81690.0, 'volume': nan, 'short': 81680.17341757727, 'middle': 81616.69871403859, 'long': 74206.81894773185, 'buy': nan, 'sell': nan, 'buy_exit': nan, 'sell_exit': nan}
2025-04-23 10:40:11,076 INFO:Buy exit signal received
2025-04-23 10:40:11,076 INFO:Sell exit signal received
2025-04-23 10:40:11,076 INFO:Entering while loop with trade_count: 2
2025-04-23 10:40:11,133 INFO:Combined historical with live algo:                       timestamp    open    high     low     close  ...          long  buy  sell  buy_exit  sell_exit
0     2025-04-22 09:15:00+05:30  821.10  821.10  817.00    818.80  ...    818.800000  NaN   NaN       NaN        NaN
1     2025-04-22 09:16:00+05:30  818.75  818.75  814.60    814.60  ...    818.668750  NaN   NaN       NaN        NaN
2     2025-04-22 09:17:00+05:30  814.60  816.00  814.00    815.35  ...    818.565039  NaN   NaN       NaN        NaN
3     2025-04-22 09:18:00+05:30  815.30  816.00  814.75    815.50  ...    818.469257  NaN   NaN       NaN        NaN
4     2025-04-22 09:19:00+05:30  815.55  815.75  814.50    814.60  ...    818.348342  NaN   NaN       NaN        NaN
..                          ...     ...     ...     ...       ...  ...           ...  ...   ...       ...        ...
532  2025-04-23 10:40:10.494105     NaN     NaN     NaN  81675.00  ...  73460.011691  NaN   NaN       NaN        NaN
533  2025-04-23 10:40:10.494105     NaN     NaN     NaN  81675.00  ...  73716.730075  NaN   NaN       NaN        NaN
534  2025-04-23 10:40:10.494105     NaN     NaN     NaN  81675.00  ...  73965.426011  NaN   NaN       NaN        NaN
535  2025-04-23 10:40:11.003474     NaN     NaN     NaN  81690.00  ...  74206.818948  NaN   NaN       NaN        NaN
536  2025-04-23 10:40:11.003474     NaN     NaN     NaN  81690.00  ...  74440.668356  NaN   NaN       NaN        NaN

[537 rows x 13 columns]
2025-04-23 10:40:11,136 INFO:Final row: {'timestamp': Timestamp('2025-04-23 10:40:11.003474'), 'open': nan, 'high': nan, 'low': nan, 'close': 81690.0, 'volume': nan, 'short': 81683.44894505152, 'middle': 81623.3624673078, 'long': 74440.66835561523, 'buy': nan, 'sell': nan, 'buy_exit': nan, 'sell_exit': nan}
2025-04-23 10:40:11,136 INFO:Buy exit signal received
2025-04-23 10:40:11,136 INFO:Sell exit signal received
2025-04-23 10:40:11,136 INFO:Entering while loop with trade_count: 2
2025-04-23 10:40:11,183 INFO:Combined historical with live algo:                       timestamp    open    high     low     close  ...          long  buy  sell  buy_exit  sell_exit
0     2025-04-22 09:15:00+05:30  821.10  821.10  817.00    818.80  ...    818.800000  NaN   NaN       NaN        NaN
1     2025-04-22 09:16:00+05:30  818.75  818.75  814.60    814.60  ...    818.668750  NaN   NaN       NaN        NaN
2     2025-04-22 09:17:00+05:30  814.60  816.00  814.00    815.35  ...    818.565039  NaN   NaN       NaN        NaN
3     2025-04-22 09:18:00+05:30  815.30  816.00  814.75    815.50  ...    818.469257  NaN   NaN       NaN        NaN
4     2025-04-22 09:19:00+05:30  815.55  815.75  814.50    814.60  ...    818.348342  NaN   NaN       NaN        NaN
..                          ...     ...     ...     ...       ...  ...           ...  ...   ...       ...        ...
533  2025-04-23 10:40:10.494105     NaN     NaN     NaN  81675.00  ...  73716.730075  NaN   NaN       NaN        NaN
534  2025-04-23 10:40:10.494105     NaN     NaN     NaN  81675.00  ...  73965.426011  NaN   NaN       NaN        NaN
535  2025-04-23 10:40:11.003474     NaN     NaN     NaN  81690.00  ...  74206.818948  NaN   NaN       NaN        NaN
536  2025-04-23 10:40:11.003474     NaN     NaN     NaN  81690.00  ...  74440.668356  NaN   NaN       NaN        NaN
537  2025-04-23 10:40:11.003474     NaN     NaN     NaN  81690.00  ...  74667.209970  NaN   NaN       NaN        NaN

[538 rows x 13 columns]
2025-04-23 10:40:11,183 INFO:Final row: {'timestamp': Timestamp('2025-04-23 10:40:11.003474'), 'open': nan, 'high': nan, 'low': nan, 'close': 81690.0, 'volume': nan, 'short': 81685.63263003435, 'middle': 81629.42042482526, 'long': 74667.20996950225, 'buy': nan, 'sell': nan, 'buy_exit': nan, 'sell_exit': nan}
2025-04-23 10:40:11,183 INFO:Buy exit signal received
2025-04-23 10:40:11,183 INFO:Sell exit signal received
2025-04-23 10:40:11,183 INFO:Entering while loop with trade_count: 2
2025-04-23 10:40:11,262 INFO:Combined historical with live algo:                       timestamp    open    high     low     close  ...          long  buy  sell  buy_exit  sell_exit
0     2025-04-22 09:15:00+05:30  821.10  821.10  817.00    818.80  ...    818.800000  NaN   NaN       NaN        NaN
1     2025-04-22 09:16:00+05:30  818.75  818.75  814.60    814.60  ...    818.668750  NaN   NaN       NaN        NaN
2     2025-04-22 09:17:00+05:30  814.60  816.00  814.00    815.35  ...    818.565039  NaN   NaN       NaN        NaN
3     2025-04-22 09:18:00+05:30  815.30  816.00  814.75    815.50  ...    818.469257  NaN   NaN       NaN        NaN
4     2025-04-22 09:19:00+05:30  815.55  815.75  814.50    814.60  ...    818.348342  NaN   NaN       NaN        NaN
..                          ...     ...     ...     ...       ...  ...           ...  ...   ...       ...        ...
534  2025-04-23 10:40:10.494105     NaN     NaN     NaN  81675.00  ...  73965.426011  NaN   NaN       NaN        NaN
535  2025-04-23 10:40:11.003474     NaN     NaN     NaN  81690.00  ...  74206.818948  NaN   NaN       NaN        NaN
536  2025-04-23 10:40:11.003474     NaN     NaN     NaN  81690.00  ...  74440.668356  NaN   NaN       NaN        NaN
537  2025-04-23 10:40:11.003474     NaN     NaN     NaN  81690.00  ...  74667.209970  NaN   NaN       NaN        NaN
538  2025-04-23 10:40:11.003474     NaN     NaN     NaN  81690.00  ...  74886.672158  NaN   NaN       NaN        NaN

[539 rows x 13 columns]
2025-04-23 10:40:11,262 INFO:Final row: {'timestamp': Timestamp('2025-04-23 10:40:11.003474'), 'open': nan, 'high': nan, 'low': nan, 'close': 81690.0, 'volume': nan, 'short': 81687.0884200229, 'middle': 81634.92765893205, 'long': 74886.6721579553, 'buy': nan, 'sell': nan, 'buy_exit': nan, 'sell_exit': nan}
2025-04-23 10:40:11,262 INFO:Buy exit signal received
2025-04-23 10:40:11,262 INFO:Sell exit signal received
2025-04-23 10:40:11,262 INFO:Entering while loop with trade_count: 2
2025-04-23 10:40:11,318 INFO:Combined historical with live algo:                       timestamp    open    high     low     close  ...          long  buy  sell  buy_exit  sell_exit
0     2025-04-22 09:15:00+05:30  821.10  821.10  817.00    818.80  ...    818.800000  NaN   NaN       NaN        NaN
1     2025-04-22 09:16:00+05:30  818.75  818.75  814.60    814.60  ...    818.668750  NaN   NaN       NaN        NaN
2     2025-04-22 09:17:00+05:30  814.60  816.00  814.00    815.35  ...    818.565039  NaN   NaN       NaN        NaN
3     2025-04-22 09:18:00+05:30  815.30  816.00  814.75    815.50  ...    818.469257  NaN   NaN       NaN        NaN
4     2025-04-22 09:19:00+05:30  815.55  815.75  814.50    814.60  ...    818.348342  NaN   NaN       NaN        NaN
..                          ...     ...     ...     ...       ...  ...           ...  ...   ...       ...        ...
535  2025-04-23 10:40:11.003474     NaN     NaN     NaN  81690.00  ...  74206.818948  NaN   NaN       NaN        NaN
536  2025-04-23 10:40:11.003474     NaN     NaN     NaN  81690.00  ...  74440.668356  NaN   NaN       NaN        NaN
537  2025-04-23 10:40:11.003474     NaN     NaN     NaN  81690.00  ...  74667.209970  NaN   NaN       NaN        NaN
538  2025-04-23 10:40:11.003474     NaN     NaN     NaN  81690.00  ...  74886.672158  NaN   NaN       NaN        NaN
539  2025-04-23 10:40:11.003474     NaN     NaN     NaN  81690.00  ...  75099.276153  NaN   NaN       NaN        NaN

[540 rows x 13 columns]
2025-04-23 10:40:11,318 INFO:Final row: {'timestamp': Timestamp('2025-04-23 10:40:11.003474'), 'open': nan, 'high': nan, 'low': nan, 'close': 81690.0, 'volume': nan, 'short': 81688.05894668194, 'middle': 81639.93423539276, 'long': 75099.2761530192, 'buy': nan, 'sell': nan, 'buy_exit': nan, 'sell_exit': nan}
2025-04-23 10:40:11,318 INFO:Buy exit signal received
2025-04-23 10:40:11,318 INFO:Sell exit signal received
2025-04-23 10:40:11,318 INFO:Entering while loop with trade_count: 2
2025-04-23 10:40:11,375 INFO:Combined historical with live algo:                       timestamp    open    high     low     close  ...          long  buy  sell  buy_exit  sell_exit
0     2025-04-22 09:15:00+05:30  821.10  821.10  817.00    818.80  ...    818.800000  NaN   NaN       NaN        NaN
1     2025-04-22 09:16:00+05:30  818.75  818.75  814.60    814.60  ...    818.668750  NaN   NaN       NaN        NaN
2     2025-04-22 09:17:00+05:30  814.60  816.00  814.00    815.35  ...    818.565039  NaN   NaN       NaN        NaN
3     2025-04-22 09:18:00+05:30  815.30  816.00  814.75    815.50  ...    818.469257  NaN   NaN       NaN        NaN
4     2025-04-22 09:19:00+05:30  815.55  815.75  814.50    814.60  ...    818.348342  NaN   NaN       NaN        NaN
..                          ...     ...     ...     ...       ...  ...           ...  ...   ...       ...        ...
536  2025-04-23 10:40:11.003474     NaN     NaN     NaN  81690.00  ...  74440.668356  NaN   NaN       NaN        NaN
537  2025-04-23 10:40:11.003474     NaN     NaN     NaN  81690.00  ...  74667.209970  NaN   NaN       NaN        NaN
538  2025-04-23 10:40:11.003474     NaN     NaN     NaN  81690.00  ...  74886.672158  NaN   NaN       NaN        NaN
539  2025-04-23 10:40:11.003474     NaN     NaN     NaN  81690.00  ...  75099.276153  NaN   NaN       NaN        NaN
540  2025-04-23 10:40:11.003474     NaN     NaN     NaN  81690.00  ...  75305.236273  NaN   NaN       NaN        NaN

[541 rows x 13 columns]
2025-04-23 10:40:11,376 INFO:Final row: {'timestamp': Timestamp('2025-04-23 10:40:11.003474'), 'open': nan, 'high': nan, 'low': nan, 'close': 81690.0, 'volume': nan, 'short': 81688.70596445462, 'middle': 81644.48566853887, 'long': 75305.23627323734, 'buy': nan, 'sell': nan, 'buy_exit': nan, 'sell_exit': nan}
2025-04-23 10:40:11,376 INFO:Buy exit signal received
2025-04-23 10:40:11,376 INFO:Sell exit signal received
2025-04-23 10:40:11,376 INFO:Entering while loop with trade_count: 2
2025-04-23 10:40:11,431 INFO:Combined historical with live algo:                       timestamp    open    high     low     close  ...          long  buy  sell  buy_exit  sell_exit
0     2025-04-22 09:15:00+05:30  821.10  821.10  817.00    818.80  ...    818.800000  NaN   NaN       NaN        NaN
1     2025-04-22 09:16:00+05:30  818.75  818.75  814.60    814.60  ...    818.668750  NaN   NaN       NaN        NaN
2     2025-04-22 09:17:00+05:30  814.60  816.00  814.00    815.35  ...    818.565039  NaN   NaN       NaN        NaN
3     2025-04-22 09:18:00+05:30  815.30  816.00  814.75    815.50  ...    818.469257  NaN   NaN       NaN        NaN
4     2025-04-22 09:19:00+05:30  815.55  815.75  814.50    814.60  ...    818.348342  NaN   NaN       NaN        NaN
..                          ...     ...     ...     ...       ...  ...           ...  ...   ...       ...        ...
537  2025-04-23 10:40:11.003474     NaN     NaN     NaN  81690.00  ...  74667.209970  NaN   NaN       NaN        NaN
538  2025-04-23 10:40:11.003474     NaN     NaN     NaN  81690.00  ...  74886.672158  NaN   NaN       NaN        NaN
539  2025-04-23 10:40:11.003474     NaN     NaN     NaN  81690.00  ...  75099.276153  NaN   NaN       NaN        NaN
540  2025-04-23 10:40:11.003474     NaN     NaN     NaN  81690.00  ...  75305.236273  NaN   NaN       NaN        NaN
541  2025-04-23 10:40:11.003474     NaN     NaN     NaN  81690.00  ...  75504.760140  NaN   NaN       NaN        NaN

[542 rows x 13 columns]
2025-04-23 10:40:11,433 INFO:Final row: {'timestamp': Timestamp('2025-04-23 10:40:11.003474'), 'open': nan, 'high': nan, 'low': nan, 'close': 81690.0, 'volume': nan, 'short': 81689.13730963643, 'middle': 81648.62333503533, 'long': 75504.76013969867, 'buy': nan, 'sell': nan, 'buy_exit': nan, 'sell_exit': nan}
2025-04-23 10:40:11,434 INFO:Buy exit signal received
2025-04-23 10:40:11,434 INFO:Sell exit signal received
2025-04-23 10:40:11,434 INFO:Entering while loop with trade_count: 2
2025-04-23 10:40:11,563 INFO:Combined historical with live algo:                       timestamp    open    high     low     close  ...          long  buy  sell  buy_exit  sell_exit
0     2025-04-22 09:15:00+05:30  821.10  821.10  817.00    818.80  ...    818.800000  NaN   NaN       NaN        NaN
1     2025-04-22 09:16:00+05:30  818.75  818.75  814.60    814.60  ...    818.668750  NaN   NaN       NaN        NaN
2     2025-04-22 09:17:00+05:30  814.60  816.00  814.00    815.35  ...    818.565039  NaN   NaN       NaN        NaN
3     2025-04-22 09:18:00+05:30  815.30  816.00  814.75    815.50  ...    818.469257  NaN   NaN       NaN        NaN
4     2025-04-22 09:19:00+05:30  815.55  815.75  814.50    814.60  ...    818.348342  NaN   NaN       NaN        NaN
..                          ...     ...     ...     ...       ...  ...           ...  ...   ...       ...        ...
538  2025-04-23 10:40:11.003474     NaN     NaN     NaN  81690.00  ...  74886.672158  NaN   NaN       NaN        NaN
539  2025-04-23 10:40:11.003474     NaN     NaN     NaN  81690.00  ...  75099.276153  NaN   NaN       NaN        NaN
540  2025-04-23 10:40:11.003474     NaN     NaN     NaN  81690.00  ...  75305.236273  NaN   NaN       NaN        NaN
541  2025-04-23 10:40:11.003474     NaN     NaN     NaN  81690.00  ...  75504.760140  NaN   NaN       NaN        NaN
542  2025-04-23 10:40:11.003474     NaN     NaN     NaN  81690.00  ...  75698.048885  NaN   NaN       NaN        NaN

[543 rows x 13 columns]
2025-04-23 10:40:11,565 INFO:Final row: {'timestamp': Timestamp('2025-04-23 10:40:11.003474'), 'open': nan, 'high': nan, 'low': nan, 'close': 81690.0, 'volume': nan, 'short': 81689.42487309096, 'middle': 81652.3848500321, 'long': 75698.04888533309, 'buy': nan, 'sell': nan, 'buy_exit': nan, 'sell_exit': nan}
2025-04-23 10:40:11,565 INFO:Buy exit signal received
2025-04-23 10:40:11,565 INFO:Sell exit signal received
2025-04-23 10:40:11,565 INFO:Entering while loop with trade_count: 2
2025-04-23 10:40:11,634 INFO:Combined historical with live algo:                       timestamp    open    high     low     close  ...          long  buy  sell  buy_exit  sell_exit
0     2025-04-22 09:15:00+05:30  821.10  821.10  817.00    818.80  ...    818.800000  NaN   NaN       NaN        NaN
1     2025-04-22 09:16:00+05:30  818.75  818.75  814.60    814.60  ...    818.668750  NaN   NaN       NaN        NaN
2     2025-04-22 09:17:00+05:30  814.60  816.00  814.00    815.35  ...    818.565039  NaN   NaN       NaN        NaN
3     2025-04-22 09:18:00+05:30  815.30  816.00  814.75    815.50  ...    818.469257  NaN   NaN       NaN        NaN
4     2025-04-22 09:19:00+05:30  815.55  815.75  814.50    814.60  ...    818.348342  NaN   NaN       NaN        NaN
..                          ...     ...     ...     ...       ...  ...           ...  ...   ...       ...        ...
539  2025-04-23 10:40:11.003474     NaN     NaN     NaN  81690.00  ...  75099.276153  NaN   NaN       NaN        NaN
540  2025-04-23 10:40:11.003474     NaN     NaN     NaN  81690.00  ...  75305.236273  NaN   NaN       NaN        NaN
541  2025-04-23 10:40:11.003474     NaN     NaN     NaN  81690.00  ...  75504.760140  NaN   NaN       NaN        NaN
542  2025-04-23 10:40:11.003474     NaN     NaN     NaN  81690.00  ...  75698.048885  NaN   NaN       NaN        NaN
543  2025-04-23 10:40:11.003474     NaN     NaN     NaN  81690.00  ...  75885.297358  NaN   NaN       NaN        NaN

[544 rows x 13 columns]
2025-04-23 10:40:11,634 INFO:Final row: {'timestamp': Timestamp('2025-04-23 10:40:11.003474'), 'open': nan, 'high': nan, 'low': nan, 'close': 81690.0, 'volume': nan, 'short': 81689.61658206064, 'middle': 81655.80440912009, 'long': 75885.29735766644, 'buy': nan, 'sell': nan, 'buy_exit': nan, 'sell_exit': nan}
2025-04-23 10:40:11,634 INFO:Buy exit signal received
2025-04-23 10:40:11,634 INFO:Sell exit signal received
2025-04-23 10:40:11,637 INFO:Entering while loop with trade_count: 2
2025-04-23 10:40:11,699 INFO:Combined historical with live algo:                       timestamp    open    high     low     close  ...          long  buy  sell  buy_exit  sell_exit
0     2025-04-22 09:15:00+05:30  821.10  821.10  817.00    818.80  ...    818.800000  NaN   NaN       NaN        NaN
1     2025-04-22 09:16:00+05:30  818.75  818.75  814.60    814.60  ...    818.668750  NaN   NaN       NaN        NaN
2     2025-04-22 09:17:00+05:30  814.60  816.00  814.00    815.35  ...    818.565039  NaN   NaN       NaN        NaN
3     2025-04-22 09:18:00+05:30  815.30  816.00  814.75    815.50  ...    818.469257  NaN   NaN       NaN        NaN
4     2025-04-22 09:19:00+05:30  815.55  815.75  814.50    814.60  ...    818.348342  NaN   NaN       NaN        NaN
..                          ...     ...     ...     ...       ...  ...           ...  ...   ...       ...        ...
540  2025-04-23 10:40:11.003474     NaN     NaN     NaN  81690.00  ...  75305.236273  NaN   NaN       NaN        NaN
541  2025-04-23 10:40:11.003474     NaN     NaN     NaN  81690.00  ...  75504.760140  NaN   NaN       NaN        NaN
542  2025-04-23 10:40:11.003474     NaN     NaN     NaN  81690.00  ...  75698.048885  NaN   NaN       NaN        NaN
543  2025-04-23 10:40:11.003474     NaN     NaN     NaN  81690.00  ...  75885.297358  NaN   NaN       NaN        NaN
544  2025-04-23 10:40:11.587317     NaN     NaN     NaN  81690.00  ...  76066.694315  NaN   NaN       NaN        NaN

[545 rows x 13 columns]
2025-04-23 10:40:11,699 INFO:Final row: {'timestamp': Timestamp('2025-04-23 10:40:11.587317'), 'open': nan, 'high': nan, 'low': nan, 'close': 81690.0, 'volume': nan, 'short': 81689.74438804043, 'middle': 81658.91309920007, 'long': 76066.69431523937, 'buy': nan, 'sell': nan, 'buy_exit': nan, 'sell_exit': nan}
2025-04-23 10:40:11,699 INFO:Buy exit signal received
2025-04-23 10:40:11,699 INFO:Sell exit signal received
2025-04-23 10:40:11,699 INFO:Entering while loop with trade_count: 2
2025-04-23 10:40:11,766 INFO:Combined historical with live algo:                       timestamp    open    high     low     close  ...          long  buy  sell  buy_exit  sell_exit
0     2025-04-22 09:15:00+05:30  821.10  821.10  817.00    818.80  ...    818.800000  NaN   NaN       NaN        NaN
1     2025-04-22 09:16:00+05:30  818.75  818.75  814.60    814.60  ...    818.668750  NaN   NaN       NaN        NaN
2     2025-04-22 09:17:00+05:30  814.60  816.00  814.00    815.35  ...    818.565039  NaN   NaN       NaN        NaN
3     2025-04-22 09:18:00+05:30  815.30  816.00  814.75    815.50  ...    818.469257  NaN   NaN       NaN        NaN
4     2025-04-22 09:19:00+05:30  815.55  815.75  814.50    814.60  ...    818.348342  NaN   NaN       NaN        NaN
..                          ...     ...     ...     ...       ...  ...           ...  ...   ...       ...        ...
541  2025-04-23 10:40:11.003474     NaN     NaN     NaN  81690.00  ...  75504.760140  NaN   NaN       NaN        NaN
542  2025-04-23 10:40:11.003474     NaN     NaN     NaN  81690.00  ...  75698.048885  NaN   NaN       NaN        NaN
543  2025-04-23 10:40:11.003474     NaN     NaN     NaN  81690.00  ...  75885.297358  NaN   NaN       NaN        NaN
544  2025-04-23 10:40:11.587317     NaN     NaN     NaN  81690.00  ...  76066.694315  NaN   NaN       NaN        NaN
545  2025-04-23 10:40:11.587317     NaN     NaN     NaN  81690.00  ...  76242.422618  NaN   NaN       NaN        NaN

[546 rows x 13 columns]
2025-04-23 10:40:11,766 INFO:Final row: {'timestamp': Timestamp('2025-04-23 10:40:11.587317'), 'open': nan, 'high': nan, 'low': nan, 'close': 81690.0, 'volume': nan, 'short': 81689.82959202696, 'middle': 81661.73918109096, 'long': 76242.42261788814, 'buy': nan, 'sell': nan, 'buy_exit': nan, 'sell_exit': nan}
2025-04-23 10:40:11,766 INFO:Buy exit signal received
2025-04-23 10:40:11,766 INFO:Sell exit signal received
2025-04-23 10:40:11,766 INFO:Entering while loop with trade_count: 2
2025-04-23 10:40:11,815 INFO:Combined historical with live algo:                       timestamp    open    high     low     close  ...          long  buy  sell  buy_exit  sell_exit
0     2025-04-22 09:15:00+05:30  821.10  821.10  817.00    818.80  ...    818.800000  NaN   NaN       NaN        NaN
1     2025-04-22 09:16:00+05:30  818.75  818.75  814.60    814.60  ...    818.668750  NaN   NaN       NaN        NaN
2     2025-04-22 09:17:00+05:30  814.60  816.00  814.00    815.35  ...    818.565039  NaN   NaN       NaN        NaN
3     2025-04-22 09:18:00+05:30  815.30  816.00  814.75    815.50  ...    818.469257  NaN   NaN       NaN        NaN
4     2025-04-22 09:19:00+05:30  815.55  815.75  814.50    814.60  ...    818.348342  NaN   NaN       NaN        NaN
..                          ...     ...     ...     ...       ...  ...           ...  ...   ...       ...        ...
542  2025-04-23 10:40:11.003474     NaN     NaN     NaN  81690.00  ...  75698.048885  NaN   NaN       NaN        NaN
543  2025-04-23 10:40:11.003474     NaN     NaN     NaN  81690.00  ...  75885.297358  NaN   NaN       NaN        NaN
544  2025-04-23 10:40:11.587317     NaN     NaN     NaN  81690.00  ...  76066.694315  NaN   NaN       NaN        NaN
545  2025-04-23 10:40:11.587317     NaN     NaN     NaN  81690.00  ...  76242.422618  NaN   NaN       NaN        NaN
546  2025-04-23 10:40:11.587317     NaN     NaN     NaN  81690.00  ...  76412.659411  NaN   NaN       NaN        NaN

[547 rows x 13 columns]
2025-04-23 10:40:11,815 INFO:Final row: {'timestamp': Timestamp('2025-04-23 10:40:11.587317'), 'open': nan, 'high': nan, 'low': nan, 'close': 81690.0, 'volume': nan, 'short': 81689.88639468464, 'middle': 81664.30834644633, 'long': 76412.65941107913, 'buy': nan, 'sell': nan, 'buy_exit': nan, 'sell_exit': nan}
2025-04-23 10:40:11,815 INFO:Buy exit signal received
2025-04-23 10:40:11,815 INFO:Sell exit signal received
2025-04-23 10:40:11,815 INFO:Entering while loop with trade_count: 2
2025-04-23 10:40:11,883 INFO:Combined historical with live algo:                       timestamp    open    high     low     close  ...          long  buy  sell  buy_exit  sell_exit
0     2025-04-22 09:15:00+05:30  821.10  821.10  817.00    818.80  ...    818.800000  NaN   NaN       NaN        NaN
1     2025-04-22 09:16:00+05:30  818.75  818.75  814.60    814.60  ...    818.668750  NaN   NaN       NaN        NaN
2     2025-04-22 09:17:00+05:30  814.60  816.00  814.00    815.35  ...    818.565039  NaN   NaN       NaN        NaN
3     2025-04-22 09:18:00+05:30  815.30  816.00  814.75    815.50  ...    818.469257  NaN   NaN       NaN        NaN
4     2025-04-22 09:19:00+05:30  815.55  815.75  814.50    814.60  ...    818.348342  NaN   NaN       NaN        NaN
..                          ...     ...     ...     ...       ...  ...           ...  ...   ...       ...        ...
543  2025-04-23 10:40:11.003474     NaN     NaN     NaN  81690.00  ...  75885.297358  NaN   NaN       NaN        NaN
544  2025-04-23 10:40:11.587317     NaN     NaN     NaN  81690.00  ...  76066.694315  NaN   NaN       NaN        NaN
545  2025-04-23 10:40:11.587317     NaN     NaN     NaN  81690.00  ...  76242.422618  NaN   NaN       NaN        NaN
546  2025-04-23 10:40:11.587317     NaN     NaN     NaN  81690.00  ...  76412.659411  NaN   NaN       NaN        NaN
547  2025-04-23 10:40:11.587317     NaN     NaN     NaN  81690.00  ...  76577.576304  NaN   NaN       NaN        NaN

[548 rows x 13 columns]
2025-04-23 10:40:11,883 INFO:Final row: {'timestamp': Timestamp('2025-04-23 10:40:11.587317'), 'open': nan, 'high': nan, 'low': nan, 'close': 81690.0, 'volume': nan, 'short': 81689.9242631231, 'middle': 81666.64395131484, 'long': 76577.57630448291, 'buy': nan, 'sell': nan, 'buy_exit': nan, 'sell_exit': nan}
2025-04-23 10:40:11,883 INFO:Buy exit signal received
2025-04-23 10:40:11,883 INFO:Sell exit signal received
2025-04-23 10:40:11,883 INFO:Entering while loop with trade_count: 2
2025-04-23 10:40:11,947 INFO:Combined historical with live algo:                       timestamp    open    high     low     close  ...          long  buy  sell  buy_exit  sell_exit
0     2025-04-22 09:15:00+05:30  821.10  821.10  817.00    818.80  ...    818.800000  NaN   NaN       NaN        NaN
1     2025-04-22 09:16:00+05:30  818.75  818.75  814.60    814.60  ...    818.668750  NaN   NaN       NaN        NaN
2     2025-04-22 09:17:00+05:30  814.60  816.00  814.00    815.35  ...    818.565039  NaN   NaN       NaN        NaN
3     2025-04-22 09:18:00+05:30  815.30  816.00  814.75    815.50  ...    818.469257  NaN   NaN       NaN        NaN
4     2025-04-22 09:19:00+05:30  815.55  815.75  814.50    814.60  ...    818.348342  NaN   NaN       NaN        NaN
..                          ...     ...     ...     ...       ...  ...           ...  ...   ...       ...        ...
544  2025-04-23 10:40:11.587317     NaN     NaN     NaN  81690.00  ...  76066.694315  NaN   NaN       NaN        NaN
545  2025-04-23 10:40:11.587317     NaN     NaN     NaN  81690.00  ...  76242.422618  NaN   NaN       NaN        NaN
546  2025-04-23 10:40:11.587317     NaN     NaN     NaN  81690.00  ...  76412.659411  NaN   NaN       NaN        NaN
547  2025-04-23 10:40:11.587317     NaN     NaN     NaN  81690.00  ...  76577.576304  NaN   NaN       NaN        NaN
548  2025-04-23 10:40:11.587317     NaN     NaN     NaN  81690.00  ...  76737.339545  NaN   NaN       NaN        NaN

[549 rows x 13 columns]
2025-04-23 10:40:11,949 INFO:Final row: {'timestamp': Timestamp('2025-04-23 10:40:11.587317'), 'open': nan, 'high': nan, 'low': nan, 'close': 81690.0, 'volume': nan, 'short': 81689.94950874874, 'middle': 81668.76722846803, 'long': 76737.33954496782, 'buy': nan, 'sell': nan, 'buy_exit': nan, 'sell_exit': nan}
2025-04-23 10:40:11,949 INFO:Buy exit signal received
2025-04-23 10:40:11,949 INFO:Sell exit signal received
2025-04-23 10:40:11,949 INFO:Entering while loop with trade_count: 2
2025-04-23 10:40:11,998 INFO:Combined historical with live algo:                       timestamp    open    high     low     close  ...          long  buy  sell  buy_exit  sell_exit
0     2025-04-22 09:15:00+05:30  821.10  821.10  817.00    818.80  ...    818.800000  NaN   NaN       NaN        NaN
1     2025-04-22 09:16:00+05:30  818.75  818.75  814.60    814.60  ...    818.668750  NaN   NaN       NaN        NaN
2     2025-04-22 09:17:00+05:30  814.60  816.00  814.00    815.35  ...    818.565039  NaN   NaN       NaN        NaN
3     2025-04-22 09:18:00+05:30  815.30  816.00  814.75    815.50  ...    818.469257  NaN   NaN       NaN        NaN
4     2025-04-22 09:19:00+05:30  815.55  815.75  814.50    814.60  ...    818.348342  NaN   NaN       NaN        NaN
..                          ...     ...     ...     ...       ...  ...           ...  ...   ...       ...        ...
545  2025-04-23 10:40:11.587317     NaN     NaN     NaN  81690.00  ...  76242.422618  NaN   NaN       NaN        NaN
546  2025-04-23 10:40:11.587317     NaN     NaN     NaN  81690.00  ...  76412.659411  NaN   NaN       NaN        NaN
547  2025-04-23 10:40:11.587317     NaN     NaN     NaN  81690.00  ...  76577.576304  NaN   NaN       NaN        NaN
548  2025-04-23 10:40:11.587317     NaN     NaN     NaN  81690.00  ...  76737.339545  NaN   NaN       NaN        NaN
549  2025-04-23 10:40:11.927943     NaN     NaN     NaN  81695.00  ...  76892.266434  NaN   NaN       NaN        NaN

[550 rows x 13 columns]
2025-04-23 10:40:11,998 INFO:Final row: {'timestamp': Timestamp('2025-04-23 10:40:11.927943'), 'open': nan, 'high': nan, 'low': nan, 'close': 81695.0, 'volume': nan, 'short': 81691.6330058325, 'middle': 81671.15202588002, 'long': 76892.26643418758, 'buy': nan, 'sell': nan, 'buy_exit': nan, 'sell_exit': nan}
2025-04-23 10:40:11,998 INFO:Buy exit signal received
2025-04-23 10:40:11,998 INFO:Sell exit signal received
2025-04-23 10:40:11,998 INFO:Entering while loop with trade_count: 2
2025-04-23 10:40:12,063 INFO:Combined historical with live algo:                       timestamp    open    high     low     close  ...          long  buy  sell  buy_exit  sell_exit
0     2025-04-22 09:15:00+05:30  821.10  821.10  817.00    818.80  ...    818.800000  NaN   NaN       NaN        NaN
1     2025-04-22 09:16:00+05:30  818.75  818.75  814.60    814.60  ...    818.668750  NaN   NaN       NaN        NaN
2     2025-04-22 09:17:00+05:30  814.60  816.00  814.00    815.35  ...    818.565039  NaN   NaN       NaN        NaN
3     2025-04-22 09:18:00+05:30  815.30  816.00  814.75    815.50  ...    818.469257  NaN   NaN       NaN        NaN
4     2025-04-22 09:19:00+05:30  815.55  815.75  814.50    814.60  ...    818.348342  NaN   NaN       NaN        NaN
..                          ...     ...     ...     ...       ...  ...           ...  ...   ...       ...        ...
546  2025-04-23 10:40:11.587317     NaN     NaN     NaN  81690.00  ...  76412.659411  NaN   NaN       NaN        NaN
547  2025-04-23 10:40:11.587317     NaN     NaN     NaN  81690.00  ...  76577.576304  NaN   NaN       NaN        NaN
548  2025-04-23 10:40:11.587317     NaN     NaN     NaN  81690.00  ...  76737.339545  NaN   NaN       NaN        NaN
549  2025-04-23 10:40:11.927943     NaN     NaN     NaN  81695.00  ...  76892.266434  NaN   NaN       NaN        NaN
550  2025-04-23 10:40:11.927943     NaN     NaN     NaN  81695.00  ...  77042.351858  NaN   NaN       NaN        NaN

[551 rows x 13 columns]
2025-04-23 10:40:12,066 INFO:Final row: {'timestamp': Timestamp('2025-04-23 10:40:11.927943'), 'open': nan, 'high': nan, 'low': nan, 'close': 81695.0, 'volume': nan, 'short': 81692.75533722166, 'middle': 81673.32002352728, 'long': 77042.35185811922, 'buy': nan, 'sell': nan, 'buy_exit': nan, 'sell_exit': nan}
2025-04-23 10:40:12,066 INFO:Buy exit signal received
2025-04-23 10:40:12,066 INFO:Sell exit signal received
2025-04-23 10:40:12,066 INFO:Entering while loop with trade_count: 2
2025-04-23 10:40:12,116 INFO:Combined historical with live algo:                       timestamp    open    high     low     close  ...          long  buy  sell  buy_exit  sell_exit
0     2025-04-22 09:15:00+05:30  821.10  821.10  817.00    818.80  ...    818.800000  NaN   NaN       NaN        NaN
1     2025-04-22 09:16:00+05:30  818.75  818.75  814.60    814.60  ...    818.668750  NaN   NaN       NaN        NaN
2     2025-04-22 09:17:00+05:30  814.60  816.00  814.00    815.35  ...    818.565039  NaN   NaN       NaN        NaN
3     2025-04-22 09:18:00+05:30  815.30  816.00  814.75    815.50  ...    818.469257  NaN   NaN       NaN        NaN
4     2025-04-22 09:19:00+05:30  815.55  815.75  814.50    814.60  ...    818.348342  NaN   NaN       NaN        NaN
..                          ...     ...     ...     ...       ...  ...           ...  ...   ...       ...        ...
547  2025-04-23 10:40:11.587317     NaN     NaN     NaN  81690.00  ...  76577.576304  NaN   NaN       NaN        NaN
548  2025-04-23 10:40:11.587317     NaN     NaN     NaN  81690.00  ...  76737.339545  NaN   NaN       NaN        NaN
549  2025-04-23 10:40:11.927943     NaN     NaN     NaN  81695.00  ...  76892.266434  NaN   NaN       NaN        NaN
550  2025-04-23 10:40:11.927943     NaN     NaN     NaN  81695.00  ...  77042.351858  NaN   NaN       NaN        NaN
551  2025-04-23 10:40:11.927943     NaN     NaN     NaN  81695.00  ...  77187.747113  NaN   NaN       NaN        NaN

[552 rows x 13 columns]
2025-04-23 10:40:12,116 INFO:Final row: {'timestamp': Timestamp('2025-04-23 10:40:11.927943'), 'open': nan, 'high': nan, 'low': nan, 'close': 81695.0, 'volume': nan, 'short': 81693.50355814779, 'middle': 81675.29093047934, 'long': 77187.747112553, 'buy': nan, 'sell': nan, 'buy_exit': nan, 'sell_exit': nan}
2025-04-23 10:40:12,116 INFO:Buy exit signal received
2025-04-23 10:40:12,116 INFO:Sell exit signal received
2025-04-23 10:40:12,116 INFO:Entering while loop with trade_count: 2
2025-04-23 10:40:12,175 INFO:Combined historical with live algo:                       timestamp    open    high     low     close  ...          long  buy  sell  buy_exit  sell_exit
0     2025-04-22 09:15:00+05:30  821.10  821.10  817.00    818.80  ...    818.800000  NaN   NaN       NaN        NaN
1     2025-04-22 09:16:00+05:30  818.75  818.75  814.60    814.60  ...    818.668750  NaN   NaN       NaN        NaN
2     2025-04-22 09:17:00+05:30  814.60  816.00  814.00    815.35  ...    818.565039  NaN   NaN       NaN        NaN
3     2025-04-22 09:18:00+05:30  815.30  816.00  814.75    815.50  ...    818.469257  NaN   NaN       NaN        NaN
4     2025-04-22 09:19:00+05:30  815.55  815.75  814.50    814.60  ...    818.348342  NaN   NaN       NaN        NaN
..                          ...     ...     ...     ...       ...  ...           ...  ...   ...       ...        ...
548  2025-04-23 10:40:11.587317     NaN     NaN     NaN  81690.00  ...  76737.339545  NaN   NaN       NaN        NaN
549  2025-04-23 10:40:11.927943     NaN     NaN     NaN  81695.00  ...  76892.266434  NaN   NaN       NaN        NaN
550  2025-04-23 10:40:11.927943     NaN     NaN     NaN  81695.00  ...  77042.351858  NaN   NaN       NaN        NaN
551  2025-04-23 10:40:11.927943     NaN     NaN     NaN  81695.00  ...  77187.747113  NaN   NaN       NaN        NaN
552  2025-04-23 10:40:11.927943     NaN     NaN     NaN  81695.00  ...  77328.598765  NaN   NaN       NaN        NaN

[553 rows x 13 columns]
2025-04-23 10:40:12,175 INFO:Final row: {'timestamp': Timestamp('2025-04-23 10:40:11.927943'), 'open': nan, 'high': nan, 'low': nan, 'close': 81695.0, 'volume': nan, 'short': 81694.00237209853, 'middle': 81677.08266407212, 'long': 77328.59876528571, 'buy': nan, 'sell': nan, 'buy_exit': nan, 'sell_exit': nan}
2025-04-23 10:40:12,175 INFO:Buy exit signal received
2025-04-23 10:40:12,175 INFO:Sell exit signal received
2025-04-23 10:40:12,175 INFO:Entering while loop with trade_count: 2
2025-04-23 10:40:12,231 INFO:Combined historical with live algo:                       timestamp    open    high     low     close  ...          long  buy  sell  buy_exit  sell_exit
0     2025-04-22 09:15:00+05:30  821.10  821.10  817.00    818.80  ...    818.800000  NaN   NaN       NaN        NaN
1     2025-04-22 09:16:00+05:30  818.75  818.75  814.60    814.60  ...    818.668750  NaN   NaN       NaN        NaN
2     2025-04-22 09:17:00+05:30  814.60  816.00  814.00    815.35  ...    818.565039  NaN   NaN       NaN        NaN
3     2025-04-22 09:18:00+05:30  815.30  816.00  814.75    815.50  ...    818.469257  NaN   NaN       NaN        NaN
4     2025-04-22 09:19:00+05:30  815.55  815.75  814.50    814.60  ...    818.348342  NaN   NaN       NaN        NaN
..                          ...     ...     ...     ...       ...  ...           ...  ...   ...       ...        ...
549  2025-04-23 10:40:11.927943     NaN     NaN     NaN  81695.00  ...  76892.266434  NaN   NaN       NaN        NaN
550  2025-04-23 10:40:11.927943     NaN     NaN     NaN  81695.00  ...  77042.351858  NaN   NaN       NaN        NaN
551  2025-04-23 10:40:11.927943     NaN     NaN     NaN  81695.00  ...  77187.747113  NaN   NaN       NaN        NaN
552  2025-04-23 10:40:11.927943     NaN     NaN     NaN  81695.00  ...  77328.598765  NaN   NaN       NaN        NaN
553  2025-04-23 10:40:11.927943     NaN     NaN     NaN  81695.00  ...  77465.048804  NaN   NaN       NaN        NaN

[554 rows x 13 columns]
2025-04-23 10:40:12,231 INFO:Final row: {'timestamp': Timestamp('2025-04-23 10:40:11.927943'), 'open': nan, 'high': nan, 'low': nan, 'close': 81695.0, 'volume': nan, 'short': 81694.33491473236, 'middle': 81678.71151279283, 'long': 77465.04880387054, 'buy': nan, 'sell': nan, 'buy_exit': nan, 'sell_exit': nan}
2025-04-23 10:40:12,231 INFO:Buy exit signal received
2025-04-23 10:40:12,231 INFO:Sell exit signal received
2025-04-23 10:40:12,231 INFO:Entering while loop with trade_count: 2
2025-04-23 10:40:12,301 INFO:Combined historical with live algo:                       timestamp    open    high     low     close  ...          long  buy  sell  buy_exit  sell_exit
0     2025-04-22 09:15:00+05:30  821.10  821.10  817.00    818.80  ...    818.800000  NaN   NaN       NaN        NaN
1     2025-04-22 09:16:00+05:30  818.75  818.75  814.60    814.60  ...    818.668750  NaN   NaN       NaN        NaN
2     2025-04-22 09:17:00+05:30  814.60  816.00  814.00    815.35  ...    818.565039  NaN   NaN       NaN        NaN
3     2025-04-22 09:18:00+05:30  815.30  816.00  814.75    815.50  ...    818.469257  NaN   NaN       NaN        NaN
4     2025-04-22 09:19:00+05:30  815.55  815.75  814.50    814.60  ...    818.348342  NaN   NaN       NaN        NaN
..                          ...     ...     ...     ...       ...  ...           ...  ...   ...       ...        ...
550  2025-04-23 10:40:11.927943     NaN     NaN     NaN  81695.00  ...  77042.351858  NaN   NaN       NaN        NaN
551  2025-04-23 10:40:11.927943     NaN     NaN     NaN  81695.00  ...  77187.747113  NaN   NaN       NaN        NaN
552  2025-04-23 10:40:11.927943     NaN     NaN     NaN  81695.00  ...  77328.598765  NaN   NaN       NaN        NaN
553  2025-04-23 10:40:11.927943     NaN     NaN     NaN  81695.00  ...  77465.048804  NaN   NaN       NaN        NaN
554  2025-04-23 10:40:11.927943     NaN     NaN     NaN  81695.00  ...  77597.234779  NaN   NaN       NaN        NaN

[555 rows x 13 columns]
2025-04-23 10:40:12,301 INFO:Final row: {'timestamp': Timestamp('2025-04-23 10:40:11.927943'), 'open': nan, 'high': nan, 'low': nan, 'close': 81695.0, 'volume': nan, 'short': 81694.55660982158, 'middle': 81680.19228435711, 'long': 77597.23477874958, 'buy': nan, 'sell': nan, 'buy_exit': nan, 'sell_exit': nan}
2025-04-23 10:40:12,301 INFO:Buy exit signal received
2025-04-23 10:40:12,301 INFO:Sell exit signal received
2025-04-23 10:40:12,301 INFO:Entering while loop with trade_count: 2
2025-04-23 10:40:12,349 INFO:Combined historical with live algo:                       timestamp    open    high     low     close  ...          long  buy  sell  buy_exit  sell_exit
0     2025-04-22 09:15:00+05:30  821.10  821.10  817.00    818.80  ...    818.800000  NaN   NaN       NaN        NaN
1     2025-04-22 09:16:00+05:30  818.75  818.75  814.60    814.60  ...    818.668750  NaN   NaN       NaN        NaN
2     2025-04-22 09:17:00+05:30  814.60  816.00  814.00    815.35  ...    818.565039  NaN   NaN       NaN        NaN
3     2025-04-22 09:18:00+05:30  815.30  816.00  814.75    815.50  ...    818.469257  NaN   NaN       NaN        NaN
4     2025-04-22 09:19:00+05:30  815.55  815.75  814.50    814.60  ...    818.348342  NaN   NaN       NaN        NaN
..                          ...     ...     ...     ...       ...  ...           ...  ...   ...       ...        ...
551  2025-04-23 10:40:11.927943     NaN     NaN     NaN  81695.00  ...  77187.747113  NaN   NaN       NaN        NaN
552  2025-04-23 10:40:11.927943     NaN     NaN     NaN  81695.00  ...  77328.598765  NaN   NaN       NaN        NaN
553  2025-04-23 10:40:11.927943     NaN     NaN     NaN  81695.00  ...  77465.048804  NaN   NaN       NaN        NaN
554  2025-04-23 10:40:11.927943     NaN     NaN     NaN  81695.00  ...  77597.234779  NaN   NaN       NaN        NaN
555  2025-04-23 10:40:11.927943     NaN     NaN     NaN  81695.00  ...  77725.289942  NaN   NaN       NaN        NaN

[556 rows x 13 columns]
2025-04-23 10:40:12,349 INFO:Final row: {'timestamp': Timestamp('2025-04-23 10:40:11.927943'), 'open': nan, 'high': nan, 'low': nan, 'close': 81695.0, 'volume': nan, 'short': 81694.70440654772, 'middle': 81681.53844032464, 'long': 77725.28994191365, 'buy': nan, 'sell': nan, 'buy_exit': nan, 'sell_exit': nan}
2025-04-23 10:40:12,349 INFO:Buy exit signal received
2025-04-23 10:40:12,349 INFO:Sell exit signal received
2025-04-23 10:40:12,349 INFO:Entering while loop with trade_count: 2
2025-04-23 10:40:12,414 INFO:Combined historical with live algo:                       timestamp    open    high     low     close  ...          long  buy  sell  buy_exit  sell_exit
0     2025-04-22 09:15:00+05:30  821.10  821.10  817.00    818.80  ...    818.800000  NaN   NaN       NaN        NaN
1     2025-04-22 09:16:00+05:30  818.75  818.75  814.60    814.60  ...    818.668750  NaN   NaN       NaN        NaN
2     2025-04-22 09:17:00+05:30  814.60  816.00  814.00    815.35  ...    818.565039  NaN   NaN       NaN        NaN
3     2025-04-22 09:18:00+05:30  815.30  816.00  814.75    815.50  ...    818.469257  NaN   NaN       NaN        NaN
4     2025-04-22 09:19:00+05:30  815.55  815.75  814.50    814.60  ...    818.348342  NaN   NaN       NaN        NaN
..                          ...     ...     ...     ...       ...  ...           ...  ...   ...       ...        ...
552  2025-04-23 10:40:11.927943     NaN     NaN     NaN  81695.00  ...  77328.598765  NaN   NaN       NaN        NaN
553  2025-04-23 10:40:11.927943     NaN     NaN     NaN  81695.00  ...  77465.048804  NaN   NaN       NaN        NaN
554  2025-04-23 10:40:11.927943     NaN     NaN     NaN  81695.00  ...  77597.234779  NaN   NaN       NaN        NaN
555  2025-04-23 10:40:11.927943     NaN     NaN     NaN  81695.00  ...  77725.289942  NaN   NaN       NaN        NaN
556  2025-04-23 10:40:11.927943     NaN     NaN     NaN  81695.00  ...  77849.343381  NaN   NaN       NaN        NaN

[557 rows x 13 columns]
2025-04-23 10:40:12,416 INFO:Final row: {'timestamp': Timestamp('2025-04-23 10:40:11.927943'), 'open': nan, 'high': nan, 'low': nan, 'close': 81695.0, 'volume': nan, 'short': 81694.80293769849, 'middle': 81682.76221847694, 'long': 77849.34338122886, 'buy': nan, 'sell': nan, 'buy_exit': nan, 'sell_exit': nan}
2025-04-23 10:40:12,416 INFO:Buy exit signal received
2025-04-23 10:40:12,416 INFO:Sell exit signal received
2025-04-23 10:40:12,416 INFO:Entering while loop with trade_count: 2
2025-04-23 10:40:12,470 INFO:Combined historical with live algo:                       timestamp    open    high     low     close  ...          long  buy  sell  buy_exit  sell_exit
0     2025-04-22 09:15:00+05:30  821.10  821.10  817.00    818.80  ...    818.800000  NaN   NaN       NaN        NaN
1     2025-04-22 09:16:00+05:30  818.75  818.75  814.60    814.60  ...    818.668750  NaN   NaN       NaN        NaN
2     2025-04-22 09:17:00+05:30  814.60  816.00  814.00    815.35  ...    818.565039  NaN   NaN       NaN        NaN
3     2025-04-22 09:18:00+05:30  815.30  816.00  814.75    815.50  ...    818.469257  NaN   NaN       NaN        NaN
4     2025-04-22 09:19:00+05:30  815.55  815.75  814.50    814.60  ...    818.348342  NaN   NaN       NaN        NaN
..                          ...     ...     ...     ...       ...  ...           ...  ...   ...       ...        ...
553  2025-04-23 10:40:11.927943     NaN     NaN     NaN  81695.00  ...  77465.048804  NaN   NaN       NaN        NaN
554  2025-04-23 10:40:11.927943     NaN     NaN     NaN  81695.00  ...  77597.234779  NaN   NaN       NaN        NaN
555  2025-04-23 10:40:11.927943     NaN     NaN     NaN  81695.00  ...  77725.289942  NaN   NaN       NaN        NaN
556  2025-04-23 10:40:11.927943     NaN     NaN     NaN  81695.00  ...  77849.343381  NaN   NaN       NaN        NaN
557  2025-04-23 10:40:11.927943     NaN     NaN     NaN  81695.00  ...  77969.520151  NaN   NaN       NaN        NaN

[558 rows x 13 columns]
2025-04-23 10:40:12,479 INFO:Final row: {'timestamp': Timestamp('2025-04-23 10:40:11.927943'), 'open': nan, 'high': nan, 'low': nan, 'close': 81695.0, 'volume': nan, 'short': 81694.86862513234, 'middle': 81683.87474406994, 'long': 77969.52015056545, 'buy': nan, 'sell': nan, 'buy_exit': nan, 'sell_exit': nan}
2025-04-23 10:40:12,479 INFO:Buy exit signal received
2025-04-23 10:40:12,480 INFO:Sell exit signal received
2025-04-23 10:40:12,480 INFO:Entering while loop with trade_count: 2
2025-04-23 10:40:12,537 INFO:Combined historical with live algo:                       timestamp    open    high     low     close  ...          long  buy  sell  buy_exit  sell_exit
0     2025-04-22 09:15:00+05:30  821.10  821.10  817.00    818.80  ...    818.800000  NaN   NaN       NaN        NaN
1     2025-04-22 09:16:00+05:30  818.75  818.75  814.60    814.60  ...    818.668750  NaN   NaN       NaN        NaN
2     2025-04-22 09:17:00+05:30  814.60  816.00  814.00    815.35  ...    818.565039  NaN   NaN       NaN        NaN
3     2025-04-22 09:18:00+05:30  815.30  816.00  814.75    815.50  ...    818.469257  NaN   NaN       NaN        NaN
4     2025-04-22 09:19:00+05:30  815.55  815.75  814.50    814.60  ...    818.348342  NaN   NaN       NaN        NaN
..                          ...     ...     ...     ...       ...  ...           ...  ...   ...       ...        ...
554  2025-04-23 10:40:11.927943     NaN     NaN     NaN  81695.00  ...  77597.234779  NaN   NaN       NaN        NaN
555  2025-04-23 10:40:11.927943     NaN     NaN     NaN  81695.00  ...  77725.289942  NaN   NaN       NaN        NaN
556  2025-04-23 10:40:11.927943     NaN     NaN     NaN  81695.00  ...  77849.343381  NaN   NaN       NaN        NaN
557  2025-04-23 10:40:11.927943     NaN     NaN     NaN  81695.00  ...  77969.520151  NaN   NaN       NaN        NaN
558  2025-04-23 10:40:11.927943     NaN     NaN     NaN  81695.00  ...  78085.941396  NaN   NaN       NaN        NaN

[559 rows x 13 columns]
2025-04-23 10:40:12,537 INFO:Final row: {'timestamp': Timestamp('2025-04-23 10:40:11.927943'), 'open': nan, 'high': nan, 'low': nan, 'close': 81695.0, 'volume': nan, 'short': 81694.9124167549, 'middle': 81684.88613097266, 'long': 78085.94139586028, 'buy': nan, 'sell': nan, 'buy_exit': nan, 'sell_exit': nan}
2025-04-23 10:40:12,537 INFO:Buy exit signal received
2025-04-23 10:40:12,537 INFO:Sell exit signal received
2025-04-23 10:40:12,537 INFO:Entering while loop with trade_count: 2
2025-04-23 10:40:12,616 INFO:Combined historical with live algo:                       timestamp    open    high     low     close  ...          long  buy  sell  buy_exit  sell_exit
0     2025-04-22 09:15:00+05:30  821.10  821.10  817.00    818.80  ...    818.800000  NaN   NaN       NaN        NaN
1     2025-04-22 09:16:00+05:30  818.75  818.75  814.60    814.60  ...    818.668750  NaN   NaN       NaN        NaN
2     2025-04-22 09:17:00+05:30  814.60  816.00  814.00    815.35  ...    818.565039  NaN   NaN       NaN        NaN
3     2025-04-22 09:18:00+05:30  815.30  816.00  814.75    815.50  ...    818.469257  NaN   NaN       NaN        NaN
4     2025-04-22 09:19:00+05:30  815.55  815.75  814.50    814.60  ...    818.348342  NaN   NaN       NaN        NaN
..                          ...     ...     ...     ...       ...  ...           ...  ...   ...       ...        ...
555  2025-04-23 10:40:11.927943     NaN     NaN     NaN  81695.00  ...  77725.289942  NaN   NaN       NaN        NaN
556  2025-04-23 10:40:11.927943     NaN     NaN     NaN  81695.00  ...  77849.343381  NaN   NaN       NaN        NaN
557  2025-04-23 10:40:11.927943     NaN     NaN     NaN  81695.00  ...  77969.520151  NaN   NaN       NaN        NaN
558  2025-04-23 10:40:11.927943     NaN     NaN     NaN  81695.00  ...  78085.941396  NaN   NaN       NaN        NaN
559  2025-04-23 10:40:11.927943     NaN     NaN     NaN  81695.00  ...  78198.724477  NaN   NaN       NaN        NaN

[560 rows x 13 columns]
2025-04-23 10:40:12,616 INFO:Final row: {'timestamp': Timestamp('2025-04-23 10:40:11.927943'), 'open': nan, 'high': nan, 'low': nan, 'close': 81695.0, 'volume': nan, 'short': 81694.94161116994, 'middle': 81685.8055736115, 'long': 78198.72447723965, 'buy': nan, 'sell': nan, 'buy_exit': nan, 'sell_exit': nan}
2025-04-23 10:40:12,616 INFO:Buy exit signal received
2025-04-23 10:40:12,616 INFO:Sell exit signal received
2025-04-23 10:40:12,616 INFO:Entering while loop with trade_count: 2
2025-04-23 10:40:12,692 INFO:Combined historical with live algo:                       timestamp    open    high     low     close  ...          long  buy  sell  buy_exit  sell_exit
0     2025-04-22 09:15:00+05:30  821.10  821.10  817.00    818.80  ...    818.800000  NaN   NaN       NaN        NaN
1     2025-04-22 09:16:00+05:30  818.75  818.75  814.60    814.60  ...    818.668750  NaN   NaN       NaN        NaN
2     2025-04-22 09:17:00+05:30  814.60  816.00  814.00    815.35  ...    818.565039  NaN   NaN       NaN        NaN
3     2025-04-22 09:18:00+05:30  815.30  816.00  814.75    815.50  ...    818.469257  NaN   NaN       NaN        NaN
4     2025-04-22 09:19:00+05:30  815.55  815.75  814.50    814.60  ...    818.348342  NaN   NaN       NaN        NaN
..                          ...     ...     ...     ...       ...  ...           ...  ...   ...       ...        ...
556  2025-04-23 10:40:11.927943     NaN     NaN     NaN  81695.00  ...  77849.343381  NaN   NaN       NaN        NaN
557  2025-04-23 10:40:11.927943     NaN     NaN     NaN  81695.00  ...  77969.520151  NaN   NaN       NaN        NaN
558  2025-04-23 10:40:11.927943     NaN     NaN     NaN  81695.00  ...  78085.941396  NaN   NaN       NaN        NaN
559  2025-04-23 10:40:11.927943     NaN     NaN     NaN  81695.00  ...  78198.724477  NaN   NaN       NaN        NaN
560  2025-04-23 10:40:11.927943     NaN     NaN     NaN  81695.00  ...  78307.983087  NaN   NaN       NaN        NaN

[561 rows x 13 columns]
2025-04-23 10:40:12,692 INFO:Final row: {'timestamp': Timestamp('2025-04-23 10:40:11.927943'), 'open': nan, 'high': nan, 'low': nan, 'close': 81695.0, 'volume': nan, 'short': 81694.9610741133, 'middle': 81686.6414305559, 'long': 78307.9830873259, 'buy': nan, 'sell': nan, 'buy_exit': nan, 'sell_exit': nan}
2025-04-23 10:40:12,697 INFO:Buy exit signal received
2025-04-23 10:40:12,697 INFO:Sell exit signal received
2025-04-23 10:40:12,697 INFO:Entering while loop with trade_count: 2
2025-04-23 10:40:12,765 INFO:Combined historical with live algo:                       timestamp    open    high     low     close  ...          long  buy  sell  buy_exit  sell_exit
0     2025-04-22 09:15:00+05:30  821.10  821.10  817.00    818.80  ...    818.800000  NaN   NaN       NaN        NaN
1     2025-04-22 09:16:00+05:30  818.75  818.75  814.60    814.60  ...    818.668750  NaN   NaN       NaN        NaN
2     2025-04-22 09:17:00+05:30  814.60  816.00  814.00    815.35  ...    818.565039  NaN   NaN       NaN        NaN
3     2025-04-22 09:18:00+05:30  815.30  816.00  814.75    815.50  ...    818.469257  NaN   NaN       NaN        NaN
4     2025-04-22 09:19:00+05:30  815.55  815.75  814.50    814.60  ...    818.348342  NaN   NaN       NaN        NaN
..                          ...     ...     ...     ...       ...  ...           ...  ...   ...       ...        ...
557  2025-04-23 10:40:11.927943     NaN     NaN     NaN  81695.00  ...  77969.520151  NaN   NaN       NaN        NaN
558  2025-04-23 10:40:11.927943     NaN     NaN     NaN  81695.00  ...  78085.941396  NaN   NaN       NaN        NaN
559  2025-04-23 10:40:11.927943     NaN     NaN     NaN  81695.00  ...  78198.724477  NaN   NaN       NaN        NaN
560  2025-04-23 10:40:11.927943     NaN     NaN     NaN  81695.00  ...  78307.983087  NaN   NaN       NaN        NaN
561  2025-04-23 10:40:11.927943     NaN     NaN     NaN  81695.00  ...  78413.827366  NaN   NaN       NaN        NaN

[562 rows x 13 columns]
2025-04-23 10:40:12,765 INFO:Final row: {'timestamp': Timestamp('2025-04-23 10:40:11.927943'), 'open': nan, 'high': nan, 'low': nan, 'close': 81695.0, 'volume': nan, 'short': 81694.97404940886, 'middle': 81687.40130050536, 'long': 78413.82736584697, 'buy': nan, 'sell': nan, 'buy_exit': nan, 'sell_exit': nan}
2025-04-23 10:40:12,765 INFO:Buy exit signal received
2025-04-23 10:40:12,765 INFO:Sell exit signal received
2025-04-23 10:40:12,765 INFO:Entering while loop with trade_count: 2
2025-04-23 10:40:12,848 INFO:Combined historical with live algo:                       timestamp    open    high     low     close  ...          long  buy  sell  buy_exit  sell_exit
0     2025-04-22 09:15:00+05:30  821.10  821.10  817.00    818.80  ...    818.800000  NaN   NaN       NaN        NaN
1     2025-04-22 09:16:00+05:30  818.75  818.75  814.60    814.60  ...    818.668750  NaN   NaN       NaN        NaN
2     2025-04-22 09:17:00+05:30  814.60  816.00  814.00    815.35  ...    818.565039  NaN   NaN       NaN        NaN
3     2025-04-22 09:18:00+05:30  815.30  816.00  814.75    815.50  ...    818.469257  NaN   NaN       NaN        NaN
4     2025-04-22 09:19:00+05:30  815.55  815.75  814.50    814.60  ...    818.348342  NaN   NaN       NaN        NaN
..                          ...     ...     ...     ...       ...  ...           ...  ...   ...       ...        ...
558  2025-04-23 10:40:11.927943     NaN     NaN     NaN  81695.00  ...  78085.941396  NaN   NaN       NaN        NaN
559  2025-04-23 10:40:11.927943     NaN     NaN     NaN  81695.00  ...  78198.724477  NaN   NaN       NaN        NaN
560  2025-04-23 10:40:11.927943     NaN     NaN     NaN  81695.00  ...  78307.983087  NaN   NaN       NaN        NaN
561  2025-04-23 10:40:11.927943     NaN     NaN     NaN  81695.00  ...  78413.827366  NaN   NaN       NaN        NaN
562  2025-04-23 10:40:12.753580     NaN     NaN     NaN  81710.00  ...  78516.832761  NaN   NaN       NaN        NaN

[563 rows x 13 columns]
2025-04-23 10:40:12,848 INFO:Final row: {'timestamp': Timestamp('2025-04-23 10:40:12.753580'), 'open': nan, 'high': nan, 'low': nan, 'close': 81710.0, 'volume': nan, 'short': 81699.98269960591, 'middle': 81689.45572773214, 'long': 78516.83276066426, 'buy': nan, 'sell': nan, 'buy_exit': nan, 'sell_exit': nan}
2025-04-23 10:40:12,848 INFO:Buy exit signal received
2025-04-23 10:40:12,848 INFO:Sell exit signal received
2025-04-23 10:40:12,848 INFO:Entering while loop with trade_count: 2
2025-04-23 10:40:12,931 INFO:Combined historical with live algo:                       timestamp    open    high     low     close  ...          long  buy  sell  buy_exit  sell_exit
0     2025-04-22 09:15:00+05:30  821.10  821.10  817.00    818.80  ...    818.800000  NaN   NaN       NaN        NaN
1     2025-04-22 09:16:00+05:30  818.75  818.75  814.60    814.60  ...    818.668750  NaN   NaN       NaN        NaN
2     2025-04-22 09:17:00+05:30  814.60  816.00  814.00    815.35  ...    818.565039  NaN   NaN       NaN        NaN
3     2025-04-22 09:18:00+05:30  815.30  816.00  814.75    815.50  ...    818.469257  NaN   NaN       NaN        NaN
4     2025-04-22 09:19:00+05:30  815.55  815.75  814.50    814.60  ...    818.348342  NaN   NaN       NaN        NaN
..                          ...     ...     ...     ...       ...  ...           ...  ...   ...       ...        ...
559  2025-04-23 10:40:11.927943     NaN     NaN     NaN  81695.00  ...  78198.724477  NaN   NaN       NaN        NaN
560  2025-04-23 10:40:11.927943     NaN     NaN     NaN  81695.00  ...  78307.983087  NaN   NaN       NaN        NaN
561  2025-04-23 10:40:11.927943     NaN     NaN     NaN  81695.00  ...  78413.827366  NaN   NaN       NaN        NaN
562  2025-04-23 10:40:12.753580     NaN     NaN     NaN  81710.00  ...  78516.832761  NaN   NaN       NaN        NaN
563  2025-04-23 10:40:12.753580     NaN     NaN     NaN  81710.00  ...  78616.619237  NaN   NaN       NaN        NaN

[564 rows x 13 columns]
2025-04-23 10:40:12,931 INFO:Final row: {'timestamp': Timestamp('2025-04-23 10:40:12.753580'), 'open': nan, 'high': nan, 'low': nan, 'close': 81710.0, 'volume': nan, 'short': 81703.32179973728, 'middle': 81691.3233888474, 'long': 78616.6192368935, 'buy': nan, 'sell': nan, 'buy_exit': nan, 'sell_exit': nan}
2025-04-23 10:40:12,931 INFO:Buy exit signal received
2025-04-23 10:40:12,931 INFO:Sell exit signal received
2025-04-23 10:40:12,931 INFO:Entering while loop with trade_count: 2
2025-04-23 10:40:13,048 INFO:Combined historical with live algo:                       timestamp    open    high     low     close  ...          long  buy  sell  buy_exit  sell_exit
0     2025-04-22 09:15:00+05:30  821.10  821.10  817.00    818.80  ...    818.800000  NaN   NaN       NaN        NaN
1     2025-04-22 09:16:00+05:30  818.75  818.75  814.60    814.60  ...    818.668750  NaN   NaN       NaN        NaN
2     2025-04-22 09:17:00+05:30  814.60  816.00  814.00    815.35  ...    818.565039  NaN   NaN       NaN        NaN
3     2025-04-22 09:18:00+05:30  815.30  816.00  814.75    815.50  ...    818.469257  NaN   NaN       NaN        NaN
4     2025-04-22 09:19:00+05:30  815.55  815.75  814.50    814.60  ...    818.348342  NaN   NaN       NaN        NaN
..                          ...     ...     ...     ...       ...  ...           ...  ...   ...       ...        ...
560  2025-04-23 10:40:11.927943     NaN     NaN     NaN  81695.00  ...  78307.983087  NaN   NaN       NaN        NaN
561  2025-04-23 10:40:11.927943     NaN     NaN     NaN  81695.00  ...  78413.827366  NaN   NaN       NaN        NaN
562  2025-04-23 10:40:12.753580     NaN     NaN     NaN  81710.00  ...  78516.832761  NaN   NaN       NaN        NaN
563  2025-04-23 10:40:12.753580     NaN     NaN     NaN  81710.00  ...  78616.619237  NaN   NaN       NaN        NaN
564  2025-04-23 10:40:12.753580     NaN     NaN     NaN  81710.00  ...  78713.287386  NaN   NaN       NaN        NaN

[565 rows x 13 columns]
2025-04-23 10:40:13,048 INFO:Final row: {'timestamp': Timestamp('2025-04-23 10:40:12.753580'), 'open': nan, 'high': nan, 'low': nan, 'close': 81710.0, 'volume': nan, 'short': 81705.54786649153, 'middle': 81693.02126258855, 'long': 78713.28738574058, 'buy': nan, 'sell': nan, 'buy_exit': nan, 'sell_exit': nan}
2025-04-23 10:40:13,048 INFO:Buy exit signal received
2025-04-23 10:40:13,048 INFO:Sell exit signal received
2025-04-23 10:40:13,048 INFO:Entering while loop with trade_count: 2
2025-04-23 10:40:13,131 INFO:Combined historical with live algo:                       timestamp    open    high     low     close  ...          long  buy  sell  buy_exit  sell_exit
0     2025-04-22 09:15:00+05:30  821.10  821.10  817.00    818.80  ...    818.800000  NaN   NaN       NaN        NaN
1     2025-04-22 09:16:00+05:30  818.75  818.75  814.60    814.60  ...    818.668750  NaN   NaN       NaN        NaN
2     2025-04-22 09:17:00+05:30  814.60  816.00  814.00    815.35  ...    818.565039  NaN   NaN       NaN        NaN
3     2025-04-22 09:18:00+05:30  815.30  816.00  814.75    815.50  ...    818.469257  NaN   NaN       NaN        NaN
4     2025-04-22 09:19:00+05:30  815.55  815.75  814.50    814.60  ...    818.348342  NaN   NaN       NaN        NaN
..                          ...     ...     ...     ...       ...  ...           ...  ...   ...       ...        ...
561  2025-04-23 10:40:11.927943     NaN     NaN     NaN  81695.00  ...  78413.827366  NaN   NaN       NaN        NaN
562  2025-04-23 10:40:12.753580     NaN     NaN     NaN  81710.00  ...  78516.832761  NaN   NaN       NaN        NaN
563  2025-04-23 10:40:12.753580     NaN     NaN     NaN  81710.00  ...  78616.619237  NaN   NaN       NaN        NaN
564  2025-04-23 10:40:12.753580     NaN     NaN     NaN  81710.00  ...  78713.287386  NaN   NaN       NaN        NaN
565  2025-04-23 10:40:12.954091     NaN     NaN     NaN  81710.00  ...  78806.934655  NaN   NaN       NaN        NaN

[566 rows x 13 columns]
2025-04-23 10:40:13,131 INFO:Final row: {'timestamp': Timestamp('2025-04-23 10:40:12.954091'), 'open': nan, 'high': nan, 'low': nan, 'close': 81710.0, 'volume': nan, 'short': 81707.03191099435, 'middle': 81694.56478417141, 'long': 78806.93465493618, 'buy': nan, 'sell': nan, 'buy_exit': nan, 'sell_exit': nan}
2025-04-23 10:40:13,131 INFO:Buy exit signal received
2025-04-23 10:40:13,131 INFO:Sell exit signal received
2025-04-23 10:40:13,131 INFO:Entering while loop with trade_count: 2
2025-04-23 10:40:13,222 INFO:Combined historical with live algo:                       timestamp    open    high     low     close  ...          long  buy  sell  buy_exit  sell_exit
0     2025-04-22 09:15:00+05:30  821.10  821.10  817.00    818.80  ...    818.800000  NaN   NaN       NaN        NaN
1     2025-04-22 09:16:00+05:30  818.75  818.75  814.60    814.60  ...    818.668750  NaN   NaN       NaN        NaN
2     2025-04-22 09:17:00+05:30  814.60  816.00  814.00    815.35  ...    818.565039  NaN   NaN       NaN        NaN
3     2025-04-22 09:18:00+05:30  815.30  816.00  814.75    815.50  ...    818.469257  NaN   NaN       NaN        NaN
4     2025-04-22 09:19:00+05:30  815.55  815.75  814.50    814.60  ...    818.348342  NaN   NaN       NaN        NaN
..                          ...     ...     ...     ...       ...  ...           ...  ...   ...       ...        ...
562  2025-04-23 10:40:12.753580     NaN     NaN     NaN  81710.00  ...  78516.832761  NaN   NaN       NaN        NaN
563  2025-04-23 10:40:12.753580     NaN     NaN     NaN  81710.00  ...  78616.619237  NaN   NaN       NaN        NaN
564  2025-04-23 10:40:12.753580     NaN     NaN     NaN  81710.00  ...  78713.287386  NaN   NaN       NaN        NaN
565  2025-04-23 10:40:12.954091     NaN     NaN     NaN  81710.00  ...  78806.934655  NaN   NaN       NaN        NaN
566  2025-04-23 10:40:12.954091     NaN     NaN     NaN  81710.00  ...  78897.655447  NaN   NaN       NaN        NaN

[567 rows x 13 columns]
2025-04-23 10:40:13,223 INFO:Final row: {'timestamp': Timestamp('2025-04-23 10:40:12.954091'), 'open': nan, 'high': nan, 'low': nan, 'close': 81710.0, 'volume': nan, 'short': 81708.02127399624, 'middle': 81695.96798561038, 'long': 78897.65544696942, 'buy': nan, 'sell': nan, 'buy_exit': nan, 'sell_exit': nan}
2025-04-23 10:40:13,223 INFO:Buy exit signal received
2025-04-23 10:40:13,223 INFO:Sell exit signal received
2025-04-23 10:40:13,223 INFO:Entering while loop with trade_count: 2
2025-04-23 10:40:13,297 INFO:Combined historical with live algo:                       timestamp    open    high     low     close  ...          long  buy  sell  buy_exit  sell_exit
0     2025-04-22 09:15:00+05:30  821.10  821.10  817.00    818.80  ...    818.800000  NaN   NaN       NaN        NaN
1     2025-04-22 09:16:00+05:30  818.75  818.75  814.60    814.60  ...    818.668750  NaN   NaN       NaN        NaN
2     2025-04-22 09:17:00+05:30  814.60  816.00  814.00    815.35  ...    818.565039  NaN   NaN       NaN        NaN
3     2025-04-22 09:18:00+05:30  815.30  816.00  814.75    815.50  ...    818.469257  NaN   NaN       NaN        NaN
4     2025-04-22 09:19:00+05:30  815.55  815.75  814.50    814.60  ...    818.348342  NaN   NaN       NaN        NaN
..                          ...     ...     ...     ...       ...  ...           ...  ...   ...       ...        ...
563  2025-04-23 10:40:12.753580     NaN     NaN     NaN  81710.00  ...  78616.619237  NaN   NaN       NaN        NaN
564  2025-04-23 10:40:12.753580     NaN     NaN     NaN  81710.00  ...  78713.287386  NaN   NaN       NaN        NaN
565  2025-04-23 10:40:12.954091     NaN     NaN     NaN  81710.00  ...  78806.934655  NaN   NaN       NaN        NaN
566  2025-04-23 10:40:12.954091     NaN     NaN     NaN  81710.00  ...  78897.655447  NaN   NaN       NaN        NaN
567  2025-04-23 10:40:12.954091     NaN     NaN     NaN  81710.00  ...  78985.541214  NaN   NaN       NaN        NaN

[568 rows x 13 columns]
2025-04-23 10:40:13,297 INFO:Final row: {'timestamp': Timestamp('2025-04-23 10:40:12.954091'), 'open': nan, 'high': nan, 'low': nan, 'close': 81710.0, 'volume': nan, 'short': 81708.68084933083, 'middle': 81697.24362328216, 'long': 78985.54121425163, 'buy': nan, 'sell': nan, 'buy_exit': nan, 'sell_exit': nan}
2025-04-23 10:40:13,297 INFO:Buy exit signal received
2025-04-23 10:40:13,297 INFO:Sell exit signal received
2025-04-23 10:40:13,297 INFO:Entering while loop with trade_count: 2
2025-04-23 10:40:13,424 INFO:Combined historical with live algo:                       timestamp    open    high     low     close  ...          long  buy  sell  buy_exit  sell_exit
0     2025-04-22 09:15:00+05:30  821.10  821.10  817.00    818.80  ...    818.800000  NaN   NaN       NaN        NaN
1     2025-04-22 09:16:00+05:30  818.75  818.75  814.60    814.60  ...    818.668750  NaN   NaN       NaN        NaN
2     2025-04-22 09:17:00+05:30  814.60  816.00  814.00    815.35  ...    818.565039  NaN   NaN       NaN        NaN
3     2025-04-22 09:18:00+05:30  815.30  816.00  814.75    815.50  ...    818.469257  NaN   NaN       NaN        NaN
4     2025-04-22 09:19:00+05:30  815.55  815.75  814.50    814.60  ...    818.348342  NaN   NaN       NaN        NaN
..                          ...     ...     ...     ...       ...  ...           ...  ...   ...       ...        ...
564  2025-04-23 10:40:12.753580     NaN     NaN     NaN  81710.00  ...  78713.287386  NaN   NaN       NaN        NaN
565  2025-04-23 10:40:12.954091     NaN     NaN     NaN  81710.00  ...  78806.934655  NaN   NaN       NaN        NaN
566  2025-04-23 10:40:12.954091     NaN     NaN     NaN  81710.00  ...  78897.655447  NaN   NaN       NaN        NaN
567  2025-04-23 10:40:12.954091     NaN     NaN     NaN  81710.00  ...  78985.541214  NaN   NaN       NaN        NaN
568  2025-04-23 10:40:12.954091     NaN     NaN     NaN  81710.00  ...  79070.680551  NaN   NaN       NaN        NaN

[569 rows x 13 columns]
2025-04-23 10:40:13,424 INFO:Final row: {'timestamp': Timestamp('2025-04-23 10:40:12.954091'), 'open': nan, 'high': nan, 'low': nan, 'close': 81710.0, 'volume': nan, 'short': 81709.12056622056, 'middle': 81698.40329389287, 'long': 79070.68055130627, 'buy': nan, 'sell': nan, 'buy_exit': nan, 'sell_exit': nan}
2025-04-23 10:40:13,424 INFO:Buy exit signal received
2025-04-23 10:40:13,424 INFO:Sell exit signal received
2025-04-23 10:40:13,424 INFO:Entering while loop with trade_count: 2
2025-04-23 10:40:13,568 INFO:Combined historical with live algo:                       timestamp    open    high     low     close  ...          long  buy  sell  buy_exit  sell_exit
0     2025-04-22 09:15:00+05:30  821.10  821.10  817.00    818.80  ...    818.800000  NaN   NaN       NaN        NaN
1     2025-04-22 09:16:00+05:30  818.75  818.75  814.60    814.60  ...    818.668750  NaN   NaN       NaN        NaN
2     2025-04-22 09:17:00+05:30  814.60  816.00  814.00    815.35  ...    818.565039  NaN   NaN       NaN        NaN
3     2025-04-22 09:18:00+05:30  815.30  816.00  814.75    815.50  ...    818.469257  NaN   NaN       NaN        NaN
4     2025-04-22 09:19:00+05:30  815.55  815.75  814.50    814.60  ...    818.348342  NaN   NaN       NaN        NaN
..                          ...     ...     ...     ...       ...  ...           ...  ...   ...       ...        ...
565  2025-04-23 10:40:12.954091     NaN     NaN     NaN  81710.00  ...  78806.934655  NaN   NaN       NaN        NaN
566  2025-04-23 10:40:12.954091     NaN     NaN     NaN  81710.00  ...  78897.655447  NaN   NaN       NaN        NaN
567  2025-04-23 10:40:12.954091     NaN     NaN     NaN  81710.00  ...  78985.541214  NaN   NaN       NaN        NaN
568  2025-04-23 10:40:12.954091     NaN     NaN     NaN  81710.00  ...  79070.680551  NaN   NaN       NaN        NaN
569  2025-04-23 10:40:12.954091     NaN     NaN     NaN  81710.00  ...  79153.159284  NaN   NaN       NaN        NaN

[570 rows x 13 columns]
2025-04-23 10:40:13,576 INFO:Final row: {'timestamp': Timestamp('2025-04-23 10:40:12.954091'), 'open': nan, 'high': nan, 'low': nan, 'close': 81710.0, 'volume': nan, 'short': 81709.41371081371, 'middle': 81699.4575399026, 'long': 79153.15928407795, 'buy': nan, 'sell': nan, 'buy_exit': nan, 'sell_exit': nan}
2025-04-23 10:40:13,576 INFO:Buy exit signal received
2025-04-23 10:40:13,576 INFO:Sell exit signal received
2025-04-23 10:40:13,576 INFO:Entering while loop with trade_count: 2
2025-04-23 10:40:13,799 INFO:Combined historical with live algo:                       timestamp    open    high     low     close  ...          long  buy  sell  buy_exit  sell_exit
0     2025-04-22 09:15:00+05:30  821.10  821.10  817.00    818.80  ...    818.800000  NaN   NaN       NaN        NaN
1     2025-04-22 09:16:00+05:30  818.75  818.75  814.60    814.60  ...    818.668750  NaN   NaN       NaN        NaN
2     2025-04-22 09:17:00+05:30  814.60  816.00  814.00    815.35  ...    818.565039  NaN   NaN       NaN        NaN
3     2025-04-22 09:18:00+05:30  815.30  816.00  814.75    815.50  ...    818.469257  NaN   NaN       NaN        NaN
4     2025-04-22 09:19:00+05:30  815.55  815.75  814.50    814.60  ...    818.348342  NaN   NaN       NaN        NaN
..                          ...     ...     ...     ...       ...  ...           ...  ...   ...       ...        ...
566  2025-04-23 10:40:12.954091     NaN     NaN     NaN  81710.00  ...  78897.655447  NaN   NaN       NaN        NaN
567  2025-04-23 10:40:12.954091     NaN     NaN     NaN  81710.00  ...  78985.541214  NaN   NaN       NaN        NaN
568  2025-04-23 10:40:12.954091     NaN     NaN     NaN  81710.00  ...  79070.680551  NaN   NaN       NaN        NaN
569  2025-04-23 10:40:12.954091     NaN     NaN     NaN  81710.00  ...  79153.159284  NaN   NaN       NaN        NaN
570  2025-04-23 10:40:12.954091     NaN     NaN     NaN  81710.00  ...  79233.060556  NaN   NaN       NaN        NaN

[571 rows x 13 columns]
2025-04-23 10:40:13,800 INFO:Final row: {'timestamp': Timestamp('2025-04-23 10:40:12.954091'), 'open': nan, 'high': nan, 'low': nan, 'close': 81710.0, 'volume': nan, 'short': 81709.60914054248, 'middle': 81700.41594536601, 'long': 79233.06055645051, 'buy': nan, 'sell': nan, 'buy_exit': nan, 'sell_exit': nan}
2025-04-23 10:40:13,800 INFO:Buy exit signal received
2025-04-23 10:40:13,800 INFO:Sell exit signal received
2025-04-23 10:40:13,800 INFO:Entering while loop with trade_count: 2
2025-04-23 10:40:13,878 INFO:Combined historical with live algo:                       timestamp    open    high     low     close  ...          long  buy  sell  buy_exit  sell_exit
0     2025-04-22 09:15:00+05:30  821.10  821.10  817.00    818.80  ...    818.800000  NaN   NaN       NaN        NaN
1     2025-04-22 09:16:00+05:30  818.75  818.75  814.60    814.60  ...    818.668750  NaN   NaN       NaN        NaN
2     2025-04-22 09:17:00+05:30  814.60  816.00  814.00    815.35  ...    818.565039  NaN   NaN       NaN        NaN
3     2025-04-22 09:18:00+05:30  815.30  816.00  814.75    815.50  ...    818.469257  NaN   NaN       NaN        NaN
4     2025-04-22 09:19:00+05:30  815.55  815.75  814.50    814.60  ...    818.348342  NaN   NaN       NaN        NaN
..                          ...     ...     ...     ...       ...  ...           ...  ...   ...       ...        ...
567  2025-04-23 10:40:12.954091     NaN     NaN     NaN  81710.00  ...  78985.541214  NaN   NaN       NaN        NaN
568  2025-04-23 10:40:12.954091     NaN     NaN     NaN  81710.00  ...  79070.680551  NaN   NaN       NaN        NaN
569  2025-04-23 10:40:12.954091     NaN     NaN     NaN  81710.00  ...  79153.159284  NaN   NaN       NaN        NaN
570  2025-04-23 10:40:12.954091     NaN     NaN     NaN  81710.00  ...  79233.060556  NaN   NaN       NaN        NaN
571  2025-04-23 10:40:13.791092     NaN     NaN     NaN  81700.00  ...  79310.152414  NaN   NaN       NaN        NaN

[572 rows x 13 columns]
2025-04-23 10:40:13,880 INFO:Final row: {'timestamp': Timestamp('2025-04-23 10:40:13.791092'), 'open': nan, 'high': nan, 'low': nan, 'close': 81700.0, 'volume': nan, 'short': 81706.406093695, 'middle': 81700.37813215092, 'long': 79310.15241406143, 'buy': nan, 'sell': nan, 'buy_exit': nan, 'sell_exit': nan}
2025-04-23 10:40:13,882 INFO:Buy exit signal received
2025-04-23 10:40:13,882 INFO:Sell exit signal received
2025-04-23 10:40:13,882 INFO:Entering while loop with trade_count: 2
2025-04-23 10:40:13,964 INFO:Combined historical with live algo:                       timestamp    open    high     low     close  ...          long  buy  sell  buy_exit  sell_exit
0     2025-04-22 09:15:00+05:30  821.10  821.10  817.00    818.80  ...    818.800000  NaN   NaN       NaN        NaN
1     2025-04-22 09:16:00+05:30  818.75  818.75  814.60    814.60  ...    818.668750  NaN   NaN       NaN        NaN
2     2025-04-22 09:17:00+05:30  814.60  816.00  814.00    815.35  ...    818.565039  NaN   NaN       NaN        NaN
3     2025-04-22 09:18:00+05:30  815.30  816.00  814.75    815.50  ...    818.469257  NaN   NaN       NaN        NaN
4     2025-04-22 09:19:00+05:30  815.55  815.75  814.50    814.60  ...    818.348342  NaN   NaN       NaN        NaN
..                          ...     ...     ...     ...       ...  ...           ...  ...   ...       ...        ...
568  2025-04-23 10:40:12.954091     NaN     NaN     NaN  81710.00  ...  79070.680551  NaN   NaN       NaN        NaN
569  2025-04-23 10:40:12.954091     NaN     NaN     NaN  81710.00  ...  79153.159284  NaN   NaN       NaN        NaN
570  2025-04-23 10:40:12.954091     NaN     NaN     NaN  81710.00  ...  79233.060556  NaN   NaN       NaN        NaN
571  2025-04-23 10:40:13.791092     NaN     NaN     NaN  81700.00  ...  79310.152414  NaN   NaN       NaN        NaN
572  2025-04-23 10:40:13.791092     NaN     NaN     NaN  81700.00  ...  79384.835151  NaN   NaN       NaN        NaN

[573 rows x 13 columns]
2025-04-23 10:40:13,964 INFO:Final row: {'timestamp': Timestamp('2025-04-23 10:40:13.791092'), 'open': nan, 'high': nan, 'low': nan, 'close': 81700.0, 'volume': nan, 'short': 81704.27072913, 'middle': 81700.34375650082, 'long': 79384.83515112201, 'buy': nan, 'sell': nan, 'buy_exit': nan, 'sell_exit': nan}
2025-04-23 10:40:13,964 INFO:Buy exit signal received
2025-04-23 10:40:13,964 INFO:Sell exit signal received
2025-04-23 10:40:13,964 INFO:Entering while loop with trade_count: 2
2025-04-23 10:40:14,051 INFO:Combined historical with live algo:                       timestamp    open    high     low     close  ...          long  buy  sell  buy_exit  sell_exit
0     2025-04-22 09:15:00+05:30  821.10  821.10  817.00    818.80  ...    818.800000  NaN   NaN       NaN        NaN
1     2025-04-22 09:16:00+05:30  818.75  818.75  814.60    814.60  ...    818.668750  NaN   NaN       NaN        NaN
2     2025-04-22 09:17:00+05:30  814.60  816.00  814.00    815.35  ...    818.565039  NaN   NaN       NaN        NaN
3     2025-04-22 09:18:00+05:30  815.30  816.00  814.75    815.50  ...    818.469257  NaN   NaN       NaN        NaN
4     2025-04-22 09:19:00+05:30  815.55  815.75  814.50    814.60  ...    818.348342  NaN   NaN       NaN        NaN
..                          ...     ...     ...     ...       ...  ...           ...  ...   ...       ...        ...
569  2025-04-23 10:40:12.954091     NaN     NaN     NaN  81710.00  ...  79153.159284  NaN   NaN       NaN        NaN
570  2025-04-23 10:40:12.954091     NaN     NaN     NaN  81710.00  ...  79233.060556  NaN   NaN       NaN        NaN
571  2025-04-23 10:40:13.791092     NaN     NaN     NaN  81700.00  ...  79310.152414  NaN   NaN       NaN        NaN
572  2025-04-23 10:40:13.791092     NaN     NaN     NaN  81700.00  ...  79384.835151  NaN   NaN       NaN        NaN
573  2025-04-23 10:40:13.902451     NaN     NaN     NaN  81700.00  ...  79457.184053  NaN   NaN       NaN        NaN

[574 rows x 13 columns]
2025-04-23 10:40:14,051 INFO:Final row: {'timestamp': Timestamp('2025-04-23 10:40:13.902451'), 'open': nan, 'high': nan, 'low': nan, 'close': 81700.0, 'volume': nan, 'short': 81702.84715275334, 'middle': 81700.31250590982, 'long': 79457.18405264945, 'buy': nan, 'sell': nan, 'buy_exit': nan, 'sell_exit': nan}
2025-04-23 10:40:14,051 INFO:Buy exit signal received
2025-04-23 10:40:14,051 INFO:Sell exit signal received
2025-04-23 10:40:14,051 INFO:Entering while loop with trade_count: 2
2025-04-23 10:40:14,167 INFO:Combined historical with live algo:                       timestamp    open    high     low     close  ...          long  buy  sell  buy_exit  sell_exit
0     2025-04-22 09:15:00+05:30  821.10  821.10  817.00    818.80  ...    818.800000  NaN   NaN       NaN        NaN
1     2025-04-22 09:16:00+05:30  818.75  818.75  814.60    814.60  ...    818.668750  NaN   NaN       NaN        NaN
2     2025-04-22 09:17:00+05:30  814.60  816.00  814.00    815.35  ...    818.565039  NaN   NaN       NaN        NaN
3     2025-04-22 09:18:00+05:30  815.30  816.00  814.75    815.50  ...    818.469257  NaN   NaN       NaN        NaN
4     2025-04-22 09:19:00+05:30  815.55  815.75  814.50    814.60  ...    818.348342  NaN   NaN       NaN        NaN
..                          ...     ...     ...     ...       ...  ...           ...  ...   ...       ...        ...
570  2025-04-23 10:40:12.954091     NaN     NaN     NaN  81710.00  ...  79233.060556  NaN   NaN       NaN        NaN
571  2025-04-23 10:40:13.791092     NaN     NaN     NaN  81700.00  ...  79310.152414  NaN   NaN       NaN        NaN
572  2025-04-23 10:40:13.791092     NaN     NaN     NaN  81700.00  ...  79384.835151  NaN   NaN       NaN        NaN
573  2025-04-23 10:40:13.902451     NaN     NaN     NaN  81700.00  ...  79457.184053  NaN   NaN       NaN        NaN
574  2025-04-23 10:40:13.902451     NaN     NaN     NaN  81700.00  ...  79527.272051  NaN   NaN       NaN        NaN

[575 rows x 13 columns]
2025-04-23 10:40:14,169 INFO:Final row: {'timestamp': Timestamp('2025-04-23 10:40:13.902451'), 'open': nan, 'high': nan, 'low': nan, 'close': 81700.0, 'volume': nan, 'short': 81701.89810183557, 'middle': 81700.28409628166, 'long': 79527.27205100415, 'buy': nan, 'sell': nan, 'buy_exit': nan, 'sell_exit': nan}
2025-04-23 10:40:14,169 INFO:Buy exit signal received
2025-04-23 10:40:14,169 INFO:Sell exit signal received
2025-04-23 10:40:14,171 INFO:Entering while loop with trade_count: 2
2025-04-23 10:40:14,390 INFO:Combined historical with live algo:                       timestamp    open    high     low     close  ...          long  buy  sell  buy_exit  sell_exit
0     2025-04-22 09:15:00+05:30  821.10  821.10  817.00    818.80  ...    818.800000  NaN   NaN       NaN        NaN
1     2025-04-22 09:16:00+05:30  818.75  818.75  814.60    814.60  ...    818.668750  NaN   NaN       NaN        NaN
2     2025-04-22 09:17:00+05:30  814.60  816.00  814.00    815.35  ...    818.565039  NaN   NaN       NaN        NaN
3     2025-04-22 09:18:00+05:30  815.30  816.00  814.75    815.50  ...    818.469257  NaN   NaN       NaN        NaN
4     2025-04-22 09:19:00+05:30  815.55  815.75  814.50    814.60  ...    818.348342  NaN   NaN       NaN        NaN
..                          ...     ...     ...     ...       ...  ...           ...  ...   ...       ...        ...
571  2025-04-23 10:40:13.791092     NaN     NaN     NaN  81700.00  ...  79310.152414  NaN   NaN       NaN        NaN
572  2025-04-23 10:40:13.791092     NaN     NaN     NaN  81700.00  ...  79384.835151  NaN   NaN       NaN        NaN
573  2025-04-23 10:40:13.902451     NaN     NaN     NaN  81700.00  ...  79457.184053  NaN   NaN       NaN        NaN
574  2025-04-23 10:40:13.902451     NaN     NaN     NaN  81700.00  ...  79527.272051  NaN   NaN       NaN        NaN
575  2025-04-23 10:40:13.902451     NaN     NaN     NaN  81700.00  ...  79595.169799  NaN   NaN       NaN        NaN

[576 rows x 13 columns]
2025-04-23 10:40:14,390 INFO:Final row: {'timestamp': Timestamp('2025-04-23 10:40:13.902451'), 'open': nan, 'high': nan, 'low': nan, 'close': 81700.0, 'volume': nan, 'short': 81701.26540122372, 'middle': 81700.25826934694, 'long': 79595.16979941027, 'buy': nan, 'sell': nan, 'buy_exit': nan, 'sell_exit': nan}
2025-04-23 10:40:14,390 INFO:Buy exit signal received
2025-04-23 10:40:14,390 INFO:Sell exit signal received
2025-04-23 10:40:14,390 INFO:Entering while loop with trade_count: 2
2025-04-23 10:40:14,536 INFO:Combined historical with live algo:                       timestamp    open    high     low     close  ...          long  buy  sell  buy_exit  sell_exit
0     2025-04-22 09:15:00+05:30  821.10  821.10  817.00    818.80  ...    818.800000  NaN   NaN       NaN        NaN
1     2025-04-22 09:16:00+05:30  818.75  818.75  814.60    814.60  ...    818.668750  NaN   NaN       NaN        NaN
2     2025-04-22 09:17:00+05:30  814.60  816.00  814.00    815.35  ...    818.565039  NaN   NaN       NaN        NaN
3     2025-04-22 09:18:00+05:30  815.30  816.00  814.75    815.50  ...    818.469257  NaN   NaN       NaN        NaN
4     2025-04-22 09:19:00+05:30  815.55  815.75  814.50    814.60  ...    818.348342  NaN   NaN       NaN        NaN
..                          ...     ...     ...     ...       ...  ...           ...  ...   ...       ...        ...
572  2025-04-23 10:40:13.791092     NaN     NaN     NaN  81700.00  ...  79384.835151  NaN   NaN       NaN        NaN
573  2025-04-23 10:40:13.902451     NaN     NaN     NaN  81700.00  ...  79457.184053  NaN   NaN       NaN        NaN
574  2025-04-23 10:40:13.902451     NaN     NaN     NaN  81700.00  ...  79527.272051  NaN   NaN       NaN        NaN
575  2025-04-23 10:40:13.902451     NaN     NaN     NaN  81700.00  ...  79595.169799  NaN   NaN       NaN        NaN
576  2025-04-23 10:40:13.902451     NaN     NaN     NaN  81700.00  ...  79660.945743  NaN   NaN       NaN        NaN

[577 rows x 13 columns]
2025-04-23 10:40:14,536 INFO:Final row: {'timestamp': Timestamp('2025-04-23 10:40:13.902451'), 'open': nan, 'high': nan, 'low': nan, 'close': 81700.0, 'volume': nan, 'short': 81700.84360081582, 'middle': 81700.2347903154, 'long': 79660.9457431787, 'buy': nan, 'sell': nan, 'buy_exit': nan, 'sell_exit': nan}
2025-04-23 10:40:14,536 INFO:Buy exit signal received
2025-04-23 10:40:14,536 INFO:Sell exit signal received
2025-04-23 10:40:14,536 INFO:Entering while loop with trade_count: 2
2025-04-23 10:40:14,640 INFO:Combined historical with live algo:                       timestamp    open    high     low     close  ...          long  buy  sell  buy_exit  sell_exit
0     2025-04-22 09:15:00+05:30  821.10  821.10  817.00    818.80  ...    818.800000  NaN   NaN       NaN        NaN
1     2025-04-22 09:16:00+05:30  818.75  818.75  814.60    814.60  ...    818.668750  NaN   NaN       NaN        NaN
2     2025-04-22 09:17:00+05:30  814.60  816.00  814.00    815.35  ...    818.565039  NaN   NaN       NaN        NaN
3     2025-04-22 09:18:00+05:30  815.30  816.00  814.75    815.50  ...    818.469257  NaN   NaN       NaN        NaN
4     2025-04-22 09:19:00+05:30  815.55  815.75  814.50    814.60  ...    818.348342  NaN   NaN       NaN        NaN
..                          ...     ...     ...     ...       ...  ...           ...  ...   ...       ...        ...
573  2025-04-23 10:40:13.902451     NaN     NaN     NaN  81700.00  ...  79457.184053  NaN   NaN       NaN        NaN
574  2025-04-23 10:40:13.902451     NaN     NaN     NaN  81700.00  ...  79527.272051  NaN   NaN       NaN        NaN
575  2025-04-23 10:40:13.902451     NaN     NaN     NaN  81700.00  ...  79595.169799  NaN   NaN       NaN        NaN
576  2025-04-23 10:40:13.902451     NaN     NaN     NaN  81700.00  ...  79660.945743  NaN   NaN       NaN        NaN
577  2025-04-23 10:40:13.902451     NaN     NaN     NaN  81700.00  ...  79724.666189  NaN   NaN       NaN        NaN

[578 rows x 13 columns]
2025-04-23 10:40:14,647 INFO:Final row: {'timestamp': Timestamp('2025-04-23 10:40:13.902451'), 'open': nan, 'high': nan, 'low': nan, 'close': 81700.0, 'volume': nan, 'short': 81700.56240054389, 'middle': 81700.21344574126, 'long': 79724.66618870437, 'buy': nan, 'sell': nan, 'buy_exit': nan, 'sell_exit': nan}
2025-04-23 10:40:14,647 INFO:Buy exit signal received
2025-04-23 10:40:14,647 INFO:Sell exit signal received
2025-04-23 10:40:14,647 INFO:Entering while loop with trade_count: 2
2025-04-23 10:40:14,747 INFO:Combined historical with live algo:                       timestamp    open    high     low     close  ...          long  buy  sell  buy_exit  sell_exit
0     2025-04-22 09:15:00+05:30  821.10  821.10  817.00    818.80  ...    818.800000  NaN   NaN       NaN        NaN
1     2025-04-22 09:16:00+05:30  818.75  818.75  814.60    814.60  ...    818.668750  NaN   NaN       NaN        NaN
2     2025-04-22 09:17:00+05:30  814.60  816.00  814.00    815.35  ...    818.565039  NaN   NaN       NaN        NaN
3     2025-04-22 09:18:00+05:30  815.30  816.00  814.75    815.50  ...    818.469257  NaN   NaN       NaN        NaN
4     2025-04-22 09:19:00+05:30  815.55  815.75  814.50    814.60  ...    818.348342  NaN   NaN       NaN        NaN
..                          ...     ...     ...     ...       ...  ...           ...  ...   ...       ...        ...
574  2025-04-23 10:40:13.902451     NaN     NaN     NaN  81700.00  ...  79527.272051  NaN   NaN       NaN        NaN
575  2025-04-23 10:40:13.902451     NaN     NaN     NaN  81700.00  ...  79595.169799  NaN   NaN       NaN        NaN
576  2025-04-23 10:40:13.902451     NaN     NaN     NaN  81700.00  ...  79660.945743  NaN   NaN       NaN        NaN
577  2025-04-23 10:40:13.902451     NaN     NaN     NaN  81700.00  ...  79724.666189  NaN   NaN       NaN        NaN
578  2025-04-23 10:40:13.902451     NaN     NaN     NaN  81700.00  ...  79786.395370  NaN   NaN       NaN        NaN

[579 rows x 13 columns]
2025-04-23 10:40:14,755 INFO:Final row: {'timestamp': Timestamp('2025-04-23 10:40:13.902451'), 'open': nan, 'high': nan, 'low': nan, 'close': 81700.0, 'volume': nan, 'short': 81700.37493369593, 'middle': 81700.19404158296, 'long': 79786.39537030736, 'buy': nan, 'sell': nan, 'buy_exit': nan, 'sell_exit': nan}
2025-04-23 10:40:14,755 INFO:Buy exit signal received
2025-04-23 10:40:14,755 INFO:Sell exit signal received
2025-04-23 10:40:14,755 INFO:Entering while loop with trade_count: 2
2025-04-23 10:40:14,839 INFO:Combined historical with live algo:                       timestamp    open    high     low     close  ...          long  buy  sell  buy_exit  sell_exit
0     2025-04-22 09:15:00+05:30  821.10  821.10  817.00    818.80  ...    818.800000  NaN   NaN       NaN        NaN
1     2025-04-22 09:16:00+05:30  818.75  818.75  814.60    814.60  ...    818.668750  NaN   NaN       NaN        NaN
2     2025-04-22 09:17:00+05:30  814.60  816.00  814.00    815.35  ...    818.565039  NaN   NaN       NaN        NaN
3     2025-04-22 09:18:00+05:30  815.30  816.00  814.75    815.50  ...    818.469257  NaN   NaN       NaN        NaN
4     2025-04-22 09:19:00+05:30  815.55  815.75  814.50    814.60  ...    818.348342  NaN   NaN       NaN        NaN
..                          ...     ...     ...     ...       ...  ...           ...  ...   ...       ...        ...
575  2025-04-23 10:40:13.902451     NaN     NaN     NaN  81700.00  ...  79595.169799  NaN   NaN       NaN        NaN
576  2025-04-23 10:40:13.902451     NaN     NaN     NaN  81700.00  ...  79660.945743  NaN   NaN       NaN        NaN
577  2025-04-23 10:40:13.902451     NaN     NaN     NaN  81700.00  ...  79724.666189  NaN   NaN       NaN        NaN
578  2025-04-23 10:40:13.902451     NaN     NaN     NaN  81700.00  ...  79786.395370  NaN   NaN       NaN        NaN
579  2025-04-23 10:40:13.902451     NaN     NaN     NaN  81700.00  ...  79846.195515  NaN   NaN       NaN        NaN

[580 rows x 13 columns]
2025-04-23 10:40:14,839 INFO:Final row: {'timestamp': Timestamp('2025-04-23 10:40:13.902451'), 'open': nan, 'high': nan, 'low': nan, 'close': 81700.0, 'volume': nan, 'short': 81700.24995579729, 'middle': 81700.17640143905, 'long': 79846.19551498526, 'buy': nan, 'sell': nan, 'buy_exit': nan, 'sell_exit': nan}
2025-04-23 10:40:14,839 INFO:Buy exit signal received
2025-04-23 10:40:14,839 INFO:Sell exit signal received
2025-04-23 10:40:14,839 INFO:Entering while loop with trade_count: 2
2025-04-23 10:40:14,935 INFO:Combined historical with live algo:                       timestamp    open    high     low     close  ...          long  buy  sell  buy_exit  sell_exit
0     2025-04-22 09:15:00+05:30  821.10  821.10  817.00    818.80  ...    818.800000  NaN   NaN       NaN        NaN
1     2025-04-22 09:16:00+05:30  818.75  818.75  814.60    814.60  ...    818.668750  NaN   NaN       NaN        NaN
2     2025-04-22 09:17:00+05:30  814.60  816.00  814.00    815.35  ...    818.565039  NaN   NaN       NaN        NaN
3     2025-04-22 09:18:00+05:30  815.30  816.00  814.75    815.50  ...    818.469257  NaN   NaN       NaN        NaN
4     2025-04-22 09:19:00+05:30  815.55  815.75  814.50    814.60  ...    818.348342  NaN   NaN       NaN        NaN
..                          ...     ...     ...     ...       ...  ...           ...  ...   ...       ...        ...
576  2025-04-23 10:40:13.902451     NaN     NaN     NaN  81700.00  ...  79660.945743  NaN   NaN       NaN        NaN
577  2025-04-23 10:40:13.902451     NaN     NaN     NaN  81700.00  ...  79724.666189  NaN   NaN       NaN        NaN
578  2025-04-23 10:40:13.902451     NaN     NaN     NaN  81700.00  ...  79786.395370  NaN   NaN       NaN        NaN
579  2025-04-23 10:40:13.902451     NaN     NaN     NaN  81700.00  ...  79846.195515  NaN   NaN       NaN        NaN
580  2025-04-23 10:40:13.902451     NaN     NaN     NaN  81700.00  ...  79904.126905  NaN   NaN       NaN        NaN

[581 rows x 13 columns]
2025-04-23 10:40:14,935 INFO:Final row: {'timestamp': Timestamp('2025-04-23 10:40:13.902451'), 'open': nan, 'high': nan, 'low': nan, 'close': 81700.0, 'volume': nan, 'short': 81700.1666371982, 'middle': 81700.16036494458, 'long': 79904.12690514197, 'buy': nan, 'sell': nan, 'buy_exit': nan, 'sell_exit': nan}
2025-04-23 10:40:14,935 INFO:Buy exit signal received
2025-04-23 10:40:14,935 INFO:Sell exit signal received
2025-04-23 10:40:14,935 INFO:Entering while loop with trade_count: 2
2025-04-23 10:40:15,089 INFO:Combined historical with live algo:                       timestamp    open    high     low     close  ...          long  buy  sell  buy_exit  sell_exit
0     2025-04-22 09:15:00+05:30  821.10  821.10  817.00    818.80  ...    818.800000  NaN   NaN       NaN        NaN
1     2025-04-22 09:16:00+05:30  818.75  818.75  814.60    814.60  ...    818.668750  NaN   NaN       NaN        NaN
2     2025-04-22 09:17:00+05:30  814.60  816.00  814.00    815.35  ...    818.565039  NaN   NaN       NaN        NaN
3     2025-04-22 09:18:00+05:30  815.30  816.00  814.75    815.50  ...    818.469257  NaN   NaN       NaN        NaN
4     2025-04-22 09:19:00+05:30  815.55  815.75  814.50    814.60  ...    818.348342  NaN   NaN       NaN        NaN
..                          ...     ...     ...     ...       ...  ...           ...  ...   ...       ...        ...
577  2025-04-23 10:40:13.902451     NaN     NaN     NaN  81700.00  ...  79724.666189  NaN   NaN       NaN        NaN
578  2025-04-23 10:40:13.902451     NaN     NaN     NaN  81700.00  ...  79786.395370  NaN   NaN       NaN        NaN
579  2025-04-23 10:40:13.902451     NaN     NaN     NaN  81700.00  ...  79846.195515  NaN   NaN       NaN        NaN
580  2025-04-23 10:40:13.902451     NaN     NaN     NaN  81700.00  ...  79904.126905  NaN   NaN       NaN        NaN
581  2025-04-23 10:40:14.901600     NaN     NaN     NaN  81710.00  ...  79960.560439  NaN   NaN       NaN        NaN

[582 rows x 13 columns]
2025-04-23 10:40:15,099 INFO:Final row: {'timestamp': Timestamp('2025-04-23 10:40:14.901600'), 'open': nan, 'high': nan, 'low': nan, 'close': 81710.0, 'volume': nan, 'short': 81703.4444247988, 'middle': 81701.05487722234, 'long': 79960.56043935628, 'buy': nan, 'sell': nan, 'buy_exit': nan, 'sell_exit': nan}
2025-04-23 10:40:15,099 INFO:Buy exit signal received
2025-04-23 10:40:15,099 INFO:Sell exit signal received
2025-04-23 10:40:15,099 INFO:Entering while loop with trade_count: 2
2025-04-23 10:40:15,273 INFO:Combined historical with live algo:                       timestamp    open    high     low     close  ...          long  buy  sell  buy_exit  sell_exit
0     2025-04-22 09:15:00+05:30  821.10  821.10  817.00    818.80  ...    818.800000  NaN   NaN       NaN        NaN
1     2025-04-22 09:16:00+05:30  818.75  818.75  814.60    814.60  ...    818.668750  NaN   NaN       NaN        NaN
2     2025-04-22 09:17:00+05:30  814.60  816.00  814.00    815.35  ...    818.565039  NaN   NaN       NaN        NaN
3     2025-04-22 09:18:00+05:30  815.30  816.00  814.75    815.50  ...    818.469257  NaN   NaN       NaN        NaN
4     2025-04-22 09:19:00+05:30  815.55  815.75  814.50    814.60  ...    818.348342  NaN   NaN       NaN        NaN
..                          ...     ...     ...     ...       ...  ...           ...  ...   ...       ...        ...
578  2025-04-23 10:40:13.902451     NaN     NaN     NaN  81700.00  ...  79786.395370  NaN   NaN       NaN        NaN
579  2025-04-23 10:40:13.902451     NaN     NaN     NaN  81700.00  ...  79846.195515  NaN   NaN       NaN        NaN
580  2025-04-23 10:40:13.902451     NaN     NaN     NaN  81700.00  ...  79904.126905  NaN   NaN       NaN        NaN
581  2025-04-23 10:40:14.901600     NaN     NaN     NaN  81710.00  ...  79960.560439  NaN   NaN       NaN        NaN
582  2025-04-23 10:40:14.901600     NaN     NaN     NaN  81710.00  ...  80015.230426  NaN   NaN       NaN        NaN

[583 rows x 13 columns]
2025-04-23 10:40:15,275 INFO:Final row: {'timestamp': Timestamp('2025-04-23 10:40:14.901600'), 'open': nan, 'high': nan, 'low': nan, 'close': 81710.0, 'volume': nan, 'short': 81705.62961653253, 'middle': 81701.86807020214, 'long': 80015.2304256264, 'buy': nan, 'sell': nan, 'buy_exit': nan, 'sell_exit': nan}
2025-04-23 10:40:15,275 INFO:Buy exit signal received
2025-04-23 10:40:15,275 INFO:Sell exit signal received
2025-04-23 10:40:15,275 INFO:Entering while loop with trade_count: 2
2025-04-23 10:40:15,448 INFO:Combined historical with live algo:                       timestamp    open    high     low     close  ...          long  buy  sell  buy_exit  sell_exit
0     2025-04-22 09:15:00+05:30  821.10  821.10  817.00    818.80  ...    818.800000  NaN   NaN       NaN        NaN
1     2025-04-22 09:16:00+05:30  818.75  818.75  814.60    814.60  ...    818.668750  NaN   NaN       NaN        NaN
2     2025-04-22 09:17:00+05:30  814.60  816.00  814.00    815.35  ...    818.565039  NaN   NaN       NaN        NaN
3     2025-04-22 09:18:00+05:30  815.30  816.00  814.75    815.50  ...    818.469257  NaN   NaN       NaN        NaN
4     2025-04-22 09:19:00+05:30  815.55  815.75  814.50    814.60  ...    818.348342  NaN   NaN       NaN        NaN
..                          ...     ...     ...     ...       ...  ...           ...  ...   ...       ...        ...
579  2025-04-23 10:40:13.902451     NaN     NaN     NaN  81700.00  ...  79846.195515  NaN   NaN       NaN        NaN
580  2025-04-23 10:40:13.902451     NaN     NaN     NaN  81700.00  ...  79904.126905  NaN   NaN       NaN        NaN
581  2025-04-23 10:40:14.901600     NaN     NaN     NaN  81710.00  ...  79960.560439  NaN   NaN       NaN        NaN
582  2025-04-23 10:40:14.901600     NaN     NaN     NaN  81710.00  ...  80015.230426  NaN   NaN       NaN        NaN
583  2025-04-23 10:40:14.901600     NaN     NaN     NaN  81710.00  ...  80068.191975  NaN   NaN       NaN        NaN

[584 rows x 13 columns]
2025-04-23 10:40:15,451 INFO:Final row: {'timestamp': Timestamp('2025-04-23 10:40:14.901600'), 'open': nan, 'high': nan, 'low': nan, 'close': 81710.0, 'volume': nan, 'short': 81707.0864110217, 'middle': 81702.6073365474, 'long': 80068.19197482558, 'buy': nan, 'sell': nan, 'buy_exit': nan, 'sell_exit': nan}
2025-04-23 10:40:15,451 INFO:Buy exit signal received
2025-04-23 10:40:15,451 INFO:Sell exit signal received
2025-04-23 10:40:15,452 INFO:Entering while loop with trade_count: 2
2025-04-23 10:40:15,539 INFO:Combined historical with live algo:                       timestamp    open    high     low     close  ...          long  buy  sell  buy_exit  sell_exit
0     2025-04-22 09:15:00+05:30  821.10  821.10  817.00    818.80  ...    818.800000  NaN   NaN       NaN        NaN
1     2025-04-22 09:16:00+05:30  818.75  818.75  814.60    814.60  ...    818.668750  NaN   NaN       NaN        NaN
2     2025-04-22 09:17:00+05:30  814.60  816.00  814.00    815.35  ...    818.565039  NaN   NaN       NaN        NaN
3     2025-04-22 09:18:00+05:30  815.30  816.00  814.75    815.50  ...    818.469257  NaN   NaN       NaN        NaN
4     2025-04-22 09:19:00+05:30  815.55  815.75  814.50    814.60  ...    818.348342  NaN   NaN       NaN        NaN
..                          ...     ...     ...     ...       ...  ...           ...  ...   ...       ...        ...
580  2025-04-23 10:40:13.902451     NaN     NaN     NaN  81700.00  ...  79904.126905  NaN   NaN       NaN        NaN
581  2025-04-23 10:40:14.901600     NaN     NaN     NaN  81710.00  ...  79960.560439  NaN   NaN       NaN        NaN
582  2025-04-23 10:40:14.901600     NaN     NaN     NaN  81710.00  ...  80015.230426  NaN   NaN       NaN        NaN
583  2025-04-23 10:40:14.901600     NaN     NaN     NaN  81710.00  ...  80068.191975  NaN   NaN       NaN        NaN
584  2025-04-23 10:40:14.901600     NaN     NaN     NaN  81710.00  ...  80119.498476  NaN   NaN       NaN        NaN

[585 rows x 13 columns]
2025-04-23 10:40:15,541 INFO:Final row: {'timestamp': Timestamp('2025-04-23 10:40:14.901600'), 'open': nan, 'high': nan, 'low': nan, 'close': 81710.0, 'volume': nan, 'short': 81708.0576073478, 'middle': 81703.27939686128, 'long': 80119.49847561227, 'buy': nan, 'sell': nan, 'buy_exit': nan, 'sell_exit': nan}
2025-04-23 10:40:15,541 INFO:Buy exit signal received
2025-04-23 10:40:15,541 INFO:Sell exit signal received
2025-04-23 10:40:15,541 INFO:Entering while loop with trade_count: 2
2025-04-23 10:40:15,698 INFO:Combined historical with live algo:                       timestamp    open    high     low     close  ...          long  buy  sell  buy_exit  sell_exit
0     2025-04-22 09:15:00+05:30  821.10  821.10  817.00    818.80  ...    818.800000  NaN   NaN       NaN        NaN
1     2025-04-22 09:16:00+05:30  818.75  818.75  814.60    814.60  ...    818.668750  NaN   NaN       NaN        NaN
2     2025-04-22 09:17:00+05:30  814.60  816.00  814.00    815.35  ...    818.565039  NaN   NaN       NaN        NaN
3     2025-04-22 09:18:00+05:30  815.30  816.00  814.75    815.50  ...    818.469257  NaN   NaN       NaN        NaN
4     2025-04-22 09:19:00+05:30  815.55  815.75  814.50    814.60  ...    818.348342  NaN   NaN       NaN        NaN
..                          ...     ...     ...     ...       ...  ...           ...  ...   ...       ...        ...
581  2025-04-23 10:40:14.901600     NaN     NaN     NaN  81710.00  ...  79960.560439  NaN   NaN       NaN        NaN
582  2025-04-23 10:40:14.901600     NaN     NaN     NaN  81710.00  ...  80015.230426  NaN   NaN       NaN        NaN
583  2025-04-23 10:40:14.901600     NaN     NaN     NaN  81710.00  ...  80068.191975  NaN   NaN       NaN        NaN
584  2025-04-23 10:40:14.901600     NaN     NaN     NaN  81710.00  ...  80119.498476  NaN   NaN       NaN        NaN
585  2025-04-23 10:40:14.901600     NaN     NaN     NaN  81710.00  ...  80169.201648  NaN   NaN       NaN        NaN

[586 rows x 13 columns]
2025-04-23 10:40:15,700 INFO:Final row: {'timestamp': Timestamp('2025-04-23 10:40:14.901600'), 'open': nan, 'high': nan, 'low': nan, 'close': 81710.0, 'volume': nan, 'short': 81708.7050715652, 'middle': 81703.89036078299, 'long': 80169.2016482494, 'buy': nan, 'sell': nan, 'buy_exit': nan, 'sell_exit': nan}
2025-04-23 10:40:15,700 INFO:Buy exit signal received
2025-04-23 10:40:15,703 INFO:Sell exit signal received
2025-04-23 10:40:15,703 INFO:Entering while loop with trade_count: 2
2025-04-23 10:40:15,826 INFO:Combined historical with live algo:                       timestamp    open    high     low     close  ...          long  buy  sell  buy_exit  sell_exit
0     2025-04-22 09:15:00+05:30  821.10  821.10  817.00    818.80  ...    818.800000  NaN   NaN       NaN        NaN
1     2025-04-22 09:16:00+05:30  818.75  818.75  814.60    814.60  ...    818.668750  NaN   NaN       NaN        NaN
2     2025-04-22 09:17:00+05:30  814.60  816.00  814.00    815.35  ...    818.565039  NaN   NaN       NaN        NaN
3     2025-04-22 09:18:00+05:30  815.30  816.00  814.75    815.50  ...    818.469257  NaN   NaN       NaN        NaN
4     2025-04-22 09:19:00+05:30  815.55  815.75  814.50    814.60  ...    818.348342  NaN   NaN       NaN        NaN
..                          ...     ...     ...     ...       ...  ...           ...  ...   ...       ...        ...
582  2025-04-23 10:40:14.901600     NaN     NaN     NaN  81710.00  ...  80015.230426  NaN   NaN       NaN        NaN
583  2025-04-23 10:40:14.901600     NaN     NaN     NaN  81710.00  ...  80068.191975  NaN   NaN       NaN        NaN
584  2025-04-23 10:40:14.901600     NaN     NaN     NaN  81710.00  ...  80119.498476  NaN   NaN       NaN        NaN
585  2025-04-23 10:40:14.901600     NaN     NaN     NaN  81710.00  ...  80169.201648  NaN   NaN       NaN        NaN
586  2025-04-23 10:40:14.901600     NaN     NaN     NaN  81710.00  ...  80217.351597  NaN   NaN       NaN        NaN

[587 rows x 13 columns]
2025-04-23 10:40:15,826 INFO:Final row: {'timestamp': Timestamp('2025-04-23 10:40:14.901600'), 'open': nan, 'high': nan, 'low': nan, 'close': 81710.0, 'volume': nan, 'short': 81709.1367143768, 'middle': 81704.44578252999, 'long': 80217.3515967416, 'buy': nan, 'sell': nan, 'buy_exit': nan, 'sell_exit': nan}
2025-04-23 10:40:15,826 INFO:Buy exit signal received
2025-04-23 10:40:15,826 INFO:Sell exit signal received
2025-04-23 10:40:15,830 INFO:Entering while loop with trade_count: 2
2025-04-23 10:40:15,923 INFO:Combined historical with live algo:                       timestamp    open    high     low     close  ...          long  buy  sell  buy_exit  sell_exit
0     2025-04-22 09:15:00+05:30  821.10  821.10  817.00    818.80  ...    818.800000  NaN   NaN       NaN        NaN
1     2025-04-22 09:16:00+05:30  818.75  818.75  814.60    814.60  ...    818.668750  NaN   NaN       NaN        NaN
2     2025-04-22 09:17:00+05:30  814.60  816.00  814.00    815.35  ...    818.565039  NaN   NaN       NaN        NaN
3     2025-04-22 09:18:00+05:30  815.30  816.00  814.75    815.50  ...    818.469257  NaN   NaN       NaN        NaN
4     2025-04-22 09:19:00+05:30  815.55  815.75  814.50    814.60  ...    818.348342  NaN   NaN       NaN        NaN
..                          ...     ...     ...     ...       ...  ...           ...  ...   ...       ...        ...
583  2025-04-23 10:40:14.901600     NaN     NaN     NaN  81710.00  ...  80068.191975  NaN   NaN       NaN        NaN
584  2025-04-23 10:40:14.901600     NaN     NaN     NaN  81710.00  ...  80119.498476  NaN   NaN       NaN        NaN
585  2025-04-23 10:40:14.901600     NaN     NaN     NaN  81710.00  ...  80169.201648  NaN   NaN       NaN        NaN
586  2025-04-23 10:40:14.901600     NaN     NaN     NaN  81710.00  ...  80217.351597  NaN   NaN       NaN        NaN
587  2025-04-23 10:40:14.901600     NaN     NaN     NaN  81710.00  ...  80263.996859  NaN   NaN       NaN        NaN

[588 rows x 13 columns]
2025-04-23 10:40:15,927 INFO:Final row: {'timestamp': Timestamp('2025-04-23 10:40:14.901600'), 'open': nan, 'high': nan, 'low': nan, 'close': 81710.0, 'volume': nan, 'short': 81709.42447625121, 'middle': 81704.9507113909, 'long': 80263.99685934343, 'buy': nan, 'sell': nan, 'buy_exit': nan, 'sell_exit': nan}
2025-04-23 10:40:15,927 INFO:Buy exit signal received
2025-04-23 10:40:15,927 INFO:Sell exit signal received
2025-04-23 10:40:15,927 INFO:Entering while loop with trade_count: 2
2025-04-23 10:40:16,040 INFO:Combined historical with live algo:                       timestamp    open    high     low     close  ...          long  buy  sell  buy_exit  sell_exit
0     2025-04-22 09:15:00+05:30  821.10  821.10  817.00    818.80  ...    818.800000  NaN   NaN       NaN        NaN
1     2025-04-22 09:16:00+05:30  818.75  818.75  814.60    814.60  ...    818.668750  NaN   NaN       NaN        NaN
2     2025-04-22 09:17:00+05:30  814.60  816.00  814.00    815.35  ...    818.565039  NaN   NaN       NaN        NaN
3     2025-04-22 09:18:00+05:30  815.30  816.00  814.75    815.50  ...    818.469257  NaN   NaN       NaN        NaN
4     2025-04-22 09:19:00+05:30  815.55  815.75  814.50    814.60  ...    818.348342  NaN   NaN       NaN        NaN
..                          ...     ...     ...     ...       ...  ...           ...  ...   ...       ...        ...
584  2025-04-23 10:40:14.901600     NaN     NaN     NaN  81710.00  ...  80119.498476  NaN   NaN       NaN        NaN
585  2025-04-23 10:40:14.901600     NaN     NaN     NaN  81710.00  ...  80169.201648  NaN   NaN       NaN        NaN
586  2025-04-23 10:40:14.901600     NaN     NaN     NaN  81710.00  ...  80217.351597  NaN   NaN       NaN        NaN
587  2025-04-23 10:40:14.901600     NaN     NaN     NaN  81710.00  ...  80263.996859  NaN   NaN       NaN        NaN
588  2025-04-23 10:40:14.901600     NaN     NaN     NaN  81710.00  ...  80309.184457  NaN   NaN       NaN        NaN

[589 rows x 13 columns]
2025-04-23 10:40:16,043 INFO:Final row: {'timestamp': Timestamp('2025-04-23 10:40:14.901600'), 'open': nan, 'high': nan, 'low': nan, 'close': 81710.0, 'volume': nan, 'short': 81709.61631750081, 'middle': 81705.4097376281, 'long': 80309.18445748895, 'buy': nan, 'sell': nan, 'buy_exit': nan, 'sell_exit': nan}
2025-04-23 10:40:16,043 INFO:Buy exit signal received
2025-04-23 10:40:16,043 INFO:Sell exit signal received
2025-04-23 10:40:16,043 INFO:Entering while loop with trade_count: 2
2025-04-23 10:40:16,124 INFO:Combined historical with live algo:                       timestamp    open    high     low     close  ...          long  buy  sell  buy_exit  sell_exit
0     2025-04-22 09:15:00+05:30  821.10  821.10  817.00    818.80  ...    818.800000  NaN   NaN       NaN        NaN
1     2025-04-22 09:16:00+05:30  818.75  818.75  814.60    814.60  ...    818.668750  NaN   NaN       NaN        NaN
2     2025-04-22 09:17:00+05:30  814.60  816.00  814.00    815.35  ...    818.565039  NaN   NaN       NaN        NaN
3     2025-04-22 09:18:00+05:30  815.30  816.00  814.75    815.50  ...    818.469257  NaN   NaN       NaN        NaN
4     2025-04-22 09:19:00+05:30  815.55  815.75  814.50    814.60  ...    818.348342  NaN   NaN       NaN        NaN
..                          ...     ...     ...     ...       ...  ...           ...  ...   ...       ...        ...
585  2025-04-23 10:40:14.901600     NaN     NaN     NaN  81710.00  ...  80169.201648  NaN   NaN       NaN        NaN
586  2025-04-23 10:40:14.901600     NaN     NaN     NaN  81710.00  ...  80217.351597  NaN   NaN       NaN        NaN
587  2025-04-23 10:40:14.901600     NaN     NaN     NaN  81710.00  ...  80263.996859  NaN   NaN       NaN        NaN
588  2025-04-23 10:40:14.901600     NaN     NaN     NaN  81710.00  ...  80309.184457  NaN   NaN       NaN        NaN
589  2025-04-23 10:40:15.994440     NaN     NaN     NaN  81710.00  ...  80352.959943  NaN   NaN       NaN        NaN

[590 rows x 13 columns]
2025-04-23 10:40:16,127 INFO:Final row: {'timestamp': Timestamp('2025-04-23 10:40:15.994440'), 'open': nan, 'high': nan, 'low': nan, 'close': 81710.0, 'volume': nan, 'short': 81709.74421166722, 'middle': 81705.82703420737, 'long': 80352.95994319243, 'buy': nan, 'sell': nan, 'buy_exit': nan, 'sell_exit': nan}
2025-04-23 10:40:16,127 INFO:Buy exit signal received
2025-04-23 10:40:16,127 INFO:Sell exit signal received
2025-04-23 10:40:16,127 INFO:Entering while loop with trade_count: 2
2025-04-23 10:40:16,211 INFO:Combined historical with live algo:                       timestamp    open    high     low     close  ...          long  buy  sell  buy_exit  sell_exit
0     2025-04-22 09:15:00+05:30  821.10  821.10  817.00    818.80  ...    818.800000  NaN   NaN       NaN        NaN
1     2025-04-22 09:16:00+05:30  818.75  818.75  814.60    814.60  ...    818.668750  NaN   NaN       NaN        NaN
2     2025-04-22 09:17:00+05:30  814.60  816.00  814.00    815.35  ...    818.565039  NaN   NaN       NaN        NaN
3     2025-04-22 09:18:00+05:30  815.30  816.00  814.75    815.50  ...    818.469257  NaN   NaN       NaN        NaN
4     2025-04-22 09:19:00+05:30  815.55  815.75  814.50    814.60  ...    818.348342  NaN   NaN       NaN        NaN
..                          ...     ...     ...     ...       ...  ...           ...  ...   ...       ...        ...
586  2025-04-23 10:40:14.901600     NaN     NaN     NaN  81710.00  ...  80217.351597  NaN   NaN       NaN        NaN
587  2025-04-23 10:40:14.901600     NaN     NaN     NaN  81710.00  ...  80263.996859  NaN   NaN       NaN        NaN
588  2025-04-23 10:40:14.901600     NaN     NaN     NaN  81710.00  ...  80309.184457  NaN   NaN       NaN        NaN
589  2025-04-23 10:40:15.994440     NaN     NaN     NaN  81710.00  ...  80352.959943  NaN   NaN       NaN        NaN
590  2025-04-23 10:40:15.994440     NaN     NaN     NaN  81710.00  ...  80395.367445  NaN   NaN       NaN        NaN

[591 rows x 13 columns]
2025-04-23 10:40:16,211 INFO:Final row: {'timestamp': Timestamp('2025-04-23 10:40:15.994440'), 'open': nan, 'high': nan, 'low': nan, 'close': 81710.0, 'volume': nan, 'short': 81709.82947444482, 'middle': 81706.20639473398, 'long': 80395.36744496766, 'buy': nan, 'sell': nan, 'buy_exit': nan, 'sell_exit': nan}
2025-04-23 10:40:16,211 INFO:Buy exit signal received
2025-04-23 10:40:16,211 INFO:Sell exit signal received
2025-04-23 10:40:16,211 INFO:Entering while loop with trade_count: 2
2025-04-23 10:40:16,281 INFO:Combined historical with live algo:                       timestamp    open    high     low     close  ...          long  buy  sell  buy_exit  sell_exit
0     2025-04-22 09:15:00+05:30  821.10  821.10  817.00    818.80  ...    818.800000  NaN   NaN       NaN        NaN
1     2025-04-22 09:16:00+05:30  818.75  818.75  814.60    814.60  ...    818.668750  NaN   NaN       NaN        NaN
2     2025-04-22 09:17:00+05:30  814.60  816.00  814.00    815.35  ...    818.565039  NaN   NaN       NaN        NaN
3     2025-04-22 09:18:00+05:30  815.30  816.00  814.75    815.50  ...    818.469257  NaN   NaN       NaN        NaN
4     2025-04-22 09:19:00+05:30  815.55  815.75  814.50    814.60  ...    818.348342  NaN   NaN       NaN        NaN
..                          ...     ...     ...     ...       ...  ...           ...  ...   ...       ...        ...
587  2025-04-23 10:40:14.901600     NaN     NaN     NaN  81710.00  ...  80263.996859  NaN   NaN       NaN        NaN
588  2025-04-23 10:40:14.901600     NaN     NaN     NaN  81710.00  ...  80309.184457  NaN   NaN       NaN        NaN
589  2025-04-23 10:40:15.994440     NaN     NaN     NaN  81710.00  ...  80352.959943  NaN   NaN       NaN        NaN
590  2025-04-23 10:40:15.994440     NaN     NaN     NaN  81710.00  ...  80395.367445  NaN   NaN       NaN        NaN
591  2025-04-23 10:40:15.994440     NaN     NaN     NaN  81710.00  ...  80436.449712  NaN   NaN       NaN        NaN

[592 rows x 13 columns]
2025-04-23 10:40:16,281 INFO:Final row: {'timestamp': Timestamp('2025-04-23 10:40:15.994440'), 'open': nan, 'high': nan, 'low': nan, 'close': 81710.0, 'volume': nan, 'short': 81709.88631629656, 'middle': 81706.55126793998, 'long': 80436.44971231242, 'buy': nan, 'sell': nan, 'buy_exit': nan, 'sell_exit': nan}
2025-04-23 10:40:16,281 INFO:Buy exit signal received
2025-04-23 10:40:16,281 INFO:Sell exit signal received
2025-04-23 10:40:16,281 INFO:Entering while loop with trade_count: 2
2025-04-23 10:40:16,335 INFO:Combined historical with live algo:                       timestamp    open    high     low     close  ...          long  buy  sell  buy_exit  sell_exit
0     2025-04-22 09:15:00+05:30  821.10  821.10  817.00    818.80  ...    818.800000  NaN   NaN       NaN        NaN
1     2025-04-22 09:16:00+05:30  818.75  818.75  814.60    814.60  ...    818.668750  NaN   NaN       NaN        NaN
2     2025-04-22 09:17:00+05:30  814.60  816.00  814.00    815.35  ...    818.565039  NaN   NaN       NaN        NaN
3     2025-04-22 09:18:00+05:30  815.30  816.00  814.75    815.50  ...    818.469257  NaN   NaN       NaN        NaN
4     2025-04-22 09:19:00+05:30  815.55  815.75  814.50    814.60  ...    818.348342  NaN   NaN       NaN        NaN
..                          ...     ...     ...     ...       ...  ...           ...  ...   ...       ...        ...
588  2025-04-23 10:40:14.901600     NaN     NaN     NaN  81710.00  ...  80309.184457  NaN   NaN       NaN        NaN
589  2025-04-23 10:40:15.994440     NaN     NaN     NaN  81710.00  ...  80352.959943  NaN   NaN       NaN        NaN
590  2025-04-23 10:40:15.994440     NaN     NaN     NaN  81710.00  ...  80395.367445  NaN   NaN       NaN        NaN
591  2025-04-23 10:40:15.994440     NaN     NaN     NaN  81710.00  ...  80436.449712  NaN   NaN       NaN        NaN
592  2025-04-23 10:40:15.994440     NaN     NaN     NaN  81710.00  ...  80476.248159  NaN   NaN       NaN        NaN

[593 rows x 13 columns]
2025-04-23 10:40:16,335 INFO:Final row: {'timestamp': Timestamp('2025-04-23 10:40:15.994440'), 'open': nan, 'high': nan, 'low': nan, 'close': 81710.0, 'volume': nan, 'short': 81709.92421086438, 'middle': 81706.86478903635, 'long': 80476.24815880266, 'buy': nan, 'sell': nan, 'buy_exit': nan, 'sell_exit': nan}
2025-04-23 10:40:16,335 INFO:Buy exit signal received
2025-04-23 10:40:16,335 INFO:Sell exit signal received
2025-04-23 10:40:16,335 INFO:Entering while loop with trade_count: 2
2025-04-23 10:40:16,383 INFO:Combined historical with live algo:                       timestamp    open    high     low     close  ...          long  buy  sell  buy_exit  sell_exit
0     2025-04-22 09:15:00+05:30  821.10  821.10  817.00    818.80  ...    818.800000  NaN   NaN       NaN        NaN
1     2025-04-22 09:16:00+05:30  818.75  818.75  814.60    814.60  ...    818.668750  NaN   NaN       NaN        NaN
2     2025-04-22 09:17:00+05:30  814.60  816.00  814.00    815.35  ...    818.565039  NaN   NaN       NaN        NaN
3     2025-04-22 09:18:00+05:30  815.30  816.00  814.75    815.50  ...    818.469257  NaN   NaN       NaN        NaN
4     2025-04-22 09:19:00+05:30  815.55  815.75  814.50    814.60  ...    818.348342  NaN   NaN       NaN        NaN
..                          ...     ...     ...     ...       ...  ...           ...  ...   ...       ...        ...
589  2025-04-23 10:40:15.994440     NaN     NaN     NaN  81710.00  ...  80352.959943  NaN   NaN       NaN        NaN
590  2025-04-23 10:40:15.994440     NaN     NaN     NaN  81710.00  ...  80395.367445  NaN   NaN       NaN        NaN
591  2025-04-23 10:40:15.994440     NaN     NaN     NaN  81710.00  ...  80436.449712  NaN   NaN       NaN        NaN
592  2025-04-23 10:40:15.994440     NaN     NaN     NaN  81710.00  ...  80476.248159  NaN   NaN       NaN        NaN
593  2025-04-23 10:40:15.994440     NaN     NaN     NaN  81710.00  ...  80514.802904  NaN   NaN       NaN        NaN

[594 rows x 13 columns]
2025-04-23 10:40:16,392 INFO:Final row: {'timestamp': Timestamp('2025-04-23 10:40:15.994440'), 'open': nan, 'high': nan, 'low': nan, 'close': 81710.0, 'volume': nan, 'short': 81709.9494739096, 'middle': 81707.14980821486, 'long': 80514.80290384007, 'buy': nan, 'sell': nan, 'buy_exit': nan, 'sell_exit': nan}
2025-04-23 10:40:16,392 INFO:Buy exit signal received
2025-04-23 10:40:16,392 INFO:Sell exit signal received
2025-04-23 10:40:16,394 INFO:Entering while loop with trade_count: 2
2025-04-23 10:40:16,459 INFO:Combined historical with live algo:                       timestamp    open    high     low     close  ...          long  buy  sell  buy_exit  sell_exit
0     2025-04-22 09:15:00+05:30  821.10  821.10  817.00    818.80  ...    818.800000  NaN   NaN       NaN        NaN
1     2025-04-22 09:16:00+05:30  818.75  818.75  814.60    814.60  ...    818.668750  NaN   NaN       NaN        NaN
2     2025-04-22 09:17:00+05:30  814.60  816.00  814.00    815.35  ...    818.565039  NaN   NaN       NaN        NaN
3     2025-04-22 09:18:00+05:30  815.30  816.00  814.75    815.50  ...    818.469257  NaN   NaN       NaN        NaN
4     2025-04-22 09:19:00+05:30  815.55  815.75  814.50    814.60  ...    818.348342  NaN   NaN       NaN        NaN
..                          ...     ...     ...     ...       ...  ...           ...  ...   ...       ...        ...
590  2025-04-23 10:40:15.994440     NaN     NaN     NaN  81710.00  ...  80395.367445  NaN   NaN       NaN        NaN
591  2025-04-23 10:40:15.994440     NaN     NaN     NaN  81710.00  ...  80436.449712  NaN   NaN       NaN        NaN
592  2025-04-23 10:40:15.994440     NaN     NaN     NaN  81710.00  ...  80476.248159  NaN   NaN       NaN        NaN
593  2025-04-23 10:40:15.994440     NaN     NaN     NaN  81710.00  ...  80514.802904  NaN   NaN       NaN        NaN
594  2025-04-23 10:40:15.994440     NaN     NaN     NaN  81710.00  ...  80552.152813  NaN   NaN       NaN        NaN

[595 rows x 13 columns]
2025-04-23 10:40:16,460 INFO:Final row: {'timestamp': Timestamp('2025-04-23 10:40:15.994440'), 'open': nan, 'high': nan, 'low': nan, 'close': 81710.0, 'volume': nan, 'short': 81709.96631593973, 'middle': 81707.40891655897, 'long': 80552.15281309508, 'buy': nan, 'sell': nan, 'buy_exit': nan, 'sell_exit': nan}
2025-04-23 10:40:16,461 INFO:Buy exit signal received
2025-04-23 10:40:16,461 INFO:Sell exit signal received
2025-04-23 10:40:16,461 INFO:Entering while loop with trade_count: 2
2025-04-23 10:40:16,533 INFO:Combined historical with live algo:                       timestamp    open    high     low     close  ...          long  buy  sell  buy_exit  sell_exit
0     2025-04-22 09:15:00+05:30  821.10  821.10  817.00    818.80  ...    818.800000  NaN   NaN       NaN        NaN
1     2025-04-22 09:16:00+05:30  818.75  818.75  814.60    814.60  ...    818.668750  NaN   NaN       NaN        NaN
2     2025-04-22 09:17:00+05:30  814.60  816.00  814.00    815.35  ...    818.565039  NaN   NaN       NaN        NaN
3     2025-04-22 09:18:00+05:30  815.30  816.00  814.75    815.50  ...    818.469257  NaN   NaN       NaN        NaN
4     2025-04-22 09:19:00+05:30  815.55  815.75  814.50    814.60  ...    818.348342  NaN   NaN       NaN        NaN
..                          ...     ...     ...     ...       ...  ...           ...  ...   ...       ...        ...
591  2025-04-23 10:40:15.994440     NaN     NaN     NaN  81710.00  ...  80436.449712  NaN   NaN       NaN        NaN
592  2025-04-23 10:40:15.994440     NaN     NaN     NaN  81710.00  ...  80476.248159  NaN   NaN       NaN        NaN
593  2025-04-23 10:40:15.994440     NaN     NaN     NaN  81710.00  ...  80514.802904  NaN   NaN       NaN        NaN
594  2025-04-23 10:40:15.994440     NaN     NaN     NaN  81710.00  ...  80552.152813  NaN   NaN       NaN        NaN
595  2025-04-23 10:40:15.994440     NaN     NaN     NaN  81710.00  ...  80588.335538  NaN   NaN       NaN        NaN

[596 rows x 13 columns]
2025-04-23 10:40:16,533 INFO:Final row: {'timestamp': Timestamp('2025-04-23 10:40:15.994440'), 'open': nan, 'high': nan, 'low': nan, 'close': 81710.0, 'volume': nan, 'short': 81709.97754395983, 'middle': 81707.64446959906, 'long': 80588.33553768585, 'buy': nan, 'sell': nan, 'buy_exit': nan, 'sell_exit': nan}
2025-04-23 10:40:16,533 INFO:Buy exit signal received
2025-04-23 10:40:16,533 INFO:Sell exit signal received
2025-04-23 10:40:16,533 INFO:Entering while loop with trade_count: 2
2025-04-23 10:40:16,604 INFO:Combined historical with live algo:                       timestamp    open    high     low     close  ...          long  buy  sell  buy_exit  sell_exit
0     2025-04-22 09:15:00+05:30  821.10  821.10  817.00    818.80  ...    818.800000  NaN   NaN       NaN        NaN
1     2025-04-22 09:16:00+05:30  818.75  818.75  814.60    814.60  ...    818.668750  NaN   NaN       NaN        NaN
2     2025-04-22 09:17:00+05:30  814.60  816.00  814.00    815.35  ...    818.565039  NaN   NaN       NaN        NaN
3     2025-04-22 09:18:00+05:30  815.30  816.00  814.75    815.50  ...    818.469257  NaN   NaN       NaN        NaN
4     2025-04-22 09:19:00+05:30  815.55  815.75  814.50    814.60  ...    818.348342  NaN   NaN       NaN        NaN
..                          ...     ...     ...     ...       ...  ...           ...  ...   ...       ...        ...
592  2025-04-23 10:40:15.994440     NaN     NaN     NaN  81710.00  ...  80476.248159  NaN   NaN       NaN        NaN
593  2025-04-23 10:40:15.994440     NaN     NaN     NaN  81710.00  ...  80514.802904  NaN   NaN       NaN        NaN
594  2025-04-23 10:40:15.994440     NaN     NaN     NaN  81710.00  ...  80552.152813  NaN   NaN       NaN        NaN
595  2025-04-23 10:40:15.994440     NaN     NaN     NaN  81710.00  ...  80588.335538  NaN   NaN       NaN        NaN
596  2025-04-23 10:40:15.994440     NaN     NaN     NaN  81710.00  ...  80623.387552  NaN   NaN       NaN        NaN

[597 rows x 13 columns]
2025-04-23 10:40:16,604 INFO:Final row: {'timestamp': Timestamp('2025-04-23 10:40:15.994440'), 'open': nan, 'high': nan, 'low': nan, 'close': 81710.0, 'volume': nan, 'short': 81709.98502930655, 'middle': 81707.85860872643, 'long': 80623.38755213316, 'buy': nan, 'sell': nan, 'buy_exit': nan, 'sell_exit': nan}
2025-04-23 10:40:16,604 INFO:Buy exit signal received
2025-04-23 10:40:16,604 INFO:Sell exit signal received
2025-04-23 10:40:16,604 INFO:Entering while loop with trade_count: 2
2025-04-23 10:40:16,700 INFO:Combined historical with live algo:                       timestamp    open    high     low     close  ...          long  buy  sell  buy_exit  sell_exit
0     2025-04-22 09:15:00+05:30  821.10  821.10  817.00    818.80  ...    818.800000  NaN   NaN       NaN        NaN
1     2025-04-22 09:16:00+05:30  818.75  818.75  814.60    814.60  ...    818.668750  NaN   NaN       NaN        NaN
2     2025-04-22 09:17:00+05:30  814.60  816.00  814.00    815.35  ...    818.565039  NaN   NaN       NaN        NaN
3     2025-04-22 09:18:00+05:30  815.30  816.00  814.75    815.50  ...    818.469257  NaN   NaN       NaN        NaN
4     2025-04-22 09:19:00+05:30  815.55  815.75  814.50    814.60  ...    818.348342  NaN   NaN       NaN        NaN
..                          ...     ...     ...     ...       ...  ...           ...  ...   ...       ...        ...
593  2025-04-23 10:40:15.994440     NaN     NaN     NaN  81710.00  ...  80514.802904  NaN   NaN       NaN        NaN
594  2025-04-23 10:40:15.994440     NaN     NaN     NaN  81710.00  ...  80552.152813  NaN   NaN       NaN        NaN
595  2025-04-23 10:40:15.994440     NaN     NaN     NaN  81710.00  ...  80588.335538  NaN   NaN       NaN        NaN
596  2025-04-23 10:40:15.994440     NaN     NaN     NaN  81710.00  ...  80623.387552  NaN   NaN       NaN        NaN
597  2025-04-23 10:40:15.994440     NaN     NaN     NaN  81710.00  ...  80657.344191  NaN   NaN       NaN        NaN

[598 rows x 13 columns]
2025-04-23 10:40:16,700 INFO:Final row: {'timestamp': Timestamp('2025-04-23 10:40:15.994440'), 'open': nan, 'high': nan, 'low': nan, 'close': 81710.0, 'volume': nan, 'short': 81709.99001953771, 'middle': 81708.05328066039, 'long': 80657.344191129, 'buy': nan, 'sell': nan, 'buy_exit': nan, 'sell_exit': nan}
2025-04-23 10:40:16,700 INFO:Buy exit signal received
2025-04-23 10:40:16,700 INFO:Sell exit signal received
2025-04-23 10:40:16,700 INFO:Entering while loop with trade_count: 2
2025-04-23 10:40:16,779 INFO:Combined historical with live algo:                       timestamp    open    high     low     close  ...          long  buy  sell  buy_exit  sell_exit
0     2025-04-22 09:15:00+05:30  821.10  821.10  817.00    818.80  ...    818.800000  NaN   NaN       NaN        NaN
1     2025-04-22 09:16:00+05:30  818.75  818.75  814.60    814.60  ...    818.668750  NaN   NaN       NaN        NaN
2     2025-04-22 09:17:00+05:30  814.60  816.00  814.00    815.35  ...    818.565039  NaN   NaN       NaN        NaN
3     2025-04-22 09:18:00+05:30  815.30  816.00  814.75    815.50  ...    818.469257  NaN   NaN       NaN        NaN
4     2025-04-22 09:19:00+05:30  815.55  815.75  814.50    814.60  ...    818.348342  NaN   NaN       NaN        NaN
..                          ...     ...     ...     ...       ...  ...           ...  ...   ...       ...        ...
594  2025-04-23 10:40:15.994440     NaN     NaN     NaN  81710.00  ...  80552.152813  NaN   NaN       NaN        NaN
595  2025-04-23 10:40:15.994440     NaN     NaN     NaN  81710.00  ...  80588.335538  NaN   NaN       NaN        NaN
596  2025-04-23 10:40:15.994440     NaN     NaN     NaN  81710.00  ...  80623.387552  NaN   NaN       NaN        NaN
597  2025-04-23 10:40:15.994440     NaN     NaN     NaN  81710.00  ...  80657.344191  NaN   NaN       NaN        NaN
598  2025-04-23 10:40:15.994440     NaN     NaN     NaN  81710.00  ...  80690.239685  NaN   NaN       NaN        NaN

[599 rows x 13 columns]
2025-04-23 10:40:16,780 INFO:Final row: {'timestamp': Timestamp('2025-04-23 10:40:15.994440'), 'open': nan, 'high': nan, 'low': nan, 'close': 81710.0, 'volume': nan, 'short': 81709.99334635847, 'middle': 81708.23025514581, 'long': 80690.23968515622, 'buy': nan, 'sell': nan, 'buy_exit': nan, 'sell_exit': nan}
2025-04-23 10:40:16,780 INFO:Buy exit signal received
2025-04-23 10:40:16,780 INFO:Sell exit signal received
2025-04-23 10:40:16,780 INFO:Entering while loop with trade_count: 2
2025-04-23 10:40:16,847 INFO:Combined historical with live algo:                       timestamp    open    high     low     close  ...          long  buy  sell  buy_exit  sell_exit
0     2025-04-22 09:15:00+05:30  821.10  821.10  817.00    818.80  ...    818.800000  NaN   NaN       NaN        NaN
1     2025-04-22 09:16:00+05:30  818.75  818.75  814.60    814.60  ...    818.668750  NaN   NaN       NaN        NaN
2     2025-04-22 09:17:00+05:30  814.60  816.00  814.00    815.35  ...    818.565039  NaN   NaN       NaN        NaN
3     2025-04-22 09:18:00+05:30  815.30  816.00  814.75    815.50  ...    818.469257  NaN   NaN       NaN        NaN
4     2025-04-22 09:19:00+05:30  815.55  815.75  814.50    814.60  ...    818.348342  NaN   NaN       NaN        NaN
..                          ...     ...     ...     ...       ...  ...           ...  ...   ...       ...        ...
595  2025-04-23 10:40:15.994440     NaN     NaN     NaN  81710.00  ...  80588.335538  NaN   NaN       NaN        NaN
596  2025-04-23 10:40:15.994440     NaN     NaN     NaN  81710.00  ...  80623.387552  NaN   NaN       NaN        NaN
597  2025-04-23 10:40:15.994440     NaN     NaN     NaN  81710.00  ...  80657.344191  NaN   NaN       NaN        NaN
598  2025-04-23 10:40:15.994440     NaN     NaN     NaN  81710.00  ...  80690.239685  NaN   NaN       NaN        NaN
599  2025-04-23 10:40:15.994440     NaN     NaN     NaN  81710.00  ...  80722.107195  NaN   NaN       NaN        NaN

[600 rows x 13 columns]
2025-04-23 10:40:16,857 INFO:Final row: {'timestamp': Timestamp('2025-04-23 10:40:15.994440'), 'open': nan, 'high': nan, 'low': nan, 'close': 81710.0, 'volume': nan, 'short': 81709.99556423898, 'middle': 81708.39114104165, 'long': 80722.10719499509, 'buy': nan, 'sell': nan, 'buy_exit': nan, 'sell_exit': nan}
2025-04-23 10:40:16,857 INFO:Buy exit signal received
2025-04-23 10:40:16,857 INFO:Sell exit signal received
2025-04-23 10:40:16,857 INFO:Entering while loop with trade_count: 2
2025-04-23 10:40:16,928 INFO:Combined historical with live algo:                       timestamp    open    high     low     close  ...          long  buy  sell  buy_exit  sell_exit
0     2025-04-22 09:15:00+05:30  821.10  821.10  817.00    818.80  ...    818.800000  NaN   NaN       NaN        NaN
1     2025-04-22 09:16:00+05:30  818.75  818.75  814.60    814.60  ...    818.668750  NaN   NaN       NaN        NaN
2     2025-04-22 09:17:00+05:30  814.60  816.00  814.00    815.35  ...    818.565039  NaN   NaN       NaN        NaN
3     2025-04-22 09:18:00+05:30  815.30  816.00  814.75    815.50  ...    818.469257  NaN   NaN       NaN        NaN
4     2025-04-22 09:19:00+05:30  815.55  815.75  814.50    814.60  ...    818.348342  NaN   NaN       NaN        NaN
..                          ...     ...     ...     ...       ...  ...           ...  ...   ...       ...        ...
596  2025-04-23 10:40:15.994440     NaN     NaN     NaN  81710.00  ...  80623.387552  NaN   NaN       NaN        NaN
597  2025-04-23 10:40:15.994440     NaN     NaN     NaN  81710.00  ...  80657.344191  NaN   NaN       NaN        NaN
598  2025-04-23 10:40:15.994440     NaN     NaN     NaN  81710.00  ...  80690.239685  NaN   NaN       NaN        NaN
599  2025-04-23 10:40:15.994440     NaN     NaN     NaN  81710.00  ...  80722.107195  NaN   NaN       NaN        NaN
600  2025-04-23 10:40:15.994440     NaN     NaN     NaN  81710.00  ...  80752.978845  NaN   NaN       NaN        NaN

[601 rows x 13 columns]
2025-04-23 10:40:16,934 INFO:Final row: {'timestamp': Timestamp('2025-04-23 10:40:15.994440'), 'open': nan, 'high': nan, 'low': nan, 'close': 81710.0, 'volume': nan, 'short': 81709.997042826, 'middle': 81708.53740094695, 'long': 80752.97884515149, 'buy': nan, 'sell': nan, 'buy_exit': nan, 'sell_exit': nan}
2025-04-23 10:40:16,934 INFO:Buy exit signal received
2025-04-23 10:40:16,934 INFO:Sell exit signal received
2025-04-23 10:40:16,934 INFO:Entering while loop with trade_count: 2
2025-04-23 10:40:17,000 INFO:Combined historical with live algo:                       timestamp    open    high     low     close  ...          long  buy  sell  buy_exit  sell_exit
0     2025-04-22 09:15:00+05:30  821.10  821.10  817.00    818.80  ...    818.800000  NaN   NaN       NaN        NaN
1     2025-04-22 09:16:00+05:30  818.75  818.75  814.60    814.60  ...    818.668750  NaN   NaN       NaN        NaN
2     2025-04-22 09:17:00+05:30  814.60  816.00  814.00    815.35  ...    818.565039  NaN   NaN       NaN        NaN
3     2025-04-22 09:18:00+05:30  815.30  816.00  814.75    815.50  ...    818.469257  NaN   NaN       NaN        NaN
4     2025-04-22 09:19:00+05:30  815.55  815.75  814.50    814.60  ...    818.348342  NaN   NaN       NaN        NaN
..                          ...     ...     ...     ...       ...  ...           ...  ...   ...       ...        ...
597  2025-04-23 10:40:15.994440     NaN     NaN     NaN  81710.00  ...  80657.344191  NaN   NaN       NaN        NaN
598  2025-04-23 10:40:15.994440     NaN     NaN     NaN  81710.00  ...  80690.239685  NaN   NaN       NaN        NaN
599  2025-04-23 10:40:15.994440     NaN     NaN     NaN  81710.00  ...  80722.107195  NaN   NaN       NaN        NaN
600  2025-04-23 10:40:15.994440     NaN     NaN     NaN  81710.00  ...  80752.978845  NaN   NaN       NaN        NaN
601  2025-04-23 10:40:15.994440     NaN     NaN     NaN  81710.00  ...  80782.885756  NaN   NaN       NaN        NaN

[602 rows x 13 columns]
2025-04-23 10:40:17,000 INFO:Final row: {'timestamp': Timestamp('2025-04-23 10:40:15.994440'), 'open': nan, 'high': nan, 'low': nan, 'close': 81710.0, 'volume': nan, 'short': 81709.99802855068, 'middle': 81708.67036449723, 'long': 80782.8857562405, 'buy': nan, 'sell': nan, 'buy_exit': nan, 'sell_exit': nan}
2025-04-23 10:40:17,000 INFO:Buy exit signal received
2025-04-23 10:40:17,000 INFO:Sell exit signal received
2025-04-23 10:40:17,000 INFO:Entering while loop with trade_count: 2
2025-04-23 10:40:17,062 INFO:Combined historical with live algo:                       timestamp    open    high     low     close  ...          long  buy  sell  buy_exit  sell_exit
0     2025-04-22 09:15:00+05:30  821.10  821.10  817.00    818.80  ...    818.800000  NaN   NaN       NaN        NaN
1     2025-04-22 09:16:00+05:30  818.75  818.75  814.60    814.60  ...    818.668750  NaN   NaN       NaN        NaN
2     2025-04-22 09:17:00+05:30  814.60  816.00  814.00    815.35  ...    818.565039  NaN   NaN       NaN        NaN
3     2025-04-22 09:18:00+05:30  815.30  816.00  814.75    815.50  ...    818.469257  NaN   NaN       NaN        NaN
4     2025-04-22 09:19:00+05:30  815.55  815.75  814.50    814.60  ...    818.348342  NaN   NaN       NaN        NaN
..                          ...     ...     ...     ...       ...  ...           ...  ...   ...       ...        ...
598  2025-04-23 10:40:15.994440     NaN     NaN     NaN  81710.00  ...  80690.239685  NaN   NaN       NaN        NaN
599  2025-04-23 10:40:15.994440     NaN     NaN     NaN  81710.00  ...  80722.107195  NaN   NaN       NaN        NaN
600  2025-04-23 10:40:15.994440     NaN     NaN     NaN  81710.00  ...  80752.978845  NaN   NaN       NaN        NaN
601  2025-04-23 10:40:15.994440     NaN     NaN     NaN  81710.00  ...  80782.885756  NaN   NaN       NaN        NaN
602  2025-04-23 10:40:16.995381     NaN     NaN     NaN  81710.00  ...  80811.858076  NaN   NaN       NaN        NaN

[603 rows x 13 columns]
2025-04-23 10:40:17,062 INFO:Final row: {'timestamp': Timestamp('2025-04-23 10:40:16.995381'), 'open': nan, 'high': nan, 'low': nan, 'close': 81710.0, 'volume': nan, 'short': 81709.99868570046, 'middle': 81708.79124045203, 'long': 80811.85807635798, 'buy': nan, 'sell': nan, 'buy_exit': nan, 'sell_exit': nan}
2025-04-23 10:40:17,062 INFO:Buy exit signal received
2025-04-23 10:40:17,062 INFO:Sell exit signal received
2025-04-23 10:40:17,062 INFO:Entering while loop with trade_count: 2
2025-04-23 10:40:17,119 INFO:Combined historical with live algo:                       timestamp    open    high     low     close  ...          long  buy  sell  buy_exit  sell_exit
0     2025-04-22 09:15:00+05:30  821.10  821.10  817.00    818.80  ...    818.800000  NaN   NaN       NaN        NaN
1     2025-04-22 09:16:00+05:30  818.75  818.75  814.60    814.60  ...    818.668750  NaN   NaN       NaN        NaN
2     2025-04-22 09:17:00+05:30  814.60  816.00  814.00    815.35  ...    818.565039  NaN   NaN       NaN        NaN
3     2025-04-22 09:18:00+05:30  815.30  816.00  814.75    815.50  ...    818.469257  NaN   NaN       NaN        NaN
4     2025-04-22 09:19:00+05:30  815.55  815.75  814.50    814.60  ...    818.348342  NaN   NaN       NaN        NaN
..                          ...     ...     ...     ...       ...  ...           ...  ...   ...       ...        ...
599  2025-04-23 10:40:15.994440     NaN     NaN     NaN  81710.00  ...  80722.107195  NaN   NaN       NaN        NaN
600  2025-04-23 10:40:15.994440     NaN     NaN     NaN  81710.00  ...  80752.978845  NaN   NaN       NaN        NaN
601  2025-04-23 10:40:15.994440     NaN     NaN     NaN  81710.00  ...  80782.885756  NaN   NaN       NaN        NaN
602  2025-04-23 10:40:16.995381     NaN     NaN     NaN  81710.00  ...  80811.858076  NaN   NaN       NaN        NaN
603  2025-04-23 10:40:16.995381     NaN     NaN     NaN  81710.00  ...  80839.925011  NaN   NaN       NaN        NaN

[604 rows x 13 columns]
2025-04-23 10:40:17,119 INFO:Final row: {'timestamp': Timestamp('2025-04-23 10:40:16.995381'), 'open': nan, 'high': nan, 'low': nan, 'close': 81710.0, 'volume': nan, 'short': 81709.99912380031, 'middle': 81708.90112768367, 'long': 80839.92501147179, 'buy': nan, 'sell': nan, 'buy_exit': nan, 'sell_exit': nan}
2025-04-23 10:40:17,119 INFO:Buy exit signal received
2025-04-23 10:40:17,119 INFO:Sell exit signal received
2025-04-23 10:40:17,119 INFO:Entering while loop with trade_count: 2
2025-04-23 10:40:17,200 INFO:Combined historical with live algo:                       timestamp    open    high     low     close  ...          long  buy  sell  buy_exit  sell_exit
0     2025-04-22 09:15:00+05:30  821.10  821.10  817.00    818.80  ...    818.800000  NaN   NaN       NaN        NaN
1     2025-04-22 09:16:00+05:30  818.75  818.75  814.60    814.60  ...    818.668750  NaN   NaN       NaN        NaN
2     2025-04-22 09:17:00+05:30  814.60  816.00  814.00    815.35  ...    818.565039  NaN   NaN       NaN        NaN
3     2025-04-22 09:18:00+05:30  815.30  816.00  814.75    815.50  ...    818.469257  NaN   NaN       NaN        NaN
4     2025-04-22 09:19:00+05:30  815.55  815.75  814.50    814.60  ...    818.348342  NaN   NaN       NaN        NaN
..                          ...     ...     ...     ...       ...  ...           ...  ...   ...       ...        ...
600  2025-04-23 10:40:15.994440     NaN     NaN     NaN  81710.00  ...  80752.978845  NaN   NaN       NaN        NaN
601  2025-04-23 10:40:15.994440     NaN     NaN     NaN  81710.00  ...  80782.885756  NaN   NaN       NaN        NaN
602  2025-04-23 10:40:16.995381     NaN     NaN     NaN  81710.00  ...  80811.858076  NaN   NaN       NaN        NaN
603  2025-04-23 10:40:16.995381     NaN     NaN     NaN  81710.00  ...  80839.925011  NaN   NaN       NaN        NaN
604  2025-04-23 10:40:16.995381     NaN     NaN     NaN  81710.00  ...  80867.114855  NaN   NaN       NaN        NaN

[605 rows x 13 columns]
2025-04-23 10:40:17,200 INFO:Final row: {'timestamp': Timestamp('2025-04-23 10:40:16.995381'), 'open': nan, 'high': nan, 'low': nan, 'close': 81710.0, 'volume': nan, 'short': 81709.99941586689, 'middle': 81709.00102516697, 'long': 80867.11485486329, 'buy': nan, 'sell': nan, 'buy_exit': nan, 'sell_exit': nan}
2025-04-23 10:40:17,200 INFO:Buy exit signal received
2025-04-23 10:40:17,200 INFO:Sell exit signal received
2025-04-23 10:40:17,200 INFO:Entering while loop with trade_count: 2
2025-04-23 10:40:17,245 INFO:Combined historical with live algo:                       timestamp    open    high     low     close  ...          long  buy  sell  buy_exit  sell_exit
0     2025-04-22 09:15:00+05:30  821.10  821.10  817.00    818.80  ...    818.800000  NaN   NaN       NaN        NaN
1     2025-04-22 09:16:00+05:30  818.75  818.75  814.60    814.60  ...    818.668750  NaN   NaN       NaN        NaN
2     2025-04-22 09:17:00+05:30  814.60  816.00  814.00    815.35  ...    818.565039  NaN   NaN       NaN        NaN
3     2025-04-22 09:18:00+05:30  815.30  816.00  814.75    815.50  ...    818.469257  NaN   NaN       NaN        NaN
4     2025-04-22 09:19:00+05:30  815.55  815.75  814.50    814.60  ...    818.348342  NaN   NaN       NaN        NaN
..                          ...     ...     ...     ...       ...  ...           ...  ...   ...       ...        ...
601  2025-04-23 10:40:15.994440     NaN     NaN     NaN  81710.00  ...  80782.885756  NaN   NaN       NaN        NaN
602  2025-04-23 10:40:16.995381     NaN     NaN     NaN  81710.00  ...  80811.858076  NaN   NaN       NaN        NaN
603  2025-04-23 10:40:16.995381     NaN     NaN     NaN  81710.00  ...  80839.925011  NaN   NaN       NaN        NaN
604  2025-04-23 10:40:16.995381     NaN     NaN     NaN  81710.00  ...  80867.114855  NaN   NaN       NaN        NaN
605  2025-04-23 10:40:16.995381     NaN     NaN     NaN  81710.00  ...  80893.455016  NaN   NaN       NaN        NaN

[606 rows x 13 columns]
2025-04-23 10:40:17,256 INFO:Final row: {'timestamp': Timestamp('2025-04-23 10:40:16.995381'), 'open': nan, 'high': nan, 'low': nan, 'close': 81710.0, 'volume': nan, 'short': 81709.99961057793, 'middle': 81709.09184106089, 'long': 80893.45501564881, 'buy': nan, 'sell': nan, 'buy_exit': nan, 'sell_exit': nan}
2025-04-23 10:40:17,256 INFO:Buy exit signal received
2025-04-23 10:40:17,256 INFO:Sell exit signal received
2025-04-23 10:40:17,256 INFO:Entering while loop with trade_count: 2
2025-04-23 10:40:17,306 INFO:Combined historical with live algo:                       timestamp    open    high     low     close  ...          long  buy  sell  buy_exit  sell_exit
0     2025-04-22 09:15:00+05:30  821.10  821.10  817.00    818.80  ...    818.800000  NaN   NaN       NaN        NaN
1     2025-04-22 09:16:00+05:30  818.75  818.75  814.60    814.60  ...    818.668750  NaN   NaN       NaN        NaN
2     2025-04-22 09:17:00+05:30  814.60  816.00  814.00    815.35  ...    818.565039  NaN   NaN       NaN        NaN
3     2025-04-22 09:18:00+05:30  815.30  816.00  814.75    815.50  ...    818.469257  NaN   NaN       NaN        NaN
4     2025-04-22 09:19:00+05:30  815.55  815.75  814.50    814.60  ...    818.348342  NaN   NaN       NaN        NaN
..                          ...     ...     ...     ...       ...  ...           ...  ...   ...       ...        ...
602  2025-04-23 10:40:16.995381     NaN     NaN     NaN  81710.00  ...  80811.858076  NaN   NaN       NaN        NaN
603  2025-04-23 10:40:16.995381     NaN     NaN     NaN  81710.00  ...  80839.925011  NaN   NaN       NaN        NaN
604  2025-04-23 10:40:16.995381     NaN     NaN     NaN  81710.00  ...  80867.114855  NaN   NaN       NaN        NaN
605  2025-04-23 10:40:16.995381     NaN     NaN     NaN  81710.00  ...  80893.455016  NaN   NaN       NaN        NaN
606  2025-04-23 10:40:16.995381     NaN     NaN     NaN  81710.00  ...  80918.972046  NaN   NaN       NaN        NaN

[607 rows x 13 columns]
2025-04-23 10:40:17,306 INFO:Final row: {'timestamp': Timestamp('2025-04-23 10:40:16.995381'), 'open': nan, 'high': nan, 'low': nan, 'close': 81710.0, 'volume': nan, 'short': 81709.99974038529, 'middle': 81709.17440096445, 'long': 80918.97204640979, 'buy': nan, 'sell': nan, 'buy_exit': nan, 'sell_exit': nan}
2025-04-23 10:40:17,306 INFO:Buy exit signal received
2025-04-23 10:40:17,306 INFO:Sell exit signal received
2025-04-23 10:40:17,309 INFO:Entering while loop with trade_count: 2
2025-04-23 10:40:17,351 INFO:Combined historical with live algo:                       timestamp    open    high     low     close  ...          long  buy  sell  buy_exit  sell_exit
0     2025-04-22 09:15:00+05:30  821.10  821.10  817.00    818.80  ...    818.800000  NaN   NaN       NaN        NaN
1     2025-04-22 09:16:00+05:30  818.75  818.75  814.60    814.60  ...    818.668750  NaN   NaN       NaN        NaN
2     2025-04-22 09:17:00+05:30  814.60  816.00  814.00    815.35  ...    818.565039  NaN   NaN       NaN        NaN
3     2025-04-22 09:18:00+05:30  815.30  816.00  814.75    815.50  ...    818.469257  NaN   NaN       NaN        NaN
4     2025-04-22 09:19:00+05:30  815.55  815.75  814.50    814.60  ...    818.348342  NaN   NaN       NaN        NaN
..                          ...     ...     ...     ...       ...  ...           ...  ...   ...       ...        ...
603  2025-04-23 10:40:16.995381     NaN     NaN     NaN  81710.00  ...  80839.925011  NaN   NaN       NaN        NaN
604  2025-04-23 10:40:16.995381     NaN     NaN     NaN  81710.00  ...  80867.114855  NaN   NaN       NaN        NaN
605  2025-04-23 10:40:16.995381     NaN     NaN     NaN  81710.00  ...  80893.455016  NaN   NaN       NaN        NaN
606  2025-04-23 10:40:16.995381     NaN     NaN     NaN  81710.00  ...  80918.972046  NaN   NaN       NaN        NaN
607  2025-04-23 10:40:16.995381     NaN     NaN     NaN  81710.00  ...  80943.691670  NaN   NaN       NaN        NaN

[608 rows x 13 columns]
2025-04-23 10:40:17,351 INFO:Final row: {'timestamp': Timestamp('2025-04-23 10:40:16.995381'), 'open': nan, 'high': nan, 'low': nan, 'close': 81710.0, 'volume': nan, 'short': 81709.99982692354, 'middle': 81709.24945542222, 'long': 80943.69166995949, 'buy': nan, 'sell': nan, 'buy_exit': nan, 'sell_exit': nan}
2025-04-23 10:40:17,351 INFO:Buy exit signal received
2025-04-23 10:40:17,351 INFO:Sell exit signal received
2025-04-23 10:40:17,351 INFO:Entering while loop with trade_count: 2
2025-04-23 10:40:17,408 INFO:Combined historical with live algo:                       timestamp    open    high     low     close  ...          long  buy  sell  buy_exit  sell_exit
0     2025-04-22 09:15:00+05:30  821.10  821.10  817.00    818.80  ...    818.800000  NaN   NaN       NaN        NaN
1     2025-04-22 09:16:00+05:30  818.75  818.75  814.60    814.60  ...    818.668750  NaN   NaN       NaN        NaN
2     2025-04-22 09:17:00+05:30  814.60  816.00  814.00    815.35  ...    818.565039  NaN   NaN       NaN        NaN
3     2025-04-22 09:18:00+05:30  815.30  816.00  814.75    815.50  ...    818.469257  NaN   NaN       NaN        NaN
4     2025-04-22 09:19:00+05:30  815.55  815.75  814.50    814.60  ...    818.348342  NaN   NaN       NaN        NaN
..                          ...     ...     ...     ...       ...  ...           ...  ...   ...       ...        ...
604  2025-04-23 10:40:16.995381     NaN     NaN     NaN  81710.00  ...  80867.114855  NaN   NaN       NaN        NaN
605  2025-04-23 10:40:16.995381     NaN     NaN     NaN  81710.00  ...  80893.455016  NaN   NaN       NaN        NaN
606  2025-04-23 10:40:16.995381     NaN     NaN     NaN  81710.00  ...  80918.972046  NaN   NaN       NaN        NaN
607  2025-04-23 10:40:16.995381     NaN     NaN     NaN  81710.00  ...  80943.691670  NaN   NaN       NaN        NaN
608  2025-04-23 10:40:16.995381     NaN     NaN     NaN  81710.00  ...  80967.638805  NaN   NaN       NaN        NaN

[609 rows x 13 columns]
2025-04-23 10:40:17,408 INFO:Final row: {'timestamp': Timestamp('2025-04-23 10:40:16.995381'), 'open': nan, 'high': nan, 'low': nan, 'close': 81710.0, 'volume': nan, 'short': 81709.9998846157, 'middle': 81709.31768674748, 'long': 80967.63880527325, 'buy': nan, 'sell': nan, 'buy_exit': nan, 'sell_exit': nan}
2025-04-23 10:40:17,408 INFO:Buy exit signal received
2025-04-23 10:40:17,408 INFO:Sell exit signal received
2025-04-23 10:40:17,408 INFO:Entering while loop with trade_count: 2
2025-04-23 10:40:17,460 INFO:Combined historical with live algo:                       timestamp    open    high     low     close  ...          long  buy  sell  buy_exit  sell_exit
0     2025-04-22 09:15:00+05:30  821.10  821.10  817.00    818.80  ...    818.800000  NaN   NaN       NaN        NaN
1     2025-04-22 09:16:00+05:30  818.75  818.75  814.60    814.60  ...    818.668750  NaN   NaN       NaN        NaN
2     2025-04-22 09:17:00+05:30  814.60  816.00  814.00    815.35  ...    818.565039  NaN   NaN       NaN        NaN
3     2025-04-22 09:18:00+05:30  815.30  816.00  814.75    815.50  ...    818.469257  NaN   NaN       NaN        NaN
4     2025-04-22 09:19:00+05:30  815.55  815.75  814.50    814.60  ...    818.348342  NaN   NaN       NaN        NaN
..                          ...     ...     ...     ...       ...  ...           ...  ...   ...       ...        ...
605  2025-04-23 10:40:16.995381     NaN     NaN     NaN  81710.00  ...  80893.455016  NaN   NaN       NaN        NaN
606  2025-04-23 10:40:16.995381     NaN     NaN     NaN  81710.00  ...  80918.972046  NaN   NaN       NaN        NaN
607  2025-04-23 10:40:16.995381     NaN     NaN     NaN  81710.00  ...  80943.691670  NaN   NaN       NaN        NaN
608  2025-04-23 10:40:16.995381     NaN     NaN     NaN  81710.00  ...  80967.638805  NaN   NaN       NaN        NaN
609  2025-04-23 10:40:16.995381     NaN     NaN     NaN  81710.00  ...  80990.837593  NaN   NaN       NaN        NaN

[610 rows x 13 columns]
2025-04-23 10:40:17,460 INFO:Final row: {'timestamp': Timestamp('2025-04-23 10:40:16.995381'), 'open': nan, 'high': nan, 'low': nan, 'close': 81710.0, 'volume': nan, 'short': 81709.99992307714, 'middle': 81709.37971522499, 'long': 80990.83759260846, 'buy': nan, 'sell': nan, 'buy_exit': nan, 'sell_exit': nan}
2025-04-23 10:40:17,460 INFO:Buy exit signal received
2025-04-23 10:40:17,460 INFO:Sell exit signal received
2025-04-23 10:40:17,460 INFO:Entering while loop with trade_count: 2
2025-04-23 10:40:17,528 INFO:Combined historical with live algo:                       timestamp    open    high     low     close  ...          long  buy  sell  buy_exit  sell_exit
0     2025-04-22 09:15:00+05:30  821.10  821.10  817.00    818.80  ...    818.800000  NaN   NaN       NaN        NaN
1     2025-04-22 09:16:00+05:30  818.75  818.75  814.60    814.60  ...    818.668750  NaN   NaN       NaN        NaN
2     2025-04-22 09:17:00+05:30  814.60  816.00  814.00    815.35  ...    818.565039  NaN   NaN       NaN        NaN
3     2025-04-22 09:18:00+05:30  815.30  816.00  814.75    815.50  ...    818.469257  NaN   NaN       NaN        NaN
4     2025-04-22 09:19:00+05:30  815.55  815.75  814.50    814.60  ...    818.348342  NaN   NaN       NaN        NaN
..                          ...     ...     ...     ...       ...  ...           ...  ...   ...       ...        ...
606  2025-04-23 10:40:16.995381     NaN     NaN     NaN  81710.00  ...  80918.972046  NaN   NaN       NaN        NaN
607  2025-04-23 10:40:16.995381     NaN     NaN     NaN  81710.00  ...  80943.691670  NaN   NaN       NaN        NaN
608  2025-04-23 10:40:16.995381     NaN     NaN     NaN  81710.00  ...  80967.638805  NaN   NaN       NaN        NaN
609  2025-04-23 10:40:16.995381     NaN     NaN     NaN  81710.00  ...  80990.837593  NaN   NaN       NaN        NaN
610  2025-04-23 10:40:16.995381     NaN     NaN     NaN  81710.00  ...  81013.311418  NaN   NaN       NaN        NaN

[611 rows x 13 columns]
2025-04-23 10:40:17,529 INFO:Final row: {'timestamp': Timestamp('2025-04-23 10:40:16.995381'), 'open': nan, 'high': nan, 'low': nan, 'close': 81710.0, 'volume': nan, 'short': 81709.99994871809, 'middle': 81709.43610475, 'long': 81013.31141783945, 'buy': nan, 'sell': nan, 'buy_exit': nan, 'sell_exit': nan}
2025-04-23 10:40:17,529 INFO:Buy exit signal received
2025-04-23 10:40:17,529 INFO:Sell exit signal received
2025-04-23 10:40:17,529 INFO:Entering while loop with trade_count: 2
2025-04-23 10:40:17,628 INFO:Combined historical with live algo:                       timestamp    open    high     low     close  ...          long  buy  sell  buy_exit  sell_exit
0     2025-04-22 09:15:00+05:30  821.10  821.10  817.00    818.80  ...    818.800000  NaN   NaN       NaN        NaN
1     2025-04-22 09:16:00+05:30  818.75  818.75  814.60    814.60  ...    818.668750  NaN   NaN       NaN        NaN
2     2025-04-22 09:17:00+05:30  814.60  816.00  814.00    815.35  ...    818.565039  NaN   NaN       NaN        NaN
3     2025-04-22 09:18:00+05:30  815.30  816.00  814.75    815.50  ...    818.469257  NaN   NaN       NaN        NaN
4     2025-04-22 09:19:00+05:30  815.55  815.75  814.50    814.60  ...    818.348342  NaN   NaN       NaN        NaN
..                          ...     ...     ...     ...       ...  ...           ...  ...   ...       ...        ...
607  2025-04-23 10:40:16.995381     NaN     NaN     NaN  81710.00  ...  80943.691670  NaN   NaN       NaN        NaN
608  2025-04-23 10:40:16.995381     NaN     NaN     NaN  81710.00  ...  80967.638805  NaN   NaN       NaN        NaN
609  2025-04-23 10:40:16.995381     NaN     NaN     NaN  81710.00  ...  80990.837593  NaN   NaN       NaN        NaN
610  2025-04-23 10:40:16.995381     NaN     NaN     NaN  81710.00  ...  81013.311418  NaN   NaN       NaN        NaN
611  2025-04-23 10:40:16.995381     NaN     NaN     NaN  81710.00  ...  81035.082936  NaN   NaN       NaN        NaN

[612 rows x 13 columns]
2025-04-23 10:40:17,628 INFO:Final row: {'timestamp': Timestamp('2025-04-23 10:40:16.995381'), 'open': nan, 'high': nan, 'low': nan, 'close': 81710.0, 'volume': nan, 'short': 81709.99996581207, 'middle': 81709.48736795454, 'long': 81035.08293603196, 'buy': nan, 'sell': nan, 'buy_exit': nan, 'sell_exit': nan}
2025-04-23 10:40:17,628 INFO:Buy exit signal received
2025-04-23 10:40:17,628 INFO:Sell exit signal received
2025-04-23 10:40:17,628 INFO:Entering while loop with trade_count: 2
2025-04-23 10:40:17,690 INFO:Combined historical with live algo:                       timestamp    open    high     low     close  ...          long  buy  sell  buy_exit  sell_exit
0     2025-04-22 09:15:00+05:30  821.10  821.10  817.00    818.80  ...    818.800000  NaN   NaN       NaN        NaN
1     2025-04-22 09:16:00+05:30  818.75  818.75  814.60    814.60  ...    818.668750  NaN   NaN       NaN        NaN
2     2025-04-22 09:17:00+05:30  814.60  816.00  814.00    815.35  ...    818.565039  NaN   NaN       NaN        NaN
3     2025-04-22 09:18:00+05:30  815.30  816.00  814.75    815.50  ...    818.469257  NaN   NaN       NaN        NaN
4     2025-04-22 09:19:00+05:30  815.55  815.75  814.50    814.60  ...    818.348342  NaN   NaN       NaN        NaN
..                          ...     ...     ...     ...       ...  ...           ...  ...   ...       ...        ...
608  2025-04-23 10:40:16.995381     NaN     NaN     NaN  81710.00  ...  80967.638805  NaN   NaN       NaN        NaN
609  2025-04-23 10:40:16.995381     NaN     NaN     NaN  81710.00  ...  80990.837593  NaN   NaN       NaN        NaN
610  2025-04-23 10:40:16.995381     NaN     NaN     NaN  81710.00  ...  81013.311418  NaN   NaN       NaN        NaN
611  2025-04-23 10:40:16.995381     NaN     NaN     NaN  81710.00  ...  81035.082936  NaN   NaN       NaN        NaN
612  2025-04-23 10:40:16.995381     NaN     NaN     NaN  81710.00  ...  81056.174094  NaN   NaN       NaN        NaN

[613 rows x 13 columns]
2025-04-23 10:40:17,692 INFO:Final row: {'timestamp': Timestamp('2025-04-23 10:40:16.995381'), 'open': nan, 'high': nan, 'low': nan, 'close': 81710.0, 'volume': nan, 'short': 81709.99997720805, 'middle': 81709.53397086776, 'long': 81056.17409428097, 'buy': nan, 'sell': nan, 'buy_exit': nan, 'sell_exit': nan}
2025-04-23 10:40:17,692 INFO:Buy exit signal received
2025-04-23 10:40:17,692 INFO:Sell exit signal received
2025-04-23 10:40:17,692 INFO:Entering while loop with trade_count: 2
2025-04-23 10:40:17,741 INFO:Combined historical with live algo:                       timestamp    open    high     low     close  ...          long  buy  sell  buy_exit  sell_exit
0     2025-04-22 09:15:00+05:30  821.10  821.10  817.00    818.80  ...    818.800000  NaN   NaN       NaN        NaN
1     2025-04-22 09:16:00+05:30  818.75  818.75  814.60    814.60  ...    818.668750  NaN   NaN       NaN        NaN
2     2025-04-22 09:17:00+05:30  814.60  816.00  814.00    815.35  ...    818.565039  NaN   NaN       NaN        NaN
3     2025-04-22 09:18:00+05:30  815.30  816.00  814.75    815.50  ...    818.469257  NaN   NaN       NaN        NaN
4     2025-04-22 09:19:00+05:30  815.55  815.75  814.50    814.60  ...    818.348342  NaN   NaN       NaN        NaN
..                          ...     ...     ...     ...       ...  ...           ...  ...   ...       ...        ...
609  2025-04-23 10:40:16.995381     NaN     NaN     NaN  81710.00  ...  80990.837593  NaN   NaN       NaN        NaN
610  2025-04-23 10:40:16.995381     NaN     NaN     NaN  81710.00  ...  81013.311418  NaN   NaN       NaN        NaN
611  2025-04-23 10:40:16.995381     NaN     NaN     NaN  81710.00  ...  81035.082936  NaN   NaN       NaN        NaN
612  2025-04-23 10:40:16.995381     NaN     NaN     NaN  81710.00  ...  81056.174094  NaN   NaN       NaN        NaN
613  2025-04-23 10:40:16.995381     NaN     NaN     NaN  81710.00  ...  81076.606154  NaN   NaN       NaN        NaN

[614 rows x 13 columns]
2025-04-23 10:40:17,742 INFO:Final row: {'timestamp': Timestamp('2025-04-23 10:40:16.995381'), 'open': nan, 'high': nan, 'low': nan, 'close': 81710.0, 'volume': nan, 'short': 81709.99998480537, 'middle': 81709.57633715251, 'long': 81076.60615383468, 'buy': nan, 'sell': nan, 'buy_exit': nan, 'sell_exit': nan}
2025-04-23 10:40:17,742 INFO:Buy exit signal received
2025-04-23 10:40:17,742 INFO:Sell exit signal received
2025-04-23 10:40:17,742 INFO:Entering while loop with trade_count: 2
2025-04-23 10:40:17,795 INFO:Combined historical with live algo:                       timestamp    open    high     low     close  ...          long  buy  sell  buy_exit  sell_exit
0     2025-04-22 09:15:00+05:30  821.10  821.10  817.00    818.80  ...    818.800000  NaN   NaN       NaN        NaN
1     2025-04-22 09:16:00+05:30  818.75  818.75  814.60    814.60  ...    818.668750  NaN   NaN       NaN        NaN
2     2025-04-22 09:17:00+05:30  814.60  816.00  814.00    815.35  ...    818.565039  NaN   NaN       NaN        NaN
3     2025-04-22 09:18:00+05:30  815.30  816.00  814.75    815.50  ...    818.469257  NaN   NaN       NaN        NaN
4     2025-04-22 09:19:00+05:30  815.55  815.75  814.50    814.60  ...    818.348342  NaN   NaN       NaN        NaN
..                          ...     ...     ...     ...       ...  ...           ...  ...   ...       ...        ...
610  2025-04-23 10:40:16.995381     NaN     NaN     NaN  81710.00  ...  81013.311418  NaN   NaN       NaN        NaN
611  2025-04-23 10:40:16.995381     NaN     NaN     NaN  81710.00  ...  81035.082936  NaN   NaN       NaN        NaN
612  2025-04-23 10:40:16.995381     NaN     NaN     NaN  81710.00  ...  81056.174094  NaN   NaN       NaN        NaN
613  2025-04-23 10:40:16.995381     NaN     NaN     NaN  81710.00  ...  81076.606154  NaN   NaN       NaN        NaN
614  2025-04-23 10:40:16.995381     NaN     NaN     NaN  81710.00  ...  81096.399712  NaN   NaN       NaN        NaN

[615 rows x 13 columns]
2025-04-23 10:40:17,795 INFO:Final row: {'timestamp': Timestamp('2025-04-23 10:40:16.995381'), 'open': nan, 'high': nan, 'low': nan, 'close': 81710.0, 'volume': nan, 'short': 81709.99998987025, 'middle': 81709.61485195682, 'long': 81096.39971152735, 'buy': nan, 'sell': nan, 'buy_exit': nan, 'sell_exit': nan}
2025-04-23 10:40:17,795 INFO:Buy exit signal received
2025-04-23 10:40:17,795 INFO:Sell exit signal received
2025-04-23 10:40:17,795 INFO:Entering while loop with trade_count: 2
2025-04-23 10:40:17,851 INFO:Combined historical with live algo:                       timestamp    open    high     low     close  ...          long  buy  sell  buy_exit  sell_exit
0     2025-04-22 09:15:00+05:30  821.10  821.10  817.00    818.80  ...    818.800000  NaN   NaN       NaN        NaN
1     2025-04-22 09:16:00+05:30  818.75  818.75  814.60    814.60  ...    818.668750  NaN   NaN       NaN        NaN
2     2025-04-22 09:17:00+05:30  814.60  816.00  814.00    815.35  ...    818.565039  NaN   NaN       NaN        NaN
3     2025-04-22 09:18:00+05:30  815.30  816.00  814.75    815.50  ...    818.469257  NaN   NaN       NaN        NaN
4     2025-04-22 09:19:00+05:30  815.55  815.75  814.50    814.60  ...    818.348342  NaN   NaN       NaN        NaN
..                          ...     ...     ...     ...       ...  ...           ...  ...   ...       ...        ...
611  2025-04-23 10:40:16.995381     NaN     NaN     NaN  81710.00  ...  81035.082936  NaN   NaN       NaN        NaN
612  2025-04-23 10:40:16.995381     NaN     NaN     NaN  81710.00  ...  81056.174094  NaN   NaN       NaN        NaN
613  2025-04-23 10:40:16.995381     NaN     NaN     NaN  81710.00  ...  81076.606154  NaN   NaN       NaN        NaN
614  2025-04-23 10:40:16.995381     NaN     NaN     NaN  81710.00  ...  81096.399712  NaN   NaN       NaN        NaN
615  2025-04-23 10:40:16.995381     NaN     NaN     NaN  81710.00  ...  81115.574721  NaN   NaN       NaN        NaN

[616 rows x 13 columns]
2025-04-23 10:40:17,853 INFO:Final row: {'timestamp': Timestamp('2025-04-23 10:40:16.995381'), 'open': nan, 'high': nan, 'low': nan, 'close': 81710.0, 'volume': nan, 'short': 81709.99999324683, 'middle': 81709.6498654153, 'long': 81115.57472054212, 'buy': nan, 'sell': nan, 'buy_exit': nan, 'sell_exit': nan}
2025-04-23 10:40:17,853 INFO:Buy exit signal received
2025-04-23 10:40:17,853 INFO:Sell exit signal received
2025-04-23 10:40:17,853 INFO:Entering while loop with trade_count: 2
2025-04-23 10:40:17,919 INFO:Combined historical with live algo:                       timestamp    open    high     low     close  ...          long  buy  sell  buy_exit  sell_exit
0     2025-04-22 09:15:00+05:30  821.10  821.10  817.00    818.80  ...    818.800000  NaN   NaN       NaN        NaN
1     2025-04-22 09:16:00+05:30  818.75  818.75  814.60    814.60  ...    818.668750  NaN   NaN       NaN        NaN
2     2025-04-22 09:17:00+05:30  814.60  816.00  814.00    815.35  ...    818.565039  NaN   NaN       NaN        NaN
3     2025-04-22 09:18:00+05:30  815.30  816.00  814.75    815.50  ...    818.469257  NaN   NaN       NaN        NaN
4     2025-04-22 09:19:00+05:30  815.55  815.75  814.50    814.60  ...    818.348342  NaN   NaN       NaN        NaN
..                          ...     ...     ...     ...       ...  ...           ...  ...   ...       ...        ...
612  2025-04-23 10:40:16.995381     NaN     NaN     NaN  81710.00  ...  81056.174094  NaN   NaN       NaN        NaN
613  2025-04-23 10:40:16.995381     NaN     NaN     NaN  81710.00  ...  81076.606154  NaN   NaN       NaN        NaN
614  2025-04-23 10:40:16.995381     NaN     NaN     NaN  81710.00  ...  81096.399712  NaN   NaN       NaN        NaN
615  2025-04-23 10:40:16.995381     NaN     NaN     NaN  81710.00  ...  81115.574721  NaN   NaN       NaN        NaN
616  2025-04-23 10:40:16.995381     NaN     NaN     NaN  81710.00  ...  81134.150511  NaN   NaN       NaN        NaN

[617 rows x 13 columns]
2025-04-23 10:40:17,919 INFO:Final row: {'timestamp': Timestamp('2025-04-23 10:40:16.995381'), 'open': nan, 'high': nan, 'low': nan, 'close': 81710.0, 'volume': nan, 'short': 81709.9999954979, 'middle': 81709.68169583209, 'long': 81134.15051052519, 'buy': nan, 'sell': nan, 'buy_exit': nan, 'sell_exit': nan}
2025-04-23 10:40:17,919 INFO:Buy exit signal received
2025-04-23 10:40:17,919 INFO:Sell exit signal received
2025-04-23 10:40:17,924 INFO:Entering while loop with trade_count: 2
2025-04-23 10:40:17,982 INFO:Combined historical with live algo:                       timestamp    open    high     low     close  ...          long  buy  sell  buy_exit  sell_exit
0     2025-04-22 09:15:00+05:30  821.10  821.10  817.00    818.80  ...    818.800000  NaN   NaN       NaN        NaN
1     2025-04-22 09:16:00+05:30  818.75  818.75  814.60    814.60  ...    818.668750  NaN   NaN       NaN        NaN
2     2025-04-22 09:17:00+05:30  814.60  816.00  814.00    815.35  ...    818.565039  NaN   NaN       NaN        NaN
3     2025-04-22 09:18:00+05:30  815.30  816.00  814.75    815.50  ...    818.469257  NaN   NaN       NaN        NaN
4     2025-04-22 09:19:00+05:30  815.55  815.75  814.50    814.60  ...    818.348342  NaN   NaN       NaN        NaN
..                          ...     ...     ...     ...       ...  ...           ...  ...   ...       ...        ...
613  2025-04-23 10:40:16.995381     NaN     NaN     NaN  81710.00  ...  81076.606154  NaN   NaN       NaN        NaN
614  2025-04-23 10:40:16.995381     NaN     NaN     NaN  81710.00  ...  81096.399712  NaN   NaN       NaN        NaN
615  2025-04-23 10:40:16.995381     NaN     NaN     NaN  81710.00  ...  81115.574721  NaN   NaN       NaN        NaN
616  2025-04-23 10:40:16.995381     NaN     NaN     NaN  81710.00  ...  81134.150511  NaN   NaN       NaN        NaN
617  2025-04-23 10:40:16.995381     NaN     NaN     NaN  81710.00  ...  81152.145807  NaN   NaN       NaN        NaN

[618 rows x 13 columns]
2025-04-23 10:40:17,982 INFO:Final row: {'timestamp': Timestamp('2025-04-23 10:40:16.995381'), 'open': nan, 'high': nan, 'low': nan, 'close': 81710.0, 'volume': nan, 'short': 81709.99999699861, 'middle': 81709.71063257463, 'long': 81152.14580707127, 'buy': nan, 'sell': nan, 'buy_exit': nan, 'sell_exit': nan}
2025-04-23 10:40:17,982 INFO:Buy exit signal received
2025-04-23 10:40:17,982 INFO:Sell exit signal received
2025-04-23 10:40:17,982 INFO:Entering while loop with trade_count: 2
2025-04-23 10:40:18,029 INFO:Combined historical with live algo:                       timestamp    open    high     low     close  ...          long  buy  sell  buy_exit  sell_exit
0     2025-04-22 09:15:00+05:30  821.10  821.10  817.00    818.80  ...    818.800000  NaN   NaN       NaN        NaN
1     2025-04-22 09:16:00+05:30  818.75  818.75  814.60    814.60  ...    818.668750  NaN   NaN       NaN        NaN
2     2025-04-22 09:17:00+05:30  814.60  816.00  814.00    815.35  ...    818.565039  NaN   NaN       NaN        NaN
3     2025-04-22 09:18:00+05:30  815.30  816.00  814.75    815.50  ...    818.469257  NaN   NaN       NaN        NaN
4     2025-04-22 09:19:00+05:30  815.55  815.75  814.50    814.60  ...    818.348342  NaN   NaN       NaN        NaN
..                          ...     ...     ...     ...       ...  ...           ...  ...   ...       ...        ...
614  2025-04-23 10:40:16.995381     NaN     NaN     NaN  81710.00  ...  81096.399712  NaN   NaN       NaN        NaN
615  2025-04-23 10:40:16.995381     NaN     NaN     NaN  81710.00  ...  81115.574721  NaN   NaN       NaN        NaN
616  2025-04-23 10:40:16.995381     NaN     NaN     NaN  81710.00  ...  81134.150511  NaN   NaN       NaN        NaN
617  2025-04-23 10:40:16.995381     NaN     NaN     NaN  81710.00  ...  81152.145807  NaN   NaN       NaN        NaN
618  2025-04-23 10:40:17.966308     NaN     NaN     NaN  81700.00  ...  81169.266251  NaN   NaN       NaN        NaN

[619 rows x 13 columns]
2025-04-23 10:40:18,029 INFO:Final row: {'timestamp': Timestamp('2025-04-23 10:40:17.966308'), 'open': nan, 'high': nan, 'low': nan, 'close': 81700.0, 'volume': nan, 'short': 81706.66666466574, 'middle': 81708.82784779511, 'long': 81169.2662506003, 'buy': nan, 'sell': nan, 'buy_exit': nan, 'sell_exit': nan}
2025-04-23 10:40:18,029 INFO:Buy exit signal received
2025-04-23 10:40:18,029 INFO:Sell exit signal received
2025-04-23 10:40:18,029 INFO:Entering while loop with trade_count: 2
2025-04-23 10:40:18,077 INFO:Combined historical with live algo:                       timestamp    open    high     low     close  ...          long  buy  sell  buy_exit  sell_exit
0     2025-04-22 09:15:00+05:30  821.10  821.10  817.00    818.80  ...    818.800000  NaN   NaN       NaN        NaN
1     2025-04-22 09:16:00+05:30  818.75  818.75  814.60    814.60  ...    818.668750  NaN   NaN       NaN        NaN
2     2025-04-22 09:17:00+05:30  814.60  816.00  814.00    815.35  ...    818.565039  NaN   NaN       NaN        NaN
3     2025-04-22 09:18:00+05:30  815.30  816.00  814.75    815.50  ...    818.469257  NaN   NaN       NaN        NaN
4     2025-04-22 09:19:00+05:30  815.55  815.75  814.50    814.60  ...    818.348342  NaN   NaN       NaN        NaN
..                          ...     ...     ...     ...       ...  ...           ...  ...   ...       ...        ...
615  2025-04-23 10:40:16.995381     NaN     NaN     NaN  81710.00  ...  81115.574721  NaN   NaN       NaN        NaN
616  2025-04-23 10:40:16.995381     NaN     NaN     NaN  81710.00  ...  81134.150511  NaN   NaN       NaN        NaN
617  2025-04-23 10:40:16.995381     NaN     NaN     NaN  81710.00  ...  81152.145807  NaN   NaN       NaN        NaN
618  2025-04-23 10:40:17.966308     NaN     NaN     NaN  81700.00  ...  81169.266251  NaN   NaN       NaN        NaN
619  2025-04-23 10:40:17.966308     NaN     NaN     NaN  81700.00  ...  81185.851680  NaN   NaN       NaN        NaN

[620 rows x 13 columns]
2025-04-23 10:40:18,077 INFO:Final row: {'timestamp': Timestamp('2025-04-23 10:40:17.966308'), 'open': nan, 'high': nan, 'low': nan, 'close': 81700.0, 'volume': nan, 'short': 81704.4444431105, 'middle': 81708.02531617736, 'long': 81185.85168026904, 'buy': nan, 'sell': nan, 'buy_exit': nan, 'sell_exit': nan}
2025-04-23 10:40:18,077 INFO:Buy exit signal received
2025-04-23 10:40:18,077 INFO:Sell exit signal received
2025-04-23 10:40:18,077 INFO:Entering while loop with trade_count: 2
2025-04-23 10:40:18,137 INFO:Combined historical with live algo:                       timestamp    open    high     low     close  ...          long  buy  sell  buy_exit  sell_exit
0     2025-04-22 09:15:00+05:30  821.10  821.10  817.00    818.80  ...    818.800000  NaN   NaN       NaN        NaN
1     2025-04-22 09:16:00+05:30  818.75  818.75  814.60    814.60  ...    818.668750  NaN   NaN       NaN        NaN
2     2025-04-22 09:17:00+05:30  814.60  816.00  814.00    815.35  ...    818.565039  NaN   NaN       NaN        NaN
3     2025-04-22 09:18:00+05:30  815.30  816.00  814.75    815.50  ...    818.469257  NaN   NaN       NaN        NaN
4     2025-04-22 09:19:00+05:30  815.55  815.75  814.50    814.60  ...    818.348342  NaN   NaN       NaN        NaN
..                          ...     ...     ...     ...       ...  ...           ...  ...   ...       ...        ...
616  2025-04-23 10:40:16.995381     NaN     NaN     NaN  81710.00  ...  81134.150511  NaN   NaN       NaN        NaN
617  2025-04-23 10:40:16.995381     NaN     NaN     NaN  81710.00  ...  81152.145807  NaN   NaN       NaN        NaN
618  2025-04-23 10:40:17.966308     NaN     NaN     NaN  81700.00  ...  81169.266251  NaN   NaN       NaN        NaN
619  2025-04-23 10:40:17.966308     NaN     NaN     NaN  81700.00  ...  81185.851680  NaN   NaN       NaN        NaN
620  2025-04-23 10:40:17.966308     NaN     NaN     NaN  81700.00  ...  81201.918815  NaN   NaN       NaN        NaN

[621 rows x 13 columns]
2025-04-23 10:40:18,138 INFO:Final row: {'timestamp': Timestamp('2025-04-23 10:40:17.966308'), 'open': nan, 'high': nan, 'low': nan, 'close': 81700.0, 'volume': nan, 'short': 81702.96296207367, 'middle': 81707.29574197941, 'long': 81201.91881526064, 'buy': nan, 'sell': nan, 'buy_exit': nan, 'sell_exit': nan}
2025-04-23 10:40:18,138 INFO:Buy exit signal received
2025-04-23 10:40:18,138 INFO:Sell exit signal received
2025-04-23 10:40:18,139 INFO:Entering while loop with trade_count: 2
2025-04-23 10:40:18,196 INFO:Combined historical with live algo:                       timestamp    open    high     low     close  ...          long  buy  sell  buy_exit  sell_exit
0     2025-04-22 09:15:00+05:30  821.10  821.10  817.00    818.80  ...    818.800000  NaN   NaN       NaN        NaN
1     2025-04-22 09:16:00+05:30  818.75  818.75  814.60    814.60  ...    818.668750  NaN   NaN       NaN        NaN
2     2025-04-22 09:17:00+05:30  814.60  816.00  814.00    815.35  ...    818.565039  NaN   NaN       NaN        NaN
3     2025-04-22 09:18:00+05:30  815.30  816.00  814.75    815.50  ...    818.469257  NaN   NaN       NaN        NaN
4     2025-04-22 09:19:00+05:30  815.55  815.75  814.50    814.60  ...    818.348342  NaN   NaN       NaN        NaN
..                          ...     ...     ...     ...       ...  ...           ...  ...   ...       ...        ...
617  2025-04-23 10:40:16.995381     NaN     NaN     NaN  81710.00  ...  81152.145807  NaN   NaN       NaN        NaN
618  2025-04-23 10:40:17.966308     NaN     NaN     NaN  81700.00  ...  81169.266251  NaN   NaN       NaN        NaN
619  2025-04-23 10:40:17.966308     NaN     NaN     NaN  81700.00  ...  81185.851680  NaN   NaN       NaN        NaN
620  2025-04-23 10:40:17.966308     NaN     NaN     NaN  81700.00  ...  81201.918815  NaN   NaN       NaN        NaN
621  2025-04-23 10:40:18.093279     NaN     NaN     NaN  81700.00  ...  81217.483852  NaN   NaN       NaN        NaN

[622 rows x 13 columns]
2025-04-23 10:40:18,202 INFO:Final row: {'timestamp': Timestamp('2025-04-23 10:40:18.093279'), 'open': nan, 'high': nan, 'low': nan, 'close': 81700.0, 'volume': nan, 'short': 81701.97530804912, 'middle': 81706.63249270855, 'long': 81217.48385228374, 'buy': nan, 'sell': nan, 'buy_exit': nan, 'sell_exit': nan}
2025-04-23 10:40:18,202 INFO:Buy exit signal received
2025-04-23 10:40:18,202 INFO:Sell exit signal received
2025-04-23 10:40:18,202 INFO:Entering while loop with trade_count: 2
2025-04-23 10:40:18,261 INFO:Combined historical with live algo:                       timestamp    open    high     low     close  ...          long  buy  sell  buy_exit  sell_exit
0     2025-04-22 09:15:00+05:30  821.10  821.10  817.00    818.80  ...    818.800000  NaN   NaN       NaN        NaN
1     2025-04-22 09:16:00+05:30  818.75  818.75  814.60    814.60  ...    818.668750  NaN   NaN       NaN        NaN
2     2025-04-22 09:17:00+05:30  814.60  816.00  814.00    815.35  ...    818.565039  NaN   NaN       NaN        NaN
3     2025-04-22 09:18:00+05:30  815.30  816.00  814.75    815.50  ...    818.469257  NaN   NaN       NaN        NaN
4     2025-04-22 09:19:00+05:30  815.55  815.75  814.50    814.60  ...    818.348342  NaN   NaN       NaN        NaN
..                          ...     ...     ...     ...       ...  ...           ...  ...   ...       ...        ...
618  2025-04-23 10:40:17.966308     NaN     NaN     NaN  81700.00  ...  81169.266251  NaN   NaN       NaN        NaN
619  2025-04-23 10:40:17.966308     NaN     NaN     NaN  81700.00  ...  81185.851680  NaN   NaN       NaN        NaN
620  2025-04-23 10:40:17.966308     NaN     NaN     NaN  81700.00  ...  81201.918815  NaN   NaN       NaN        NaN
621  2025-04-23 10:40:18.093279     NaN     NaN     NaN  81700.00  ...  81217.483852  NaN   NaN       NaN        NaN
622  2025-04-23 10:40:18.093279     NaN     NaN     NaN  81700.00  ...  81232.562482  NaN   NaN       NaN        NaN

[623 rows x 13 columns]
2025-04-23 10:40:18,261 INFO:Final row: {'timestamp': Timestamp('2025-04-23 10:40:18.093279'), 'open': nan, 'high': nan, 'low': nan, 'close': 81700.0, 'volume': nan, 'short': 81701.31687203275, 'middle': 81706.02953882594, 'long': 81232.56248189988, 'buy': nan, 'sell': nan, 'buy_exit': nan, 'sell_exit': nan}
2025-04-23 10:40:18,261 INFO:Buy exit signal received
2025-04-23 10:40:18,261 INFO:Sell exit signal received
2025-04-23 10:40:18,261 INFO:Entering while loop with trade_count: 2
2025-04-23 10:40:18,314 INFO:Combined historical with live algo:                       timestamp    open    high     low     close  ...          long  buy  sell  buy_exit  sell_exit
0     2025-04-22 09:15:00+05:30  821.10  821.10  817.00    818.80  ...    818.800000  NaN   NaN       NaN        NaN
1     2025-04-22 09:16:00+05:30  818.75  818.75  814.60    814.60  ...    818.668750  NaN   NaN       NaN        NaN
2     2025-04-22 09:17:00+05:30  814.60  816.00  814.00    815.35  ...    818.565039  NaN   NaN       NaN        NaN
3     2025-04-22 09:18:00+05:30  815.30  816.00  814.75    815.50  ...    818.469257  NaN   NaN       NaN        NaN
4     2025-04-22 09:19:00+05:30  815.55  815.75  814.50    814.60  ...    818.348342  NaN   NaN       NaN        NaN
..                          ...     ...     ...     ...       ...  ...           ...  ...   ...       ...        ...
619  2025-04-23 10:40:17.966308     NaN     NaN     NaN  81700.00  ...  81185.851680  NaN   NaN       NaN        NaN
620  2025-04-23 10:40:17.966308     NaN     NaN     NaN  81700.00  ...  81201.918815  NaN   NaN       NaN        NaN
621  2025-04-23 10:40:18.093279     NaN     NaN     NaN  81700.00  ...  81217.483852  NaN   NaN       NaN        NaN
622  2025-04-23 10:40:18.093279     NaN     NaN     NaN  81700.00  ...  81232.562482  NaN   NaN       NaN        NaN
623  2025-04-23 10:40:18.093279     NaN     NaN     NaN  81700.00  ...  81247.169904  NaN   NaN       NaN        NaN

[624 rows x 13 columns]
2025-04-23 10:40:18,314 INFO:Final row: {'timestamp': Timestamp('2025-04-23 10:40:18.093279'), 'open': nan, 'high': nan, 'low': nan, 'close': 81700.0, 'volume': nan, 'short': 81700.8779146885, 'middle': 81705.48139893266, 'long': 81247.16990434051, 'buy': nan, 'sell': nan, 'buy_exit': nan, 'sell_exit': nan}
2025-04-23 10:40:18,324 INFO:Buy exit signal received
2025-04-23 10:40:18,324 INFO:Sell exit signal received
2025-04-23 10:40:18,324 INFO:Entering while loop with trade_count: 2
2025-04-23 10:40:18,367 INFO:Combined historical with live algo:                       timestamp    open    high     low     close  ...          long  buy  sell  buy_exit  sell_exit
0     2025-04-22 09:15:00+05:30  821.10  821.10  817.00    818.80  ...    818.800000  NaN   NaN       NaN        NaN
1     2025-04-22 09:16:00+05:30  818.75  818.75  814.60    814.60  ...    818.668750  NaN   NaN       NaN        NaN
2     2025-04-22 09:17:00+05:30  814.60  816.00  814.00    815.35  ...    818.565039  NaN   NaN       NaN        NaN
3     2025-04-22 09:18:00+05:30  815.30  816.00  814.75    815.50  ...    818.469257  NaN   NaN       NaN        NaN
4     2025-04-22 09:19:00+05:30  815.55  815.75  814.50    814.60  ...    818.348342  NaN   NaN       NaN        NaN
..                          ...     ...     ...     ...       ...  ...           ...  ...   ...       ...        ...
620  2025-04-23 10:40:17.966308     NaN     NaN     NaN  81700.00  ...  81201.918815  NaN   NaN       NaN        NaN
621  2025-04-23 10:40:18.093279     NaN     NaN     NaN  81700.00  ...  81217.483852  NaN   NaN       NaN        NaN
622  2025-04-23 10:40:18.093279     NaN     NaN     NaN  81700.00  ...  81232.562482  NaN   NaN       NaN        NaN
623  2025-04-23 10:40:18.093279     NaN     NaN     NaN  81700.00  ...  81247.169904  NaN   NaN       NaN        NaN
624  2025-04-23 10:40:18.093279     NaN     NaN     NaN  81700.00  ...  81261.320845  NaN   NaN       NaN        NaN

[625 rows x 13 columns]
2025-04-23 10:40:18,367 INFO:Final row: {'timestamp': Timestamp('2025-04-23 10:40:18.093279'), 'open': nan, 'high': nan, 'low': nan, 'close': 81700.0, 'volume': nan, 'short': 81700.58527645901, 'middle': 81704.98308993877, 'long': 81261.32084482987, 'buy': nan, 'sell': nan, 'buy_exit': nan, 'sell_exit': nan}
2025-04-23 10:40:18,367 INFO:Buy exit signal received
2025-04-23 10:40:18,367 INFO:Sell exit signal received
2025-04-23 10:40:18,367 INFO:Entering while loop with trade_count: 2
2025-04-23 10:40:18,424 INFO:Combined historical with live algo:                       timestamp    open    high     low     close  ...          long  buy  sell  buy_exit  sell_exit
0     2025-04-22 09:15:00+05:30  821.10  821.10  817.00    818.80  ...    818.800000  NaN   NaN       NaN        NaN
1     2025-04-22 09:16:00+05:30  818.75  818.75  814.60    814.60  ...    818.668750  NaN   NaN       NaN        NaN
2     2025-04-22 09:17:00+05:30  814.60  816.00  814.00    815.35  ...    818.565039  NaN   NaN       NaN        NaN
3     2025-04-22 09:18:00+05:30  815.30  816.00  814.75    815.50  ...    818.469257  NaN   NaN       NaN        NaN
4     2025-04-22 09:19:00+05:30  815.55  815.75  814.50    814.60  ...    818.348342  NaN   NaN       NaN        NaN
..                          ...     ...     ...     ...       ...  ...           ...  ...   ...       ...        ...
621  2025-04-23 10:40:18.093279     NaN     NaN     NaN  81700.00  ...  81217.483852  NaN   NaN       NaN        NaN
622  2025-04-23 10:40:18.093279     NaN     NaN     NaN  81700.00  ...  81232.562482  NaN   NaN       NaN        NaN
623  2025-04-23 10:40:18.093279     NaN     NaN     NaN  81700.00  ...  81247.169904  NaN   NaN       NaN        NaN
624  2025-04-23 10:40:18.093279     NaN     NaN     NaN  81700.00  ...  81261.320845  NaN   NaN       NaN        NaN
625  2025-04-23 10:40:18.093279     NaN     NaN     NaN  81700.00  ...  81275.029568  NaN   NaN       NaN        NaN

[626 rows x 13 columns]
2025-04-23 10:40:18,425 INFO:Final row: {'timestamp': Timestamp('2025-04-23 10:40:18.093279'), 'open': nan, 'high': nan, 'low': nan, 'close': 81700.0, 'volume': nan, 'short': 81700.39018430602, 'middle': 81704.53008176251, 'long': 81275.02956842893, 'buy': nan, 'sell': nan, 'buy_exit': nan, 'sell_exit': nan}
2025-04-23 10:40:18,425 INFO:Buy exit signal received
2025-04-23 10:40:18,425 INFO:Sell exit signal received
2025-04-23 10:40:18,425 INFO:Entering while loop with trade_count: 2
2025-04-23 10:40:18,474 INFO:Combined historical with live algo:                       timestamp    open    high     low     close  ...          long  buy  sell  buy_exit  sell_exit
0     2025-04-22 09:15:00+05:30  821.10  821.10  817.00    818.80  ...    818.800000  NaN   NaN       NaN        NaN
1     2025-04-22 09:16:00+05:30  818.75  818.75  814.60    814.60  ...    818.668750  NaN   NaN       NaN        NaN
2     2025-04-22 09:17:00+05:30  814.60  816.00  814.00    815.35  ...    818.565039  NaN   NaN       NaN        NaN
3     2025-04-22 09:18:00+05:30  815.30  816.00  814.75    815.50  ...    818.469257  NaN   NaN       NaN        NaN
4     2025-04-22 09:19:00+05:30  815.55  815.75  814.50    814.60  ...    818.348342  NaN   NaN       NaN        NaN
..                          ...     ...     ...     ...       ...  ...           ...  ...   ...       ...        ...
622  2025-04-23 10:40:18.093279     NaN     NaN     NaN  81700.00  ...  81232.562482  NaN   NaN       NaN        NaN
623  2025-04-23 10:40:18.093279     NaN     NaN     NaN  81700.00  ...  81247.169904  NaN   NaN       NaN        NaN
624  2025-04-23 10:40:18.093279     NaN     NaN     NaN  81700.00  ...  81261.320845  NaN   NaN       NaN        NaN
625  2025-04-23 10:40:18.093279     NaN     NaN     NaN  81700.00  ...  81275.029568  NaN   NaN       NaN        NaN
626  2025-04-23 10:40:18.093279     NaN     NaN     NaN  81700.00  ...  81288.309894  NaN   NaN       NaN        NaN

[627 rows x 13 columns]
2025-04-23 10:40:18,477 INFO:Final row: {'timestamp': Timestamp('2025-04-23 10:40:18.093279'), 'open': nan, 'high': nan, 'low': nan, 'close': 81700.0, 'volume': nan, 'short': 81700.26012287068, 'middle': 81704.11825614773, 'long': 81288.30989441552, 'buy': nan, 'sell': nan, 'buy_exit': nan, 'sell_exit': nan}
2025-04-23 10:40:18,477 INFO:Buy exit signal received
2025-04-23 10:40:18,477 INFO:Sell exit signal received
2025-04-23 10:40:18,477 INFO:Entering while loop with trade_count: 2
2025-04-23 10:40:18,531 INFO:Combined historical with live algo:                       timestamp    open    high     low     close  ...          long  buy  sell  buy_exit  sell_exit
0     2025-04-22 09:15:00+05:30  821.10  821.10  817.00    818.80  ...    818.800000  NaN   NaN       NaN        NaN
1     2025-04-22 09:16:00+05:30  818.75  818.75  814.60    814.60  ...    818.668750  NaN   NaN       NaN        NaN
2     2025-04-22 09:17:00+05:30  814.60  816.00  814.00    815.35  ...    818.565039  NaN   NaN       NaN        NaN
3     2025-04-22 09:18:00+05:30  815.30  816.00  814.75    815.50  ...    818.469257  NaN   NaN       NaN        NaN
4     2025-04-22 09:19:00+05:30  815.55  815.75  814.50    814.60  ...    818.348342  NaN   NaN       NaN        NaN
..                          ...     ...     ...     ...       ...  ...           ...  ...   ...       ...        ...
623  2025-04-23 10:40:18.093279     NaN     NaN     NaN  81700.00  ...  81247.169904  NaN   NaN       NaN        NaN
624  2025-04-23 10:40:18.093279     NaN     NaN     NaN  81700.00  ...  81261.320845  NaN   NaN       NaN        NaN
625  2025-04-23 10:40:18.093279     NaN     NaN     NaN  81700.00  ...  81275.029568  NaN   NaN       NaN        NaN
626  2025-04-23 10:40:18.093279     NaN     NaN     NaN  81700.00  ...  81288.309894  NaN   NaN       NaN        NaN
627  2025-04-23 10:40:18.093279     NaN     NaN     NaN  81700.00  ...  81301.175210  NaN   NaN       NaN        NaN

[628 rows x 13 columns]
2025-04-23 10:40:18,531 INFO:Final row: {'timestamp': Timestamp('2025-04-23 10:40:18.093279'), 'open': nan, 'high': nan, 'low': nan, 'close': 81700.0, 'volume': nan, 'short': 81700.17341524712, 'middle': 81703.7438692252, 'long': 81301.17521021503, 'buy': nan, 'sell': nan, 'buy_exit': nan, 'sell_exit': nan}
2025-04-23 10:40:18,531 INFO:Buy exit signal received
2025-04-23 10:40:18,531 INFO:Sell exit signal received
2025-04-23 10:40:18,531 INFO:Entering while loop with trade_count: 2
2025-04-23 10:40:18,641 INFO:Combined historical with live algo:                       timestamp    open    high     low     close  ...          long  buy  sell  buy_exit  sell_exit
0     2025-04-22 09:15:00+05:30  821.10  821.10  817.00    818.80  ...    818.800000  NaN   NaN       NaN        NaN
1     2025-04-22 09:16:00+05:30  818.75  818.75  814.60    814.60  ...    818.668750  NaN   NaN       NaN        NaN
2     2025-04-22 09:17:00+05:30  814.60  816.00  814.00    815.35  ...    818.565039  NaN   NaN       NaN        NaN
3     2025-04-22 09:18:00+05:30  815.30  816.00  814.75    815.50  ...    818.469257  NaN   NaN       NaN        NaN
4     2025-04-22 09:19:00+05:30  815.55  815.75  814.50    814.60  ...    818.348342  NaN   NaN       NaN        NaN
..                          ...     ...     ...     ...       ...  ...           ...  ...   ...       ...        ...
624  2025-04-23 10:40:18.093279     NaN     NaN     NaN  81700.00  ...  81261.320845  NaN   NaN       NaN        NaN
625  2025-04-23 10:40:18.093279     NaN     NaN     NaN  81700.00  ...  81275.029568  NaN   NaN       NaN        NaN
626  2025-04-23 10:40:18.093279     NaN     NaN     NaN  81700.00  ...  81288.309894  NaN   NaN       NaN        NaN
627  2025-04-23 10:40:18.093279     NaN     NaN     NaN  81700.00  ...  81301.175210  NaN   NaN       NaN        NaN
628  2025-04-23 10:40:18.093279     NaN     NaN     NaN  81700.00  ...  81313.638485  NaN   NaN       NaN        NaN

[629 rows x 13 columns]
2025-04-23 10:40:18,641 INFO:Final row: {'timestamp': Timestamp('2025-04-23 10:40:18.093279'), 'open': nan, 'high': nan, 'low': nan, 'close': 81700.0, 'volume': nan, 'short': 81700.11561016475, 'middle': 81703.40351747745, 'long': 81313.63848489581, 'buy': nan, 'sell': nan, 'buy_exit': nan, 'sell_exit': nan}
2025-04-23 10:40:18,641 INFO:Buy exit signal received
2025-04-23 10:40:18,641 INFO:Sell exit signal received
2025-04-23 10:40:18,641 INFO:Entering while loop with trade_count: 2
2025-04-23 10:40:18,770 INFO:Combined historical with live algo:                       timestamp    open    high     low     close  ...          long  buy  sell  buy_exit  sell_exit
0     2025-04-22 09:15:00+05:30  821.10  821.10  817.00    818.80  ...    818.800000  NaN   NaN       NaN        NaN
1     2025-04-22 09:16:00+05:30  818.75  818.75  814.60    814.60  ...    818.668750  NaN   NaN       NaN        NaN
2     2025-04-22 09:17:00+05:30  814.60  816.00  814.00    815.35  ...    818.565039  NaN   NaN       NaN        NaN
3     2025-04-22 09:18:00+05:30  815.30  816.00  814.75    815.50  ...    818.469257  NaN   NaN       NaN        NaN
4     2025-04-22 09:19:00+05:30  815.55  815.75  814.50    814.60  ...    818.348342  NaN   NaN       NaN        NaN
..                          ...     ...     ...     ...       ...  ...           ...  ...   ...       ...        ...
625  2025-04-23 10:40:18.093279     NaN     NaN     NaN  81700.00  ...  81275.029568  NaN   NaN       NaN        NaN
626  2025-04-23 10:40:18.093279     NaN     NaN     NaN  81700.00  ...  81288.309894  NaN   NaN       NaN        NaN
627  2025-04-23 10:40:18.093279     NaN     NaN     NaN  81700.00  ...  81301.175210  NaN   NaN       NaN        NaN
628  2025-04-23 10:40:18.093279     NaN     NaN     NaN  81700.00  ...  81313.638485  NaN   NaN       NaN        NaN
629  2025-04-23 10:40:18.093279     NaN     NaN     NaN  81700.00  ...  81325.712282  NaN   NaN       NaN        NaN

[630 rows x 13 columns]
2025-04-23 10:40:18,770 INFO:Final row: {'timestamp': Timestamp('2025-04-23 10:40:18.093279'), 'open': nan, 'high': nan, 'low': nan, 'close': 81700.0, 'volume': nan, 'short': 81700.07707344317, 'middle': 81703.09410679767, 'long': 81325.71228224282, 'buy': nan, 'sell': nan, 'buy_exit': nan, 'sell_exit': nan}
2025-04-23 10:40:18,770 INFO:Buy exit signal received
2025-04-23 10:40:18,770 INFO:Sell exit signal received
2025-04-23 10:40:18,770 INFO:Entering while loop with trade_count: 2
2025-04-23 10:40:18,897 INFO:Combined historical with live algo:                       timestamp    open    high     low     close  ...          long  buy  sell  buy_exit  sell_exit
0     2025-04-22 09:15:00+05:30  821.10  821.10  817.00    818.80  ...    818.800000  NaN   NaN       NaN        NaN
1     2025-04-22 09:16:00+05:30  818.75  818.75  814.60    814.60  ...    818.668750  NaN   NaN       NaN        NaN
2     2025-04-22 09:17:00+05:30  814.60  816.00  814.00    815.35  ...    818.565039  NaN   NaN       NaN        NaN
3     2025-04-22 09:18:00+05:30  815.30  816.00  814.75    815.50  ...    818.469257  NaN   NaN       NaN        NaN
4     2025-04-22 09:19:00+05:30  815.55  815.75  814.50    814.60  ...    818.348342  NaN   NaN       NaN        NaN
..                          ...     ...     ...     ...       ...  ...           ...  ...   ...       ...        ...
626  2025-04-23 10:40:18.093279     NaN     NaN     NaN  81700.00  ...  81288.309894  NaN   NaN       NaN        NaN
627  2025-04-23 10:40:18.093279     NaN     NaN     NaN  81700.00  ...  81301.175210  NaN   NaN       NaN        NaN
628  2025-04-23 10:40:18.093279     NaN     NaN     NaN  81700.00  ...  81313.638485  NaN   NaN       NaN        NaN
629  2025-04-23 10:40:18.093279     NaN     NaN     NaN  81700.00  ...  81325.712282  NaN   NaN       NaN        NaN
630  2025-04-23 10:40:18.093279     NaN     NaN     NaN  81700.00  ...  81337.408773  NaN   NaN       NaN        NaN

[631 rows x 13 columns]
2025-04-23 10:40:18,897 INFO:Final row: {'timestamp': Timestamp('2025-04-23 10:40:18.093279'), 'open': nan, 'high': nan, 'low': nan, 'close': 81700.0, 'volume': nan, 'short': 81700.05138229545, 'middle': 81702.8128243615, 'long': 81337.40877342274, 'buy': nan, 'sell': nan, 'buy_exit': nan, 'sell_exit': nan}
2025-04-23 10:40:18,897 INFO:Buy exit signal received
2025-04-23 10:40:18,897 INFO:Sell exit signal received
2025-04-23 10:40:18,897 INFO:Entering while loop with trade_count: 2
2025-04-23 10:40:19,011 INFO:Combined historical with live algo:                       timestamp    open    high     low     close  ...          long  buy  sell  buy_exit  sell_exit
0     2025-04-22 09:15:00+05:30  821.10  821.10  817.00    818.80  ...    818.800000  NaN   NaN       NaN        NaN
1     2025-04-22 09:16:00+05:30  818.75  818.75  814.60    814.60  ...    818.668750  NaN   NaN       NaN        NaN
2     2025-04-22 09:17:00+05:30  814.60  816.00  814.00    815.35  ...    818.565039  NaN   NaN       NaN        NaN
3     2025-04-22 09:18:00+05:30  815.30  816.00  814.75    815.50  ...    818.469257  NaN   NaN       NaN        NaN
4     2025-04-22 09:19:00+05:30  815.55  815.75  814.50    814.60  ...    818.348342  NaN   NaN       NaN        NaN
..                          ...     ...     ...     ...       ...  ...           ...  ...   ...       ...        ...
627  2025-04-23 10:40:18.093279     NaN     NaN     NaN  81700.00  ...  81301.175210  NaN   NaN       NaN        NaN
628  2025-04-23 10:40:18.093279     NaN     NaN     NaN  81700.00  ...  81313.638485  NaN   NaN       NaN        NaN
629  2025-04-23 10:40:18.093279     NaN     NaN     NaN  81700.00  ...  81325.712282  NaN   NaN       NaN        NaN
630  2025-04-23 10:40:18.093279     NaN     NaN     NaN  81700.00  ...  81337.408773  NaN   NaN       NaN        NaN
631  2025-04-23 10:40:18.093279     NaN     NaN     NaN  81700.00  ...  81348.739749  NaN   NaN       NaN        NaN

[632 rows x 13 columns]
2025-04-23 10:40:19,024 INFO:Final row: {'timestamp': Timestamp('2025-04-23 10:40:18.093279'), 'open': nan, 'high': nan, 'low': nan, 'close': 81700.0, 'volume': nan, 'short': 81700.03425486364, 'middle': 81702.55711305591, 'long': 81348.73974925328, 'buy': nan, 'sell': nan, 'buy_exit': nan, 'sell_exit': nan}
2025-04-23 10:40:19,024 INFO:Buy exit signal received
2025-04-23 10:40:19,024 INFO:Sell exit signal received
2025-04-23 10:40:19,025 INFO:Entering while loop with trade_count: 2
2025-04-23 10:40:19,139 INFO:Combined historical with live algo:                       timestamp    open    high     low     close  ...          long  buy  sell  buy_exit  sell_exit
0     2025-04-22 09:15:00+05:30  821.10  821.10  817.00    818.80  ...    818.800000  NaN   NaN       NaN        NaN
1     2025-04-22 09:16:00+05:30  818.75  818.75  814.60    814.60  ...    818.668750  NaN   NaN       NaN        NaN
2     2025-04-22 09:17:00+05:30  814.60  816.00  814.00    815.35  ...    818.565039  NaN   NaN       NaN        NaN
3     2025-04-22 09:18:00+05:30  815.30  816.00  814.75    815.50  ...    818.469257  NaN   NaN       NaN        NaN
4     2025-04-22 09:19:00+05:30  815.55  815.75  814.50    814.60  ...    818.348342  NaN   NaN       NaN        NaN
..                          ...     ...     ...     ...       ...  ...           ...  ...   ...       ...        ...
628  2025-04-23 10:40:18.093279     NaN     NaN     NaN  81700.00  ...  81313.638485  NaN   NaN       NaN        NaN
629  2025-04-23 10:40:18.093279     NaN     NaN     NaN  81700.00  ...  81325.712282  NaN   NaN       NaN        NaN
630  2025-04-23 10:40:18.093279     NaN     NaN     NaN  81700.00  ...  81337.408773  NaN   NaN       NaN        NaN
631  2025-04-23 10:40:18.093279     NaN     NaN     NaN  81700.00  ...  81348.739749  NaN   NaN       NaN        NaN
632  2025-04-23 10:40:18.993321     NaN     NaN     NaN  81710.00  ...  81360.029132  NaN   NaN       NaN        NaN

[633 rows x 13 columns]
2025-04-23 10:40:19,142 INFO:Final row: {'timestamp': Timestamp('2025-04-23 10:40:18.993321'), 'open': nan, 'high': nan, 'low': nan, 'close': 81710.0, 'volume': nan, 'short': 81703.3561699091, 'middle': 81703.23373914174, 'long': 81360.02913208911, 'buy': nan, 'sell': nan, 'buy_exit': nan, 'sell_exit': nan}
2025-04-23 10:40:19,142 INFO:Buy exit signal received
2025-04-23 10:40:19,142 INFO:Sell exit signal received
2025-04-23 10:40:19,142 INFO:Entering while loop with trade_count: 2
2025-04-23 10:40:19,257 INFO:Combined historical with live algo:                       timestamp    open    high     low     close  ...          long  buy  sell  buy_exit  sell_exit
0     2025-04-22 09:15:00+05:30  821.10  821.10  817.00    818.80  ...    818.800000  NaN   NaN       NaN        NaN
1     2025-04-22 09:16:00+05:30  818.75  818.75  814.60    814.60  ...    818.668750  NaN   NaN       NaN        NaN
2     2025-04-22 09:17:00+05:30  814.60  816.00  814.00    815.35  ...    818.565039  NaN   NaN       NaN        NaN
3     2025-04-22 09:18:00+05:30  815.30  816.00  814.75    815.50  ...    818.469257  NaN   NaN       NaN        NaN
4     2025-04-22 09:19:00+05:30  815.55  815.75  814.50    814.60  ...    818.348342  NaN   NaN       NaN        NaN
..                          ...     ...     ...     ...       ...  ...           ...  ...   ...       ...        ...
629  2025-04-23 10:40:18.093279     NaN     NaN     NaN  81700.00  ...  81325.712282  NaN   NaN       NaN        NaN
630  2025-04-23 10:40:18.093279     NaN     NaN     NaN  81700.00  ...  81337.408773  NaN   NaN       NaN        NaN
631  2025-04-23 10:40:18.093279     NaN     NaN     NaN  81700.00  ...  81348.739749  NaN   NaN       NaN        NaN
632  2025-04-23 10:40:18.993321     NaN     NaN     NaN  81710.00  ...  81360.029132  NaN   NaN       NaN        NaN
633  2025-04-23 10:40:18.993321     NaN     NaN     NaN  81710.00  ...  81370.965722  NaN   NaN       NaN        NaN

[634 rows x 13 columns]
2025-04-23 10:40:19,257 INFO:Final row: {'timestamp': Timestamp('2025-04-23 10:40:18.993321'), 'open': nan, 'high': nan, 'low': nan, 'close': 81710.0, 'volume': nan, 'short': 81705.5707799394, 'middle': 81703.84885376522, 'long': 81370.96572171133, 'buy': nan, 'sell': nan, 'buy_exit': nan, 'sell_exit': nan}
2025-04-23 10:40:19,265 INFO:Buy exit signal received
2025-04-23 10:40:19,265 INFO:Sell exit signal received
2025-04-23 10:40:19,265 INFO:Entering while loop with trade_count: 2
2025-04-23 10:40:19,374 INFO:Combined historical with live algo:                       timestamp    open    high     low     close  ...          long  buy  sell  buy_exit  sell_exit
0     2025-04-22 09:15:00+05:30  821.10  821.10  817.00    818.80  ...    818.800000  NaN   NaN       NaN        NaN
1     2025-04-22 09:16:00+05:30  818.75  818.75  814.60    814.60  ...    818.668750  NaN   NaN       NaN        NaN
2     2025-04-22 09:17:00+05:30  814.60  816.00  814.00    815.35  ...    818.565039  NaN   NaN       NaN        NaN
3     2025-04-22 09:18:00+05:30  815.30  816.00  814.75    815.50  ...    818.469257  NaN   NaN       NaN        NaN
4     2025-04-22 09:19:00+05:30  815.55  815.75  814.50    814.60  ...    818.348342  NaN   NaN       NaN        NaN
..                          ...     ...     ...     ...       ...  ...           ...  ...   ...       ...        ...
630  2025-04-23 10:40:18.093279     NaN     NaN     NaN  81700.00  ...  81337.408773  NaN   NaN       NaN        NaN
631  2025-04-23 10:40:18.093279     NaN     NaN     NaN  81700.00  ...  81348.739749  NaN   NaN       NaN        NaN
632  2025-04-23 10:40:18.993321     NaN     NaN     NaN  81710.00  ...  81360.029132  NaN   NaN       NaN        NaN
633  2025-04-23 10:40:18.993321     NaN     NaN     NaN  81710.00  ...  81370.965722  NaN   NaN       NaN        NaN
634  2025-04-23 10:40:19.210179     NaN     NaN     NaN  81710.00  ...  81381.560543  NaN   NaN       NaN        NaN

[635 rows x 13 columns]
2025-04-23 10:40:19,374 INFO:Final row: {'timestamp': Timestamp('2025-04-23 10:40:19.210179'), 'open': nan, 'high': nan, 'low': nan, 'close': 81710.0, 'volume': nan, 'short': 81707.04718662627, 'middle': 81704.40804887748, 'long': 81381.56054290784, 'buy': nan, 'sell': nan, 'buy_exit': nan, 'sell_exit': nan}
2025-04-23 10:40:19,374 INFO:Buy exit signal received
2025-04-23 10:40:19,374 INFO:Sell exit signal received
2025-04-23 10:40:19,374 INFO:Entering while loop with trade_count: 2
2025-04-23 10:40:19,498 INFO:Combined historical with live algo:                       timestamp    open    high     low     close  ...          long  buy  sell  buy_exit  sell_exit
0     2025-04-22 09:15:00+05:30  821.10  821.10  817.00    818.80  ...    818.800000  NaN   NaN       NaN        NaN
1     2025-04-22 09:16:00+05:30  818.75  818.75  814.60    814.60  ...    818.668750  NaN   NaN       NaN        NaN
2     2025-04-22 09:17:00+05:30  814.60  816.00  814.00    815.35  ...    818.565039  NaN   NaN       NaN        NaN
3     2025-04-22 09:18:00+05:30  815.30  816.00  814.75    815.50  ...    818.469257  NaN   NaN       NaN        NaN
4     2025-04-22 09:19:00+05:30  815.55  815.75  814.50    814.60  ...    818.348342  NaN   NaN       NaN        NaN
..                          ...     ...     ...     ...       ...  ...           ...  ...   ...       ...        ...
631  2025-04-23 10:40:18.093279     NaN     NaN     NaN  81700.00  ...  81348.739749  NaN   NaN       NaN        NaN
632  2025-04-23 10:40:18.993321     NaN     NaN     NaN  81710.00  ...  81360.029132  NaN   NaN       NaN        NaN
633  2025-04-23 10:40:18.993321     NaN     NaN     NaN  81710.00  ...  81370.965722  NaN   NaN       NaN        NaN
634  2025-04-23 10:40:19.210179     NaN     NaN     NaN  81710.00  ...  81381.560543  NaN   NaN       NaN        NaN
635  2025-04-23 10:40:19.210179     NaN     NaN     NaN  81710.00  ...  81391.824276  NaN   NaN       NaN        NaN

[636 rows x 13 columns]
2025-04-23 10:40:19,498 INFO:Final row: {'timestamp': Timestamp('2025-04-23 10:40:19.210179'), 'open': nan, 'high': nan, 'low': nan, 'close': 81710.0, 'volume': nan, 'short': 81708.03145775085, 'middle': 81704.91640807044, 'long': 81391.82427594197, 'buy': nan, 'sell': nan, 'buy_exit': nan, 'sell_exit': nan}
2025-04-23 10:40:19,498 INFO:Buy exit signal received
2025-04-23 10:40:19,498 INFO:Sell exit signal received
2025-04-23 10:40:19,498 INFO:Entering while loop with trade_count: 2
2025-04-23 10:40:19,610 INFO:Combined historical with live algo:                       timestamp    open    high     low     close  ...          long  buy  sell  buy_exit  sell_exit
0     2025-04-22 09:15:00+05:30  821.10  821.10  817.00    818.80  ...    818.800000  NaN   NaN       NaN        NaN
1     2025-04-22 09:16:00+05:30  818.75  818.75  814.60    814.60  ...    818.668750  NaN   NaN       NaN        NaN
2     2025-04-22 09:17:00+05:30  814.60  816.00  814.00    815.35  ...    818.565039  NaN   NaN       NaN        NaN
3     2025-04-22 09:18:00+05:30  815.30  816.00  814.75    815.50  ...    818.469257  NaN   NaN       NaN        NaN
4     2025-04-22 09:19:00+05:30  815.55  815.75  814.50    814.60  ...    818.348342  NaN   NaN       NaN        NaN
..                          ...     ...     ...     ...       ...  ...           ...  ...   ...       ...        ...
632  2025-04-23 10:40:18.993321     NaN     NaN     NaN  81710.00  ...  81360.029132  NaN   NaN       NaN        NaN
633  2025-04-23 10:40:18.993321     NaN     NaN     NaN  81710.00  ...  81370.965722  NaN   NaN       NaN        NaN
634  2025-04-23 10:40:19.210179     NaN     NaN     NaN  81710.00  ...  81381.560543  NaN   NaN       NaN        NaN
635  2025-04-23 10:40:19.210179     NaN     NaN     NaN  81710.00  ...  81391.824276  NaN   NaN       NaN        NaN
636  2025-04-23 10:40:19.210179     NaN     NaN     NaN  81710.00  ...  81401.767267  NaN   NaN       NaN        NaN

[637 rows x 13 columns]
2025-04-23 10:40:19,610 INFO:Final row: {'timestamp': Timestamp('2025-04-23 10:40:19.210179'), 'open': nan, 'high': nan, 'low': nan, 'close': 81710.0, 'volume': nan, 'short': 81708.68763850057, 'middle': 81705.37855279131, 'long': 81401.76726731878, 'buy': nan, 'sell': nan, 'buy_exit': nan, 'sell_exit': nan}
2025-04-23 10:40:19,610 INFO:Buy exit signal received
2025-04-23 10:40:19,610 INFO:Sell exit signal received
2025-04-23 10:40:19,610 INFO:Entering while loop with trade_count: 2
2025-04-23 10:40:19,728 INFO:Combined historical with live algo:                       timestamp    open    high     low     close  ...          long  buy  sell  buy_exit  sell_exit
0     2025-04-22 09:15:00+05:30  821.10  821.10  817.00    818.80  ...    818.800000  NaN   NaN       NaN        NaN
1     2025-04-22 09:16:00+05:30  818.75  818.75  814.60    814.60  ...    818.668750  NaN   NaN       NaN        NaN
2     2025-04-22 09:17:00+05:30  814.60  816.00  814.00    815.35  ...    818.565039  NaN   NaN       NaN        NaN
3     2025-04-22 09:18:00+05:30  815.30  816.00  814.75    815.50  ...    818.469257  NaN   NaN       NaN        NaN
4     2025-04-22 09:19:00+05:30  815.55  815.75  814.50    814.60  ...    818.348342  NaN   NaN       NaN        NaN
..                          ...     ...     ...     ...       ...  ...           ...  ...   ...       ...        ...
633  2025-04-23 10:40:18.993321     NaN     NaN     NaN  81710.00  ...  81370.965722  NaN   NaN       NaN        NaN
634  2025-04-23 10:40:19.210179     NaN     NaN     NaN  81710.00  ...  81381.560543  NaN   NaN       NaN        NaN
635  2025-04-23 10:40:19.210179     NaN     NaN     NaN  81710.00  ...  81391.824276  NaN   NaN       NaN        NaN
636  2025-04-23 10:40:19.210179     NaN     NaN     NaN  81710.00  ...  81401.767267  NaN   NaN       NaN        NaN
637  2025-04-23 10:40:19.210179     NaN     NaN     NaN  81710.00  ...  81411.399540  NaN   NaN       NaN        NaN

[638 rows x 13 columns]
2025-04-23 10:40:19,737 INFO:Final row: {'timestamp': Timestamp('2025-04-23 10:40:19.210179'), 'open': nan, 'high': nan, 'low': nan, 'close': 81710.0, 'volume': nan, 'short': 81709.12509233372, 'middle': 81705.79868435574, 'long': 81411.39954021506, 'buy': nan, 'sell': nan, 'buy_exit': nan, 'sell_exit': nan}
2025-04-23 10:40:19,737 INFO:Buy exit signal received
2025-04-23 10:40:19,737 INFO:Sell exit signal received
2025-04-23 10:40:19,737 INFO:Entering while loop with trade_count: 2
2025-04-23 10:40:19,861 INFO:Combined historical with live algo:                       timestamp    open    high     low     close  ...          long  buy  sell  buy_exit  sell_exit
0     2025-04-22 09:15:00+05:30  821.10  821.10  817.00    818.80  ...    818.800000  NaN   NaN       NaN        NaN
1     2025-04-22 09:16:00+05:30  818.75  818.75  814.60    814.60  ...    818.668750  NaN   NaN       NaN        NaN
2     2025-04-22 09:17:00+05:30  814.60  816.00  814.00    815.35  ...    818.565039  NaN   NaN       NaN        NaN
3     2025-04-22 09:18:00+05:30  815.30  816.00  814.75    815.50  ...    818.469257  NaN   NaN       NaN        NaN
4     2025-04-22 09:19:00+05:30  815.55  815.75  814.50    814.60  ...    818.348342  NaN   NaN       NaN        NaN
..                          ...     ...     ...     ...       ...  ...           ...  ...   ...       ...        ...
634  2025-04-23 10:40:19.210179     NaN     NaN     NaN  81710.00  ...  81381.560543  NaN   NaN       NaN        NaN
635  2025-04-23 10:40:19.210179     NaN     NaN     NaN  81710.00  ...  81391.824276  NaN   NaN       NaN        NaN
636  2025-04-23 10:40:19.210179     NaN     NaN     NaN  81710.00  ...  81401.767267  NaN   NaN       NaN        NaN
637  2025-04-23 10:40:19.210179     NaN     NaN     NaN  81710.00  ...  81411.399540  NaN   NaN       NaN        NaN
638  2025-04-23 10:40:19.210179     NaN     NaN     NaN  81710.00  ...  81420.730805  NaN   NaN       NaN        NaN

[639 rows x 13 columns]
2025-04-23 10:40:19,861 INFO:Final row: {'timestamp': Timestamp('2025-04-23 10:40:19.210179'), 'open': nan, 'high': nan, 'low': nan, 'close': 81710.0, 'volume': nan, 'short': 81709.41672822248, 'middle': 81706.18062214159, 'long': 81420.73080458333, 'buy': nan, 'sell': nan, 'buy_exit': nan, 'sell_exit': nan}
2025-04-23 10:40:19,861 INFO:Buy exit signal received
2025-04-23 10:40:19,861 INFO:Sell exit signal received
2025-04-23 10:40:19,861 INFO:Entering while loop with trade_count: 2
2025-04-23 10:40:19,977 INFO:Combined historical with live algo:                       timestamp    open    high     low     close  ...          long  buy  sell  buy_exit  sell_exit
0     2025-04-22 09:15:00+05:30  821.10  821.10  817.00    818.80  ...    818.800000  NaN   NaN       NaN        NaN
1     2025-04-22 09:16:00+05:30  818.75  818.75  814.60    814.60  ...    818.668750  NaN   NaN       NaN        NaN
2     2025-04-22 09:17:00+05:30  814.60  816.00  814.00    815.35  ...    818.565039  NaN   NaN       NaN        NaN
3     2025-04-22 09:18:00+05:30  815.30  816.00  814.75    815.50  ...    818.469257  NaN   NaN       NaN        NaN
4     2025-04-22 09:19:00+05:30  815.55  815.75  814.50    814.60  ...    818.348342  NaN   NaN       NaN        NaN
..                          ...     ...     ...     ...       ...  ...           ...  ...   ...       ...        ...
635  2025-04-23 10:40:19.210179     NaN     NaN     NaN  81710.00  ...  81391.824276  NaN   NaN       NaN        NaN
636  2025-04-23 10:40:19.210179     NaN     NaN     NaN  81710.00  ...  81401.767267  NaN   NaN       NaN        NaN
637  2025-04-23 10:40:19.210179     NaN     NaN     NaN  81710.00  ...  81411.399540  NaN   NaN       NaN        NaN
638  2025-04-23 10:40:19.210179     NaN     NaN     NaN  81710.00  ...  81420.730805  NaN   NaN       NaN        NaN
639  2025-04-23 10:40:19.210179     NaN     NaN     NaN  81710.00  ...  81429.770467  NaN   NaN       NaN        NaN

[640 rows x 13 columns]
2025-04-23 10:40:19,977 INFO:Final row: {'timestamp': Timestamp('2025-04-23 10:40:19.210179'), 'open': nan, 'high': nan, 'low': nan, 'close': 81710.0, 'volume': nan, 'short': 81709.61115214833, 'middle': 81706.52783831053, 'long': 81429.7704669401, 'buy': nan, 'sell': nan, 'buy_exit': nan, 'sell_exit': nan}
2025-04-23 10:40:19,977 INFO:Buy exit signal received
2025-04-23 10:40:19,977 INFO:Sell exit signal received
2025-04-23 10:40:19,977 INFO:Entering while loop with trade_count: 2
2025-04-23 10:40:20,091 INFO:Combined historical with live algo:                       timestamp    open    high     low     close  ...          long  buy  sell  buy_exit  sell_exit
0     2025-04-22 09:15:00+05:30  821.10  821.10  817.00    818.80  ...    818.800000  NaN   NaN       NaN        NaN
1     2025-04-22 09:16:00+05:30  818.75  818.75  814.60    814.60  ...    818.668750  NaN   NaN       NaN        NaN
2     2025-04-22 09:17:00+05:30  814.60  816.00  814.00    815.35  ...    818.565039  NaN   NaN       NaN        NaN
3     2025-04-22 09:18:00+05:30  815.30  816.00  814.75    815.50  ...    818.469257  NaN   NaN       NaN        NaN
4     2025-04-22 09:19:00+05:30  815.55  815.75  814.50    814.60  ...    818.348342  NaN   NaN       NaN        NaN
..                          ...     ...     ...     ...       ...  ...           ...  ...   ...       ...        ...
636  2025-04-23 10:40:19.210179     NaN     NaN     NaN  81710.00  ...  81401.767267  NaN   NaN       NaN        NaN
637  2025-04-23 10:40:19.210179     NaN     NaN     NaN  81710.00  ...  81411.399540  NaN   NaN       NaN        NaN
638  2025-04-23 10:40:19.210179     NaN     NaN     NaN  81710.00  ...  81420.730805  NaN   NaN       NaN        NaN
639  2025-04-23 10:40:19.210179     NaN     NaN     NaN  81710.00  ...  81429.770467  NaN   NaN       NaN        NaN
640  2025-04-23 10:40:19.915823     NaN     NaN     NaN  81710.00  ...  81438.527640  NaN   NaN       NaN        NaN

[641 rows x 13 columns]
2025-04-23 10:40:20,105 INFO:Final row: {'timestamp': Timestamp('2025-04-23 10:40:19.915823'), 'open': nan, 'high': nan, 'low': nan, 'close': 81710.0, 'volume': nan, 'short': 81709.74076809888, 'middle': 81706.84348937322, 'long': 81438.52763984822, 'buy': nan, 'sell': nan, 'buy_exit': nan, 'sell_exit': nan}
2025-04-23 10:40:20,105 INFO:Buy exit signal received
2025-04-23 10:40:20,105 INFO:Sell exit signal received
2025-04-23 10:40:20,107 INFO:Entering while loop with trade_count: 2
2025-04-23 10:40:20,209 INFO:Combined historical with live algo:                       timestamp    open    high     low     close  ...          long  buy  sell  buy_exit  sell_exit
0     2025-04-22 09:15:00+05:30  821.10  821.10  817.00    818.80  ...    818.800000  NaN   NaN       NaN        NaN
1     2025-04-22 09:16:00+05:30  818.75  818.75  814.60    814.60  ...    818.668750  NaN   NaN       NaN        NaN
2     2025-04-22 09:17:00+05:30  814.60  816.00  814.00    815.35  ...    818.565039  NaN   NaN       NaN        NaN
3     2025-04-22 09:18:00+05:30  815.30  816.00  814.75    815.50  ...    818.469257  NaN   NaN       NaN        NaN
4     2025-04-22 09:19:00+05:30  815.55  815.75  814.50    814.60  ...    818.348342  NaN   NaN       NaN        NaN
..                          ...     ...     ...     ...       ...  ...           ...  ...   ...       ...        ...
637  2025-04-23 10:40:19.210179     NaN     NaN     NaN  81710.00  ...  81411.399540  NaN   NaN       NaN        NaN
638  2025-04-23 10:40:19.210179     NaN     NaN     NaN  81710.00  ...  81420.730805  NaN   NaN       NaN        NaN
639  2025-04-23 10:40:19.210179     NaN     NaN     NaN  81710.00  ...  81429.770467  NaN   NaN       NaN        NaN
640  2025-04-23 10:40:19.915823     NaN     NaN     NaN  81710.00  ...  81438.527640  NaN   NaN       NaN        NaN
641  2025-04-23 10:40:19.915823     NaN     NaN     NaN  81710.00  ...  81447.011151  NaN   NaN       NaN        NaN

[642 rows x 13 columns]
2025-04-23 10:40:20,215 INFO:Final row: {'timestamp': Timestamp('2025-04-23 10:40:19.915823'), 'open': nan, 'high': nan, 'low': nan, 'close': 81710.0, 'volume': nan, 'short': 81709.8271787326, 'middle': 81707.13044488475, 'long': 81447.01115110297, 'buy': nan, 'sell': nan, 'buy_exit': nan, 'sell_exit': nan}
2025-04-23 10:40:20,215 INFO:Buy exit signal received
2025-04-23 10:40:20,215 INFO:Sell exit signal received
2025-04-23 10:40:20,215 INFO:Entering while loop with trade_count: 2
2025-04-23 10:40:20,334 INFO:Combined historical with live algo:                       timestamp    open    high     low     close  ...          long  buy  sell  buy_exit  sell_exit
0     2025-04-22 09:15:00+05:30  821.10  821.10  817.00    818.80  ...    818.800000  NaN   NaN       NaN        NaN
1     2025-04-22 09:16:00+05:30  818.75  818.75  814.60    814.60  ...    818.668750  NaN   NaN       NaN        NaN
2     2025-04-22 09:17:00+05:30  814.60  816.00  814.00    815.35  ...    818.565039  NaN   NaN       NaN        NaN
3     2025-04-22 09:18:00+05:30  815.30  816.00  814.75    815.50  ...    818.469257  NaN   NaN       NaN        NaN
4     2025-04-22 09:19:00+05:30  815.55  815.75  814.50    814.60  ...    818.348342  NaN   NaN       NaN        NaN
..                          ...     ...     ...     ...       ...  ...           ...  ...   ...       ...        ...
638  2025-04-23 10:40:19.210179     NaN     NaN     NaN  81710.00  ...  81420.730805  NaN   NaN       NaN        NaN
639  2025-04-23 10:40:19.210179     NaN     NaN     NaN  81710.00  ...  81429.770467  NaN   NaN       NaN        NaN
640  2025-04-23 10:40:19.915823     NaN     NaN     NaN  81710.00  ...  81438.527640  NaN   NaN       NaN        NaN
641  2025-04-23 10:40:19.915823     NaN     NaN     NaN  81710.00  ...  81447.011151  NaN   NaN       NaN        NaN
642  2025-04-23 10:40:19.915823     NaN     NaN     NaN  81710.00  ...  81455.229553  NaN   NaN       NaN        NaN

[643 rows x 13 columns]
2025-04-23 10:40:20,340 INFO:Final row: {'timestamp': Timestamp('2025-04-23 10:40:19.915823'), 'open': nan, 'high': nan, 'low': nan, 'close': 81710.0, 'volume': nan, 'short': 81709.88478582173, 'middle': 81707.3913135316, 'long': 81455.229552631, 'buy': nan, 'sell': nan, 'buy_exit': nan, 'sell_exit': nan}
2025-04-23 10:40:20,340 INFO:Buy exit signal received
2025-04-23 10:40:20,341 INFO:Sell exit signal received
2025-04-23 10:40:20,341 INFO:Entering while loop with trade_count: 2
2025-04-23 10:40:20,476 INFO:Combined historical with live algo:                       timestamp    open    high     low     close  ...          long  buy  sell  buy_exit  sell_exit
0     2025-04-22 09:15:00+05:30  821.10  821.10  817.00    818.80  ...    818.800000  NaN   NaN       NaN        NaN
1     2025-04-22 09:16:00+05:30  818.75  818.75  814.60    814.60  ...    818.668750  NaN   NaN       NaN        NaN
2     2025-04-22 09:17:00+05:30  814.60  816.00  814.00    815.35  ...    818.565039  NaN   NaN       NaN        NaN
3     2025-04-22 09:18:00+05:30  815.30  816.00  814.75    815.50  ...    818.469257  NaN   NaN       NaN        NaN
4     2025-04-22 09:19:00+05:30  815.55  815.75  814.50    814.60  ...    818.348342  NaN   NaN       NaN        NaN
..                          ...     ...     ...     ...       ...  ...           ...  ...   ...       ...        ...
639  2025-04-23 10:40:19.210179     NaN     NaN     NaN  81710.00  ...  81429.770467  NaN   NaN       NaN        NaN
640  2025-04-23 10:40:19.915823     NaN     NaN     NaN  81710.00  ...  81438.527640  NaN   NaN       NaN        NaN
641  2025-04-23 10:40:19.915823     NaN     NaN     NaN  81710.00  ...  81447.011151  NaN   NaN       NaN        NaN
642  2025-04-23 10:40:19.915823     NaN     NaN     NaN  81710.00  ...  81455.229553  NaN   NaN       NaN        NaN
643  2025-04-23 10:40:20.297294     NaN     NaN     NaN  81710.00  ...  81463.191129  NaN   NaN       NaN        NaN

[644 rows x 13 columns]
2025-04-23 10:40:20,476 INFO:Final row: {'timestamp': Timestamp('2025-04-23 10:40:20.297294'), 'open': nan, 'high': nan, 'low': nan, 'close': 81710.0, 'volume': nan, 'short': 81709.92319054782, 'middle': 81707.6284668469, 'long': 81463.19112911129, 'buy': nan, 'sell': nan, 'buy_exit': nan, 'sell_exit': nan}
2025-04-23 10:40:20,476 INFO:Buy exit signal received
2025-04-23 10:40:20,476 INFO:Sell exit signal received
2025-04-23 10:40:20,476 INFO:Entering while loop with trade_count: 2
2025-04-23 10:40:20,674 INFO:Combined historical with live algo:                       timestamp    open    high     low     close  ...          long  buy  sell  buy_exit  sell_exit
0     2025-04-22 09:15:00+05:30  821.10  821.10  817.00    818.80  ...    818.800000  NaN   NaN       NaN        NaN
1     2025-04-22 09:16:00+05:30  818.75  818.75  814.60    814.60  ...    818.668750  NaN   NaN       NaN        NaN
2     2025-04-22 09:17:00+05:30  814.60  816.00  814.00    815.35  ...    818.565039  NaN   NaN       NaN        NaN
3     2025-04-22 09:18:00+05:30  815.30  816.00  814.75    815.50  ...    818.469257  NaN   NaN       NaN        NaN
4     2025-04-22 09:19:00+05:30  815.55  815.75  814.50    814.60  ...    818.348342  NaN   NaN       NaN        NaN
..                          ...     ...     ...     ...       ...  ...           ...  ...   ...       ...        ...
640  2025-04-23 10:40:19.915823     NaN     NaN     NaN  81710.00  ...  81438.527640  NaN   NaN       NaN        NaN
641  2025-04-23 10:40:19.915823     NaN     NaN     NaN  81710.00  ...  81447.011151  NaN   NaN       NaN        NaN
642  2025-04-23 10:40:19.915823     NaN     NaN     NaN  81710.00  ...  81455.229553  NaN   NaN       NaN        NaN
643  2025-04-23 10:40:20.297294     NaN     NaN     NaN  81710.00  ...  81463.191129  NaN   NaN       NaN        NaN
644  2025-04-23 10:40:20.297294     NaN     NaN     NaN  81710.00  ...  81470.903906  NaN   NaN       NaN        NaN

[645 rows x 13 columns]
2025-04-23 10:40:20,678 INFO:Final row: {'timestamp': Timestamp('2025-04-23 10:40:20.297294'), 'open': nan, 'high': nan, 'low': nan, 'close': 81710.0, 'volume': nan, 'short': 81709.94879369855, 'middle': 81707.84406076992, 'long': 81470.90390632657, 'buy': nan, 'sell': nan, 'buy_exit': nan, 'sell_exit': nan}
2025-04-23 10:40:20,678 INFO:Buy exit signal received
2025-04-23 10:40:20,678 INFO:Sell exit signal received
2025-04-23 10:40:20,678 INFO:Entering while loop with trade_count: 2
2025-04-23 10:40:20,816 INFO:Combined historical with live algo:                       timestamp    open    high     low     close  ...          long  buy  sell  buy_exit  sell_exit
0     2025-04-22 09:15:00+05:30  821.10  821.10  817.00    818.80  ...    818.800000  NaN   NaN       NaN        NaN
1     2025-04-22 09:16:00+05:30  818.75  818.75  814.60    814.60  ...    818.668750  NaN   NaN       NaN        NaN
2     2025-04-22 09:17:00+05:30  814.60  816.00  814.00    815.35  ...    818.565039  NaN   NaN       NaN        NaN
3     2025-04-22 09:18:00+05:30  815.30  816.00  814.75    815.50  ...    818.469257  NaN   NaN       NaN        NaN
4     2025-04-22 09:19:00+05:30  815.55  815.75  814.50    814.60  ...    818.348342  NaN   NaN       NaN        NaN
..                          ...     ...     ...     ...       ...  ...           ...  ...   ...       ...        ...
641  2025-04-23 10:40:19.915823     NaN     NaN     NaN  81710.00  ...  81447.011151  NaN   NaN       NaN        NaN
642  2025-04-23 10:40:19.915823     NaN     NaN     NaN  81710.00  ...  81455.229553  NaN   NaN       NaN        NaN
643  2025-04-23 10:40:20.297294     NaN     NaN     NaN  81710.00  ...  81463.191129  NaN   NaN       NaN        NaN
644  2025-04-23 10:40:20.297294     NaN     NaN     NaN  81710.00  ...  81470.903906  NaN   NaN       NaN        NaN
645  2025-04-23 10:40:20.297294     NaN     NaN     NaN  81710.00  ...  81478.375659  NaN   NaN       NaN        NaN

[646 rows x 13 columns]
2025-04-23 10:40:20,816 INFO:Final row: {'timestamp': Timestamp('2025-04-23 10:40:20.297294'), 'open': nan, 'high': nan, 'low': nan, 'close': 81710.0, 'volume': nan, 'short': 81709.9658624657, 'middle': 81708.04005524538, 'long': 81478.37565925386, 'buy': nan, 'sell': nan, 'buy_exit': nan, 'sell_exit': nan}
2025-04-23 10:40:20,816 INFO:Buy exit signal received
2025-04-23 10:40:20,816 INFO:Sell exit signal received
2025-04-23 10:40:20,816 INFO:Entering while loop with trade_count: 2
2025-04-23 10:40:20,945 INFO:Combined historical with live algo:                       timestamp    open    high     low     close  ...          long  buy  sell  buy_exit  sell_exit
0     2025-04-22 09:15:00+05:30  821.10  821.10  817.00    818.80  ...    818.800000  NaN   NaN       NaN        NaN
1     2025-04-22 09:16:00+05:30  818.75  818.75  814.60    814.60  ...    818.668750  NaN   NaN       NaN        NaN
2     2025-04-22 09:17:00+05:30  814.60  816.00  814.00    815.35  ...    818.565039  NaN   NaN       NaN        NaN
3     2025-04-22 09:18:00+05:30  815.30  816.00  814.75    815.50  ...    818.469257  NaN   NaN       NaN        NaN
4     2025-04-22 09:19:00+05:30  815.55  815.75  814.50    814.60  ...    818.348342  NaN   NaN       NaN        NaN
..                          ...     ...     ...     ...       ...  ...           ...  ...   ...       ...        ...
642  2025-04-23 10:40:19.915823     NaN     NaN     NaN  81710.00  ...  81455.229553  NaN   NaN       NaN        NaN
643  2025-04-23 10:40:20.297294     NaN     NaN     NaN  81710.00  ...  81463.191129  NaN   NaN       NaN        NaN
644  2025-04-23 10:40:20.297294     NaN     NaN     NaN  81710.00  ...  81470.903906  NaN   NaN       NaN        NaN
645  2025-04-23 10:40:20.297294     NaN     NaN     NaN  81710.00  ...  81478.375659  NaN   NaN       NaN        NaN
646  2025-04-23 10:40:20.297294     NaN     NaN     NaN  81710.00  ...  81485.613920  NaN   NaN       NaN        NaN

[647 rows x 13 columns]
2025-04-23 10:40:20,945 INFO:Final row: {'timestamp': Timestamp('2025-04-23 10:40:20.297294'), 'open': nan, 'high': nan, 'low': nan, 'close': 81710.0, 'volume': nan, 'short': 81709.9772416438, 'middle': 81708.21823204125, 'long': 81485.61391990217, 'buy': nan, 'sell': nan, 'buy_exit': nan, 'sell_exit': nan}
2025-04-23 10:40:20,945 INFO:Buy exit signal received
2025-04-23 10:40:20,945 INFO:Sell exit signal received
2025-04-23 10:40:20,945 INFO:Entering while loop with trade_count: 2
2025-04-23 10:40:21,098 INFO:Combined historical with live algo:                       timestamp    open    high     low     close  ...          long  buy  sell  buy_exit  sell_exit
0     2025-04-22 09:15:00+05:30  821.10  821.10  817.00    818.80  ...    818.800000  NaN   NaN       NaN        NaN
1     2025-04-22 09:16:00+05:30  818.75  818.75  814.60    814.60  ...    818.668750  NaN   NaN       NaN        NaN
2     2025-04-22 09:17:00+05:30  814.60  816.00  814.00    815.35  ...    818.565039  NaN   NaN       NaN        NaN
3     2025-04-22 09:18:00+05:30  815.30  816.00  814.75    815.50  ...    818.469257  NaN   NaN       NaN        NaN
4     2025-04-22 09:19:00+05:30  815.55  815.75  814.50    814.60  ...    818.348342  NaN   NaN       NaN        NaN
..                          ...     ...     ...     ...       ...  ...           ...  ...   ...       ...        ...
643  2025-04-23 10:40:20.297294     NaN     NaN     NaN  81710.00  ...  81463.191129  NaN   NaN       NaN        NaN
644  2025-04-23 10:40:20.297294     NaN     NaN     NaN  81710.00  ...  81470.903906  NaN   NaN       NaN        NaN
645  2025-04-23 10:40:20.297294     NaN     NaN     NaN  81710.00  ...  81478.375659  NaN   NaN       NaN        NaN
646  2025-04-23 10:40:20.297294     NaN     NaN     NaN  81710.00  ...  81485.613920  NaN   NaN       NaN        NaN
647  2025-04-23 10:40:20.937699     NaN     NaN     NaN  81710.00  ...  81492.625985  NaN   NaN       NaN        NaN

[648 rows x 13 columns]
2025-04-23 10:40:21,101 INFO:Final row: {'timestamp': Timestamp('2025-04-23 10:40:20.937699'), 'open': nan, 'high': nan, 'low': nan, 'close': 81710.0, 'volume': nan, 'short': 81709.98482776254, 'middle': 81708.38021094659, 'long': 81492.62598490523, 'buy': nan, 'sell': nan, 'buy_exit': nan, 'sell_exit': nan}
2025-04-23 10:40:21,101 INFO:Buy exit signal received
2025-04-23 10:40:21,105 INFO:Sell exit signal received
2025-04-23 10:40:21,105 INFO:Entering while loop with trade_count: 2
2025-04-23 10:40:21,249 INFO:Combined historical with live algo:                       timestamp    open    high     low     close  ...          long  buy  sell  buy_exit  sell_exit
0     2025-04-22 09:15:00+05:30  821.10  821.10  817.00    818.80  ...    818.800000  NaN   NaN       NaN        NaN
1     2025-04-22 09:16:00+05:30  818.75  818.75  814.60    814.60  ...    818.668750  NaN   NaN       NaN        NaN
2     2025-04-22 09:17:00+05:30  814.60  816.00  814.00    815.35  ...    818.565039  NaN   NaN       NaN        NaN
3     2025-04-22 09:18:00+05:30  815.30  816.00  814.75    815.50  ...    818.469257  NaN   NaN       NaN        NaN
4     2025-04-22 09:19:00+05:30  815.55  815.75  814.50    814.60  ...    818.348342  NaN   NaN       NaN        NaN
..                          ...     ...     ...     ...       ...  ...           ...  ...   ...       ...        ...
644  2025-04-23 10:40:20.297294     NaN     NaN     NaN  81710.00  ...  81470.903906  NaN   NaN       NaN        NaN
645  2025-04-23 10:40:20.297294     NaN     NaN     NaN  81710.00  ...  81478.375659  NaN   NaN       NaN        NaN
646  2025-04-23 10:40:20.297294     NaN     NaN     NaN  81710.00  ...  81485.613920  NaN   NaN       NaN        NaN
647  2025-04-23 10:40:20.937699     NaN     NaN     NaN  81710.00  ...  81492.625985  NaN   NaN       NaN        NaN
648  2025-04-23 10:40:20.937699     NaN     NaN     NaN  81710.00  ...  81499.418923  NaN   NaN       NaN        NaN

[649 rows x 13 columns]
2025-04-23 10:40:21,251 INFO:Final row: {'timestamp': Timestamp('2025-04-23 10:40:20.937699'), 'open': nan, 'high': nan, 'low': nan, 'close': 81710.0, 'volume': nan, 'short': 81709.98988517503, 'middle': 81708.5274644969, 'long': 81499.41892287694, 'buy': nan, 'sell': nan, 'buy_exit': nan, 'sell_exit': nan}
2025-04-23 10:40:21,251 INFO:Buy exit signal received
2025-04-23 10:40:21,251 INFO:Sell exit signal received
2025-04-23 10:40:21,251 INFO:Entering while loop with trade_count: 2
2025-04-23 10:40:21,396 INFO:Combined historical with live algo:                       timestamp    open    high     low     close  ...          long  buy  sell  buy_exit  sell_exit
0     2025-04-22 09:15:00+05:30  821.10  821.10  817.00    818.80  ...    818.800000  NaN   NaN       NaN        NaN
1     2025-04-22 09:16:00+05:30  818.75  818.75  814.60    814.60  ...    818.668750  NaN   NaN       NaN        NaN
2     2025-04-22 09:17:00+05:30  814.60  816.00  814.00    815.35  ...    818.565039  NaN   NaN       NaN        NaN
3     2025-04-22 09:18:00+05:30  815.30  816.00  814.75    815.50  ...    818.469257  NaN   NaN       NaN        NaN
4     2025-04-22 09:19:00+05:30  815.55  815.75  814.50    814.60  ...    818.348342  NaN   NaN       NaN        NaN
..                          ...     ...     ...     ...       ...  ...           ...  ...   ...       ...        ...
645  2025-04-23 10:40:20.297294     NaN     NaN     NaN  81710.00  ...  81478.375659  NaN   NaN       NaN        NaN
646  2025-04-23 10:40:20.297294     NaN     NaN     NaN  81710.00  ...  81485.613920  NaN   NaN       NaN        NaN
647  2025-04-23 10:40:20.937699     NaN     NaN     NaN  81710.00  ...  81492.625985  NaN   NaN       NaN        NaN
648  2025-04-23 10:40:20.937699     NaN     NaN     NaN  81710.00  ...  81499.418923  NaN   NaN       NaN        NaN
649  2025-04-23 10:40:20.937699     NaN     NaN     NaN  81710.00  ...  81505.999582  NaN   NaN       NaN        NaN

[650 rows x 13 columns]
2025-04-23 10:40:21,400 INFO:Final row: {'timestamp': Timestamp('2025-04-23 10:40:20.937699'), 'open': nan, 'high': nan, 'low': nan, 'close': 81710.0, 'volume': nan, 'short': 81709.99325678336, 'middle': 81708.66133136082, 'long': 81505.99958153703, 'buy': nan, 'sell': nan, 'buy_exit': nan, 'sell_exit': nan}
2025-04-23 10:40:21,400 INFO:Buy exit signal received
2025-04-23 10:40:21,400 INFO:Sell exit signal received
2025-04-23 10:40:21,400 INFO:Entering while loop with trade_count: 2
2025-04-23 10:40:21,578 INFO:Combined historical with live algo:                       timestamp    open    high     low     close  ...          long  buy  sell  buy_exit  sell_exit
0     2025-04-22 09:15:00+05:30  821.10  821.10  817.00    818.80  ...    818.800000  NaN   NaN       NaN        NaN
1     2025-04-22 09:16:00+05:30  818.75  818.75  814.60    814.60  ...    818.668750  NaN   NaN       NaN        NaN
2     2025-04-22 09:17:00+05:30  814.60  816.00  814.00    815.35  ...    818.565039  NaN   NaN       NaN        NaN
3     2025-04-22 09:18:00+05:30  815.30  816.00  814.75    815.50  ...    818.469257  NaN   NaN       NaN        NaN
4     2025-04-22 09:19:00+05:30  815.55  815.75  814.50    814.60  ...    818.348342  NaN   NaN       NaN        NaN
..                          ...     ...     ...     ...       ...  ...           ...  ...   ...       ...        ...
646  2025-04-23 10:40:20.297294     NaN     NaN     NaN  81710.00  ...  81485.613920  NaN   NaN       NaN        NaN
647  2025-04-23 10:40:20.937699     NaN     NaN     NaN  81710.00  ...  81492.625985  NaN   NaN       NaN        NaN
648  2025-04-23 10:40:20.937699     NaN     NaN     NaN  81710.00  ...  81499.418923  NaN   NaN       NaN        NaN
649  2025-04-23 10:40:20.937699     NaN     NaN     NaN  81710.00  ...  81505.999582  NaN   NaN       NaN        NaN
650  2025-04-23 10:40:20.937699     NaN     NaN     NaN  81710.00  ...  81512.374595  NaN   NaN       NaN        NaN

[651 rows x 13 columns]
2025-04-23 10:40:21,582 INFO:Final row: {'timestamp': Timestamp('2025-04-23 10:40:20.937699'), 'open': nan, 'high': nan, 'low': nan, 'close': 81710.0, 'volume': nan, 'short': 81709.99550452225, 'middle': 81708.78302850985, 'long': 81512.374594614, 'buy': nan, 'sell': nan, 'buy_exit': nan, 'sell_exit': nan}
2025-04-23 10:40:21,582 INFO:Buy exit signal received
2025-04-23 10:40:21,582 INFO:Sell exit signal received
2025-04-23 10:40:21,582 INFO:Entering while loop with trade_count: 2
2025-04-23 10:40:21,732 INFO:Combined historical with live algo:                       timestamp    open    high     low     close  ...          long  buy  sell  buy_exit  sell_exit
0     2025-04-22 09:15:00+05:30  821.10  821.10  817.00    818.80  ...    818.800000  NaN   NaN       NaN        NaN
1     2025-04-22 09:16:00+05:30  818.75  818.75  814.60    814.60  ...    818.668750  NaN   NaN       NaN        NaN
2     2025-04-22 09:17:00+05:30  814.60  816.00  814.00    815.35  ...    818.565039  NaN   NaN       NaN        NaN
3     2025-04-22 09:18:00+05:30  815.30  816.00  814.75    815.50  ...    818.469257  NaN   NaN       NaN        NaN
4     2025-04-22 09:19:00+05:30  815.55  815.75  814.50    814.60  ...    818.348342  NaN   NaN       NaN        NaN
..                          ...     ...     ...     ...       ...  ...           ...  ...   ...       ...        ...
647  2025-04-23 10:40:20.937699     NaN     NaN     NaN  81710.00  ...  81492.625985  NaN   NaN       NaN        NaN
648  2025-04-23 10:40:20.937699     NaN     NaN     NaN  81710.00  ...  81499.418923  NaN   NaN       NaN        NaN
649  2025-04-23 10:40:20.937699     NaN     NaN     NaN  81710.00  ...  81505.999582  NaN   NaN       NaN        NaN
650  2025-04-23 10:40:20.937699     NaN     NaN     NaN  81710.00  ...  81512.374595  NaN   NaN       NaN        NaN
651  2025-04-23 10:40:21.448962     NaN     NaN     NaN  81710.00  ...  81518.550389  NaN   NaN       NaN        NaN

[652 rows x 13 columns]
2025-04-23 10:40:21,734 INFO:Final row: {'timestamp': Timestamp('2025-04-23 10:40:21.448962'), 'open': nan, 'high': nan, 'low': nan, 'close': 81710.0, 'volume': nan, 'short': 81709.99700301484, 'middle': 81708.89366228168, 'long': 81518.55038853231, 'buy': nan, 'sell': nan, 'buy_exit': nan, 'sell_exit': nan}
2025-04-23 10:40:21,734 INFO:Buy exit signal received
2025-04-23 10:40:21,734 INFO:Sell exit signal received
2025-04-23 10:40:21,737 INFO:Entering while loop with trade_count: 2
2025-04-23 10:40:21,859 INFO:Combined historical with live algo:                       timestamp    open    high     low     close  ...          long  buy  sell  buy_exit  sell_exit
0     2025-04-22 09:15:00+05:30  821.10  821.10  817.00    818.80  ...    818.800000  NaN   NaN       NaN        NaN
1     2025-04-22 09:16:00+05:30  818.75  818.75  814.60    814.60  ...    818.668750  NaN   NaN       NaN        NaN
2     2025-04-22 09:17:00+05:30  814.60  816.00  814.00    815.35  ...    818.565039  NaN   NaN       NaN        NaN
3     2025-04-22 09:18:00+05:30  815.30  816.00  814.75    815.50  ...    818.469257  NaN   NaN       NaN        NaN
4     2025-04-22 09:19:00+05:30  815.55  815.75  814.50    814.60  ...    818.348342  NaN   NaN       NaN        NaN
..                          ...     ...     ...     ...       ...  ...           ...  ...   ...       ...        ...
648  2025-04-23 10:40:20.937699     NaN     NaN     NaN  81710.00  ...  81499.418923  NaN   NaN       NaN        NaN
649  2025-04-23 10:40:20.937699     NaN     NaN     NaN  81710.00  ...  81505.999582  NaN   NaN       NaN        NaN
650  2025-04-23 10:40:20.937699     NaN     NaN     NaN  81710.00  ...  81512.374595  NaN   NaN       NaN        NaN
651  2025-04-23 10:40:21.448962     NaN     NaN     NaN  81710.00  ...  81518.550389  NaN   NaN       NaN        NaN
652  2025-04-23 10:40:21.448962     NaN     NaN     NaN  81710.00  ...  81524.533189  NaN   NaN       NaN        NaN

[653 rows x 13 columns]
2025-04-23 10:40:21,867 INFO:Final row: {'timestamp': Timestamp('2025-04-23 10:40:21.448962'), 'open': nan, 'high': nan, 'low': nan, 'close': 81710.0, 'volume': nan, 'short': 81709.9980020099, 'middle': 81708.9942384379, 'long': 81524.53318889068, 'buy': nan, 'sell': nan, 'buy_exit': nan, 'sell_exit': nan}
2025-04-23 10:40:21,867 INFO:Buy exit signal received
2025-04-23 10:40:21,867 INFO:Sell exit signal received
2025-04-23 10:40:21,867 INFO:Entering while loop with trade_count: 2
2025-04-23 10:40:22,020 INFO:Combined historical with live algo:                       timestamp    open    high     low     close  ...          long  buy  sell  buy_exit  sell_exit
0     2025-04-22 09:15:00+05:30  821.10  821.10  817.00    818.80  ...    818.800000  NaN   NaN       NaN        NaN
1     2025-04-22 09:16:00+05:30  818.75  818.75  814.60    814.60  ...    818.668750  NaN   NaN       NaN        NaN
2     2025-04-22 09:17:00+05:30  814.60  816.00  814.00    815.35  ...    818.565039  NaN   NaN       NaN        NaN
3     2025-04-22 09:18:00+05:30  815.30  816.00  814.75    815.50  ...    818.469257  NaN   NaN       NaN        NaN
4     2025-04-22 09:19:00+05:30  815.55  815.75  814.50    814.60  ...    818.348342  NaN   NaN       NaN        NaN
..                          ...     ...     ...     ...       ...  ...           ...  ...   ...       ...        ...
649  2025-04-23 10:40:20.937699     NaN     NaN     NaN  81710.00  ...  81505.999582  NaN   NaN       NaN        NaN
650  2025-04-23 10:40:20.937699     NaN     NaN     NaN  81710.00  ...  81512.374595  NaN   NaN       NaN        NaN
651  2025-04-23 10:40:21.448962     NaN     NaN     NaN  81710.00  ...  81518.550389  NaN   NaN       NaN        NaN
652  2025-04-23 10:40:21.448962     NaN     NaN     NaN  81710.00  ...  81524.533189  NaN   NaN       NaN        NaN
653  2025-04-23 10:40:21.448962     NaN     NaN     NaN  81710.00  ...  81530.329027  NaN   NaN       NaN        NaN

[654 rows x 13 columns]
2025-04-23 10:40:22,023 INFO:Final row: {'timestamp': Timestamp('2025-04-23 10:40:21.448962'), 'open': nan, 'high': nan, 'low': nan, 'close': 81710.0, 'volume': nan, 'short': 81709.9986680066, 'middle': 81709.08567130718, 'long': 81530.32902673785, 'buy': nan, 'sell': nan, 'buy_exit': nan, 'sell_exit': nan}
2025-04-23 10:40:22,023 INFO:Buy exit signal received
2025-04-23 10:40:22,023 INFO:Sell exit signal received
2025-04-23 10:40:22,023 INFO:Entering while loop with trade_count: 2
2025-04-23 10:40:22,163 INFO:Combined historical with live algo:                       timestamp    open    high     low     close  ...          long  buy  sell  buy_exit  sell_exit
0     2025-04-22 09:15:00+05:30  821.10  821.10  817.00    818.80  ...    818.800000  NaN   NaN       NaN        NaN
1     2025-04-22 09:16:00+05:30  818.75  818.75  814.60    814.60  ...    818.668750  NaN   NaN       NaN        NaN
2     2025-04-22 09:17:00+05:30  814.60  816.00  814.00    815.35  ...    818.565039  NaN   NaN       NaN        NaN
3     2025-04-22 09:18:00+05:30  815.30  816.00  814.75    815.50  ...    818.469257  NaN   NaN       NaN        NaN
4     2025-04-22 09:19:00+05:30  815.55  815.75  814.50    814.60  ...    818.348342  NaN   NaN       NaN        NaN
..                          ...     ...     ...     ...       ...  ...           ...  ...   ...       ...        ...
650  2025-04-23 10:40:20.937699     NaN     NaN     NaN  81710.00  ...  81512.374595  NaN   NaN       NaN        NaN
651  2025-04-23 10:40:21.448962     NaN     NaN     NaN  81710.00  ...  81518.550389  NaN   NaN       NaN        NaN
652  2025-04-23 10:40:21.448962     NaN     NaN     NaN  81710.00  ...  81524.533189  NaN   NaN       NaN        NaN
653  2025-04-23 10:40:21.448962     NaN     NaN     NaN  81710.00  ...  81530.329027  NaN   NaN       NaN        NaN
654  2025-04-23 10:40:21.908510     NaN     NaN     NaN  81705.00  ...  81535.787495  NaN   NaN       NaN        NaN

[655 rows x 13 columns]
2025-04-23 10:40:22,166 INFO:Final row: {'timestamp': Timestamp('2025-04-23 10:40:21.908510'), 'open': nan, 'high': nan, 'low': nan, 'close': 81705.0, 'volume': nan, 'short': 81708.33244533774, 'middle': 81708.71424664289, 'long': 81535.7874946523, 'buy': nan, 'sell': nan, 'buy_exit': nan, 'sell_exit': nan}
2025-04-23 10:40:22,166 INFO:Buy exit signal received
2025-04-23 10:40:22,166 INFO:Sell exit signal received
2025-04-23 10:40:22,166 INFO:Entering while loop with trade_count: 2
2025-04-23 10:40:22,275 INFO:Combined historical with live algo:                       timestamp    open    high     low     close  ...          long  buy  sell  buy_exit  sell_exit
0     2025-04-22 09:15:00+05:30  821.10  821.10  817.00    818.80  ...    818.800000  NaN   NaN       NaN        NaN
1     2025-04-22 09:16:00+05:30  818.75  818.75  814.60    814.60  ...    818.668750  NaN   NaN       NaN        NaN
2     2025-04-22 09:17:00+05:30  814.60  816.00  814.00    815.35  ...    818.565039  NaN   NaN       NaN        NaN
3     2025-04-22 09:18:00+05:30  815.30  816.00  814.75    815.50  ...    818.469257  NaN   NaN       NaN        NaN
4     2025-04-22 09:19:00+05:30  815.55  815.75  814.50    814.60  ...    818.348342  NaN   NaN       NaN        NaN
..                          ...     ...     ...     ...       ...  ...           ...  ...   ...       ...        ...
651  2025-04-23 10:40:21.448962     NaN     NaN     NaN  81710.00  ...  81518.550389  NaN   NaN       NaN        NaN
652  2025-04-23 10:40:21.448962     NaN     NaN     NaN  81710.00  ...  81524.533189  NaN   NaN       NaN        NaN
653  2025-04-23 10:40:21.448962     NaN     NaN     NaN  81710.00  ...  81530.329027  NaN   NaN       NaN        NaN
654  2025-04-23 10:40:21.908510     NaN     NaN     NaN  81705.00  ...  81535.787495  NaN   NaN       NaN        NaN
655  2025-04-23 10:40:21.908510     NaN     NaN     NaN  81705.00  ...  81541.075385  NaN   NaN       NaN        NaN

[656 rows x 13 columns]
2025-04-23 10:40:22,275 INFO:Final row: {'timestamp': Timestamp('2025-04-23 10:40:21.908510'), 'open': nan, 'high': nan, 'low': nan, 'close': 81705.0, 'volume': nan, 'short': 81707.22163022516, 'middle': 81708.37658785717, 'long': 81541.0753854444, 'buy': nan, 'sell': nan, 'buy_exit': nan, 'sell_exit': nan}
2025-04-23 10:40:22,275 INFO:Buy exit signal received
2025-04-23 10:40:22,275 INFO:Sell exit signal received
2025-04-23 10:40:22,283 INFO:Entering while loop with trade_count: 2
2025-04-23 10:40:22,411 INFO:Combined historical with live algo:                       timestamp    open    high     low     close  ...          long  buy  sell  buy_exit  sell_exit
0     2025-04-22 09:15:00+05:30  821.10  821.10  817.00    818.80  ...    818.800000  NaN   NaN       NaN        NaN
1     2025-04-22 09:16:00+05:30  818.75  818.75  814.60    814.60  ...    818.668750  NaN   NaN       NaN        NaN
2     2025-04-22 09:17:00+05:30  814.60  816.00  814.00    815.35  ...    818.565039  NaN   NaN       NaN        NaN
3     2025-04-22 09:18:00+05:30  815.30  816.00  814.75    815.50  ...    818.469257  NaN   NaN       NaN        NaN
4     2025-04-22 09:19:00+05:30  815.55  815.75  814.50    814.60  ...    818.348342  NaN   NaN       NaN        NaN
..                          ...     ...     ...     ...       ...  ...           ...  ...   ...       ...        ...
652  2025-04-23 10:40:21.448962     NaN     NaN     NaN  81710.00  ...  81524.533189  NaN   NaN       NaN        NaN
653  2025-04-23 10:40:21.448962     NaN     NaN     NaN  81710.00  ...  81530.329027  NaN   NaN       NaN        NaN
654  2025-04-23 10:40:21.908510     NaN     NaN     NaN  81705.00  ...  81535.787495  NaN   NaN       NaN        NaN
655  2025-04-23 10:40:21.908510     NaN     NaN     NaN  81705.00  ...  81541.075385  NaN   NaN       NaN        NaN
656  2025-04-23 10:40:21.908510     NaN     NaN     NaN  81705.00  ...  81546.198030  NaN   NaN       NaN        NaN

[657 rows x 13 columns]
2025-04-23 10:40:22,411 INFO:Final row: {'timestamp': Timestamp('2025-04-23 10:40:21.908510'), 'open': nan, 'high': nan, 'low': nan, 'close': 81705.0, 'volume': nan, 'short': 81706.48108681678, 'middle': 81708.0696253247, 'long': 81546.19802964927, 'buy': nan, 'sell': nan, 'buy_exit': nan, 'sell_exit': nan}
2025-04-23 10:40:22,411 INFO:Buy exit signal received
2025-04-23 10:40:22,411 INFO:Sell exit signal received
2025-04-23 10:40:22,411 INFO:Entering while loop with trade_count: 2
2025-04-23 10:40:22,532 INFO:Combined historical with live algo:                       timestamp    open    high     low     close  ...          long  buy  sell  buy_exit  sell_exit
0     2025-04-22 09:15:00+05:30  821.10  821.10  817.00    818.80  ...    818.800000  NaN   NaN       NaN        NaN
1     2025-04-22 09:16:00+05:30  818.75  818.75  814.60    814.60  ...    818.668750  NaN   NaN       NaN        NaN
2     2025-04-22 09:17:00+05:30  814.60  816.00  814.00    815.35  ...    818.565039  NaN   NaN       NaN        NaN
3     2025-04-22 09:18:00+05:30  815.30  816.00  814.75    815.50  ...    818.469257  NaN   NaN       NaN        NaN
4     2025-04-22 09:19:00+05:30  815.55  815.75  814.50    814.60  ...    818.348342  NaN   NaN       NaN        NaN
..                          ...     ...     ...     ...       ...  ...           ...  ...   ...       ...        ...
653  2025-04-23 10:40:21.448962     NaN     NaN     NaN  81710.00  ...  81530.329027  NaN   NaN       NaN        NaN
654  2025-04-23 10:40:21.908510     NaN     NaN     NaN  81705.00  ...  81535.787495  NaN   NaN       NaN        NaN
655  2025-04-23 10:40:21.908510     NaN     NaN     NaN  81705.00  ...  81541.075385  NaN   NaN       NaN        NaN
656  2025-04-23 10:40:21.908510     NaN     NaN     NaN  81705.00  ...  81546.198030  NaN   NaN       NaN        NaN
657  2025-04-23 10:40:21.908510     NaN     NaN     NaN  81705.00  ...  81551.160591  NaN   NaN       NaN        NaN

[658 rows x 13 columns]
2025-04-23 10:40:22,541 INFO:Final row: {'timestamp': Timestamp('2025-04-23 10:40:21.908510'), 'open': nan, 'high': nan, 'low': nan, 'close': 81705.0, 'volume': nan, 'short': 81705.9873912112, 'middle': 81707.79056847701, 'long': 81551.16059122272, 'buy': nan, 'sell': nan, 'buy_exit': nan, 'sell_exit': nan}
2025-04-23 10:40:22,541 INFO:Buy exit signal received
2025-04-23 10:40:22,541 INFO:Sell exit signal received
2025-04-23 10:40:22,541 INFO:Entering while loop with trade_count: 2
2025-04-23 10:40:22,684 INFO:Combined historical with live algo:                       timestamp    open    high     low     close  ...          long  buy  sell  buy_exit  sell_exit
0     2025-04-22 09:15:00+05:30  821.10  821.10  817.00    818.80  ...    818.800000  NaN   NaN       NaN        NaN
1     2025-04-22 09:16:00+05:30  818.75  818.75  814.60    814.60  ...    818.668750  NaN   NaN       NaN        NaN
2     2025-04-22 09:17:00+05:30  814.60  816.00  814.00    815.35  ...    818.565039  NaN   NaN       NaN        NaN
3     2025-04-22 09:18:00+05:30  815.30  816.00  814.75    815.50  ...    818.469257  NaN   NaN       NaN        NaN
4     2025-04-22 09:19:00+05:30  815.55  815.75  814.50    814.60  ...    818.348342  NaN   NaN       NaN        NaN
..                          ...     ...     ...     ...       ...  ...           ...  ...   ...       ...        ...
654  2025-04-23 10:40:21.908510     NaN     NaN     NaN  81705.00  ...  81535.787495  NaN   NaN       NaN        NaN
655  2025-04-23 10:40:21.908510     NaN     NaN     NaN  81705.00  ...  81541.075385  NaN   NaN       NaN        NaN
656  2025-04-23 10:40:21.908510     NaN     NaN     NaN  81705.00  ...  81546.198030  NaN   NaN       NaN        NaN
657  2025-04-23 10:40:21.908510     NaN     NaN     NaN  81705.00  ...  81551.160591  NaN   NaN       NaN        NaN
658  2025-04-23 10:40:21.908510     NaN     NaN     NaN  81705.00  ...  81555.968073  NaN   NaN       NaN        NaN

[659 rows x 13 columns]
2025-04-23 10:40:22,689 INFO:Final row: {'timestamp': Timestamp('2025-04-23 10:40:21.908510'), 'open': nan, 'high': nan, 'low': nan, 'close': 81705.0, 'volume': nan, 'short': 81705.65826080747, 'middle': 81707.53688043365, 'long': 81555.96807274701, 'buy': nan, 'sell': nan, 'buy_exit': nan, 'sell_exit': nan}
2025-04-23 10:40:22,689 INFO:Buy exit signal received
2025-04-23 10:40:22,689 INFO:Sell exit signal received
2025-04-23 10:40:22,689 INFO:Entering while loop with trade_count: 2
2025-04-23 10:40:22,805 INFO:Combined historical with live algo:                       timestamp    open    high     low     close  ...          long  buy  sell  buy_exit  sell_exit
0     2025-04-22 09:15:00+05:30  821.10  821.10  817.00    818.80  ...    818.800000  NaN   NaN       NaN        NaN
1     2025-04-22 09:16:00+05:30  818.75  818.75  814.60    814.60  ...    818.668750  NaN   NaN       NaN        NaN
2     2025-04-22 09:17:00+05:30  814.60  816.00  814.00    815.35  ...    818.565039  NaN   NaN       NaN        NaN
3     2025-04-22 09:18:00+05:30  815.30  816.00  814.75    815.50  ...    818.469257  NaN   NaN       NaN        NaN
4     2025-04-22 09:19:00+05:30  815.55  815.75  814.50    814.60  ...    818.348342  NaN   NaN       NaN        NaN
..                          ...     ...     ...     ...       ...  ...           ...  ...   ...       ...        ...
655  2025-04-23 10:40:21.908510     NaN     NaN     NaN  81705.00  ...  81541.075385  NaN   NaN       NaN        NaN
656  2025-04-23 10:40:21.908510     NaN     NaN     NaN  81705.00  ...  81546.198030  NaN   NaN       NaN        NaN
657  2025-04-23 10:40:21.908510     NaN     NaN     NaN  81705.00  ...  81551.160591  NaN   NaN       NaN        NaN
658  2025-04-23 10:40:21.908510     NaN     NaN     NaN  81705.00  ...  81555.968073  NaN   NaN       NaN        NaN
659  2025-04-23 10:40:22.576237     NaN     NaN     NaN  81710.00  ...  81560.781570  NaN   NaN       NaN        NaN

[660 rows x 13 columns]
2025-04-23 10:40:22,805 INFO:Final row: {'timestamp': Timestamp('2025-04-23 10:40:22.576237'), 'open': nan, 'high': nan, 'low': nan, 'close': 81710.0, 'volume': nan, 'short': 81707.10550720498, 'middle': 81707.76080039423, 'long': 81560.78157047367, 'buy': nan, 'sell': nan, 'buy_exit': nan, 'sell_exit': nan}
2025-04-23 10:40:22,805 INFO:Buy exit signal received
2025-04-23 10:40:22,805 INFO:Sell exit signal received
2025-04-23 10:40:22,805 INFO:Entering while loop with trade_count: 2
2025-04-23 10:40:22,908 INFO:Combined historical with live algo:                       timestamp    open    high     low     close  ...          long  buy  sell  buy_exit  sell_exit
0     2025-04-22 09:15:00+05:30  821.10  821.10  817.00    818.80  ...    818.800000  NaN   NaN       NaN        NaN
1     2025-04-22 09:16:00+05:30  818.75  818.75  814.60    814.60  ...    818.668750  NaN   NaN       NaN        NaN
2     2025-04-22 09:17:00+05:30  814.60  816.00  814.00    815.35  ...    818.565039  NaN   NaN       NaN        NaN
3     2025-04-22 09:18:00+05:30  815.30  816.00  814.75    815.50  ...    818.469257  NaN   NaN       NaN        NaN
4     2025-04-22 09:19:00+05:30  815.55  815.75  814.50    814.60  ...    818.348342  NaN   NaN       NaN        NaN
..                          ...     ...     ...     ...       ...  ...           ...  ...   ...       ...        ...
656  2025-04-23 10:40:21.908510     NaN     NaN     NaN  81705.00  ...  81546.198030  NaN   NaN       NaN        NaN
657  2025-04-23 10:40:21.908510     NaN     NaN     NaN  81705.00  ...  81551.160591  NaN   NaN       NaN        NaN
658  2025-04-23 10:40:21.908510     NaN     NaN     NaN  81705.00  ...  81555.968073  NaN   NaN       NaN        NaN
659  2025-04-23 10:40:22.576237     NaN     NaN     NaN  81710.00  ...  81560.781570  NaN   NaN       NaN        NaN
660  2025-04-23 10:40:22.576237     NaN     NaN     NaN  81710.00  ...  81565.444646  NaN   NaN       NaN        NaN

[661 rows x 13 columns]
2025-04-23 10:40:22,911 INFO:Final row: {'timestamp': Timestamp('2025-04-23 10:40:22.576237'), 'open': nan, 'high': nan, 'low': nan, 'close': 81710.0, 'volume': nan, 'short': 81708.07033813666, 'middle': 81707.96436399476, 'long': 81565.44464639637, 'buy': nan, 'sell': nan, 'buy_exit': nan, 'sell_exit': nan}
2025-04-23 10:40:22,911 INFO:Buy exit signal received
2025-04-23 10:40:22,911 INFO:Sell exit signal received
2025-04-23 10:40:22,911 INFO:Entering while loop with trade_count: 2
2025-04-23 10:40:23,026 INFO:Combined historical with live algo:                       timestamp    open    high     low     close  ...          long  buy  sell  buy_exit  sell_exit
0     2025-04-22 09:15:00+05:30  821.10  821.10  817.00    818.80  ...    818.800000  NaN   NaN       NaN        NaN
1     2025-04-22 09:16:00+05:30  818.75  818.75  814.60    814.60  ...    818.668750  NaN   NaN       NaN        NaN
2     2025-04-22 09:17:00+05:30  814.60  816.00  814.00    815.35  ...    818.565039  NaN   NaN       NaN        NaN
3     2025-04-22 09:18:00+05:30  815.30  816.00  814.75    815.50  ...    818.469257  NaN   NaN       NaN        NaN
4     2025-04-22 09:19:00+05:30  815.55  815.75  814.50    814.60  ...    818.348342  NaN   NaN       NaN        NaN
..                          ...     ...     ...     ...       ...  ...           ...  ...   ...       ...        ...
657  2025-04-23 10:40:21.908510     NaN     NaN     NaN  81705.00  ...  81551.160591  NaN   NaN       NaN        NaN
658  2025-04-23 10:40:21.908510     NaN     NaN     NaN  81705.00  ...  81555.968073  NaN   NaN       NaN        NaN
659  2025-04-23 10:40:22.576237     NaN     NaN     NaN  81710.00  ...  81560.781570  NaN   NaN       NaN        NaN
660  2025-04-23 10:40:22.576237     NaN     NaN     NaN  81710.00  ...  81565.444646  NaN   NaN       NaN        NaN
661  2025-04-23 10:40:22.905965     NaN     NaN     NaN  81710.00  ...  81569.962001  NaN   NaN       NaN        NaN

[662 rows x 13 columns]
2025-04-23 10:40:23,030 INFO:Final row: {'timestamp': Timestamp('2025-04-23 10:40:22.905965'), 'open': nan, 'high': nan, 'low': nan, 'close': 81710.0, 'volume': nan, 'short': 81708.71355875778, 'middle': 81708.14942181342, 'long': 81569.96200119649, 'buy': nan, 'sell': nan, 'buy_exit': nan, 'sell_exit': nan}
2025-04-23 10:40:23,031 INFO:Buy exit signal received
2025-04-23 10:40:23,031 INFO:Sell exit signal received
2025-04-23 10:40:23,031 INFO:Entering while loop with trade_count: 2
2025-04-23 10:40:23,150 INFO:Combined historical with live algo:                       timestamp    open    high     low     close  ...          long  buy  sell  buy_exit  sell_exit
0     2025-04-22 09:15:00+05:30  821.10  821.10  817.00    818.80  ...    818.800000  NaN   NaN       NaN        NaN
1     2025-04-22 09:16:00+05:30  818.75  818.75  814.60    814.60  ...    818.668750  NaN   NaN       NaN        NaN
2     2025-04-22 09:17:00+05:30  814.60  816.00  814.00    815.35  ...    818.565039  NaN   NaN       NaN        NaN
3     2025-04-22 09:18:00+05:30  815.30  816.00  814.75    815.50  ...    818.469257  NaN   NaN       NaN        NaN
4     2025-04-22 09:19:00+05:30  815.55  815.75  814.50    814.60  ...    818.348342  NaN   NaN       NaN        NaN
..                          ...     ...     ...     ...       ...  ...           ...  ...   ...       ...        ...
658  2025-04-23 10:40:21.908510     NaN     NaN     NaN  81705.00  ...  81555.968073  NaN   NaN       NaN        NaN
659  2025-04-23 10:40:22.576237     NaN     NaN     NaN  81710.00  ...  81560.781570  NaN   NaN       NaN        NaN
660  2025-04-23 10:40:22.576237     NaN     NaN     NaN  81710.00  ...  81565.444646  NaN   NaN       NaN        NaN
661  2025-04-23 10:40:22.905965     NaN     NaN     NaN  81710.00  ...  81569.962001  NaN   NaN       NaN        NaN
662  2025-04-23 10:40:22.905965     NaN     NaN     NaN  81710.00  ...  81574.338189  NaN   NaN       NaN        NaN

[663 rows x 13 columns]
2025-04-23 10:40:23,157 INFO:Final row: {'timestamp': Timestamp('2025-04-23 10:40:22.905965'), 'open': nan, 'high': nan, 'low': nan, 'close': 81710.0, 'volume': nan, 'short': 81709.14237250519, 'middle': 81708.31765619402, 'long': 81574.3381886591, 'buy': nan, 'sell': nan, 'buy_exit': nan, 'sell_exit': nan}
2025-04-23 10:40:23,157 INFO:Buy exit signal received
2025-04-23 10:40:23,157 INFO:Sell exit signal received
2025-04-23 10:40:23,157 INFO:Entering while loop with trade_count: 2
2025-04-23 10:40:23,366 INFO:Combined historical with live algo:                       timestamp    open    high     low     close  ...          long  buy  sell  buy_exit  sell_exit
0     2025-04-22 09:15:00+05:30  821.10  821.10  817.00    818.80  ...    818.800000  NaN   NaN       NaN        NaN
1     2025-04-22 09:16:00+05:30  818.75  818.75  814.60    814.60  ...    818.668750  NaN   NaN       NaN        NaN
2     2025-04-22 09:17:00+05:30  814.60  816.00  814.00    815.35  ...    818.565039  NaN   NaN       NaN        NaN
3     2025-04-22 09:18:00+05:30  815.30  816.00  814.75    815.50  ...    818.469257  NaN   NaN       NaN        NaN
4     2025-04-22 09:19:00+05:30  815.55  815.75  814.50    814.60  ...    818.348342  NaN   NaN       NaN        NaN
..                          ...     ...     ...     ...       ...  ...           ...  ...   ...       ...        ...
659  2025-04-23 10:40:22.576237     NaN     NaN     NaN  81710.00  ...  81560.781570  NaN   NaN       NaN        NaN
660  2025-04-23 10:40:22.576237     NaN     NaN     NaN  81710.00  ...  81565.444646  NaN   NaN       NaN        NaN
661  2025-04-23 10:40:22.905965     NaN     NaN     NaN  81710.00  ...  81569.962001  NaN   NaN       NaN        NaN
662  2025-04-23 10:40:22.905965     NaN     NaN     NaN  81710.00  ...  81574.338189  NaN   NaN       NaN        NaN
663  2025-04-23 10:40:22.905965     NaN     NaN     NaN  81710.00  ...  81578.577620  NaN   NaN       NaN        NaN

[664 rows x 13 columns]
2025-04-23 10:40:23,369 INFO:Final row: {'timestamp': Timestamp('2025-04-23 10:40:22.905965'), 'open': nan, 'high': nan, 'low': nan, 'close': 81710.0, 'volume': nan, 'short': 81709.4282483368, 'middle': 81708.47059654002, 'long': 81578.5776202635, 'buy': nan, 'sell': nan, 'buy_exit': nan, 'sell_exit': nan}
2025-04-23 10:40:23,370 INFO:Buy exit signal received
2025-04-23 10:40:23,370 INFO:Sell exit signal received
2025-04-23 10:40:23,370 INFO:Entering while loop with trade_count: 2
2025-04-23 10:40:23,579 INFO:Combined historical with live algo:                       timestamp    open    high     low     close  ...          long  buy  sell  buy_exit  sell_exit
0     2025-04-22 09:15:00+05:30  821.10  821.10  817.00    818.80  ...    818.800000  NaN   NaN       NaN        NaN
1     2025-04-22 09:16:00+05:30  818.75  818.75  814.60    814.60  ...    818.668750  NaN   NaN       NaN        NaN
2     2025-04-22 09:17:00+05:30  814.60  816.00  814.00    815.35  ...    818.565039  NaN   NaN       NaN        NaN
3     2025-04-22 09:18:00+05:30  815.30  816.00  814.75    815.50  ...    818.469257  NaN   NaN       NaN        NaN
4     2025-04-22 09:19:00+05:30  815.55  815.75  814.50    814.60  ...    818.348342  NaN   NaN       NaN        NaN
..                          ...     ...     ...     ...       ...  ...           ...  ...   ...       ...        ...
660  2025-04-23 10:40:22.576237     NaN     NaN     NaN  81710.00  ...  81565.444646  NaN   NaN       NaN        NaN
661  2025-04-23 10:40:22.905965     NaN     NaN     NaN  81710.00  ...  81569.962001  NaN   NaN       NaN        NaN
662  2025-04-23 10:40:22.905965     NaN     NaN     NaN  81710.00  ...  81574.338189  NaN   NaN       NaN        NaN
663  2025-04-23 10:40:22.905965     NaN     NaN     NaN  81710.00  ...  81578.577620  NaN   NaN       NaN        NaN
664  2025-04-23 10:40:22.905965     NaN     NaN     NaN  81710.00  ...  81582.684570  NaN   NaN       NaN        NaN

[665 rows x 13 columns]
2025-04-23 10:40:23,585 INFO:Final row: {'timestamp': Timestamp('2025-04-23 10:40:22.905965'), 'open': nan, 'high': nan, 'low': nan, 'close': 81710.0, 'volume': nan, 'short': 81709.61883222454, 'middle': 81708.6096332182, 'long': 81582.68456963026, 'buy': nan, 'sell': nan, 'buy_exit': nan, 'sell_exit': nan}
2025-04-23 10:40:23,585 INFO:Buy exit signal received
2025-04-23 10:40:23,585 INFO:Sell exit signal received
2025-04-23 10:40:23,585 INFO:Entering while loop with trade_count: 2
2025-04-23 10:40:23,799 INFO:Combined historical with live algo:                       timestamp    open    high     low     close  ...          long  buy  sell  buy_exit  sell_exit
0     2025-04-22 09:15:00+05:30  821.10  821.10  817.00    818.80  ...    818.800000  NaN   NaN       NaN        NaN
1     2025-04-22 09:16:00+05:30  818.75  818.75  814.60    814.60  ...    818.668750  NaN   NaN       NaN        NaN
2     2025-04-22 09:17:00+05:30  814.60  816.00  814.00    815.35  ...    818.565039  NaN   NaN       NaN        NaN
3     2025-04-22 09:18:00+05:30  815.30  816.00  814.75    815.50  ...    818.469257  NaN   NaN       NaN        NaN
4     2025-04-22 09:19:00+05:30  815.55  815.75  814.50    814.60  ...    818.348342  NaN   NaN       NaN        NaN
..                          ...     ...     ...     ...       ...  ...           ...  ...   ...       ...        ...
661  2025-04-23 10:40:22.905965     NaN     NaN     NaN  81710.00  ...  81569.962001  NaN   NaN       NaN        NaN
662  2025-04-23 10:40:22.905965     NaN     NaN     NaN  81710.00  ...  81574.338189  NaN   NaN       NaN        NaN
663  2025-04-23 10:40:22.905965     NaN     NaN     NaN  81710.00  ...  81578.577620  NaN   NaN       NaN        NaN
664  2025-04-23 10:40:22.905965     NaN     NaN     NaN  81710.00  ...  81582.684570  NaN   NaN       NaN        NaN
665  2025-04-23 10:40:23.501145     NaN     NaN     NaN  81705.00  ...  81586.506927  NaN   NaN       NaN        NaN

[666 rows x 13 columns]
2025-04-23 10:40:23,801 INFO:Final row: {'timestamp': Timestamp('2025-04-23 10:40:23.501145'), 'open': nan, 'high': nan, 'low': nan, 'close': 81705.0, 'volume': nan, 'short': 81708.07922148303, 'middle': 81708.28148474383, 'long': 81586.50692682932, 'buy': nan, 'sell': nan, 'buy_exit': nan, 'sell_exit': nan}
2025-04-23 10:40:23,801 INFO:Buy exit signal received
2025-04-23 10:40:23,803 INFO:Sell exit signal received
2025-04-23 10:40:23,803 INFO:Entering while loop with trade_count: 2
2025-04-23 10:40:24,032 INFO:Combined historical with live algo:                       timestamp    open    high     low     close  ...          long  buy  sell  buy_exit  sell_exit
0     2025-04-22 09:15:00+05:30  821.10  821.10  817.00    818.80  ...    818.800000  NaN   NaN       NaN        NaN
1     2025-04-22 09:16:00+05:30  818.75  818.75  814.60    814.60  ...    818.668750  NaN   NaN       NaN        NaN
2     2025-04-22 09:17:00+05:30  814.60  816.00  814.00    815.35  ...    818.565039  NaN   NaN       NaN        NaN
3     2025-04-22 09:18:00+05:30  815.30  816.00  814.75    815.50  ...    818.469257  NaN   NaN       NaN        NaN
4     2025-04-22 09:19:00+05:30  815.55  815.75  814.50    814.60  ...    818.348342  NaN   NaN       NaN        NaN
..                          ...     ...     ...     ...       ...  ...           ...  ...   ...       ...        ...
662  2025-04-23 10:40:22.905965     NaN     NaN     NaN  81710.00  ...  81574.338189  NaN   NaN       NaN        NaN
663  2025-04-23 10:40:22.905965     NaN     NaN     NaN  81710.00  ...  81578.577620  NaN   NaN       NaN        NaN
664  2025-04-23 10:40:22.905965     NaN     NaN     NaN  81710.00  ...  81582.684570  NaN   NaN       NaN        NaN
665  2025-04-23 10:40:23.501145     NaN     NaN     NaN  81705.00  ...  81586.506927  NaN   NaN       NaN        NaN
666  2025-04-23 10:40:23.501145     NaN     NaN     NaN  81705.00  ...  81590.209835  NaN   NaN       NaN        NaN

[667 rows x 13 columns]
2025-04-23 10:40:24,034 INFO:Final row: {'timestamp': Timestamp('2025-04-23 10:40:23.501145'), 'open': nan, 'high': nan, 'low': nan, 'close': 81705.0, 'volume': nan, 'short': 81707.05281432203, 'middle': 81707.98316794894, 'long': 81590.2098353659, 'buy': nan, 'sell': nan, 'buy_exit': nan, 'sell_exit': nan}
2025-04-23 10:40:24,034 INFO:Buy exit signal received
2025-04-23 10:40:24,034 INFO:Sell exit signal received
2025-04-23 10:40:24,034 INFO:Entering while loop with trade_count: 2
2025-04-23 10:40:24,146 INFO:Combined historical with live algo:                       timestamp    open    high     low     close  ...          long  buy  sell  buy_exit  sell_exit
0     2025-04-22 09:15:00+05:30  821.10  821.10  817.00    818.80  ...    818.800000  NaN   NaN       NaN        NaN
1     2025-04-22 09:16:00+05:30  818.75  818.75  814.60    814.60  ...    818.668750  NaN   NaN       NaN        NaN
2     2025-04-22 09:17:00+05:30  814.60  816.00  814.00    815.35  ...    818.565039  NaN   NaN       NaN        NaN
3     2025-04-22 09:18:00+05:30  815.30  816.00  814.75    815.50  ...    818.469257  NaN   NaN       NaN        NaN
4     2025-04-22 09:19:00+05:30  815.55  815.75  814.50    814.60  ...    818.348342  NaN   NaN       NaN        NaN
..                          ...     ...     ...     ...       ...  ...           ...  ...   ...       ...        ...
663  2025-04-23 10:40:22.905965     NaN     NaN     NaN  81710.00  ...  81578.577620  NaN   NaN       NaN        NaN
664  2025-04-23 10:40:22.905965     NaN     NaN     NaN  81710.00  ...  81582.684570  NaN   NaN       NaN        NaN
665  2025-04-23 10:40:23.501145     NaN     NaN     NaN  81705.00  ...  81586.506927  NaN   NaN       NaN        NaN
666  2025-04-23 10:40:23.501145     NaN     NaN     NaN  81705.00  ...  81590.209835  NaN   NaN       NaN        NaN
667  2025-04-23 10:40:23.906706     NaN     NaN     NaN  81690.00  ...  81593.328278  NaN   NaN       NaN        NaN

[668 rows x 13 columns]
2025-04-23 10:40:24,150 INFO:Final row: {'timestamp': Timestamp('2025-04-23 10:40:23.906706'), 'open': nan, 'high': nan, 'low': nan, 'close': 81690.0, 'volume': nan, 'short': 81701.36854288136, 'middle': 81706.34833449904, 'long': 81593.32827801071, 'buy': nan, 'sell': nan, 'buy_exit': nan, 'sell_exit': nan}
2025-04-23 10:40:24,150 INFO:Buy exit signal received
2025-04-23 10:40:24,150 INFO:Sell exit signal received
2025-04-23 10:40:24,150 INFO:Entering while loop with trade_count: 2
2025-04-23 10:40:24,257 INFO:Combined historical with live algo:                       timestamp    open    high     low     close  ...          long  buy  sell  buy_exit  sell_exit
0     2025-04-22 09:15:00+05:30  821.10  821.10  817.00    818.80  ...    818.800000  NaN   NaN       NaN        NaN
1     2025-04-22 09:16:00+05:30  818.75  818.75  814.60    814.60  ...    818.668750  NaN   NaN       NaN        NaN
2     2025-04-22 09:17:00+05:30  814.60  816.00  814.00    815.35  ...    818.565039  NaN   NaN       NaN        NaN
3     2025-04-22 09:18:00+05:30  815.30  816.00  814.75    815.50  ...    818.469257  NaN   NaN       NaN        NaN
4     2025-04-22 09:19:00+05:30  815.55  815.75  814.50    814.60  ...    818.348342  NaN   NaN       NaN        NaN
..                          ...     ...     ...     ...       ...  ...           ...  ...   ...       ...        ...
664  2025-04-23 10:40:22.905965     NaN     NaN     NaN  81710.00  ...  81582.684570  NaN   NaN       NaN        NaN
665  2025-04-23 10:40:23.501145     NaN     NaN     NaN  81705.00  ...  81586.506927  NaN   NaN       NaN        NaN
666  2025-04-23 10:40:23.501145     NaN     NaN     NaN  81705.00  ...  81590.209835  NaN   NaN       NaN        NaN
667  2025-04-23 10:40:23.906706     NaN     NaN     NaN  81690.00  ...  81593.328278  NaN   NaN       NaN        NaN
668  2025-04-23 10:40:23.906706     NaN     NaN     NaN  81690.00  ...  81596.349269  NaN   NaN       NaN        NaN

[669 rows x 13 columns]
2025-04-23 10:40:24,257 INFO:Final row: {'timestamp': Timestamp('2025-04-23 10:40:23.906706'), 'open': nan, 'high': nan, 'low': nan, 'close': 81690.0, 'volume': nan, 'short': 81697.57902858758, 'middle': 81704.86212227185, 'long': 81596.34926932288, 'buy': nan, 'sell': nan, 'buy_exit': nan, 'sell_exit': nan}
2025-04-23 10:40:24,257 INFO:Buy exit signal received
2025-04-23 10:40:24,257 INFO:Sell exit signal received
2025-04-23 10:40:24,257 INFO:Entering while loop with trade_count: 2
2025-04-23 10:40:24,347 INFO:Combined historical with live algo:                       timestamp    open    high     low     close  ...          long  buy  sell  buy_exit  sell_exit
0     2025-04-22 09:15:00+05:30  821.10  821.10  817.00    818.80  ...    818.800000  NaN   NaN       NaN        NaN
1     2025-04-22 09:16:00+05:30  818.75  818.75  814.60    814.60  ...    818.668750  NaN   NaN       NaN        NaN
2     2025-04-22 09:17:00+05:30  814.60  816.00  814.00    815.35  ...    818.565039  NaN   NaN       NaN        NaN
3     2025-04-22 09:18:00+05:30  815.30  816.00  814.75    815.50  ...    818.469257  NaN   NaN       NaN        NaN
4     2025-04-22 09:19:00+05:30  815.55  815.75  814.50    814.60  ...    818.348342  NaN   NaN       NaN        NaN
..                          ...     ...     ...     ...       ...  ...           ...  ...   ...       ...        ...
665  2025-04-23 10:40:23.501145     NaN     NaN     NaN  81705.00  ...  81586.506927  NaN   NaN       NaN        NaN
666  2025-04-23 10:40:23.501145     NaN     NaN     NaN  81705.00  ...  81590.209835  NaN   NaN       NaN        NaN
667  2025-04-23 10:40:23.906706     NaN     NaN     NaN  81690.00  ...  81593.328278  NaN   NaN       NaN        NaN
668  2025-04-23 10:40:23.906706     NaN     NaN     NaN  81690.00  ...  81596.349269  NaN   NaN       NaN        NaN
669  2025-04-23 10:40:23.906706     NaN     NaN     NaN  81690.00  ...  81599.275855  NaN   NaN       NaN        NaN

[670 rows x 13 columns]
2025-04-23 10:40:24,350 INFO:Final row: {'timestamp': Timestamp('2025-04-23 10:40:23.906706'), 'open': nan, 'high': nan, 'low': nan, 'close': 81690.0, 'volume': nan, 'short': 81695.05268572507, 'middle': 81703.51102024713, 'long': 81599.27585465653, 'buy': nan, 'sell': nan, 'buy_exit': nan, 'sell_exit': nan}
2025-04-23 10:40:24,350 INFO:Buy exit signal received
2025-04-23 10:40:24,350 INFO:Sell exit signal received
2025-04-23 10:40:24,350 INFO:Entering while loop with trade_count: 2
2025-04-23 10:40:24,688 INFO:Combined historical with live algo:                       timestamp    open    high     low     close  ...          long  buy  sell  buy_exit  sell_exit
0     2025-04-22 09:15:00+05:30  821.10  821.10  817.00    818.80  ...    818.800000  NaN   NaN       NaN        NaN
1     2025-04-22 09:16:00+05:30  818.75  818.75  814.60    814.60  ...    818.668750  NaN   NaN       NaN        NaN
2     2025-04-22 09:17:00+05:30  814.60  816.00  814.00    815.35  ...    818.565039  NaN   NaN       NaN        NaN
3     2025-04-22 09:18:00+05:30  815.30  816.00  814.75    815.50  ...    818.469257  NaN   NaN       NaN        NaN
4     2025-04-22 09:19:00+05:30  815.55  815.75  814.50    814.60  ...    818.348342  NaN   NaN       NaN        NaN
..                          ...     ...     ...     ...       ...  ...           ...  ...   ...       ...        ...
666  2025-04-23 10:40:23.501145     NaN     NaN     NaN  81705.00  ...  81590.209835  NaN   NaN       NaN        NaN
667  2025-04-23 10:40:23.906706     NaN     NaN     NaN  81690.00  ...  81593.328278  NaN   NaN       NaN        NaN
668  2025-04-23 10:40:23.906706     NaN     NaN     NaN  81690.00  ...  81596.349269  NaN   NaN       NaN        NaN
669  2025-04-23 10:40:23.906706     NaN     NaN     NaN  81690.00  ...  81599.275855  NaN   NaN       NaN        NaN
670  2025-04-23 10:40:23.906706     NaN     NaN     NaN  81690.00  ...  81602.110984  NaN   NaN       NaN        NaN

[671 rows x 13 columns]
2025-04-23 10:40:24,690 INFO:Final row: {'timestamp': Timestamp('2025-04-23 10:40:23.906706'), 'open': nan, 'high': nan, 'low': nan, 'close': 81690.0, 'volume': nan, 'short': 81693.36845715005, 'middle': 81702.2827456792, 'long': 81602.11098419852, 'buy': nan, 'sell': nan, 'buy_exit': nan, 'sell_exit': nan}
2025-04-23 10:40:24,690 INFO:Buy exit signal received
2025-04-23 10:40:24,690 INFO:Sell exit signal received
2025-04-23 10:40:24,690 INFO:Entering while loop with trade_count: 2
2025-04-23 10:40:24,755 INFO:Combined historical with live algo:                       timestamp    open    high     low     close  ...          long  buy  sell  buy_exit  sell_exit
0     2025-04-22 09:15:00+05:30  821.10  821.10  817.00    818.80  ...    818.800000  NaN   NaN       NaN        NaN
1     2025-04-22 09:16:00+05:30  818.75  818.75  814.60    814.60  ...    818.668750  NaN   NaN       NaN        NaN
2     2025-04-22 09:17:00+05:30  814.60  816.00  814.00    815.35  ...    818.565039  NaN   NaN       NaN        NaN
3     2025-04-22 09:18:00+05:30  815.30  816.00  814.75    815.50  ...    818.469257  NaN   NaN       NaN        NaN
4     2025-04-22 09:19:00+05:30  815.55  815.75  814.50    814.60  ...    818.348342  NaN   NaN       NaN        NaN
..                          ...     ...     ...     ...       ...  ...           ...  ...   ...       ...        ...
667  2025-04-23 10:40:23.906706     NaN     NaN     NaN  81690.00  ...  81593.328278  NaN   NaN       NaN        NaN
668  2025-04-23 10:40:23.906706     NaN     NaN     NaN  81690.00  ...  81596.349269  NaN   NaN       NaN        NaN
669  2025-04-23 10:40:23.906706     NaN     NaN     NaN  81690.00  ...  81599.275855  NaN   NaN       NaN        NaN
670  2025-04-23 10:40:23.906706     NaN     NaN     NaN  81690.00  ...  81602.110984  NaN   NaN       NaN        NaN
671  2025-04-23 10:40:24.504557     NaN     NaN     NaN  81700.00  ...  81605.170016  NaN   NaN       NaN        NaN

[672 rows x 13 columns]
2025-04-23 10:40:24,755 INFO:Final row: {'timestamp': Timestamp('2025-04-23 10:40:24.504557'), 'open': nan, 'high': nan, 'low': nan, 'close': 81700.0, 'volume': nan, 'short': 81695.57897143337, 'middle': 81702.07522334471, 'long': 81605.1700159423, 'buy': nan, 'sell': nan, 'buy_exit': nan, 'sell_exit': nan}
2025-04-23 10:40:24,755 INFO:Buy exit signal received
2025-04-23 10:40:24,755 INFO:Sell exit signal received
2025-04-23 10:40:24,755 INFO:Entering while loop with trade_count: 2
2025-04-23 10:40:24,820 INFO:Combined historical with live algo:                       timestamp    open    high     low     close  ...          long  buy  sell  buy_exit  sell_exit
0     2025-04-22 09:15:00+05:30  821.10  821.10  817.00    818.80  ...    818.800000  NaN   NaN       NaN        NaN
1     2025-04-22 09:16:00+05:30  818.75  818.75  814.60    814.60  ...    818.668750  NaN   NaN       NaN        NaN
2     2025-04-22 09:17:00+05:30  814.60  816.00  814.00    815.35  ...    818.565039  NaN   NaN       NaN        NaN
3     2025-04-22 09:18:00+05:30  815.30  816.00  814.75    815.50  ...    818.469257  NaN   NaN       NaN        NaN
4     2025-04-22 09:19:00+05:30  815.55  815.75  814.50    814.60  ...    818.348342  NaN   NaN       NaN        NaN
..                          ...     ...     ...     ...       ...  ...           ...  ...   ...       ...        ...
668  2025-04-23 10:40:23.906706     NaN     NaN     NaN  81690.00  ...  81596.349269  NaN   NaN       NaN        NaN
669  2025-04-23 10:40:23.906706     NaN     NaN     NaN  81690.00  ...  81599.275855  NaN   NaN       NaN        NaN
670  2025-04-23 10:40:23.906706     NaN     NaN     NaN  81690.00  ...  81602.110984  NaN   NaN       NaN        NaN
671  2025-04-23 10:40:24.504557     NaN     NaN     NaN  81700.00  ...  81605.170016  NaN   NaN       NaN        NaN
672  2025-04-23 10:40:24.504557     NaN     NaN     NaN  81700.00  ...  81608.133453  NaN   NaN       NaN        NaN

[673 rows x 13 columns]
2025-04-23 10:40:24,824 INFO:Final row: {'timestamp': Timestamp('2025-04-23 10:40:24.504557'), 'open': nan, 'high': nan, 'low': nan, 'close': 81700.0, 'volume': nan, 'short': 81697.05264762224, 'middle': 81701.886566677, 'long': 81608.13345294411, 'buy': nan, 'sell': nan, 'buy_exit': nan, 'sell_exit': nan}
2025-04-23 10:40:24,824 INFO:Buy exit signal received
2025-04-23 10:40:24,824 INFO:Sell exit signal received
2025-04-23 10:40:24,824 INFO:Entering while loop with trade_count: 2
2025-04-23 10:40:24,893 INFO:Combined historical with live algo:                       timestamp    open    high     low     close  ...          long  buy  sell  buy_exit  sell_exit
0     2025-04-22 09:15:00+05:30  821.10  821.10  817.00    818.80  ...    818.800000  NaN   NaN       NaN        NaN
1     2025-04-22 09:16:00+05:30  818.75  818.75  814.60    814.60  ...    818.668750  NaN   NaN       NaN        NaN
2     2025-04-22 09:17:00+05:30  814.60  816.00  814.00    815.35  ...    818.565039  NaN   NaN       NaN        NaN
3     2025-04-22 09:18:00+05:30  815.30  816.00  814.75    815.50  ...    818.469257  NaN   NaN       NaN        NaN
4     2025-04-22 09:19:00+05:30  815.55  815.75  814.50    814.60  ...    818.348342  NaN   NaN       NaN        NaN
..                          ...     ...     ...     ...       ...  ...           ...  ...   ...       ...        ...
669  2025-04-23 10:40:23.906706     NaN     NaN     NaN  81690.00  ...  81599.275855  NaN   NaN       NaN        NaN
670  2025-04-23 10:40:23.906706     NaN     NaN     NaN  81690.00  ...  81602.110984  NaN   NaN       NaN        NaN
671  2025-04-23 10:40:24.504557     NaN     NaN     NaN  81700.00  ...  81605.170016  NaN   NaN       NaN        NaN
672  2025-04-23 10:40:24.504557     NaN     NaN     NaN  81700.00  ...  81608.133453  NaN   NaN       NaN        NaN
673  2025-04-23 10:40:24.504557     NaN     NaN     NaN  81700.00  ...  81611.004283  NaN   NaN       NaN        NaN

[674 rows x 13 columns]
2025-04-23 10:40:24,901 INFO:Final row: {'timestamp': Timestamp('2025-04-23 10:40:24.504557'), 'open': nan, 'high': nan, 'low': nan, 'close': 81700.0, 'volume': nan, 'short': 81698.03509841484, 'middle': 81701.71506061545, 'long': 81611.00428253961, 'buy': nan, 'sell': nan, 'buy_exit': nan, 'sell_exit': nan}
2025-04-23 10:40:24,901 INFO:Buy exit signal received
2025-04-23 10:40:24,902 INFO:Sell exit signal received
2025-04-23 10:40:24,902 INFO:Entering while loop with trade_count: 2
2025-04-23 10:40:24,989 INFO:Combined historical with live algo:                       timestamp    open    high     low     close  ...          long  buy  sell  buy_exit  sell_exit
0     2025-04-22 09:15:00+05:30  821.10  821.10  817.00    818.80  ...    818.800000  NaN   NaN       NaN        NaN
1     2025-04-22 09:16:00+05:30  818.75  818.75  814.60    814.60  ...    818.668750  NaN   NaN       NaN        NaN
2     2025-04-22 09:17:00+05:30  814.60  816.00  814.00    815.35  ...    818.565039  NaN   NaN       NaN        NaN
3     2025-04-22 09:18:00+05:30  815.30  816.00  814.75    815.50  ...    818.469257  NaN   NaN       NaN        NaN
4     2025-04-22 09:19:00+05:30  815.55  815.75  814.50    814.60  ...    818.348342  NaN   NaN       NaN        NaN
..                          ...     ...     ...     ...       ...  ...           ...  ...   ...       ...        ...
670  2025-04-23 10:40:23.906706     NaN     NaN     NaN  81690.00  ...  81602.110984  NaN   NaN       NaN        NaN
671  2025-04-23 10:40:24.504557     NaN     NaN     NaN  81700.00  ...  81605.170016  NaN   NaN       NaN        NaN
672  2025-04-23 10:40:24.504557     NaN     NaN     NaN  81700.00  ...  81608.133453  NaN   NaN       NaN        NaN
673  2025-04-23 10:40:24.504557     NaN     NaN     NaN  81700.00  ...  81611.004283  NaN   NaN       NaN        NaN
674  2025-04-23 10:40:24.504557     NaN     NaN     NaN  81700.00  ...  81613.785399  NaN   NaN       NaN        NaN

[675 rows x 13 columns]
2025-04-23 10:40:24,991 INFO:Final row: {'timestamp': Timestamp('2025-04-23 10:40:24.504557'), 'open': nan, 'high': nan, 'low': nan, 'close': 81700.0, 'volume': nan, 'short': 81698.6900656099, 'middle': 81701.55914601403, 'long': 81613.78539871024, 'buy': nan, 'sell': nan, 'buy_exit': nan, 'sell_exit': nan}
2025-04-23 10:40:24,991 INFO:Buy exit signal received
2025-04-23 10:40:24,991 INFO:Sell exit signal received
2025-04-23 10:40:24,991 INFO:Entering while loop with trade_count: 2
2025-04-23 10:40:25,055 INFO:Combined historical with live algo:                       timestamp    open    high     low     close  ...          long  buy  sell  buy_exit  sell_exit
0     2025-04-22 09:15:00+05:30  821.10  821.10  817.00    818.80  ...    818.800000  NaN   NaN       NaN        NaN
1     2025-04-22 09:16:00+05:30  818.75  818.75  814.60    814.60  ...    818.668750  NaN   NaN       NaN        NaN
2     2025-04-22 09:17:00+05:30  814.60  816.00  814.00    815.35  ...    818.565039  NaN   NaN       NaN        NaN
3     2025-04-22 09:18:00+05:30  815.30  816.00  814.75    815.50  ...    818.469257  NaN   NaN       NaN        NaN
4     2025-04-22 09:19:00+05:30  815.55  815.75  814.50    814.60  ...    818.348342  NaN   NaN       NaN        NaN
..                          ...     ...     ...     ...       ...  ...           ...  ...   ...       ...        ...
671  2025-04-23 10:40:24.504557     NaN     NaN     NaN  81700.00  ...  81605.170016  NaN   NaN       NaN        NaN
672  2025-04-23 10:40:24.504557     NaN     NaN     NaN  81700.00  ...  81608.133453  NaN   NaN       NaN        NaN
673  2025-04-23 10:40:24.504557     NaN     NaN     NaN  81700.00  ...  81611.004283  NaN   NaN       NaN        NaN
674  2025-04-23 10:40:24.504557     NaN     NaN     NaN  81700.00  ...  81613.785399  NaN   NaN       NaN        NaN
675  2025-04-23 10:40:24.929914     NaN     NaN     NaN  81700.00  ...  81616.479605  NaN   NaN       NaN        NaN

[676 rows x 13 columns]
2025-04-23 10:40:25,055 INFO:Final row: {'timestamp': Timestamp('2025-04-23 10:40:24.929914'), 'open': nan, 'high': nan, 'low': nan, 'close': 81700.0, 'volume': nan, 'short': 81699.1267104066, 'middle': 81701.41740546729, 'long': 81616.47960500055, 'buy': nan, 'sell': nan, 'buy_exit': nan, 'sell_exit': nan}
2025-04-23 10:40:25,063 INFO:Buy exit signal received
2025-04-23 10:40:25,063 INFO:Sell exit signal received
2025-04-23 10:40:25,063 INFO:Entering while loop with trade_count: 2
2025-04-23 10:40:25,147 INFO:Combined historical with live algo:                       timestamp    open    high     low     close  ...          long  buy  sell  buy_exit  sell_exit
0     2025-04-22 09:15:00+05:30  821.10  821.10  817.00    818.80  ...    818.800000  NaN   NaN       NaN        NaN
1     2025-04-22 09:16:00+05:30  818.75  818.75  814.60    814.60  ...    818.668750  NaN   NaN       NaN        NaN
2     2025-04-22 09:17:00+05:30  814.60  816.00  814.00    815.35  ...    818.565039  NaN   NaN       NaN        NaN
3     2025-04-22 09:18:00+05:30  815.30  816.00  814.75    815.50  ...    818.469257  NaN   NaN       NaN        NaN
4     2025-04-22 09:19:00+05:30  815.55  815.75  814.50    814.60  ...    818.348342  NaN   NaN       NaN        NaN
..                          ...     ...     ...     ...       ...  ...           ...  ...   ...       ...        ...
672  2025-04-23 10:40:24.504557     NaN     NaN     NaN  81700.00  ...  81608.133453  NaN   NaN       NaN        NaN
673  2025-04-23 10:40:24.504557     NaN     NaN     NaN  81700.00  ...  81611.004283  NaN   NaN       NaN        NaN
674  2025-04-23 10:40:24.504557     NaN     NaN     NaN  81700.00  ...  81613.785399  NaN   NaN       NaN        NaN
675  2025-04-23 10:40:24.929914     NaN     NaN     NaN  81700.00  ...  81616.479605  NaN   NaN       NaN        NaN
676  2025-04-23 10:40:24.929914     NaN     NaN     NaN  81700.00  ...  81619.089617  NaN   NaN       NaN        NaN

[677 rows x 13 columns]
2025-04-23 10:40:25,150 INFO:Final row: {'timestamp': Timestamp('2025-04-23 10:40:24.929914'), 'open': nan, 'high': nan, 'low': nan, 'close': 81700.0, 'volume': nan, 'short': 81699.41780693774, 'middle': 81701.2885504248, 'long': 81619.08961734429, 'buy': nan, 'sell': nan, 'buy_exit': nan, 'sell_exit': nan}
2025-04-23 10:40:25,152 INFO:Buy exit signal received
2025-04-23 10:40:25,152 INFO:Sell exit signal received
2025-04-23 10:40:25,152 INFO:Entering while loop with trade_count: 2
2025-04-23 10:40:25,322 INFO:Combined historical with live algo:                       timestamp    open    high     low     close  ...          long  buy  sell  buy_exit  sell_exit
0     2025-04-22 09:15:00+05:30  821.10  821.10  817.00    818.80  ...    818.800000  NaN   NaN       NaN        NaN
1     2025-04-22 09:16:00+05:30  818.75  818.75  814.60    814.60  ...    818.668750  NaN   NaN       NaN        NaN
2     2025-04-22 09:17:00+05:30  814.60  816.00  814.00    815.35  ...    818.565039  NaN   NaN       NaN        NaN
3     2025-04-22 09:18:00+05:30  815.30  816.00  814.75    815.50  ...    818.469257  NaN   NaN       NaN        NaN
4     2025-04-22 09:19:00+05:30  815.55  815.75  814.50    814.60  ...    818.348342  NaN   NaN       NaN        NaN
..                          ...     ...     ...     ...       ...  ...           ...  ...   ...       ...        ...
673  2025-04-23 10:40:24.504557     NaN     NaN     NaN  81700.00  ...  81611.004283  NaN   NaN       NaN        NaN
674  2025-04-23 10:40:24.504557     NaN     NaN     NaN  81700.00  ...  81613.785399  NaN   NaN       NaN        NaN
675  2025-04-23 10:40:24.929914     NaN     NaN     NaN  81700.00  ...  81616.479605  NaN   NaN       NaN        NaN
676  2025-04-23 10:40:24.929914     NaN     NaN     NaN  81700.00  ...  81619.089617  NaN   NaN       NaN        NaN
677  2025-04-23 10:40:24.929914     NaN     NaN     NaN  81700.00  ...  81621.618067  NaN   NaN       NaN        NaN

[678 rows x 13 columns]
2025-04-23 10:40:25,322 INFO:Final row: {'timestamp': Timestamp('2025-04-23 10:40:24.929914'), 'open': nan, 'high': nan, 'low': nan, 'close': 81700.0, 'volume': nan, 'short': 81699.61187129183, 'middle': 81701.17140947707, 'long': 81621.61806680229, 'buy': nan, 'sell': nan, 'buy_exit': nan, 'sell_exit': nan}
2025-04-23 10:40:25,327 INFO:Buy exit signal received
2025-04-23 10:40:25,327 INFO:Sell exit signal received
2025-04-23 10:40:25,327 INFO:Entering while loop with trade_count: 2
2025-04-23 10:40:25,459 INFO:Combined historical with live algo:                       timestamp    open    high     low     close  ...          long  buy  sell  buy_exit  sell_exit
0     2025-04-22 09:15:00+05:30  821.10  821.10  817.00    818.80  ...    818.800000  NaN   NaN       NaN        NaN
1     2025-04-22 09:16:00+05:30  818.75  818.75  814.60    814.60  ...    818.668750  NaN   NaN       NaN        NaN
2     2025-04-22 09:17:00+05:30  814.60  816.00  814.00    815.35  ...    818.565039  NaN   NaN       NaN        NaN
3     2025-04-22 09:18:00+05:30  815.30  816.00  814.75    815.50  ...    818.469257  NaN   NaN       NaN        NaN
4     2025-04-22 09:19:00+05:30  815.55  815.75  814.50    814.60  ...    818.348342  NaN   NaN       NaN        NaN
..                          ...     ...     ...     ...       ...  ...           ...  ...   ...       ...        ...
674  2025-04-23 10:40:24.504557     NaN     NaN     NaN  81700.00  ...  81613.785399  NaN   NaN       NaN        NaN
675  2025-04-23 10:40:24.929914     NaN     NaN     NaN  81700.00  ...  81616.479605  NaN   NaN       NaN        NaN
676  2025-04-23 10:40:24.929914     NaN     NaN     NaN  81700.00  ...  81619.089617  NaN   NaN       NaN        NaN
677  2025-04-23 10:40:24.929914     NaN     NaN     NaN  81700.00  ...  81621.618067  NaN   NaN       NaN        NaN
678  2025-04-23 10:40:24.929914     NaN     NaN     NaN  81700.00  ...  81624.067502  NaN   NaN       NaN        NaN

[679 rows x 13 columns]
2025-04-23 10:40:25,461 INFO:Final row: {'timestamp': Timestamp('2025-04-23 10:40:24.929914'), 'open': nan, 'high': nan, 'low': nan, 'close': 81700.0, 'volume': nan, 'short': 81699.74124752788, 'middle': 81701.06491770642, 'long': 81624.06750221472, 'buy': nan, 'sell': nan, 'buy_exit': nan, 'sell_exit': nan}
2025-04-23 10:40:25,461 INFO:Buy exit signal received
2025-04-23 10:40:25,461 INFO:Sell exit signal received
2025-04-23 10:40:25,461 INFO:Entering while loop with trade_count: 2
2025-04-23 10:40:25,586 INFO:Combined historical with live algo:                       timestamp    open    high     low     close  ...          long  buy  sell  buy_exit  sell_exit
0     2025-04-22 09:15:00+05:30  821.10  821.10  817.00    818.80  ...    818.800000  NaN   NaN       NaN        NaN
1     2025-04-22 09:16:00+05:30  818.75  818.75  814.60    814.60  ...    818.668750  NaN   NaN       NaN        NaN
2     2025-04-22 09:17:00+05:30  814.60  816.00  814.00    815.35  ...    818.565039  NaN   NaN       NaN        NaN
3     2025-04-22 09:18:00+05:30  815.30  816.00  814.75    815.50  ...    818.469257  NaN   NaN       NaN        NaN
4     2025-04-22 09:19:00+05:30  815.55  815.75  814.50    814.60  ...    818.348342  NaN   NaN       NaN        NaN
..                          ...     ...     ...     ...       ...  ...           ...  ...   ...       ...        ...
675  2025-04-23 10:40:24.929914     NaN     NaN     NaN  81700.00  ...  81616.479605  NaN   NaN       NaN        NaN
676  2025-04-23 10:40:24.929914     NaN     NaN     NaN  81700.00  ...  81619.089617  NaN   NaN       NaN        NaN
677  2025-04-23 10:40:24.929914     NaN     NaN     NaN  81700.00  ...  81621.618067  NaN   NaN       NaN        NaN
678  2025-04-23 10:40:24.929914     NaN     NaN     NaN  81700.00  ...  81624.067502  NaN   NaN       NaN        NaN
679  2025-04-23 10:40:24.929914     NaN     NaN     NaN  81700.00  ...  81626.440393  NaN   NaN       NaN        NaN

[680 rows x 13 columns]
2025-04-23 10:40:25,588 INFO:Final row: {'timestamp': Timestamp('2025-04-23 10:40:24.929914'), 'open': nan, 'high': nan, 'low': nan, 'close': 81700.0, 'volume': nan, 'short': 81699.82749835192, 'middle': 81700.96810700583, 'long': 81626.44039277051, 'buy': nan, 'sell': nan, 'buy_exit': nan, 'sell_exit': nan}
2025-04-23 10:40:25,588 INFO:Buy exit signal received
2025-04-23 10:40:25,590 INFO:Sell exit signal received
2025-04-23 10:40:25,590 INFO:Entering while loop with trade_count: 2
2025-04-23 10:40:25,762 INFO:Combined historical with live algo:                       timestamp    open    high     low     close  ...          long  buy  sell  buy_exit  sell_exit
0     2025-04-22 09:15:00+05:30  821.10  821.10  817.00    818.80  ...    818.800000  NaN   NaN       NaN        NaN
1     2025-04-22 09:16:00+05:30  818.75  818.75  814.60    814.60  ...    818.668750  NaN   NaN       NaN        NaN
2     2025-04-22 09:17:00+05:30  814.60  816.00  814.00    815.35  ...    818.565039  NaN   NaN       NaN        NaN
3     2025-04-22 09:18:00+05:30  815.30  816.00  814.75    815.50  ...    818.469257  NaN   NaN       NaN        NaN
4     2025-04-22 09:19:00+05:30  815.55  815.75  814.50    814.60  ...    818.348342  NaN   NaN       NaN        NaN
..                          ...     ...     ...     ...       ...  ...           ...  ...   ...       ...        ...
676  2025-04-23 10:40:24.929914     NaN     NaN     NaN  81700.00  ...  81619.089617  NaN   NaN       NaN        NaN
677  2025-04-23 10:40:24.929914     NaN     NaN     NaN  81700.00  ...  81621.618067  NaN   NaN       NaN        NaN
678  2025-04-23 10:40:24.929914     NaN     NaN     NaN  81700.00  ...  81624.067502  NaN   NaN       NaN        NaN
679  2025-04-23 10:40:24.929914     NaN     NaN     NaN  81700.00  ...  81626.440393  NaN   NaN       NaN        NaN
680  2025-04-23 10:40:25.506137     NaN     NaN     NaN  81685.00  ...  81628.270380  NaN   NaN       NaN        NaN

[681 rows x 13 columns]
2025-04-23 10:40:25,770 INFO:Final row: {'timestamp': Timestamp('2025-04-23 10:40:25.506137'), 'open': nan, 'high': nan, 'low': nan, 'close': 81685.0, 'volume': nan, 'short': 81694.88499890128, 'middle': 81699.51646091438, 'long': 81628.27038049644, 'buy': nan, 'sell': nan, 'buy_exit': nan, 'sell_exit': nan}
2025-04-23 10:40:25,770 INFO:Buy exit signal received
2025-04-23 10:40:25,770 INFO:Sell exit signal received
2025-04-23 10:40:25,770 INFO:Entering while loop with trade_count: 2
2025-04-23 10:40:25,914 INFO:Combined historical with live algo:                       timestamp    open    high     low     close  ...          long  buy  sell  buy_exit  sell_exit
0     2025-04-22 09:15:00+05:30  821.10  821.10  817.00    818.80  ...    818.800000  NaN   NaN       NaN        NaN
1     2025-04-22 09:16:00+05:30  818.75  818.75  814.60    814.60  ...    818.668750  NaN   NaN       NaN        NaN
2     2025-04-22 09:17:00+05:30  814.60  816.00  814.00    815.35  ...    818.565039  NaN   NaN       NaN        NaN
3     2025-04-22 09:18:00+05:30  815.30  816.00  814.75    815.50  ...    818.469257  NaN   NaN       NaN        NaN
4     2025-04-22 09:19:00+05:30  815.55  815.75  814.50    814.60  ...    818.348342  NaN   NaN       NaN        NaN
..                          ...     ...     ...     ...       ...  ...           ...  ...   ...       ...        ...
677  2025-04-23 10:40:24.929914     NaN     NaN     NaN  81700.00  ...  81621.618067  NaN   NaN       NaN        NaN
678  2025-04-23 10:40:24.929914     NaN     NaN     NaN  81700.00  ...  81624.067502  NaN   NaN       NaN        NaN
679  2025-04-23 10:40:24.929914     NaN     NaN     NaN  81700.00  ...  81626.440393  NaN   NaN       NaN        NaN
680  2025-04-23 10:40:25.506137     NaN     NaN     NaN  81685.00  ...  81628.270380  NaN   NaN       NaN        NaN
681  2025-04-23 10:40:25.506137     NaN     NaN     NaN  81685.00  ...  81630.043181  NaN   NaN       NaN        NaN

[682 rows x 13 columns]
2025-04-23 10:40:25,918 INFO:Final row: {'timestamp': Timestamp('2025-04-23 10:40:25.506137'), 'open': nan, 'high': nan, 'low': nan, 'close': 81685.0, 'volume': nan, 'short': 81691.58999926753, 'middle': 81698.19678264944, 'long': 81630.04318110592, 'buy': nan, 'sell': nan, 'buy_exit': nan, 'sell_exit': nan}
2025-04-23 10:40:25,918 INFO:Buy exit signal received
2025-04-23 10:40:25,918 INFO:Sell exit signal received
2025-04-23 10:40:25,918 INFO:Entering while loop with trade_count: 2
2025-04-23 10:40:26,043 INFO:Combined historical with live algo:                       timestamp    open    high     low     close  ...          long  buy  sell  buy_exit  sell_exit
0     2025-04-22 09:15:00+05:30  821.10  821.10  817.00    818.80  ...    818.800000  NaN   NaN       NaN        NaN
1     2025-04-22 09:16:00+05:30  818.75  818.75  814.60    814.60  ...    818.668750  NaN   NaN       NaN        NaN
2     2025-04-22 09:17:00+05:30  814.60  816.00  814.00    815.35  ...    818.565039  NaN   NaN       NaN        NaN
3     2025-04-22 09:18:00+05:30  815.30  816.00  814.75    815.50  ...    818.469257  NaN   NaN       NaN        NaN
4     2025-04-22 09:19:00+05:30  815.55  815.75  814.50    814.60  ...    818.348342  NaN   NaN       NaN        NaN
..                          ...     ...     ...     ...       ...  ...           ...  ...   ...       ...        ...
678  2025-04-23 10:40:24.929914     NaN     NaN     NaN  81700.00  ...  81624.067502  NaN   NaN       NaN        NaN
679  2025-04-23 10:40:24.929914     NaN     NaN     NaN  81700.00  ...  81626.440393  NaN   NaN       NaN        NaN
680  2025-04-23 10:40:25.506137     NaN     NaN     NaN  81685.00  ...  81628.270380  NaN   NaN       NaN        NaN
681  2025-04-23 10:40:25.506137     NaN     NaN     NaN  81685.00  ...  81630.043181  NaN   NaN       NaN        NaN
682  2025-04-23 10:40:25.912197     NaN     NaN     NaN  81685.00  ...  81631.760582  NaN   NaN       NaN        NaN

[683 rows x 13 columns]
2025-04-23 10:40:26,043 INFO:Final row: {'timestamp': Timestamp('2025-04-23 10:40:25.912197'), 'open': nan, 'high': nan, 'low': nan, 'close': 81685.0, 'volume': nan, 'short': 81689.39333284502, 'middle': 81696.99707513585, 'long': 81631.76058169636, 'buy': nan, 'sell': nan, 'buy_exit': nan, 'sell_exit': nan}
2025-04-23 10:40:26,043 INFO:Buy exit signal received
2025-04-23 10:40:26,043 INFO:Sell exit signal received
2025-04-23 10:40:26,043 INFO:Entering while loop with trade_count: 2
2025-04-23 10:40:26,214 INFO:Combined historical with live algo:                       timestamp    open    high     low     close  ...          long  buy  sell  buy_exit  sell_exit
0     2025-04-22 09:15:00+05:30  821.10  821.10  817.00    818.80  ...    818.800000  NaN   NaN       NaN        NaN
1     2025-04-22 09:16:00+05:30  818.75  818.75  814.60    814.60  ...    818.668750  NaN   NaN       NaN        NaN
2     2025-04-22 09:17:00+05:30  814.60  816.00  814.00    815.35  ...    818.565039  NaN   NaN       NaN        NaN
3     2025-04-22 09:18:00+05:30  815.30  816.00  814.75    815.50  ...    818.469257  NaN   NaN       NaN        NaN
4     2025-04-22 09:19:00+05:30  815.55  815.75  814.50    814.60  ...    818.348342  NaN   NaN       NaN        NaN
..                          ...     ...     ...     ...       ...  ...           ...  ...   ...       ...        ...
679  2025-04-23 10:40:24.929914     NaN     NaN     NaN  81700.00  ...  81626.440393  NaN   NaN       NaN        NaN
680  2025-04-23 10:40:25.506137     NaN     NaN     NaN  81685.00  ...  81628.270380  NaN   NaN       NaN        NaN
681  2025-04-23 10:40:25.506137     NaN     NaN     NaN  81685.00  ...  81630.043181  NaN   NaN       NaN        NaN
682  2025-04-23 10:40:25.912197     NaN     NaN     NaN  81685.00  ...  81631.760582  NaN   NaN       NaN        NaN
683  2025-04-23 10:40:25.912197     NaN     NaN     NaN  81685.00  ...  81633.424314  NaN   NaN       NaN        NaN

[684 rows x 13 columns]
2025-04-23 10:40:26,218 INFO:Final row: {'timestamp': Timestamp('2025-04-23 10:40:25.912197'), 'open': nan, 'high': nan, 'low': nan, 'close': 81685.0, 'volume': nan, 'short': 81687.92888856336, 'middle': 81695.90643194168, 'long': 81633.42431351835, 'buy': nan, 'sell': nan, 'buy_exit': nan, 'sell_exit': nan}
2025-04-23 10:40:26,219 INFO:Buy exit signal received
2025-04-23 10:40:26,219 INFO:Sell exit signal received
2025-04-23 10:40:26,219 INFO:Entering while loop with trade_count: 2
2025-04-23 10:40:26,382 INFO:Combined historical with live algo:                       timestamp    open    high     low     close  ...          long  buy  sell  buy_exit  sell_exit
0     2025-04-22 09:15:00+05:30  821.10  821.10  817.00    818.80  ...    818.800000  NaN   NaN       NaN        NaN
1     2025-04-22 09:16:00+05:30  818.75  818.75  814.60    814.60  ...    818.668750  NaN   NaN       NaN        NaN
2     2025-04-22 09:17:00+05:30  814.60  816.00  814.00    815.35  ...    818.565039  NaN   NaN       NaN        NaN
3     2025-04-22 09:18:00+05:30  815.30  816.00  814.75    815.50  ...    818.469257  NaN   NaN       NaN        NaN
4     2025-04-22 09:19:00+05:30  815.55  815.75  814.50    814.60  ...    818.348342  NaN   NaN       NaN        NaN
..                          ...     ...     ...     ...       ...  ...           ...  ...   ...       ...        ...
680  2025-04-23 10:40:25.506137     NaN     NaN     NaN  81685.00  ...  81628.270380  NaN   NaN       NaN        NaN
681  2025-04-23 10:40:25.506137     NaN     NaN     NaN  81685.00  ...  81630.043181  NaN   NaN       NaN        NaN
682  2025-04-23 10:40:25.912197     NaN     NaN     NaN  81685.00  ...  81631.760582  NaN   NaN       NaN        NaN
683  2025-04-23 10:40:25.912197     NaN     NaN     NaN  81685.00  ...  81633.424314  NaN   NaN       NaN        NaN
684  2025-04-23 10:40:25.912197     NaN     NaN     NaN  81685.00  ...  81635.036054  NaN   NaN       NaN        NaN

[685 rows x 13 columns]
2025-04-23 10:40:26,389 INFO:Final row: {'timestamp': Timestamp('2025-04-23 10:40:25.912197'), 'open': nan, 'high': nan, 'low': nan, 'close': 81685.0, 'volume': nan, 'short': 81686.95259237557, 'middle': 81694.9149381288, 'long': 81635.0360537209, 'buy': nan, 'sell': nan, 'buy_exit': nan, 'sell_exit': nan}
2025-04-23 10:40:26,389 INFO:Buy exit signal received
2025-04-23 10:40:26,389 INFO:Sell exit signal received
2025-04-23 10:40:26,391 INFO:Entering while loop with trade_count: 2
2025-04-23 10:40:26,564 INFO:Combined historical with live algo:                       timestamp    open    high     low     close  ...          long  buy  sell  buy_exit  sell_exit
0     2025-04-22 09:15:00+05:30  821.10  821.10  817.00    818.80  ...    818.800000  NaN   NaN       NaN        NaN
1     2025-04-22 09:16:00+05:30  818.75  818.75  814.60    814.60  ...    818.668750  NaN   NaN       NaN        NaN
2     2025-04-22 09:17:00+05:30  814.60  816.00  814.00    815.35  ...    818.565039  NaN   NaN       NaN        NaN
3     2025-04-22 09:18:00+05:30  815.30  816.00  814.75    815.50  ...    818.469257  NaN   NaN       NaN        NaN
4     2025-04-22 09:19:00+05:30  815.55  815.75  814.50    814.60  ...    818.348342  NaN   NaN       NaN        NaN
..                          ...     ...     ...     ...       ...  ...           ...  ...   ...       ...        ...
681  2025-04-23 10:40:25.506137     NaN     NaN     NaN  81685.00  ...  81630.043181  NaN   NaN       NaN        NaN
682  2025-04-23 10:40:25.912197     NaN     NaN     NaN  81685.00  ...  81631.760582  NaN   NaN       NaN        NaN
683  2025-04-23 10:40:25.912197     NaN     NaN     NaN  81685.00  ...  81633.424314  NaN   NaN       NaN        NaN
684  2025-04-23 10:40:25.912197     NaN     NaN     NaN  81685.00  ...  81635.036054  NaN   NaN       NaN        NaN
685  2025-04-23 10:40:25.912197     NaN     NaN     NaN  81685.00  ...  81636.597427  NaN   NaN       NaN        NaN

[686 rows x 13 columns]
2025-04-23 10:40:26,566 INFO:Final row: {'timestamp': Timestamp('2025-04-23 10:40:25.912197'), 'open': nan, 'high': nan, 'low': nan, 'close': 81685.0, 'volume': nan, 'short': 81686.30172825039, 'middle': 81694.01358011708, 'long': 81636.59742704213, 'buy': nan, 'sell': nan, 'buy_exit': nan, 'sell_exit': nan}
2025-04-23 10:40:26,566 INFO:Buy exit signal received
2025-04-23 10:40:26,566 INFO:Sell exit signal received
2025-04-23 10:40:26,566 INFO:Entering while loop with trade_count: 2
2025-04-23 10:40:26,656 INFO:Combined historical with live algo:                       timestamp    open    high     low     close  ...          long  buy  sell  buy_exit  sell_exit
0     2025-04-22 09:15:00+05:30  821.10  821.10  817.00    818.80  ...    818.800000  NaN   NaN       NaN        NaN
1     2025-04-22 09:16:00+05:30  818.75  818.75  814.60    814.60  ...    818.668750  NaN   NaN       NaN        NaN
2     2025-04-22 09:17:00+05:30  814.60  816.00  814.00    815.35  ...    818.565039  NaN   NaN       NaN        NaN
3     2025-04-22 09:18:00+05:30  815.30  816.00  814.75    815.50  ...    818.469257  NaN   NaN       NaN        NaN
4     2025-04-22 09:19:00+05:30  815.55  815.75  814.50    814.60  ...    818.348342  NaN   NaN       NaN        NaN
..                          ...     ...     ...     ...       ...  ...           ...  ...   ...       ...        ...
682  2025-04-23 10:40:25.912197     NaN     NaN     NaN  81685.00  ...  81631.760582  NaN   NaN       NaN        NaN
683  2025-04-23 10:40:25.912197     NaN     NaN     NaN  81685.00  ...  81633.424314  NaN   NaN       NaN        NaN
684  2025-04-23 10:40:25.912197     NaN     NaN     NaN  81685.00  ...  81635.036054  NaN   NaN       NaN        NaN
685  2025-04-23 10:40:25.912197     NaN     NaN     NaN  81685.00  ...  81636.597427  NaN   NaN       NaN        NaN
686  2025-04-23 10:40:26.508713     NaN     NaN     NaN  81685.00  ...  81638.110007  NaN   NaN       NaN        NaN

[687 rows x 13 columns]
2025-04-23 10:40:26,658 INFO:Final row: {'timestamp': Timestamp('2025-04-23 10:40:26.508713'), 'open': nan, 'high': nan, 'low': nan, 'close': 81685.0, 'volume': nan, 'short': 81685.86781883359, 'middle': 81693.1941637428, 'long': 81638.11000744706, 'buy': nan, 'sell': nan, 'buy_exit': nan, 'sell_exit': nan}
2025-04-23 10:40:26,658 INFO:Buy exit signal received
2025-04-23 10:40:26,658 INFO:Sell exit signal received
2025-04-23 10:40:26,658 INFO:Entering while loop with trade_count: 2
2025-04-23 10:40:26,739 INFO:Combined historical with live algo:                       timestamp    open    high     low     close  ...          long  buy  sell  buy_exit  sell_exit
0     2025-04-22 09:15:00+05:30  821.10  821.10  817.00    818.80  ...    818.800000  NaN   NaN       NaN        NaN
1     2025-04-22 09:16:00+05:30  818.75  818.75  814.60    814.60  ...    818.668750  NaN   NaN       NaN        NaN
2     2025-04-22 09:17:00+05:30  814.60  816.00  814.00    815.35  ...    818.565039  NaN   NaN       NaN        NaN
3     2025-04-22 09:18:00+05:30  815.30  816.00  814.75    815.50  ...    818.469257  NaN   NaN       NaN        NaN
4     2025-04-22 09:19:00+05:30  815.55  815.75  814.50    814.60  ...    818.348342  NaN   NaN       NaN        NaN
..                          ...     ...     ...     ...       ...  ...           ...  ...   ...       ...        ...
683  2025-04-23 10:40:25.912197     NaN     NaN     NaN  81685.00  ...  81633.424314  NaN   NaN       NaN        NaN
684  2025-04-23 10:40:25.912197     NaN     NaN     NaN  81685.00  ...  81635.036054  NaN   NaN       NaN        NaN
685  2025-04-23 10:40:25.912197     NaN     NaN     NaN  81685.00  ...  81636.597427  NaN   NaN       NaN        NaN
686  2025-04-23 10:40:26.508713     NaN     NaN     NaN  81685.00  ...  81638.110007  NaN   NaN       NaN        NaN
687  2025-04-23 10:40:26.508713     NaN     NaN     NaN  81685.00  ...  81639.575320  NaN   NaN       NaN        NaN

[688 rows x 13 columns]
2025-04-23 10:40:26,747 INFO:Final row: {'timestamp': Timestamp('2025-04-23 10:40:26.508713'), 'open': nan, 'high': nan, 'low': nan, 'close': 81685.0, 'volume': nan, 'short': 81685.57854588906, 'middle': 81692.44923976617, 'long': 81639.57531971433, 'buy': nan, 'sell': nan, 'buy_exit': nan, 'sell_exit': nan}
2025-04-23 10:40:26,747 INFO:Buy exit signal received
2025-04-23 10:40:26,747 INFO:Sell exit signal received
2025-04-23 10:40:26,747 INFO:Entering while loop with trade_count: 2
2025-04-23 10:40:26,915 INFO:Combined historical with live algo:                       timestamp    open    high     low     close  ...          long  buy  sell  buy_exit  sell_exit
0     2025-04-22 09:15:00+05:30  821.10  821.10  817.00    818.80  ...    818.800000  NaN   NaN       NaN        NaN
1     2025-04-22 09:16:00+05:30  818.75  818.75  814.60    814.60  ...    818.668750  NaN   NaN       NaN        NaN
2     2025-04-22 09:17:00+05:30  814.60  816.00  814.00    815.35  ...    818.565039  NaN   NaN       NaN        NaN
3     2025-04-22 09:18:00+05:30  815.30  816.00  814.75    815.50  ...    818.469257  NaN   NaN       NaN        NaN
4     2025-04-22 09:19:00+05:30  815.55  815.75  814.50    814.60  ...    818.348342  NaN   NaN       NaN        NaN
..                          ...     ...     ...     ...       ...  ...           ...  ...   ...       ...        ...
684  2025-04-23 10:40:25.912197     NaN     NaN     NaN  81685.00  ...  81635.036054  NaN   NaN       NaN        NaN
685  2025-04-23 10:40:25.912197     NaN     NaN     NaN  81685.00  ...  81636.597427  NaN   NaN       NaN        NaN
686  2025-04-23 10:40:26.508713     NaN     NaN     NaN  81685.00  ...  81638.110007  NaN   NaN       NaN        NaN
687  2025-04-23 10:40:26.508713     NaN     NaN     NaN  81685.00  ...  81639.575320  NaN   NaN       NaN        NaN
688  2025-04-23 10:40:26.508713     NaN     NaN     NaN  81685.00  ...  81640.994841  NaN   NaN       NaN        NaN

[689 rows x 13 columns]
2025-04-23 10:40:26,920 INFO:Final row: {'timestamp': Timestamp('2025-04-23 10:40:26.508713'), 'open': nan, 'high': nan, 'low': nan, 'close': 81685.0, 'volume': nan, 'short': 81685.38569725938, 'middle': 81691.77203615106, 'long': 81640.99484097326, 'buy': nan, 'sell': nan, 'buy_exit': nan, 'sell_exit': nan}
2025-04-23 10:40:26,920 INFO:Buy exit signal received
2025-04-23 10:40:26,920 INFO:Sell exit signal received
2025-04-23 10:40:26,920 INFO:Entering while loop with trade_count: 2
2025-04-23 10:40:27,090 INFO:Combined historical with live algo:                       timestamp    open    high     low     close  ...          long  buy  sell  buy_exit  sell_exit
0     2025-04-22 09:15:00+05:30  821.10  821.10  817.00    818.80  ...    818.800000  NaN   NaN       NaN        NaN
1     2025-04-22 09:16:00+05:30  818.75  818.75  814.60    814.60  ...    818.668750  NaN   NaN       NaN        NaN
2     2025-04-22 09:17:00+05:30  814.60  816.00  814.00    815.35  ...    818.565039  NaN   NaN       NaN        NaN
3     2025-04-22 09:18:00+05:30  815.30  816.00  814.75    815.50  ...    818.469257  NaN   NaN       NaN        NaN
4     2025-04-22 09:19:00+05:30  815.55  815.75  814.50    814.60  ...    818.348342  NaN   NaN       NaN        NaN
..                          ...     ...     ...     ...       ...  ...           ...  ...   ...       ...        ...
685  2025-04-23 10:40:25.912197     NaN     NaN     NaN  81685.00  ...  81636.597427  NaN   NaN       NaN        NaN
686  2025-04-23 10:40:26.508713     NaN     NaN     NaN  81685.00  ...  81638.110007  NaN   NaN       NaN        NaN
687  2025-04-23 10:40:26.508713     NaN     NaN     NaN  81685.00  ...  81639.575320  NaN   NaN       NaN        NaN
688  2025-04-23 10:40:26.508713     NaN     NaN     NaN  81685.00  ...  81640.994841  NaN   NaN       NaN        NaN
689  2025-04-23 10:40:26.508713     NaN     NaN     NaN  81685.00  ...  81642.370002  NaN   NaN       NaN        NaN

[690 rows x 13 columns]
2025-04-23 10:40:27,092 INFO:Final row: {'timestamp': Timestamp('2025-04-23 10:40:26.508713'), 'open': nan, 'high': nan, 'low': nan, 'close': 81685.0, 'volume': nan, 'short': 81685.25713150625, 'middle': 81691.15639650096, 'long': 81642.37000219285, 'buy': nan, 'sell': nan, 'buy_exit': nan, 'sell_exit': nan}
2025-04-23 10:40:27,092 INFO:Buy exit signal received
2025-04-23 10:40:27,092 INFO:Sell exit signal received
2025-04-23 10:40:27,092 INFO:Entering while loop with trade_count: 2
2025-04-23 10:40:27,250 INFO:Combined historical with live algo:                       timestamp    open    high     low     close  ...          long  buy  sell  buy_exit  sell_exit
0     2025-04-22 09:15:00+05:30  821.10  821.10  817.00    818.80  ...    818.800000  NaN   NaN       NaN        NaN
1     2025-04-22 09:16:00+05:30  818.75  818.75  814.60    814.60  ...    818.668750  NaN   NaN       NaN        NaN
2     2025-04-22 09:17:00+05:30  814.60  816.00  814.00    815.35  ...    818.565039  NaN   NaN       NaN        NaN
3     2025-04-22 09:18:00+05:30  815.30  816.00  814.75    815.50  ...    818.469257  NaN   NaN       NaN        NaN
4     2025-04-22 09:19:00+05:30  815.55  815.75  814.50    814.60  ...    818.348342  NaN   NaN       NaN        NaN
..                          ...     ...     ...     ...       ...  ...           ...  ...   ...       ...        ...
686  2025-04-23 10:40:26.508713     NaN     NaN     NaN  81685.00  ...  81638.110007  NaN   NaN       NaN        NaN
687  2025-04-23 10:40:26.508713     NaN     NaN     NaN  81685.00  ...  81639.575320  NaN   NaN       NaN        NaN
688  2025-04-23 10:40:26.508713     NaN     NaN     NaN  81685.00  ...  81640.994841  NaN   NaN       NaN        NaN
689  2025-04-23 10:40:26.508713     NaN     NaN     NaN  81685.00  ...  81642.370002  NaN   NaN       NaN        NaN
690  2025-04-23 10:40:26.508713     NaN     NaN     NaN  81685.00  ...  81643.702190  NaN   NaN       NaN        NaN

[691 rows x 13 columns]
2025-04-23 10:40:27,254 INFO:Final row: {'timestamp': Timestamp('2025-04-23 10:40:26.508713'), 'open': nan, 'high': nan, 'low': nan, 'close': 81685.0, 'volume': nan, 'short': 81685.17142100417, 'middle': 81690.59672409177, 'long': 81643.70218962432, 'buy': nan, 'sell': nan, 'buy_exit': nan, 'sell_exit': nan}
2025-04-23 10:40:27,256 INFO:Buy exit signal received
2025-04-23 10:40:27,256 INFO:Sell exit signal received
2025-04-23 10:40:27,256 INFO:Entering while loop with trade_count: 2
2025-04-23 10:40:27,422 INFO:Combined historical with live algo:                       timestamp    open    high     low     close  ...          long  buy  sell  buy_exit  sell_exit
0     2025-04-22 09:15:00+05:30  821.10  821.10  817.00    818.80  ...    818.800000  NaN   NaN       NaN        NaN
1     2025-04-22 09:16:00+05:30  818.75  818.75  814.60    814.60  ...    818.668750  NaN   NaN       NaN        NaN
2     2025-04-22 09:17:00+05:30  814.60  816.00  814.00    815.35  ...    818.565039  NaN   NaN       NaN        NaN
3     2025-04-22 09:18:00+05:30  815.30  816.00  814.75    815.50  ...    818.469257  NaN   NaN       NaN        NaN
4     2025-04-22 09:19:00+05:30  815.55  815.75  814.50    814.60  ...    818.348342  NaN   NaN       NaN        NaN
..                          ...     ...     ...     ...       ...  ...           ...  ...   ...       ...        ...
687  2025-04-23 10:40:26.508713     NaN     NaN     NaN  81685.00  ...  81639.575320  NaN   NaN       NaN        NaN
688  2025-04-23 10:40:26.508713     NaN     NaN     NaN  81685.00  ...  81640.994841  NaN   NaN       NaN        NaN
689  2025-04-23 10:40:26.508713     NaN     NaN     NaN  81685.00  ...  81642.370002  NaN   NaN       NaN        NaN
690  2025-04-23 10:40:26.508713     NaN     NaN     NaN  81685.00  ...  81643.702190  NaN   NaN       NaN        NaN
691  2025-04-23 10:40:26.508713     NaN     NaN     NaN  81685.00  ...  81644.992746  NaN   NaN       NaN        NaN

[692 rows x 13 columns]
2025-04-23 10:40:27,427 INFO:Final row: {'timestamp': Timestamp('2025-04-23 10:40:26.508713'), 'open': nan, 'high': nan, 'low': nan, 'close': 81685.0, 'volume': nan, 'short': 81685.11428066946, 'middle': 81690.08793099251, 'long': 81644.99274619856, 'buy': nan, 'sell': nan, 'buy_exit': nan, 'sell_exit': nan}
2025-04-23 10:40:27,427 INFO:Buy exit signal received
2025-04-23 10:40:27,427 INFO:Sell exit signal received
2025-04-23 10:40:27,427 INFO:Entering while loop with trade_count: 2
2025-04-23 10:40:27,557 INFO:Combined historical with live algo:                       timestamp    open    high     low     close  ...          long  buy  sell  buy_exit  sell_exit
0     2025-04-22 09:15:00+05:30  821.10  821.10  817.00    818.80  ...    818.800000  NaN   NaN       NaN        NaN
1     2025-04-22 09:16:00+05:30  818.75  818.75  814.60    814.60  ...    818.668750  NaN   NaN       NaN        NaN
2     2025-04-22 09:17:00+05:30  814.60  816.00  814.00    815.35  ...    818.565039  NaN   NaN       NaN        NaN
3     2025-04-22 09:18:00+05:30  815.30  816.00  814.75    815.50  ...    818.469257  NaN   NaN       NaN        NaN
4     2025-04-22 09:19:00+05:30  815.55  815.75  814.50    814.60  ...    818.348342  NaN   NaN       NaN        NaN
..                          ...     ...     ...     ...       ...  ...           ...  ...   ...       ...        ...
688  2025-04-23 10:40:26.508713     NaN     NaN     NaN  81685.00  ...  81640.994841  NaN   NaN       NaN        NaN
689  2025-04-23 10:40:26.508713     NaN     NaN     NaN  81685.00  ...  81642.370002  NaN   NaN       NaN        NaN
690  2025-04-23 10:40:26.508713     NaN     NaN     NaN  81685.00  ...  81643.702190  NaN   NaN       NaN        NaN
691  2025-04-23 10:40:26.508713     NaN     NaN     NaN  81685.00  ...  81644.992746  NaN   NaN       NaN        NaN
692  2025-04-23 10:40:26.508713     NaN     NaN     NaN  81685.00  ...  81646.242973  NaN   NaN       NaN        NaN

[693 rows x 13 columns]
2025-04-23 10:40:27,560 INFO:Final row: {'timestamp': Timestamp('2025-04-23 10:40:26.508713'), 'open': nan, 'high': nan, 'low': nan, 'close': 81685.0, 'volume': nan, 'short': 81685.07618711298, 'middle': 81689.62539181137, 'long': 81646.24297287986, 'buy': nan, 'sell': nan, 'buy_exit': nan, 'sell_exit': nan}
2025-04-23 10:40:27,560 INFO:Buy exit signal received
2025-04-23 10:40:27,560 INFO:Sell exit signal received
2025-04-23 10:40:27,560 INFO:Entering while loop with trade_count: 2
2025-04-23 10:40:27,668 INFO:Combined historical with live algo:                       timestamp    open    high     low     close  ...          long  buy  sell  buy_exit  sell_exit
0     2025-04-22 09:15:00+05:30  821.10  821.10  817.00    818.80  ...    818.800000  NaN   NaN       NaN        NaN
1     2025-04-22 09:16:00+05:30  818.75  818.75  814.60    814.60  ...    818.668750  NaN   NaN       NaN        NaN
2     2025-04-22 09:17:00+05:30  814.60  816.00  814.00    815.35  ...    818.565039  NaN   NaN       NaN        NaN
3     2025-04-22 09:18:00+05:30  815.30  816.00  814.75    815.50  ...    818.469257  NaN   NaN       NaN        NaN
4     2025-04-22 09:19:00+05:30  815.55  815.75  814.50    814.60  ...    818.348342  NaN   NaN       NaN        NaN
..                          ...     ...     ...     ...       ...  ...           ...  ...   ...       ...        ...
689  2025-04-23 10:40:26.508713     NaN     NaN     NaN  81685.00  ...  81642.370002  NaN   NaN       NaN        NaN
690  2025-04-23 10:40:26.508713     NaN     NaN     NaN  81685.00  ...  81643.702190  NaN   NaN       NaN        NaN
691  2025-04-23 10:40:26.508713     NaN     NaN     NaN  81685.00  ...  81644.992746  NaN   NaN       NaN        NaN
692  2025-04-23 10:40:26.508713     NaN     NaN     NaN  81685.00  ...  81646.242973  NaN   NaN       NaN        NaN
693  2025-04-23 10:40:27.500585     NaN     NaN     NaN  81700.00  ...  81647.922880  NaN   NaN       NaN        NaN

[694 rows x 13 columns]
2025-04-23 10:40:27,670 INFO:Final row: {'timestamp': Timestamp('2025-04-23 10:40:27.500585'), 'open': nan, 'high': nan, 'low': nan, 'close': 81700.0, 'volume': nan, 'short': 81690.05079140866, 'middle': 81690.56853801032, 'long': 81647.92287997737, 'buy': nan, 'sell': nan, 'buy_exit': nan, 'sell_exit': nan}
2025-04-23 10:40:27,670 INFO:Buy exit signal received
2025-04-23 10:40:27,670 INFO:Sell exit signal received
2025-04-23 10:40:27,670 INFO:Entering while loop with trade_count: 2
2025-04-23 10:40:27,752 INFO:Combined historical with live algo:                       timestamp    open    high     low     close  ...          long  buy  sell  buy_exit  sell_exit
0     2025-04-22 09:15:00+05:30  821.10  821.10  817.00    818.80  ...    818.800000  NaN   NaN       NaN        NaN
1     2025-04-22 09:16:00+05:30  818.75  818.75  814.60    814.60  ...    818.668750  NaN   NaN       NaN        NaN
2     2025-04-22 09:17:00+05:30  814.60  816.00  814.00    815.35  ...    818.565039  NaN   NaN       NaN        NaN
3     2025-04-22 09:18:00+05:30  815.30  816.00  814.75    815.50  ...    818.469257  NaN   NaN       NaN        NaN
4     2025-04-22 09:19:00+05:30  815.55  815.75  814.50    814.60  ...    818.348342  NaN   NaN       NaN        NaN
..                          ...     ...     ...     ...       ...  ...           ...  ...   ...       ...        ...
690  2025-04-23 10:40:26.508713     NaN     NaN     NaN  81685.00  ...  81643.702190  NaN   NaN       NaN        NaN
691  2025-04-23 10:40:26.508713     NaN     NaN     NaN  81685.00  ...  81644.992746  NaN   NaN       NaN        NaN
692  2025-04-23 10:40:26.508713     NaN     NaN     NaN  81685.00  ...  81646.242973  NaN   NaN       NaN        NaN
693  2025-04-23 10:40:27.500585     NaN     NaN     NaN  81700.00  ...  81647.922880  NaN   NaN       NaN        NaN
694  2025-04-23 10:40:27.500585     NaN     NaN     NaN  81700.00  ...  81649.550290  NaN   NaN       NaN        NaN

[695 rows x 13 columns]
2025-04-23 10:40:27,755 INFO:Final row: {'timestamp': Timestamp('2025-04-23 10:40:27.500585'), 'open': nan, 'high': nan, 'low': nan, 'close': 81700.0, 'volume': nan, 'short': 81693.36719427245, 'middle': 81691.42594364574, 'long': 81649.55028997808, 'buy': nan, 'sell': nan, 'buy_exit': nan, 'sell_exit': nan}
2025-04-23 10:40:27,755 INFO:Buy exit signal received
2025-04-23 10:40:27,755 INFO:Sell exit signal received
2025-04-23 10:40:27,755 INFO:Entering while loop with trade_count: 2
2025-04-23 10:40:27,879 INFO:Combined historical with live algo:                       timestamp    open    high     low     close  ...          long  buy  sell  buy_exit  sell_exit
0     2025-04-22 09:15:00+05:30  821.10  821.10  817.00    818.80  ...    818.800000  NaN   NaN       NaN        NaN
1     2025-04-22 09:16:00+05:30  818.75  818.75  814.60    814.60  ...    818.668750  NaN   NaN       NaN        NaN
2     2025-04-22 09:17:00+05:30  814.60  816.00  814.00    815.35  ...    818.565039  NaN   NaN       NaN        NaN
3     2025-04-22 09:18:00+05:30  815.30  816.00  814.75    815.50  ...    818.469257  NaN   NaN       NaN        NaN
4     2025-04-22 09:19:00+05:30  815.55  815.75  814.50    814.60  ...    818.348342  NaN   NaN       NaN        NaN
..                          ...     ...     ...     ...       ...  ...           ...  ...   ...       ...        ...
691  2025-04-23 10:40:26.508713     NaN     NaN     NaN  81685.00  ...  81644.992746  NaN   NaN       NaN        NaN
692  2025-04-23 10:40:26.508713     NaN     NaN     NaN  81685.00  ...  81646.242973  NaN   NaN       NaN        NaN
693  2025-04-23 10:40:27.500585     NaN     NaN     NaN  81700.00  ...  81647.922880  NaN   NaN       NaN        NaN
694  2025-04-23 10:40:27.500585     NaN     NaN     NaN  81700.00  ...  81649.550290  NaN   NaN       NaN        NaN
695  2025-04-23 10:40:27.500585     NaN     NaN     NaN  81700.00  ...  81651.126843  NaN   NaN       NaN        NaN

[696 rows x 13 columns]
2025-04-23 10:40:27,883 INFO:Final row: {'timestamp': Timestamp('2025-04-23 10:40:27.500585'), 'open': nan, 'high': nan, 'low': nan, 'close': 81700.0, 'volume': nan, 'short': 81695.57812951496, 'middle': 81692.20540331429, 'long': 81651.12684341626, 'buy': nan, 'sell': nan, 'buy_exit': nan, 'sell_exit': nan}
2025-04-23 10:40:27,884 INFO:Buy exit signal received
2025-04-23 10:40:27,884 INFO:Sell exit signal received
2025-04-23 10:40:27,884 INFO:Entering while loop with trade_count: 2
2025-04-23 10:40:27,969 INFO:Combined historical with live algo:                       timestamp    open    high     low     close  ...          long  buy  sell  buy_exit  sell_exit
0     2025-04-22 09:15:00+05:30  821.10  821.10  817.00    818.80  ...    818.800000  NaN   NaN       NaN        NaN
1     2025-04-22 09:16:00+05:30  818.75  818.75  814.60    814.60  ...    818.668750  NaN   NaN       NaN        NaN
2     2025-04-22 09:17:00+05:30  814.60  816.00  814.00    815.35  ...    818.565039  NaN   NaN       NaN        NaN
3     2025-04-22 09:18:00+05:30  815.30  816.00  814.75    815.50  ...    818.469257  NaN   NaN       NaN        NaN
4     2025-04-22 09:19:00+05:30  815.55  815.75  814.50    814.60  ...    818.348342  NaN   NaN       NaN        NaN
..                          ...     ...     ...     ...       ...  ...           ...  ...   ...       ...        ...
692  2025-04-23 10:40:26.508713     NaN     NaN     NaN  81685.00  ...  81646.242973  NaN   NaN       NaN        NaN
693  2025-04-23 10:40:27.500585     NaN     NaN     NaN  81700.00  ...  81647.922880  NaN   NaN       NaN        NaN
694  2025-04-23 10:40:27.500585     NaN     NaN     NaN  81700.00  ...  81649.550290  NaN   NaN       NaN        NaN
695  2025-04-23 10:40:27.500585     NaN     NaN     NaN  81700.00  ...  81651.126843  NaN   NaN       NaN        NaN
696  2025-04-23 10:40:27.500585     NaN     NaN     NaN  81700.00  ...  81652.654130  NaN   NaN       NaN        NaN

[697 rows x 13 columns]
2025-04-23 10:40:27,971 INFO:Final row: {'timestamp': Timestamp('2025-04-23 10:40:27.500585'), 'open': nan, 'high': nan, 'low': nan, 'close': 81700.0, 'volume': nan, 'short': 81697.05208634332, 'middle': 81692.91400301298, 'long': 81652.65412955951, 'buy': nan, 'sell': nan, 'buy_exit': nan, 'sell_exit': nan}
2025-04-23 10:40:27,971 INFO:Buy exit signal received
2025-04-23 10:40:27,971 INFO:Sell exit signal received
2025-04-23 10:40:27,971 INFO:Entering while loop with trade_count: 2
2025-04-23 10:40:28,038 INFO:Combined historical with live algo:                       timestamp    open    high     low     close  ...          long  buy  sell  buy_exit  sell_exit
0     2025-04-22 09:15:00+05:30  821.10  821.10  817.00    818.80  ...    818.800000  NaN   NaN       NaN        NaN
1     2025-04-22 09:16:00+05:30  818.75  818.75  814.60    814.60  ...    818.668750  NaN   NaN       NaN        NaN
2     2025-04-22 09:17:00+05:30  814.60  816.00  814.00    815.35  ...    818.565039  NaN   NaN       NaN        NaN
3     2025-04-22 09:18:00+05:30  815.30  816.00  814.75    815.50  ...    818.469257  NaN   NaN       NaN        NaN
4     2025-04-22 09:19:00+05:30  815.55  815.75  814.50    814.60  ...    818.348342  NaN   NaN       NaN        NaN
..                          ...     ...     ...     ...       ...  ...           ...  ...   ...       ...        ...
693  2025-04-23 10:40:27.500585     NaN     NaN     NaN  81700.00  ...  81647.922880  NaN   NaN       NaN        NaN
694  2025-04-23 10:40:27.500585     NaN     NaN     NaN  81700.00  ...  81649.550290  NaN   NaN       NaN        NaN
695  2025-04-23 10:40:27.500585     NaN     NaN     NaN  81700.00  ...  81651.126843  NaN   NaN       NaN        NaN
696  2025-04-23 10:40:27.500585     NaN     NaN     NaN  81700.00  ...  81652.654130  NaN   NaN       NaN        NaN
697  2025-04-23 10:40:27.906672     NaN     NaN     NaN  81700.00  ...  81654.133688  NaN   NaN       NaN        NaN

[698 rows x 13 columns]
2025-04-23 10:40:28,040 INFO:Final row: {'timestamp': Timestamp('2025-04-23 10:40:27.906672'), 'open': nan, 'high': nan, 'low': nan, 'close': 81700.0, 'volume': nan, 'short': 81698.03472422888, 'middle': 81693.55818455725, 'long': 81654.13368801077, 'buy': nan, 'sell': nan, 'buy_exit': nan, 'sell_exit': nan}
2025-04-23 10:40:28,040 INFO:Buy exit signal received
2025-04-23 10:40:28,040 INFO:Sell exit signal received
2025-04-23 10:40:28,040 INFO:Entering while loop with trade_count: 2
2025-04-23 10:40:28,101 INFO:Combined historical with live algo:                       timestamp    open    high     low     close  ...          long  buy  sell  buy_exit  sell_exit
0     2025-04-22 09:15:00+05:30  821.10  821.10  817.00    818.80  ...    818.800000  NaN   NaN       NaN        NaN
1     2025-04-22 09:16:00+05:30  818.75  818.75  814.60    814.60  ...    818.668750  NaN   NaN       NaN        NaN
2     2025-04-22 09:17:00+05:30  814.60  816.00  814.00    815.35  ...    818.565039  NaN   NaN       NaN        NaN
3     2025-04-22 09:18:00+05:30  815.30  816.00  814.75    815.50  ...    818.469257  NaN   NaN       NaN        NaN
4     2025-04-22 09:19:00+05:30  815.55  815.75  814.50    814.60  ...    818.348342  NaN   NaN       NaN        NaN
..                          ...     ...     ...     ...       ...  ...           ...  ...   ...       ...        ...
694  2025-04-23 10:40:27.500585     NaN     NaN     NaN  81700.00  ...  81649.550290  NaN   NaN       NaN        NaN
695  2025-04-23 10:40:27.500585     NaN     NaN     NaN  81700.00  ...  81651.126843  NaN   NaN       NaN        NaN
696  2025-04-23 10:40:27.500585     NaN     NaN     NaN  81700.00  ...  81652.654130  NaN   NaN       NaN        NaN
697  2025-04-23 10:40:27.906672     NaN     NaN     NaN  81700.00  ...  81654.133688  NaN   NaN       NaN        NaN
698  2025-04-23 10:40:27.906672     NaN     NaN     NaN  81700.00  ...  81655.567010  NaN   NaN       NaN        NaN

[699 rows x 13 columns]
2025-04-23 10:40:28,101 INFO:Final row: {'timestamp': Timestamp('2025-04-23 10:40:27.906672'), 'open': nan, 'high': nan, 'low': nan, 'close': 81700.0, 'volume': nan, 'short': 81698.68981615259, 'middle': 81694.14380414294, 'long': 81655.56701026043, 'buy': nan, 'sell': nan, 'buy_exit': nan, 'sell_exit': nan}
2025-04-23 10:40:28,101 INFO:Buy exit signal received
2025-04-23 10:40:28,101 INFO:Sell exit signal received
2025-04-23 10:40:28,101 INFO:Entering while loop with trade_count: 2
2025-04-23 10:40:28,174 INFO:Combined historical with live algo:                       timestamp    open    high     low     close  ...          long  buy  sell  buy_exit  sell_exit
0     2025-04-22 09:15:00+05:30  821.10  821.10  817.00    818.80  ...    818.800000  NaN   NaN       NaN        NaN
1     2025-04-22 09:16:00+05:30  818.75  818.75  814.60    814.60  ...    818.668750  NaN   NaN       NaN        NaN
2     2025-04-22 09:17:00+05:30  814.60  816.00  814.00    815.35  ...    818.565039  NaN   NaN       NaN        NaN
3     2025-04-22 09:18:00+05:30  815.30  816.00  814.75    815.50  ...    818.469257  NaN   NaN       NaN        NaN
4     2025-04-22 09:19:00+05:30  815.55  815.75  814.50    814.60  ...    818.348342  NaN   NaN       NaN        NaN
..                          ...     ...     ...     ...       ...  ...           ...  ...   ...       ...        ...
695  2025-04-23 10:40:27.500585     NaN     NaN     NaN  81700.00  ...  81651.126843  NaN   NaN       NaN        NaN
696  2025-04-23 10:40:27.500585     NaN     NaN     NaN  81700.00  ...  81652.654130  NaN   NaN       NaN        NaN
697  2025-04-23 10:40:27.906672     NaN     NaN     NaN  81700.00  ...  81654.133688  NaN   NaN       NaN        NaN
698  2025-04-23 10:40:27.906672     NaN     NaN     NaN  81700.00  ...  81655.567010  NaN   NaN       NaN        NaN
699  2025-04-23 10:40:27.906672     NaN     NaN     NaN  81700.00  ...  81656.955541  NaN   NaN       NaN        NaN

[700 rows x 13 columns]
2025-04-23 10:40:28,184 INFO:Final row: {'timestamp': Timestamp('2025-04-23 10:40:27.906672'), 'open': nan, 'high': nan, 'low': nan, 'close': 81700.0, 'volume': nan, 'short': 81699.12654410173, 'middle': 81694.67618558448, 'long': 81656.95554118979, 'buy': nan, 'sell': nan, 'buy_exit': nan, 'sell_exit': nan}
2025-04-23 10:40:28,184 INFO:Buy exit signal received
2025-04-23 10:40:28,184 INFO:Sell exit signal received
2025-04-23 10:40:28,184 INFO:Entering while loop with trade_count: 2
2025-04-23 10:40:28,283 INFO:Combined historical with live algo:                       timestamp    open    high     low     close  ...          long  buy  sell  buy_exit  sell_exit
0     2025-04-22 09:15:00+05:30  821.10  821.10  817.00    818.80  ...    818.800000  NaN   NaN       NaN        NaN
1     2025-04-22 09:16:00+05:30  818.75  818.75  814.60    814.60  ...    818.668750  NaN   NaN       NaN        NaN
2     2025-04-22 09:17:00+05:30  814.60  816.00  814.00    815.35  ...    818.565039  NaN   NaN       NaN        NaN
3     2025-04-22 09:18:00+05:30  815.30  816.00  814.75    815.50  ...    818.469257  NaN   NaN       NaN        NaN
4     2025-04-22 09:19:00+05:30  815.55  815.75  814.50    814.60  ...    818.348342  NaN   NaN       NaN        NaN
..                          ...     ...     ...     ...       ...  ...           ...  ...   ...       ...        ...
696  2025-04-23 10:40:27.500585     NaN     NaN     NaN  81700.00  ...  81652.654130  NaN   NaN       NaN        NaN
697  2025-04-23 10:40:27.906672     NaN     NaN     NaN  81700.00  ...  81654.133688  NaN   NaN       NaN        NaN
698  2025-04-23 10:40:27.906672     NaN     NaN     NaN  81700.00  ...  81655.567010  NaN   NaN       NaN        NaN
699  2025-04-23 10:40:27.906672     NaN     NaN     NaN  81700.00  ...  81656.955541  NaN   NaN       NaN        NaN
700  2025-04-23 10:40:27.906672     NaN     NaN     NaN  81700.00  ...  81658.300681  NaN   NaN       NaN        NaN

[701 rows x 13 columns]
2025-04-23 10:40:28,285 INFO:Final row: {'timestamp': Timestamp('2025-04-23 10:40:27.906672'), 'open': nan, 'high': nan, 'low': nan, 'close': 81700.0, 'volume': nan, 'short': 81699.41769606783, 'middle': 81695.16016871316, 'long': 81658.30068052761, 'buy': nan, 'sell': nan, 'buy_exit': nan, 'sell_exit': nan}
2025-04-23 10:40:28,285 INFO:Buy exit signal received
2025-04-23 10:40:28,285 INFO:Sell exit signal received
2025-04-23 10:40:28,285 INFO:Entering while loop with trade_count: 2
2025-04-23 10:40:28,539 INFO:Combined historical with live algo:                       timestamp    open    high     low     close  ...          long  buy  sell  buy_exit  sell_exit
0     2025-04-22 09:15:00+05:30  821.10  821.10  817.00    818.80  ...    818.800000  NaN   NaN       NaN        NaN
1     2025-04-22 09:16:00+05:30  818.75  818.75  814.60    814.60  ...    818.668750  NaN   NaN       NaN        NaN
2     2025-04-22 09:17:00+05:30  814.60  816.00  814.00    815.35  ...    818.565039  NaN   NaN       NaN        NaN
3     2025-04-22 09:18:00+05:30  815.30  816.00  814.75    815.50  ...    818.469257  NaN   NaN       NaN        NaN
4     2025-04-22 09:19:00+05:30  815.55  815.75  814.50    814.60  ...    818.348342  NaN   NaN       NaN        NaN
..                          ...     ...     ...     ...       ...  ...           ...  ...   ...       ...        ...
697  2025-04-23 10:40:27.906672     NaN     NaN     NaN  81700.00  ...  81654.133688  NaN   NaN       NaN        NaN
698  2025-04-23 10:40:27.906672     NaN     NaN     NaN  81700.00  ...  81655.567010  NaN   NaN       NaN        NaN
699  2025-04-23 10:40:27.906672     NaN     NaN     NaN  81700.00  ...  81656.955541  NaN   NaN       NaN        NaN
700  2025-04-23 10:40:27.906672     NaN     NaN     NaN  81700.00  ...  81658.300681  NaN   NaN       NaN        NaN
701  2025-04-23 10:40:27.906672     NaN     NaN     NaN  81700.00  ...  81659.603784  NaN   NaN       NaN        NaN

[702 rows x 13 columns]
2025-04-23 10:40:28,543 INFO:Final row: {'timestamp': Timestamp('2025-04-23 10:40:27.906672'), 'open': nan, 'high': nan, 'low': nan, 'close': 81700.0, 'volume': nan, 'short': 81699.61179737856, 'middle': 81695.60015337559, 'long': 81659.60378426113, 'buy': nan, 'sell': nan, 'buy_exit': nan, 'sell_exit': nan}
2025-04-23 10:40:28,543 INFO:Buy exit signal received
2025-04-23 10:40:28,543 INFO:Sell exit signal received
2025-04-23 10:40:28,543 INFO:Entering while loop with trade_count: 2
2025-04-23 10:40:28,650 INFO:Combined historical with live algo:                       timestamp    open    high     low     close  ...          long  buy  sell  buy_exit  sell_exit
0     2025-04-22 09:15:00+05:30  821.10  821.10  817.00    818.80  ...    818.800000  NaN   NaN       NaN        NaN
1     2025-04-22 09:16:00+05:30  818.75  818.75  814.60    814.60  ...    818.668750  NaN   NaN       NaN        NaN
2     2025-04-22 09:17:00+05:30  814.60  816.00  814.00    815.35  ...    818.565039  NaN   NaN       NaN        NaN
3     2025-04-22 09:18:00+05:30  815.30  816.00  814.75    815.50  ...    818.469257  NaN   NaN       NaN        NaN
4     2025-04-22 09:19:00+05:30  815.55  815.75  814.50    814.60  ...    818.348342  NaN   NaN       NaN        NaN
..                          ...     ...     ...     ...       ...  ...           ...  ...   ...       ...        ...
698  2025-04-23 10:40:27.906672     NaN     NaN     NaN  81700.00  ...  81655.567010  NaN   NaN       NaN        NaN
699  2025-04-23 10:40:27.906672     NaN     NaN     NaN  81700.00  ...  81656.955541  NaN   NaN       NaN        NaN
700  2025-04-23 10:40:27.906672     NaN     NaN     NaN  81700.00  ...  81658.300681  NaN   NaN       NaN        NaN
701  2025-04-23 10:40:27.906672     NaN     NaN     NaN  81700.00  ...  81659.603784  NaN   NaN       NaN        NaN
702  2025-04-23 10:40:27.906672     NaN     NaN     NaN  81700.00  ...  81660.866166  NaN   NaN       NaN        NaN

[703 rows x 13 columns]
2025-04-23 10:40:28,652 INFO:Final row: {'timestamp': Timestamp('2025-04-23 10:40:27.906672'), 'open': nan, 'high': nan, 'low': nan, 'close': 81700.0, 'volume': nan, 'short': 81699.74119825238, 'middle': 81696.00013943235, 'long': 81660.86616600296, 'buy': nan, 'sell': nan, 'buy_exit': nan, 'sell_exit': nan}
2025-04-23 10:40:28,652 INFO:Buy exit signal received
2025-04-23 10:40:28,652 INFO:Sell exit signal received
2025-04-23 10:40:28,652 INFO:Entering while loop with trade_count: 2
2025-04-23 10:40:28,740 INFO:Combined historical with live algo:                       timestamp    open    high     low     close  ...          long  buy  sell  buy_exit  sell_exit
0     2025-04-22 09:15:00+05:30  821.10  821.10  817.00    818.80  ...    818.800000  NaN   NaN       NaN        NaN
1     2025-04-22 09:16:00+05:30  818.75  818.75  814.60    814.60  ...    818.668750  NaN   NaN       NaN        NaN
2     2025-04-22 09:17:00+05:30  814.60  816.00  814.00    815.35  ...    818.565039  NaN   NaN       NaN        NaN
3     2025-04-22 09:18:00+05:30  815.30  816.00  814.75    815.50  ...    818.469257  NaN   NaN       NaN        NaN
4     2025-04-22 09:19:00+05:30  815.55  815.75  814.50    814.60  ...    818.348342  NaN   NaN       NaN        NaN
..                          ...     ...     ...     ...       ...  ...           ...  ...   ...       ...        ...
699  2025-04-23 10:40:27.906672     NaN     NaN     NaN  81700.00  ...  81656.955541  NaN   NaN       NaN        NaN
700  2025-04-23 10:40:27.906672     NaN     NaN     NaN  81700.00  ...  81658.300681  NaN   NaN       NaN        NaN
701  2025-04-23 10:40:27.906672     NaN     NaN     NaN  81700.00  ...  81659.603784  NaN   NaN       NaN        NaN
702  2025-04-23 10:40:27.906672     NaN     NaN     NaN  81700.00  ...  81660.866166  NaN   NaN       NaN        NaN
703  2025-04-23 10:40:28.610106     NaN     NaN     NaN  81690.00  ...  81661.776598  NaN   NaN       NaN        NaN

[704 rows x 13 columns]
2025-04-23 10:40:28,744 INFO:Final row: {'timestamp': Timestamp('2025-04-23 10:40:28.610106'), 'open': nan, 'high': nan, 'low': nan, 'close': 81690.0, 'volume': nan, 'short': 81696.49413216826, 'middle': 81695.45467221121, 'long': 81661.77659831537, 'buy': nan, 'sell': nan, 'buy_exit': nan, 'sell_exit': nan}
2025-04-23 10:40:28,744 INFO:Buy exit signal received
2025-04-23 10:40:28,744 INFO:Sell exit signal received
2025-04-23 10:40:28,744 INFO:Entering while loop with trade_count: 2
2025-04-23 10:40:28,819 INFO:Combined historical with live algo:                       timestamp    open    high     low     close  ...          long  buy  sell  buy_exit  sell_exit
0     2025-04-22 09:15:00+05:30  821.10  821.10  817.00    818.80  ...    818.800000  NaN   NaN       NaN        NaN
1     2025-04-22 09:16:00+05:30  818.75  818.75  814.60    814.60  ...    818.668750  NaN   NaN       NaN        NaN
2     2025-04-22 09:17:00+05:30  814.60  816.00  814.00    815.35  ...    818.565039  NaN   NaN       NaN        NaN
3     2025-04-22 09:18:00+05:30  815.30  816.00  814.75    815.50  ...    818.469257  NaN   NaN       NaN        NaN
4     2025-04-22 09:19:00+05:30  815.55  815.75  814.50    814.60  ...    818.348342  NaN   NaN       NaN        NaN
..                          ...     ...     ...     ...       ...  ...           ...  ...   ...       ...        ...
700  2025-04-23 10:40:27.906672     NaN     NaN     NaN  81700.00  ...  81658.300681  NaN   NaN       NaN        NaN
701  2025-04-23 10:40:27.906672     NaN     NaN     NaN  81700.00  ...  81659.603784  NaN   NaN       NaN        NaN
702  2025-04-23 10:40:27.906672     NaN     NaN     NaN  81700.00  ...  81660.866166  NaN   NaN       NaN        NaN
703  2025-04-23 10:40:28.610106     NaN     NaN     NaN  81690.00  ...  81661.776598  NaN   NaN       NaN        NaN
704  2025-04-23 10:40:28.610106     NaN     NaN     NaN  81690.00  ...  81662.658580  NaN   NaN       NaN        NaN

[705 rows x 13 columns]
2025-04-23 10:40:28,822 INFO:Final row: {'timestamp': Timestamp('2025-04-23 10:40:28.610106'), 'open': nan, 'high': nan, 'low': nan, 'close': 81690.0, 'volume': nan, 'short': 81694.32942144551, 'middle': 81694.95879291928, 'long': 81662.65857961802, 'buy': nan, 'sell': nan, 'buy_exit': nan, 'sell_exit': nan}
2025-04-23 10:40:28,822 INFO:Buy exit signal received
2025-04-23 10:40:28,822 INFO:Sell exit signal received
2025-04-23 10:40:28,822 INFO:Entering while loop with trade_count: 2
2025-04-23 10:40:28,885 INFO:Combined historical with live algo:                       timestamp    open    high     low     close  ...          long  buy  sell  buy_exit  sell_exit
0     2025-04-22 09:15:00+05:30  821.10  821.10  817.00    818.80  ...    818.800000  NaN   NaN       NaN        NaN
1     2025-04-22 09:16:00+05:30  818.75  818.75  814.60    814.60  ...    818.668750  NaN   NaN       NaN        NaN
2     2025-04-22 09:17:00+05:30  814.60  816.00  814.00    815.35  ...    818.565039  NaN   NaN       NaN        NaN
3     2025-04-22 09:18:00+05:30  815.30  816.00  814.75    815.50  ...    818.469257  NaN   NaN       NaN        NaN
4     2025-04-22 09:19:00+05:30  815.55  815.75  814.50    814.60  ...    818.348342  NaN   NaN       NaN        NaN
..                          ...     ...     ...     ...       ...  ...           ...  ...   ...       ...        ...
701  2025-04-23 10:40:27.906672     NaN     NaN     NaN  81700.00  ...  81659.603784  NaN   NaN       NaN        NaN
702  2025-04-23 10:40:27.906672     NaN     NaN     NaN  81700.00  ...  81660.866166  NaN   NaN       NaN        NaN
703  2025-04-23 10:40:28.610106     NaN     NaN     NaN  81690.00  ...  81661.776598  NaN   NaN       NaN        NaN
704  2025-04-23 10:40:28.610106     NaN     NaN     NaN  81690.00  ...  81662.658580  NaN   NaN       NaN        NaN
705  2025-04-23 10:40:28.610106     NaN     NaN     NaN  81690.00  ...  81663.512999  NaN   NaN       NaN        NaN

[706 rows x 13 columns]
2025-04-23 10:40:28,885 INFO:Final row: {'timestamp': Timestamp('2025-04-23 10:40:28.610106'), 'open': nan, 'high': nan, 'low': nan, 'close': 81690.0, 'volume': nan, 'short': 81692.88628096368, 'middle': 81694.50799356298, 'long': 81663.51299900495, 'buy': nan, 'sell': nan, 'buy_exit': nan, 'sell_exit': nan}
2025-04-23 10:40:28,885 INFO:Buy exit signal received
2025-04-23 10:40:28,885 INFO:Sell exit signal received
2025-04-23 10:40:28,885 INFO:Entering while loop with trade_count: 2
2025-04-23 10:40:28,959 INFO:Combined historical with live algo:                       timestamp    open    high     low     close  ...          long  buy  sell  buy_exit  sell_exit
0     2025-04-22 09:15:00+05:30  821.10  821.10  817.00    818.80  ...    818.800000  NaN   NaN       NaN        NaN
1     2025-04-22 09:16:00+05:30  818.75  818.75  814.60    814.60  ...    818.668750  NaN   NaN       NaN        NaN
2     2025-04-22 09:17:00+05:30  814.60  816.00  814.00    815.35  ...    818.565039  NaN   NaN       NaN        NaN
3     2025-04-22 09:18:00+05:30  815.30  816.00  814.75    815.50  ...    818.469257  NaN   NaN       NaN        NaN
4     2025-04-22 09:19:00+05:30  815.55  815.75  814.50    814.60  ...    818.348342  NaN   NaN       NaN        NaN
..                          ...     ...     ...     ...       ...  ...           ...  ...   ...       ...        ...
702  2025-04-23 10:40:27.906672     NaN     NaN     NaN  81700.00  ...  81660.866166  NaN   NaN       NaN        NaN
703  2025-04-23 10:40:28.610106     NaN     NaN     NaN  81690.00  ...  81661.776598  NaN   NaN       NaN        NaN
704  2025-04-23 10:40:28.610106     NaN     NaN     NaN  81690.00  ...  81662.658580  NaN   NaN       NaN        NaN
705  2025-04-23 10:40:28.610106     NaN     NaN     NaN  81690.00  ...  81663.512999  NaN   NaN       NaN        NaN
706  2025-04-23 10:40:28.610106     NaN     NaN     NaN  81690.00  ...  81664.340718  NaN   NaN       NaN        NaN

[707 rows x 13 columns]
2025-04-23 10:40:28,967 INFO:Final row: {'timestamp': Timestamp('2025-04-23 10:40:28.610106'), 'open': nan, 'high': nan, 'low': nan, 'close': 81690.0, 'volume': nan, 'short': 81691.92418730912, 'middle': 81694.09817596634, 'long': 81664.34071778604, 'buy': nan, 'sell': nan, 'buy_exit': nan, 'sell_exit': nan}
2025-04-23 10:40:28,967 INFO:Buy exit signal received
2025-04-23 10:40:28,968 INFO:Sell exit signal received
2025-04-23 10:40:28,968 INFO:Entering while loop with trade_count: 2
2025-04-23 10:40:29,060 INFO:Combined historical with live algo:                       timestamp    open    high     low     close  ...          long  buy  sell  buy_exit  sell_exit
0     2025-04-22 09:15:00+05:30  821.10  821.10  817.00    818.80  ...    818.800000  NaN   NaN       NaN        NaN
1     2025-04-22 09:16:00+05:30  818.75  818.75  814.60    814.60  ...    818.668750  NaN   NaN       NaN        NaN
2     2025-04-22 09:17:00+05:30  814.60  816.00  814.00    815.35  ...    818.565039  NaN   NaN       NaN        NaN
3     2025-04-22 09:18:00+05:30  815.30  816.00  814.75    815.50  ...    818.469257  NaN   NaN       NaN        NaN
4     2025-04-22 09:19:00+05:30  815.55  815.75  814.50    814.60  ...    818.348342  NaN   NaN       NaN        NaN
..                          ...     ...     ...     ...       ...  ...           ...  ...   ...       ...        ...
703  2025-04-23 10:40:28.610106     NaN     NaN     NaN  81690.00  ...  81661.776598  NaN   NaN       NaN        NaN
704  2025-04-23 10:40:28.610106     NaN     NaN     NaN  81690.00  ...  81662.658580  NaN   NaN       NaN        NaN
705  2025-04-23 10:40:28.610106     NaN     NaN     NaN  81690.00  ...  81663.512999  NaN   NaN       NaN        NaN
706  2025-04-23 10:40:28.610106     NaN     NaN     NaN  81690.00  ...  81664.340718  NaN   NaN       NaN        NaN
707  2025-04-23 10:40:28.901935     NaN     NaN     NaN  81690.00  ...  81665.142570  NaN   NaN       NaN        NaN

[708 rows x 13 columns]
2025-04-23 10:40:29,064 INFO:Final row: {'timestamp': Timestamp('2025-04-23 10:40:28.901935'), 'open': nan, 'high': nan, 'low': nan, 'close': 81690.0, 'volume': nan, 'short': 81691.28279153942, 'middle': 81693.72561451484, 'long': 81665.14257035522, 'buy': nan, 'sell': nan, 'buy_exit': nan, 'sell_exit': nan}
2025-04-23 10:40:29,064 INFO:Buy exit signal received
2025-04-23 10:40:29,064 INFO:Sell exit signal received
2025-04-23 10:40:29,064 INFO:Entering while loop with trade_count: 2
2025-04-23 10:40:29,191 INFO:Combined historical with live algo:                       timestamp    open    high     low     close  ...          long  buy  sell  buy_exit  sell_exit
0     2025-04-22 09:15:00+05:30  821.10  821.10  817.00    818.80  ...    818.800000  NaN   NaN       NaN        NaN
1     2025-04-22 09:16:00+05:30  818.75  818.75  814.60    814.60  ...    818.668750  NaN   NaN       NaN        NaN
2     2025-04-22 09:17:00+05:30  814.60  816.00  814.00    815.35  ...    818.565039  NaN   NaN       NaN        NaN
3     2025-04-22 09:18:00+05:30  815.30  816.00  814.75    815.50  ...    818.469257  NaN   NaN       NaN        NaN
4     2025-04-22 09:19:00+05:30  815.55  815.75  814.50    814.60  ...    818.348342  NaN   NaN       NaN        NaN
..                          ...     ...     ...     ...       ...  ...           ...  ...   ...       ...        ...
704  2025-04-23 10:40:28.610106     NaN     NaN     NaN  81690.00  ...  81662.658580  NaN   NaN       NaN        NaN
705  2025-04-23 10:40:28.610106     NaN     NaN     NaN  81690.00  ...  81663.512999  NaN   NaN       NaN        NaN
706  2025-04-23 10:40:28.610106     NaN     NaN     NaN  81690.00  ...  81664.340718  NaN   NaN       NaN        NaN
707  2025-04-23 10:40:28.901935     NaN     NaN     NaN  81690.00  ...  81665.142570  NaN   NaN       NaN        NaN
708  2025-04-23 10:40:28.901935     NaN     NaN     NaN  81690.00  ...  81665.919365  NaN   NaN       NaN        NaN

[709 rows x 13 columns]
2025-04-23 10:40:29,195 INFO:Final row: {'timestamp': Timestamp('2025-04-23 10:40:28.901935'), 'open': nan, 'high': nan, 'low': nan, 'close': 81690.0, 'volume': nan, 'short': 81690.85519435961, 'middle': 81693.38692228621, 'long': 81665.91936503162, 'buy': nan, 'sell': nan, 'buy_exit': nan, 'sell_exit': nan}
2025-04-23 10:40:29,195 INFO:Buy exit signal received
2025-04-23 10:40:29,195 INFO:Sell exit signal received
2025-04-23 10:40:29,195 INFO:Entering while loop with trade_count: 2
2025-04-23 10:40:29,408 INFO:Combined historical with live algo:                       timestamp    open    high     low     close  ...          long  buy  sell  buy_exit  sell_exit
0     2025-04-22 09:15:00+05:30  821.10  821.10  817.00    818.80  ...    818.800000  NaN   NaN       NaN        NaN
1     2025-04-22 09:16:00+05:30  818.75  818.75  814.60    814.60  ...    818.668750  NaN   NaN       NaN        NaN
2     2025-04-22 09:17:00+05:30  814.60  816.00  814.00    815.35  ...    818.565039  NaN   NaN       NaN        NaN
3     2025-04-22 09:18:00+05:30  815.30  816.00  814.75    815.50  ...    818.469257  NaN   NaN       NaN        NaN
4     2025-04-22 09:19:00+05:30  815.55  815.75  814.50    814.60  ...    818.348342  NaN   NaN       NaN        NaN
..                          ...     ...     ...     ...       ...  ...           ...  ...   ...       ...        ...
705  2025-04-23 10:40:28.610106     NaN     NaN     NaN  81690.00  ...  81663.512999  NaN   NaN       NaN        NaN
706  2025-04-23 10:40:28.610106     NaN     NaN     NaN  81690.00  ...  81664.340718  NaN   NaN       NaN        NaN
707  2025-04-23 10:40:28.901935     NaN     NaN     NaN  81690.00  ...  81665.142570  NaN   NaN       NaN        NaN
708  2025-04-23 10:40:28.901935     NaN     NaN     NaN  81690.00  ...  81665.919365  NaN   NaN       NaN        NaN
709  2025-04-23 10:40:28.901935     NaN     NaN     NaN  81690.00  ...  81666.671885  NaN   NaN       NaN        NaN

[710 rows x 13 columns]
2025-04-23 10:40:29,413 INFO:Final row: {'timestamp': Timestamp('2025-04-23 10:40:28.901935'), 'open': nan, 'high': nan, 'low': nan, 'close': 81690.0, 'volume': nan, 'short': 81690.57012957308, 'middle': 81693.0790202602, 'long': 81666.67188487438, 'buy': nan, 'sell': nan, 'buy_exit': nan, 'sell_exit': nan}
2025-04-23 10:40:29,413 INFO:Buy exit signal received
2025-04-23 10:40:29,413 INFO:Sell exit signal received
2025-04-23 10:40:29,415 INFO:Entering while loop with trade_count: 2
2025-04-23 10:40:29,589 INFO:Combined historical with live algo:                       timestamp    open    high     low     close  ...          long  buy  sell  buy_exit  sell_exit
0     2025-04-22 09:15:00+05:30  821.10  821.10  817.00    818.80  ...    818.800000  NaN   NaN       NaN        NaN
1     2025-04-22 09:16:00+05:30  818.75  818.75  814.60    814.60  ...    818.668750  NaN   NaN       NaN        NaN
2     2025-04-22 09:17:00+05:30  814.60  816.00  814.00    815.35  ...    818.565039  NaN   NaN       NaN        NaN
3     2025-04-22 09:18:00+05:30  815.30  816.00  814.75    815.50  ...    818.469257  NaN   NaN       NaN        NaN
4     2025-04-22 09:19:00+05:30  815.55  815.75  814.50    814.60  ...    818.348342  NaN   NaN       NaN        NaN
..                          ...     ...     ...     ...       ...  ...           ...  ...   ...       ...        ...
706  2025-04-23 10:40:28.610106     NaN     NaN     NaN  81690.00  ...  81664.340718  NaN   NaN       NaN        NaN
707  2025-04-23 10:40:28.901935     NaN     NaN     NaN  81690.00  ...  81665.142570  NaN   NaN       NaN        NaN
708  2025-04-23 10:40:28.901935     NaN     NaN     NaN  81690.00  ...  81665.919365  NaN   NaN       NaN        NaN
709  2025-04-23 10:40:28.901935     NaN     NaN     NaN  81690.00  ...  81666.671885  NaN   NaN       NaN        NaN
710  2025-04-23 10:40:28.901935     NaN     NaN     NaN  81690.00  ...  81667.400888  NaN   NaN       NaN        NaN

[711 rows x 13 columns]
2025-04-23 10:40:29,594 INFO:Final row: {'timestamp': Timestamp('2025-04-23 10:40:28.901935'), 'open': nan, 'high': nan, 'low': nan, 'close': 81690.0, 'volume': nan, 'short': 81690.38008638207, 'middle': 81692.79910932745, 'long': 81667.40088847205, 'buy': nan, 'sell': nan, 'buy_exit': nan, 'sell_exit': nan}
2025-04-23 10:40:29,594 INFO:Buy exit signal received
2025-04-23 10:40:29,594 INFO:Sell exit signal received
2025-04-23 10:40:29,594 INFO:Entering while loop with trade_count: 2
2025-04-23 10:40:29,878 INFO:Combined historical with live algo:                       timestamp    open    high     low     close  ...          long  buy  sell  buy_exit  sell_exit
0     2025-04-22 09:15:00+05:30  821.10  821.10  817.00    818.80  ...    818.800000  NaN   NaN       NaN        NaN
1     2025-04-22 09:16:00+05:30  818.75  818.75  814.60    814.60  ...    818.668750  NaN   NaN       NaN        NaN
2     2025-04-22 09:17:00+05:30  814.60  816.00  814.00    815.35  ...    818.565039  NaN   NaN       NaN        NaN
3     2025-04-22 09:18:00+05:30  815.30  816.00  814.75    815.50  ...    818.469257  NaN   NaN       NaN        NaN
4     2025-04-22 09:19:00+05:30  815.55  815.75  814.50    814.60  ...    818.348342  NaN   NaN       NaN        NaN
..                          ...     ...     ...     ...       ...  ...           ...  ...   ...       ...        ...
707  2025-04-23 10:40:28.901935     NaN     NaN     NaN  81690.00  ...  81665.142570  NaN   NaN       NaN        NaN
708  2025-04-23 10:40:28.901935     NaN     NaN     NaN  81690.00  ...  81665.919365  NaN   NaN       NaN        NaN
709  2025-04-23 10:40:28.901935     NaN     NaN     NaN  81690.00  ...  81666.671885  NaN   NaN       NaN        NaN
710  2025-04-23 10:40:28.901935     NaN     NaN     NaN  81690.00  ...  81667.400888  NaN   NaN       NaN        NaN
711  2025-04-23 10:40:28.901935     NaN     NaN     NaN  81690.00  ...  81668.107111  NaN   NaN       NaN        NaN

[712 rows x 13 columns]
2025-04-23 10:40:29,881 INFO:Final row: {'timestamp': Timestamp('2025-04-23 10:40:28.901935'), 'open': nan, 'high': nan, 'low': nan, 'close': 81690.0, 'volume': nan, 'short': 81690.25339092138, 'middle': 81692.54464484313, 'long': 81668.10711070731, 'buy': nan, 'sell': nan, 'buy_exit': nan, 'sell_exit': nan}
2025-04-23 10:40:29,881 INFO:Buy exit signal received
2025-04-23 10:40:29,881 INFO:Sell exit signal received
2025-04-23 10:40:29,887 INFO:Entering while loop with trade_count: 2
2025-04-23 10:40:30,144 INFO:Combined historical with live algo:                       timestamp    open    high     low     close  ...          long  buy  sell  buy_exit  sell_exit
0     2025-04-22 09:15:00+05:30  821.10  821.10  817.00    818.80  ...    818.800000  NaN   NaN       NaN        NaN
1     2025-04-22 09:16:00+05:30  818.75  818.75  814.60    814.60  ...    818.668750  NaN   NaN       NaN        NaN
2     2025-04-22 09:17:00+05:30  814.60  816.00  814.00    815.35  ...    818.565039  NaN   NaN       NaN        NaN
3     2025-04-22 09:18:00+05:30  815.30  816.00  814.75    815.50  ...    818.469257  NaN   NaN       NaN        NaN
4     2025-04-22 09:19:00+05:30  815.55  815.75  814.50    814.60  ...    818.348342  NaN   NaN       NaN        NaN
..                          ...     ...     ...     ...       ...  ...           ...  ...   ...       ...        ...
708  2025-04-23 10:40:28.901935     NaN     NaN     NaN  81690.00  ...  81665.919365  NaN   NaN       NaN        NaN
709  2025-04-23 10:40:28.901935     NaN     NaN     NaN  81690.00  ...  81666.671885  NaN   NaN       NaN        NaN
710  2025-04-23 10:40:28.901935     NaN     NaN     NaN  81690.00  ...  81667.400888  NaN   NaN       NaN        NaN
711  2025-04-23 10:40:28.901935     NaN     NaN     NaN  81690.00  ...  81668.107111  NaN   NaN       NaN        NaN
712  2025-04-23 10:40:29.608085     NaN     NaN     NaN  81715.00  ...  81669.572513  NaN   NaN       NaN        NaN

[713 rows x 13 columns]
2025-04-23 10:40:30,148 INFO:Final row: {'timestamp': Timestamp('2025-04-23 10:40:29.608085'), 'open': nan, 'high': nan, 'low': nan, 'close': 81715.0, 'volume': nan, 'short': 81698.50226061426, 'middle': 81694.58604076649, 'long': 81669.57251349771, 'buy': nan, 'sell': nan, 'buy_exit': nan, 'sell_exit': nan}
2025-04-23 10:40:30,148 INFO:Buy exit signal received
2025-04-23 10:40:30,148 INFO:Sell exit signal received
2025-04-23 10:40:30,148 INFO:Entering while loop with trade_count: 2
2025-04-23 10:40:30,374 INFO:Combined historical with live algo:                       timestamp    open    high     low     close  ...          long  buy  sell  buy_exit  sell_exit
0     2025-04-22 09:15:00+05:30  821.10  821.10  817.00    818.80  ...    818.800000  NaN   NaN       NaN        NaN
1     2025-04-22 09:16:00+05:30  818.75  818.75  814.60    814.60  ...    818.668750  NaN   NaN       NaN        NaN
2     2025-04-22 09:17:00+05:30  814.60  816.00  814.00    815.35  ...    818.565039  NaN   NaN       NaN        NaN
3     2025-04-22 09:18:00+05:30  815.30  816.00  814.75    815.50  ...    818.469257  NaN   NaN       NaN        NaN
4     2025-04-22 09:19:00+05:30  815.55  815.75  814.50    814.60  ...    818.348342  NaN   NaN       NaN        NaN
..                          ...     ...     ...     ...       ...  ...           ...  ...   ...       ...        ...
709  2025-04-23 10:40:28.901935     NaN     NaN     NaN  81690.00  ...  81666.671885  NaN   NaN       NaN        NaN
710  2025-04-23 10:40:28.901935     NaN     NaN     NaN  81690.00  ...  81667.400888  NaN   NaN       NaN        NaN
711  2025-04-23 10:40:28.901935     NaN     NaN     NaN  81690.00  ...  81668.107111  NaN   NaN       NaN        NaN
712  2025-04-23 10:40:29.608085     NaN     NaN     NaN  81715.00  ...  81669.572513  NaN   NaN       NaN        NaN
713  2025-04-23 10:40:29.904706     NaN     NaN     NaN  81700.00  ...  81670.523372  NaN   NaN       NaN        NaN

[714 rows x 13 columns]
2025-04-23 10:40:30,378 INFO:Final row: {'timestamp': Timestamp('2025-04-23 10:40:29.904706'), 'open': nan, 'high': nan, 'low': nan, 'close': 81700.0, 'volume': nan, 'short': 81699.00150707617, 'middle': 81695.07821887861, 'long': 81670.5233724509, 'buy': nan, 'sell': nan, 'buy_exit': nan, 'sell_exit': nan}
2025-04-23 10:40:30,378 INFO:Buy exit signal received
2025-04-23 10:40:30,380 INFO:Sell exit signal received
2025-04-23 10:40:30,380 INFO:Entering while loop with trade_count: 2
2025-04-23 10:40:30,510 INFO:Combined historical with live algo:                       timestamp    open    high     low     close  ...          long  buy  sell  buy_exit  sell_exit
0     2025-04-22 09:15:00+05:30  821.10  821.10  817.00    818.80  ...    818.800000  NaN   NaN       NaN        NaN
1     2025-04-22 09:16:00+05:30  818.75  818.75  814.60    814.60  ...    818.668750  NaN   NaN       NaN        NaN
2     2025-04-22 09:17:00+05:30  814.60  816.00  814.00    815.35  ...    818.565039  NaN   NaN       NaN        NaN
3     2025-04-22 09:18:00+05:30  815.30  816.00  814.75    815.50  ...    818.469257  NaN   NaN       NaN        NaN
4     2025-04-22 09:19:00+05:30  815.55  815.75  814.50    814.60  ...    818.348342  NaN   NaN       NaN        NaN
..                          ...     ...     ...     ...       ...  ...           ...  ...   ...       ...        ...
710  2025-04-23 10:40:28.901935     NaN     NaN     NaN  81690.00  ...  81667.400888  NaN   NaN       NaN        NaN
711  2025-04-23 10:40:28.901935     NaN     NaN     NaN  81690.00  ...  81668.107111  NaN   NaN       NaN        NaN
712  2025-04-23 10:40:29.608085     NaN     NaN     NaN  81715.00  ...  81669.572513  NaN   NaN       NaN        NaN
713  2025-04-23 10:40:29.904706     NaN     NaN     NaN  81700.00  ...  81670.523372  NaN   NaN       NaN        NaN
714  2025-04-23 10:40:29.904706     NaN     NaN     NaN  81700.00  ...  81671.444517  NaN   NaN       NaN        NaN

[715 rows x 13 columns]
2025-04-23 10:40:30,516 INFO:Final row: {'timestamp': Timestamp('2025-04-23 10:40:29.904706'), 'open': nan, 'high': nan, 'low': nan, 'close': 81700.0, 'volume': nan, 'short': 81699.33433805079, 'middle': 81695.525653526, 'long': 81671.44451706181, 'buy': nan, 'sell': nan, 'buy_exit': nan, 'sell_exit': nan}
2025-04-23 10:40:30,516 INFO:Buy exit signal received
2025-04-23 10:40:30,516 INFO:Sell exit signal received
2025-04-23 10:40:30,516 INFO:Entering while loop with trade_count: 2
2025-04-23 10:40:30,626 INFO:Combined historical with live algo:                       timestamp    open    high     low     close  ...          long  buy  sell  buy_exit  sell_exit
0     2025-04-22 09:15:00+05:30  821.10  821.10  817.00    818.80  ...    818.800000  NaN   NaN       NaN        NaN
1     2025-04-22 09:16:00+05:30  818.75  818.75  814.60    814.60  ...    818.668750  NaN   NaN       NaN        NaN
2     2025-04-22 09:17:00+05:30  814.60  816.00  814.00    815.35  ...    818.565039  NaN   NaN       NaN        NaN
3     2025-04-22 09:18:00+05:30  815.30  816.00  814.75    815.50  ...    818.469257  NaN   NaN       NaN        NaN
4     2025-04-22 09:19:00+05:30  815.55  815.75  814.50    814.60  ...    818.348342  NaN   NaN       NaN        NaN
..                          ...     ...     ...     ...       ...  ...           ...  ...   ...       ...        ...
711  2025-04-23 10:40:28.901935     NaN     NaN     NaN  81690.00  ...  81668.107111  NaN   NaN       NaN        NaN
712  2025-04-23 10:40:29.608085     NaN     NaN     NaN  81715.00  ...  81669.572513  NaN   NaN       NaN        NaN
713  2025-04-23 10:40:29.904706     NaN     NaN     NaN  81700.00  ...  81670.523372  NaN   NaN       NaN        NaN
714  2025-04-23 10:40:29.904706     NaN     NaN     NaN  81700.00  ...  81671.444517  NaN   NaN       NaN        NaN
715  2025-04-23 10:40:29.904706     NaN     NaN     NaN  81700.00  ...  81672.336876  NaN   NaN       NaN        NaN

[716 rows x 13 columns]
2025-04-23 10:40:30,629 INFO:Final row: {'timestamp': Timestamp('2025-04-23 10:40:29.904706'), 'open': nan, 'high': nan, 'low': nan, 'close': 81700.0, 'volume': nan, 'short': 81699.5562253672, 'middle': 81695.93241229636, 'long': 81672.33687590362, 'buy': nan, 'sell': nan, 'buy_exit': nan, 'sell_exit': nan}
2025-04-23 10:40:30,629 INFO:Buy exit signal received
2025-04-23 10:40:30,629 INFO:Sell exit signal received
2025-04-23 10:40:30,629 INFO:Entering while loop with trade_count: 2
2025-04-23 10:40:30,699 INFO:Combined historical with live algo:                       timestamp    open    high     low     close  ...          long  buy  sell  buy_exit  sell_exit
0     2025-04-22 09:15:00+05:30  821.10  821.10  817.00    818.80  ...    818.800000  NaN   NaN       NaN        NaN
1     2025-04-22 09:16:00+05:30  818.75  818.75  814.60    814.60  ...    818.668750  NaN   NaN       NaN        NaN
2     2025-04-22 09:17:00+05:30  814.60  816.00  814.00    815.35  ...    818.565039  NaN   NaN       NaN        NaN
3     2025-04-22 09:18:00+05:30  815.30  816.00  814.75    815.50  ...    818.469257  NaN   NaN       NaN        NaN
4     2025-04-22 09:19:00+05:30  815.55  815.75  814.50    814.60  ...    818.348342  NaN   NaN       NaN        NaN
..                          ...     ...     ...     ...       ...  ...           ...  ...   ...       ...        ...
712  2025-04-23 10:40:29.608085     NaN     NaN     NaN  81715.00  ...  81669.572513  NaN   NaN       NaN        NaN
713  2025-04-23 10:40:29.904706     NaN     NaN     NaN  81700.00  ...  81670.523372  NaN   NaN       NaN        NaN
714  2025-04-23 10:40:29.904706     NaN     NaN     NaN  81700.00  ...  81671.444517  NaN   NaN       NaN        NaN
715  2025-04-23 10:40:29.904706     NaN     NaN     NaN  81700.00  ...  81672.336876  NaN   NaN       NaN        NaN
716  2025-04-23 10:40:30.609405     NaN     NaN     NaN  81700.00  ...  81673.201349  NaN   NaN       NaN        NaN

[717 rows x 13 columns]
2025-04-23 10:40:30,699 INFO:Final row: {'timestamp': Timestamp('2025-04-23 10:40:30.609405'), 'open': nan, 'high': nan, 'low': nan, 'close': 81700.0, 'volume': nan, 'short': 81699.7041502448, 'middle': 81696.30219299668, 'long': 81673.20134853164, 'buy': nan, 'sell': nan, 'buy_exit': nan, 'sell_exit': nan}
2025-04-23 10:40:30,699 INFO:Buy exit signal received
2025-04-23 10:40:30,699 INFO:Sell exit signal received
2025-04-23 10:40:30,699 INFO:Entering while loop with trade_count: 2
2025-04-23 10:40:30,767 INFO:Combined historical with live algo:                       timestamp    open    high     low     close  ...          long  buy  sell  buy_exit  sell_exit
0     2025-04-22 09:15:00+05:30  821.10  821.10  817.00    818.80  ...    818.800000  NaN   NaN       NaN        NaN
1     2025-04-22 09:16:00+05:30  818.75  818.75  814.60    814.60  ...    818.668750  NaN   NaN       NaN        NaN
2     2025-04-22 09:17:00+05:30  814.60  816.00  814.00    815.35  ...    818.565039  NaN   NaN       NaN        NaN
3     2025-04-22 09:18:00+05:30  815.30  816.00  814.75    815.50  ...    818.469257  NaN   NaN       NaN        NaN
4     2025-04-22 09:19:00+05:30  815.55  815.75  814.50    814.60  ...    818.348342  NaN   NaN       NaN        NaN
..                          ...     ...     ...     ...       ...  ...           ...  ...   ...       ...        ...
713  2025-04-23 10:40:29.904706     NaN     NaN     NaN  81700.00  ...  81670.523372  NaN   NaN       NaN        NaN
714  2025-04-23 10:40:29.904706     NaN     NaN     NaN  81700.00  ...  81671.444517  NaN   NaN       NaN        NaN
715  2025-04-23 10:40:29.904706     NaN     NaN     NaN  81700.00  ...  81672.336876  NaN   NaN       NaN        NaN
716  2025-04-23 10:40:30.609405     NaN     NaN     NaN  81700.00  ...  81673.201349  NaN   NaN       NaN        NaN
717  2025-04-23 10:40:30.609405     NaN     NaN     NaN  81700.00  ...  81674.038806  NaN   NaN       NaN        NaN

[718 rows x 13 columns]
2025-04-23 10:40:30,767 INFO:Final row: {'timestamp': Timestamp('2025-04-23 10:40:30.609405'), 'open': nan, 'high': nan, 'low': nan, 'close': 81700.0, 'volume': nan, 'short': 81699.80276682987, 'middle': 81696.6383572697, 'long': 81674.03880639003, 'buy': nan, 'sell': nan, 'buy_exit': nan, 'sell_exit': nan}
2025-04-23 10:40:30,767 INFO:Buy exit signal received
2025-04-23 10:40:30,767 INFO:Sell exit signal received
2025-04-23 10:40:30,767 INFO:Entering while loop with trade_count: 2
2025-04-23 10:40:30,832 INFO:Combined historical with live algo:                       timestamp    open    high     low     close  ...          long  buy  sell  buy_exit  sell_exit
0     2025-04-22 09:15:00+05:30  821.10  821.10  817.00    818.80  ...    818.800000  NaN   NaN       NaN        NaN
1     2025-04-22 09:16:00+05:30  818.75  818.75  814.60    814.60  ...    818.668750  NaN   NaN       NaN        NaN
2     2025-04-22 09:17:00+05:30  814.60  816.00  814.00    815.35  ...    818.565039  NaN   NaN       NaN        NaN
3     2025-04-22 09:18:00+05:30  815.30  816.00  814.75    815.50  ...    818.469257  NaN   NaN       NaN        NaN
4     2025-04-22 09:19:00+05:30  815.55  815.75  814.50    814.60  ...    818.348342  NaN   NaN       NaN        NaN
..                          ...     ...     ...     ...       ...  ...           ...  ...   ...       ...        ...
714  2025-04-23 10:40:29.904706     NaN     NaN     NaN  81700.00  ...  81671.444517  NaN   NaN       NaN        NaN
715  2025-04-23 10:40:29.904706     NaN     NaN     NaN  81700.00  ...  81672.336876  NaN   NaN       NaN        NaN
716  2025-04-23 10:40:30.609405     NaN     NaN     NaN  81700.00  ...  81673.201349  NaN   NaN       NaN        NaN
717  2025-04-23 10:40:30.609405     NaN     NaN     NaN  81700.00  ...  81674.038806  NaN   NaN       NaN        NaN
718  2025-04-23 10:40:30.609405     NaN     NaN     NaN  81700.00  ...  81674.850094  NaN   NaN       NaN        NaN

[719 rows x 13 columns]
2025-04-23 10:40:30,833 INFO:Final row: {'timestamp': Timestamp('2025-04-23 10:40:30.609405'), 'open': nan, 'high': nan, 'low': nan, 'close': 81700.0, 'volume': nan, 'short': 81699.86851121992, 'middle': 81696.94396115426, 'long': 81674.85009369034, 'buy': nan, 'sell': nan, 'buy_exit': nan, 'sell_exit': nan}
2025-04-23 10:40:30,834 INFO:Buy exit signal received
2025-04-23 10:40:30,834 INFO:Sell exit signal received
2025-04-23 10:40:30,834 INFO:Entering while loop with trade_count: 2
2025-04-23 10:40:30,931 INFO:Combined historical with live algo:                       timestamp    open    high     low     close  ...          long  buy  sell  buy_exit  sell_exit
0     2025-04-22 09:15:00+05:30  821.10  821.10  817.00    818.80  ...    818.800000  NaN   NaN       NaN        NaN
1     2025-04-22 09:16:00+05:30  818.75  818.75  814.60    814.60  ...    818.668750  NaN   NaN       NaN        NaN
2     2025-04-22 09:17:00+05:30  814.60  816.00  814.00    815.35  ...    818.565039  NaN   NaN       NaN        NaN
3     2025-04-22 09:18:00+05:30  815.30  816.00  814.75    815.50  ...    818.469257  NaN   NaN       NaN        NaN
4     2025-04-22 09:19:00+05:30  815.55  815.75  814.50    814.60  ...    818.348342  NaN   NaN       NaN        NaN
..                          ...     ...     ...     ...       ...  ...           ...  ...   ...       ...        ...
715  2025-04-23 10:40:29.904706     NaN     NaN     NaN  81700.00  ...  81672.336876  NaN   NaN       NaN        NaN
716  2025-04-23 10:40:30.609405     NaN     NaN     NaN  81700.00  ...  81673.201349  NaN   NaN       NaN        NaN
717  2025-04-23 10:40:30.609405     NaN     NaN     NaN  81700.00  ...  81674.038806  NaN   NaN       NaN        NaN
718  2025-04-23 10:40:30.609405     NaN     NaN     NaN  81700.00  ...  81674.850094  NaN   NaN       NaN        NaN
719  2025-04-23 10:40:30.609405     NaN     NaN     NaN  81700.00  ...  81675.636028  NaN   NaN       NaN        NaN

[720 rows x 13 columns]
2025-04-23 10:40:30,933 INFO:Final row: {'timestamp': Timestamp('2025-04-23 10:40:30.609405'), 'open': nan, 'high': nan, 'low': nan, 'close': 81700.0, 'volume': nan, 'short': 81699.91234081329, 'middle': 81697.2217828675, 'long': 81675.63602826252, 'buy': nan, 'sell': nan, 'buy_exit': nan, 'sell_exit': nan}
2025-04-23 10:40:30,933 INFO:Buy exit signal received
2025-04-23 10:40:30,933 INFO:Sell exit signal received
2025-04-23 10:40:30,933 INFO:Entering while loop with trade_count: 2
2025-04-23 10:40:31,058 INFO:Combined historical with live algo:                       timestamp    open    high     low     close  ...          long  buy  sell  buy_exit  sell_exit
0     2025-04-22 09:15:00+05:30  821.10  821.10  817.00    818.80  ...    818.800000  NaN   NaN       NaN        NaN
1     2025-04-22 09:16:00+05:30  818.75  818.75  814.60    814.60  ...    818.668750  NaN   NaN       NaN        NaN
2     2025-04-22 09:17:00+05:30  814.60  816.00  814.00    815.35  ...    818.565039  NaN   NaN       NaN        NaN
3     2025-04-22 09:18:00+05:30  815.30  816.00  814.75    815.50  ...    818.469257  NaN   NaN       NaN        NaN
4     2025-04-22 09:19:00+05:30  815.55  815.75  814.50    814.60  ...    818.348342  NaN   NaN       NaN        NaN
..                          ...     ...     ...     ...       ...  ...           ...  ...   ...       ...        ...
716  2025-04-23 10:40:30.609405     NaN     NaN     NaN  81700.00  ...  81673.201349  NaN   NaN       NaN        NaN
717  2025-04-23 10:40:30.609405     NaN     NaN     NaN  81700.00  ...  81674.038806  NaN   NaN       NaN        NaN
718  2025-04-23 10:40:30.609405     NaN     NaN     NaN  81700.00  ...  81674.850094  NaN   NaN       NaN        NaN
719  2025-04-23 10:40:30.609405     NaN     NaN     NaN  81700.00  ...  81675.636028  NaN   NaN       NaN        NaN
720  2025-04-23 10:40:30.903143     NaN     NaN     NaN  81710.00  ...  81676.709902  NaN   NaN       NaN        NaN

[721 rows x 13 columns]
2025-04-23 10:40:31,064 INFO:Final row: {'timestamp': Timestamp('2025-04-23 10:40:30.903143'), 'open': nan, 'high': nan, 'low': nan, 'close': 81710.0, 'volume': nan, 'short': 81703.27489387552, 'middle': 81698.38343897046, 'long': 81676.70990237933, 'buy': nan, 'sell': nan, 'buy_exit': nan, 'sell_exit': nan}
2025-04-23 10:40:31,064 INFO:Buy exit signal received
2025-04-23 10:40:31,064 INFO:Sell exit signal received
2025-04-23 10:40:31,064 INFO:Entering while loop with trade_count: 2
2025-04-23 10:40:31,236 INFO:Combined historical with live algo:                       timestamp    open    high     low     close  ...          long  buy  sell  buy_exit  sell_exit
0     2025-04-22 09:15:00+05:30  821.10  821.10  817.00    818.80  ...    818.800000  NaN   NaN       NaN        NaN
1     2025-04-22 09:16:00+05:30  818.75  818.75  814.60    814.60  ...    818.668750  NaN   NaN       NaN        NaN
2     2025-04-22 09:17:00+05:30  814.60  816.00  814.00    815.35  ...    818.565039  NaN   NaN       NaN        NaN
3     2025-04-22 09:18:00+05:30  815.30  816.00  814.75    815.50  ...    818.469257  NaN   NaN       NaN        NaN
4     2025-04-22 09:19:00+05:30  815.55  815.75  814.50    814.60  ...    818.348342  NaN   NaN       NaN        NaN
..                          ...     ...     ...     ...       ...  ...           ...  ...   ...       ...        ...
717  2025-04-23 10:40:30.609405     NaN     NaN     NaN  81700.00  ...  81674.038806  NaN   NaN       NaN        NaN
718  2025-04-23 10:40:30.609405     NaN     NaN     NaN  81700.00  ...  81674.850094  NaN   NaN       NaN        NaN
719  2025-04-23 10:40:30.609405     NaN     NaN     NaN  81700.00  ...  81675.636028  NaN   NaN       NaN        NaN
720  2025-04-23 10:40:30.903143     NaN     NaN     NaN  81710.00  ...  81676.709902  NaN   NaN       NaN        NaN
721  2025-04-23 10:40:30.903143     NaN     NaN     NaN  81710.00  ...  81677.750218  NaN   NaN       NaN        NaN

[722 rows x 13 columns]
2025-04-23 10:40:31,238 INFO:Final row: {'timestamp': Timestamp('2025-04-23 10:40:30.903143'), 'open': nan, 'high': nan, 'low': nan, 'close': 81710.0, 'volume': nan, 'short': 81705.51659591703, 'middle': 81699.43948997314, 'long': 81677.75021792998, 'buy': nan, 'sell': nan, 'buy_exit': nan, 'sell_exit': nan}
2025-04-23 10:40:31,238 INFO:Buy exit signal received
2025-04-23 10:40:31,238 INFO:Sell exit signal received
2025-04-23 10:40:31,238 INFO:Entering while loop with trade_count: 2
2025-04-23 10:40:31,391 INFO:Combined historical with live algo:                       timestamp    open    high     low     close  ...          long  buy  sell  buy_exit  sell_exit
0     2025-04-22 09:15:00+05:30  821.10  821.10  817.00    818.80  ...    818.800000  NaN   NaN       NaN        NaN
1     2025-04-22 09:16:00+05:30  818.75  818.75  814.60    814.60  ...    818.668750  NaN   NaN       NaN        NaN
2     2025-04-22 09:17:00+05:30  814.60  816.00  814.00    815.35  ...    818.565039  NaN   NaN       NaN        NaN
3     2025-04-22 09:18:00+05:30  815.30  816.00  814.75    815.50  ...    818.469257  NaN   NaN       NaN        NaN
4     2025-04-22 09:19:00+05:30  815.55  815.75  814.50    814.60  ...    818.348342  NaN   NaN       NaN        NaN
..                          ...     ...     ...     ...       ...  ...           ...  ...   ...       ...        ...
718  2025-04-23 10:40:30.609405     NaN     NaN     NaN  81700.00  ...  81674.850094  NaN   NaN       NaN        NaN
719  2025-04-23 10:40:30.609405     NaN     NaN     NaN  81700.00  ...  81675.636028  NaN   NaN       NaN        NaN
720  2025-04-23 10:40:30.903143     NaN     NaN     NaN  81710.00  ...  81676.709902  NaN   NaN       NaN        NaN
721  2025-04-23 10:40:30.903143     NaN     NaN     NaN  81710.00  ...  81677.750218  NaN   NaN       NaN        NaN
722  2025-04-23 10:40:30.903143     NaN     NaN     NaN  81710.00  ...  81678.758024  NaN   NaN       NaN        NaN

[723 rows x 13 columns]
2025-04-23 10:40:31,391 INFO:Final row: {'timestamp': Timestamp('2025-04-23 10:40:30.903143'), 'open': nan, 'high': nan, 'low': nan, 'close': 81710.0, 'volume': nan, 'short': 81707.0110639447, 'middle': 81700.39953633922, 'long': 81678.75802361967, 'buy': nan, 'sell': nan, 'buy_exit': nan, 'sell_exit': nan}
2025-04-23 10:40:31,391 INFO:Buy exit signal received
2025-04-23 10:40:31,391 INFO:Sell exit signal received
2025-04-23 10:40:31,391 INFO:Entering while loop with trade_count: 2
2025-04-23 10:40:31,574 INFO:Combined historical with live algo:                       timestamp    open    high     low     close  ...          long  buy  sell  buy_exit  sell_exit
0     2025-04-22 09:15:00+05:30  821.10  821.10  817.00    818.80  ...    818.800000  NaN   NaN       NaN        NaN
1     2025-04-22 09:16:00+05:30  818.75  818.75  814.60    814.60  ...    818.668750  NaN   NaN       NaN        NaN
2     2025-04-22 09:17:00+05:30  814.60  816.00  814.00    815.35  ...    818.565039  NaN   NaN       NaN        NaN
3     2025-04-22 09:18:00+05:30  815.30  816.00  814.75    815.50  ...    818.469257  NaN   NaN       NaN        NaN
4     2025-04-22 09:19:00+05:30  815.55  815.75  814.50    814.60  ...    818.348342  NaN   NaN       NaN        NaN
..                          ...     ...     ...     ...       ...  ...           ...  ...   ...       ...        ...
719  2025-04-23 10:40:30.609405     NaN     NaN     NaN  81700.00  ...  81675.636028  NaN   NaN       NaN        NaN
720  2025-04-23 10:40:30.903143     NaN     NaN     NaN  81710.00  ...  81676.709902  NaN   NaN       NaN        NaN
721  2025-04-23 10:40:30.903143     NaN     NaN     NaN  81710.00  ...  81677.750218  NaN   NaN       NaN        NaN
722  2025-04-23 10:40:30.903143     NaN     NaN     NaN  81710.00  ...  81678.758024  NaN   NaN       NaN        NaN
723  2025-04-23 10:40:30.903143     NaN     NaN     NaN  81710.00  ...  81679.734335  NaN   NaN       NaN        NaN

[724 rows x 13 columns]
2025-04-23 10:40:31,574 INFO:Final row: {'timestamp': Timestamp('2025-04-23 10:40:30.903143'), 'open': nan, 'high': nan, 'low': nan, 'close': 81710.0, 'volume': nan, 'short': 81708.00737596313, 'middle': 81701.27230576293, 'long': 81679.73433538155, 'buy': nan, 'sell': nan, 'buy_exit': nan, 'sell_exit': nan}
2025-04-23 10:40:31,574 INFO:Buy exit signal received
2025-04-23 10:40:31,574 INFO:Sell exit signal received
2025-04-23 10:40:31,574 INFO:Entering while loop with trade_count: 2
2025-04-23 10:40:31,787 INFO:Combined historical with live algo:                       timestamp    open    high     low     close  ...          long  buy  sell  buy_exit  sell_exit
0     2025-04-22 09:15:00+05:30  821.10  821.10  817.00    818.80  ...    818.800000  NaN   NaN       NaN        NaN
1     2025-04-22 09:16:00+05:30  818.75  818.75  814.60    814.60  ...    818.668750  NaN   NaN       NaN        NaN
2     2025-04-22 09:17:00+05:30  814.60  816.00  814.00    815.35  ...    818.565039  NaN   NaN       NaN        NaN
3     2025-04-22 09:18:00+05:30  815.30  816.00  814.75    815.50  ...    818.469257  NaN   NaN       NaN        NaN
4     2025-04-22 09:19:00+05:30  815.55  815.75  814.50    814.60  ...    818.348342  NaN   NaN       NaN        NaN
..                          ...     ...     ...     ...       ...  ...           ...  ...   ...       ...        ...
720  2025-04-23 10:40:30.903143     NaN     NaN     NaN  81710.00  ...  81676.709902  NaN   NaN       NaN        NaN
721  2025-04-23 10:40:30.903143     NaN     NaN     NaN  81710.00  ...  81677.750218  NaN   NaN       NaN        NaN
722  2025-04-23 10:40:30.903143     NaN     NaN     NaN  81710.00  ...  81678.758024  NaN   NaN       NaN        NaN
723  2025-04-23 10:40:30.903143     NaN     NaN     NaN  81710.00  ...  81679.734335  NaN   NaN       NaN        NaN
724  2025-04-23 10:40:30.903143     NaN     NaN     NaN  81710.00  ...  81680.680137  NaN   NaN       NaN        NaN

[725 rows x 13 columns]
2025-04-23 10:40:31,789 INFO:Final row: {'timestamp': Timestamp('2025-04-23 10:40:30.903143'), 'open': nan, 'high': nan, 'low': nan, 'close': 81710.0, 'volume': nan, 'short': 81708.67158397543, 'middle': 81702.06573251176, 'long': 81680.68013740088, 'buy': nan, 'sell': nan, 'buy_exit': nan, 'sell_exit': nan}
2025-04-23 10:40:31,789 INFO:Buy exit signal received
2025-04-23 10:40:31,789 INFO:Sell exit signal received
2025-04-23 10:40:31,789 INFO:Entering while loop with trade_count: 2
2025-04-23 10:40:31,951 INFO:Combined historical with live algo:                       timestamp    open    high     low     close  ...          long  buy  sell  buy_exit  sell_exit
0     2025-04-22 09:15:00+05:30  821.10  821.10  817.00    818.80  ...    818.800000  NaN   NaN       NaN        NaN
1     2025-04-22 09:16:00+05:30  818.75  818.75  814.60    814.60  ...    818.668750  NaN   NaN       NaN        NaN
2     2025-04-22 09:17:00+05:30  814.60  816.00  814.00    815.35  ...    818.565039  NaN   NaN       NaN        NaN
3     2025-04-22 09:18:00+05:30  815.30  816.00  814.75    815.50  ...    818.469257  NaN   NaN       NaN        NaN
4     2025-04-22 09:19:00+05:30  815.55  815.75  814.50    814.60  ...    818.348342  NaN   NaN       NaN        NaN
..                          ...     ...     ...     ...       ...  ...           ...  ...   ...       ...        ...
721  2025-04-23 10:40:30.903143     NaN     NaN     NaN  81710.00  ...  81677.750218  NaN   NaN       NaN        NaN
722  2025-04-23 10:40:30.903143     NaN     NaN     NaN  81710.00  ...  81678.758024  NaN   NaN       NaN        NaN
723  2025-04-23 10:40:30.903143     NaN     NaN     NaN  81710.00  ...  81679.734335  NaN   NaN       NaN        NaN
724  2025-04-23 10:40:30.903143     NaN     NaN     NaN  81710.00  ...  81680.680137  NaN   NaN       NaN        NaN
725  2025-04-23 10:40:31.610441     NaN     NaN     NaN  81715.00  ...  81681.752633  NaN   NaN       NaN        NaN

[726 rows x 13 columns]
2025-04-23 10:40:31,957 INFO:Final row: {'timestamp': Timestamp('2025-04-23 10:40:31.610441'), 'open': nan, 'high': nan, 'low': nan, 'close': 81715.0, 'volume': nan, 'short': 81710.78105598362, 'middle': 81703.2415750107, 'long': 81681.7526331071, 'buy': nan, 'sell': nan, 'buy_exit': nan, 'sell_exit': nan}
2025-04-23 10:40:31,961 INFO:Buy exit signal received
2025-04-23 10:40:31,961 INFO:Sell exit signal received
2025-04-23 10:40:31,961 INFO:Entering while loop with trade_count: 2
2025-04-23 10:40:32,176 INFO:Combined historical with live algo:                       timestamp    open    high     low     close  ...          long  buy  sell  buy_exit  sell_exit
0     2025-04-22 09:15:00+05:30  821.10  821.10  817.00    818.80  ...    818.800000  NaN   NaN       NaN        NaN
1     2025-04-22 09:16:00+05:30  818.75  818.75  814.60    814.60  ...    818.668750  NaN   NaN       NaN        NaN
2     2025-04-22 09:17:00+05:30  814.60  816.00  814.00    815.35  ...    818.565039  NaN   NaN       NaN        NaN
3     2025-04-22 09:18:00+05:30  815.30  816.00  814.75    815.50  ...    818.469257  NaN   NaN       NaN        NaN
4     2025-04-22 09:19:00+05:30  815.55  815.75  814.50    814.60  ...    818.348342  NaN   NaN       NaN        NaN
..                          ...     ...     ...     ...       ...  ...           ...  ...   ...       ...        ...
722  2025-04-23 10:40:30.903143     NaN     NaN     NaN  81710.00  ...  81678.758024  NaN   NaN       NaN        NaN
723  2025-04-23 10:40:30.903143     NaN     NaN     NaN  81710.00  ...  81679.734335  NaN   NaN       NaN        NaN
724  2025-04-23 10:40:30.903143     NaN     NaN     NaN  81710.00  ...  81680.680137  NaN   NaN       NaN        NaN
725  2025-04-23 10:40:31.610441     NaN     NaN     NaN  81715.00  ...  81681.752633  NaN   NaN       NaN        NaN
726  2025-04-23 10:40:31.900268     NaN     NaN     NaN  81715.00  ...  81682.791613  NaN   NaN       NaN        NaN

[727 rows x 13 columns]
2025-04-23 10:40:32,183 INFO:Final row: {'timestamp': Timestamp('2025-04-23 10:40:31.900268'), 'open': nan, 'high': nan, 'low': nan, 'close': 81715.0, 'volume': nan, 'short': 81712.18737065575, 'middle': 81704.31052273701, 'long': 81682.79161332251, 'buy': nan, 'sell': nan, 'buy_exit': nan, 'sell_exit': nan}
2025-04-23 10:40:32,183 INFO:Buy exit signal received
2025-04-23 10:40:32,183 INFO:Sell exit signal received
2025-04-23 10:40:32,183 INFO:Entering while loop with trade_count: 2
2025-04-23 10:40:32,395 INFO:Combined historical with live algo:                       timestamp    open    high     low     close  ...          long  buy  sell  buy_exit  sell_exit
0     2025-04-22 09:15:00+05:30  821.10  821.10  817.00    818.80  ...    818.800000  NaN   NaN       NaN        NaN
1     2025-04-22 09:16:00+05:30  818.75  818.75  814.60    814.60  ...    818.668750  NaN   NaN       NaN        NaN
2     2025-04-22 09:17:00+05:30  814.60  816.00  814.00    815.35  ...    818.565039  NaN   NaN       NaN        NaN
3     2025-04-22 09:18:00+05:30  815.30  816.00  814.75    815.50  ...    818.469257  NaN   NaN       NaN        NaN
4     2025-04-22 09:19:00+05:30  815.55  815.75  814.50    814.60  ...    818.348342  NaN   NaN       NaN        NaN
..                          ...     ...     ...     ...       ...  ...           ...  ...   ...       ...        ...
723  2025-04-23 10:40:30.903143     NaN     NaN     NaN  81710.00  ...  81679.734335  NaN   NaN       NaN        NaN
724  2025-04-23 10:40:30.903143     NaN     NaN     NaN  81710.00  ...  81680.680137  NaN   NaN       NaN        NaN
725  2025-04-23 10:40:31.610441     NaN     NaN     NaN  81715.00  ...  81681.752633  NaN   NaN       NaN        NaN
726  2025-04-23 10:40:31.900268     NaN     NaN     NaN  81715.00  ...  81682.791613  NaN   NaN       NaN        NaN
727  2025-04-23 10:40:31.900268     NaN     NaN     NaN  81715.00  ...  81683.798125  NaN   NaN       NaN        NaN

[728 rows x 13 columns]
2025-04-23 10:40:32,395 INFO:Final row: {'timestamp': Timestamp('2025-04-23 10:40:31.900268'), 'open': nan, 'high': nan, 'low': nan, 'close': 81715.0, 'volume': nan, 'short': 81713.1249137705, 'middle': 81705.28229339728, 'long': 81683.79812540617, 'buy': nan, 'sell': nan, 'buy_exit': nan, 'sell_exit': nan}
2025-04-23 10:40:32,404 INFO:Buy exit signal received
2025-04-23 10:40:32,404 INFO:Sell exit signal received
2025-04-23 10:40:32,404 INFO:Entering while loop with trade_count: 2
2025-04-23 10:40:32,724 INFO:Combined historical with live algo:                       timestamp    open    high     low     close  ...          long  buy  sell  buy_exit  sell_exit
0     2025-04-22 09:15:00+05:30  821.10  821.10  817.00    818.80  ...    818.800000  NaN   NaN       NaN        NaN
1     2025-04-22 09:16:00+05:30  818.75  818.75  814.60    814.60  ...    818.668750  NaN   NaN       NaN        NaN
2     2025-04-22 09:17:00+05:30  814.60  816.00  814.00    815.35  ...    818.565039  NaN   NaN       NaN        NaN
3     2025-04-22 09:18:00+05:30  815.30  816.00  814.75    815.50  ...    818.469257  NaN   NaN       NaN        NaN
4     2025-04-22 09:19:00+05:30  815.55  815.75  814.50    814.60  ...    818.348342  NaN   NaN       NaN        NaN
..                          ...     ...     ...     ...       ...  ...           ...  ...   ...       ...        ...
724  2025-04-23 10:40:30.903143     NaN     NaN     NaN  81710.00  ...  81680.680137  NaN   NaN       NaN        NaN
725  2025-04-23 10:40:31.610441     NaN     NaN     NaN  81715.00  ...  81681.752633  NaN   NaN       NaN        NaN
726  2025-04-23 10:40:31.900268     NaN     NaN     NaN  81715.00  ...  81682.791613  NaN   NaN       NaN        NaN
727  2025-04-23 10:40:31.900268     NaN     NaN     NaN  81715.00  ...  81683.798125  NaN   NaN       NaN        NaN
728  2025-04-23 10:40:31.900268     NaN     NaN     NaN  81715.00  ...  81684.773184  NaN   NaN       NaN        NaN

[729 rows x 13 columns]
2025-04-23 10:40:32,729 INFO:Final row: {'timestamp': Timestamp('2025-04-23 10:40:31.900268'), 'open': nan, 'high': nan, 'low': nan, 'close': 81715.0, 'volume': nan, 'short': 81713.74994251368, 'middle': 81706.16572127026, 'long': 81684.77318398723, 'buy': nan, 'sell': nan, 'buy_exit': nan, 'sell_exit': nan}
2025-04-23 10:40:32,729 INFO:Buy exit signal received
2025-04-23 10:40:32,729 INFO:Sell exit signal received
2025-04-23 10:40:32,729 INFO:Entering while loop with trade_count: 2
2025-04-23 10:40:32,901 INFO:Combined historical with live algo:                       timestamp    open    high     low     close  ...          long  buy  sell  buy_exit  sell_exit
0     2025-04-22 09:15:00+05:30  821.10  821.10  817.00    818.80  ...    818.800000  NaN   NaN       NaN        NaN
1     2025-04-22 09:16:00+05:30  818.75  818.75  814.60    814.60  ...    818.668750  NaN   NaN       NaN        NaN
2     2025-04-22 09:17:00+05:30  814.60  816.00  814.00    815.35  ...    818.565039  NaN   NaN       NaN        NaN
3     2025-04-22 09:18:00+05:30  815.30  816.00  814.75    815.50  ...    818.469257  NaN   NaN       NaN        NaN
4     2025-04-22 09:19:00+05:30  815.55  815.75  814.50    814.60  ...    818.348342  NaN   NaN       NaN        NaN
..                          ...     ...     ...     ...       ...  ...           ...  ...   ...       ...        ...
725  2025-04-23 10:40:31.610441     NaN     NaN     NaN  81715.00  ...  81681.752633  NaN   NaN       NaN        NaN
726  2025-04-23 10:40:31.900268     NaN     NaN     NaN  81715.00  ...  81682.791613  NaN   NaN       NaN        NaN
727  2025-04-23 10:40:31.900268     NaN     NaN     NaN  81715.00  ...  81683.798125  NaN   NaN       NaN        NaN
728  2025-04-23 10:40:31.900268     NaN     NaN     NaN  81715.00  ...  81684.773184  NaN   NaN       NaN        NaN
729  2025-04-23 10:40:31.900268     NaN     NaN     NaN  81715.00  ...  81685.717772  NaN   NaN       NaN        NaN

[730 rows x 13 columns]
2025-04-23 10:40:32,903 INFO:Final row: {'timestamp': Timestamp('2025-04-23 10:40:31.900268'), 'open': nan, 'high': nan, 'low': nan, 'close': 81715.0, 'volume': nan, 'short': 81714.16662834246, 'middle': 81706.96883751842, 'long': 81685.71777198763, 'buy': nan, 'sell': nan, 'buy_exit': nan, 'sell_exit': nan}
2025-04-23 10:40:32,903 INFO:Buy exit signal received
2025-04-23 10:40:32,903 INFO:Sell exit signal received
2025-04-23 10:40:32,905 INFO:Entering while loop with trade_count: 2
2025-04-23 10:40:32,995 INFO:Combined historical with live algo:                       timestamp    open    high     low     close  ...          long  buy  sell  buy_exit  sell_exit
0     2025-04-22 09:15:00+05:30  821.10  821.10  817.00    818.80  ...    818.800000  NaN   NaN       NaN        NaN
1     2025-04-22 09:16:00+05:30  818.75  818.75  814.60    814.60  ...    818.668750  NaN   NaN       NaN        NaN
2     2025-04-22 09:17:00+05:30  814.60  816.00  814.00    815.35  ...    818.565039  NaN   NaN       NaN        NaN
3     2025-04-22 09:18:00+05:30  815.30  816.00  814.75    815.50  ...    818.469257  NaN   NaN       NaN        NaN
4     2025-04-22 09:19:00+05:30  815.55  815.75  814.50    814.60  ...    818.348342  NaN   NaN       NaN        NaN
..                          ...     ...     ...     ...       ...  ...           ...  ...   ...       ...        ...
726  2025-04-23 10:40:31.900268     NaN     NaN     NaN  81715.00  ...  81682.791613  NaN   NaN       NaN        NaN
727  2025-04-23 10:40:31.900268     NaN     NaN     NaN  81715.00  ...  81683.798125  NaN   NaN       NaN        NaN
728  2025-04-23 10:40:31.900268     NaN     NaN     NaN  81715.00  ...  81684.773184  NaN   NaN       NaN        NaN
729  2025-04-23 10:40:31.900268     NaN     NaN     NaN  81715.00  ...  81685.717772  NaN   NaN       NaN        NaN
730  2025-04-23 10:40:31.900268     NaN     NaN     NaN  81715.00  ...  81686.632842  NaN   NaN       NaN        NaN

[731 rows x 13 columns]
2025-04-23 10:40:32,996 INFO:Final row: {'timestamp': Timestamp('2025-04-23 10:40:31.900268'), 'open': nan, 'high': nan, 'low': nan, 'close': 81715.0, 'volume': nan, 'short': 81714.44441889497, 'middle': 81707.69894319857, 'long': 81686.63284161303, 'buy': nan, 'sell': nan, 'buy_exit': nan, 'sell_exit': nan}
2025-04-23 10:40:32,996 INFO:Buy exit signal received
2025-04-23 10:40:32,996 INFO:Sell exit signal received
2025-04-23 10:40:32,996 INFO:Entering while loop with trade_count: 2
2025-04-23 10:40:33,100 INFO:Combined historical with live algo:                       timestamp    open    high     low     close  ...          long  buy  sell  buy_exit  sell_exit
0     2025-04-22 09:15:00+05:30  821.10  821.10  817.00    818.80  ...    818.800000  NaN   NaN       NaN        NaN
1     2025-04-22 09:16:00+05:30  818.75  818.75  814.60    814.60  ...    818.668750  NaN   NaN       NaN        NaN
2     2025-04-22 09:17:00+05:30  814.60  816.00  814.00    815.35  ...    818.565039  NaN   NaN       NaN        NaN
3     2025-04-22 09:18:00+05:30  815.30  816.00  814.75    815.50  ...    818.469257  NaN   NaN       NaN        NaN
4     2025-04-22 09:19:00+05:30  815.55  815.75  814.50    814.60  ...    818.348342  NaN   NaN       NaN        NaN
..                          ...     ...     ...     ...       ...  ...           ...  ...   ...       ...        ...
727  2025-04-23 10:40:31.900268     NaN     NaN     NaN  81715.00  ...  81683.798125  NaN   NaN       NaN        NaN
728  2025-04-23 10:40:31.900268     NaN     NaN     NaN  81715.00  ...  81684.773184  NaN   NaN       NaN        NaN
729  2025-04-23 10:40:31.900268     NaN     NaN     NaN  81715.00  ...  81685.717772  NaN   NaN       NaN        NaN
730  2025-04-23 10:40:31.900268     NaN     NaN     NaN  81715.00  ...  81686.632842  NaN   NaN       NaN        NaN
731  2025-04-23 10:40:32.910022     NaN     NaN     NaN  81710.00  ...  81687.363065  NaN   NaN       NaN        NaN

[732 rows x 13 columns]
2025-04-23 10:40:33,100 INFO:Final row: {'timestamp': Timestamp('2025-04-23 10:40:32.910022'), 'open': nan, 'high': nan, 'low': nan, 'close': 81710.0, 'volume': nan, 'short': 81712.96294592999, 'middle': 81707.90813018053, 'long': 81687.36306531262, 'buy': nan, 'sell': nan, 'buy_exit': nan, 'sell_exit': nan}
2025-04-23 10:40:33,100 INFO:Buy exit signal received
2025-04-23 10:40:33,100 INFO:Sell exit signal received
2025-04-23 10:40:33,100 INFO:Entering while loop with trade_count: 2
2025-04-23 10:40:33,261 INFO:Combined historical with live algo:                       timestamp    open    high     low     close  ...          long  buy  sell  buy_exit  sell_exit
0     2025-04-22 09:15:00+05:30  821.10  821.10  817.00    818.80  ...    818.800000  NaN   NaN       NaN        NaN
1     2025-04-22 09:16:00+05:30  818.75  818.75  814.60    814.60  ...    818.668750  NaN   NaN       NaN        NaN
2     2025-04-22 09:17:00+05:30  814.60  816.00  814.00    815.35  ...    818.565039  NaN   NaN       NaN        NaN
3     2025-04-22 09:18:00+05:30  815.30  816.00  814.75    815.50  ...    818.469257  NaN   NaN       NaN        NaN
4     2025-04-22 09:19:00+05:30  815.55  815.75  814.50    814.60  ...    818.348342  NaN   NaN       NaN        NaN
..                          ...     ...     ...     ...       ...  ...           ...  ...   ...       ...        ...
728  2025-04-23 10:40:31.900268     NaN     NaN     NaN  81715.00  ...  81684.773184  NaN   NaN       NaN        NaN
729  2025-04-23 10:40:31.900268     NaN     NaN     NaN  81715.00  ...  81685.717772  NaN   NaN       NaN        NaN
730  2025-04-23 10:40:31.900268     NaN     NaN     NaN  81715.00  ...  81686.632842  NaN   NaN       NaN        NaN
731  2025-04-23 10:40:32.910022     NaN     NaN     NaN  81710.00  ...  81687.363065  NaN   NaN       NaN        NaN
732  2025-04-23 10:40:32.910022     NaN     NaN     NaN  81710.00  ...  81688.070470  NaN   NaN       NaN        NaN

[733 rows x 13 columns]
2025-04-23 10:40:33,265 INFO:Final row: {'timestamp': Timestamp('2025-04-23 10:40:32.910022'), 'open': nan, 'high': nan, 'low': nan, 'close': 81710.0, 'volume': nan, 'short': 81711.97529728667, 'middle': 81708.09830016411, 'long': 81688.0704695216, 'buy': nan, 'sell': nan, 'buy_exit': nan, 'sell_exit': nan}
2025-04-23 10:40:33,265 INFO:Buy exit signal received
2025-04-23 10:40:33,265 INFO:Sell exit signal received
2025-04-23 10:40:33,265 INFO:Entering while loop with trade_count: 2
2025-04-23 10:40:33,424 INFO:Combined historical with live algo:                       timestamp    open    high     low     close  ...          long  buy  sell  buy_exit  sell_exit
0     2025-04-22 09:15:00+05:30  821.10  821.10  817.00    818.80  ...    818.800000  NaN   NaN       NaN        NaN
1     2025-04-22 09:16:00+05:30  818.75  818.75  814.60    814.60  ...    818.668750  NaN   NaN       NaN        NaN
2     2025-04-22 09:17:00+05:30  814.60  816.00  814.00    815.35  ...    818.565039  NaN   NaN       NaN        NaN
3     2025-04-22 09:18:00+05:30  815.30  816.00  814.75    815.50  ...    818.469257  NaN   NaN       NaN        NaN
4     2025-04-22 09:19:00+05:30  815.55  815.75  814.50    814.60  ...    818.348342  NaN   NaN       NaN        NaN
..                          ...     ...     ...     ...       ...  ...           ...  ...   ...       ...        ...
729  2025-04-23 10:40:31.900268     NaN     NaN     NaN  81715.00  ...  81685.717772  NaN   NaN       NaN        NaN
730  2025-04-23 10:40:31.900268     NaN     NaN     NaN  81715.00  ...  81686.632842  NaN   NaN       NaN        NaN
731  2025-04-23 10:40:32.910022     NaN     NaN     NaN  81710.00  ...  81687.363065  NaN   NaN       NaN        NaN
732  2025-04-23 10:40:32.910022     NaN     NaN     NaN  81710.00  ...  81688.070470  NaN   NaN       NaN        NaN
733  2025-04-23 10:40:32.910022     NaN     NaN     NaN  81710.00  ...  81688.755767  NaN   NaN       NaN        NaN

[734 rows x 13 columns]
2025-04-23 10:40:33,426 INFO:Final row: {'timestamp': Timestamp('2025-04-23 10:40:32.910022'), 'open': nan, 'high': nan, 'low': nan, 'close': 81710.0, 'volume': nan, 'short': 81711.31686485778, 'middle': 81708.27118196739, 'long': 81688.75576734905, 'buy': nan, 'sell': nan, 'buy_exit': nan, 'sell_exit': nan}
2025-04-23 10:40:33,426 INFO:Buy exit signal received
2025-04-23 10:40:33,426 INFO:Sell exit signal received
2025-04-23 10:40:33,426 INFO:Entering while loop with trade_count: 2
2025-04-23 10:40:33,553 INFO:Combined historical with live algo:                       timestamp    open    high     low     close  ...          long  buy  sell  buy_exit  sell_exit
0     2025-04-22 09:15:00+05:30  821.10  821.10  817.00    818.80  ...    818.800000  NaN   NaN       NaN        NaN
1     2025-04-22 09:16:00+05:30  818.75  818.75  814.60    814.60  ...    818.668750  NaN   NaN       NaN        NaN
2     2025-04-22 09:17:00+05:30  814.60  816.00  814.00    815.35  ...    818.565039  NaN   NaN       NaN        NaN
3     2025-04-22 09:18:00+05:30  815.30  816.00  814.75    815.50  ...    818.469257  NaN   NaN       NaN        NaN
4     2025-04-22 09:19:00+05:30  815.55  815.75  814.50    814.60  ...    818.348342  NaN   NaN       NaN        NaN
..                          ...     ...     ...     ...       ...  ...           ...  ...   ...       ...        ...
730  2025-04-23 10:40:31.900268     NaN     NaN     NaN  81715.00  ...  81686.632842  NaN   NaN       NaN        NaN
731  2025-04-23 10:40:32.910022     NaN     NaN     NaN  81710.00  ...  81687.363065  NaN   NaN       NaN        NaN
732  2025-04-23 10:40:32.910022     NaN     NaN     NaN  81710.00  ...  81688.070470  NaN   NaN       NaN        NaN
733  2025-04-23 10:40:32.910022     NaN     NaN     NaN  81710.00  ...  81688.755767  NaN   NaN       NaN        NaN
734  2025-04-23 10:40:32.910022     NaN     NaN     NaN  81710.00  ...  81689.419650  NaN   NaN       NaN        NaN

[735 rows x 13 columns]
2025-04-23 10:40:33,553 INFO:Final row: {'timestamp': Timestamp('2025-04-23 10:40:32.910022'), 'open': nan, 'high': nan, 'low': nan, 'close': 81710.0, 'volume': nan, 'short': 81710.87790990519, 'middle': 81708.42834724308, 'long': 81689.41964961939, 'buy': nan, 'sell': nan, 'buy_exit': nan, 'sell_exit': nan}
2025-04-23 10:40:33,553 INFO:Buy exit signal received
2025-04-23 10:40:33,553 INFO:Sell exit signal received
2025-04-23 10:40:33,553 INFO:Entering while loop with trade_count: 2
2025-04-23 10:40:33,689 INFO:Combined historical with live algo:                       timestamp    open    high     low     close  ...          long  buy  sell  buy_exit  sell_exit
0     2025-04-22 09:15:00+05:30  821.10  821.10  817.00    818.80  ...    818.800000  NaN   NaN       NaN        NaN
1     2025-04-22 09:16:00+05:30  818.75  818.75  814.60    814.60  ...    818.668750  NaN   NaN       NaN        NaN
2     2025-04-22 09:17:00+05:30  814.60  816.00  814.00    815.35  ...    818.565039  NaN   NaN       NaN        NaN
3     2025-04-22 09:18:00+05:30  815.30  816.00  814.75    815.50  ...    818.469257  NaN   NaN       NaN        NaN
4     2025-04-22 09:19:00+05:30  815.55  815.75  814.50    814.60  ...    818.348342  NaN   NaN       NaN        NaN
..                          ...     ...     ...     ...       ...  ...           ...  ...   ...       ...        ...
731  2025-04-23 10:40:32.910022     NaN     NaN     NaN  81710.00  ...  81687.363065  NaN   NaN       NaN        NaN
732  2025-04-23 10:40:32.910022     NaN     NaN     NaN  81710.00  ...  81688.070470  NaN   NaN       NaN        NaN
733  2025-04-23 10:40:32.910022     NaN     NaN     NaN  81710.00  ...  81688.755767  NaN   NaN       NaN        NaN
734  2025-04-23 10:40:32.910022     NaN     NaN     NaN  81710.00  ...  81689.419650  NaN   NaN       NaN        NaN
735  2025-04-23 10:40:32.910022     NaN     NaN     NaN  81710.00  ...  81690.062786  NaN   NaN       NaN        NaN

[736 rows x 13 columns]
2025-04-23 10:40:33,689 INFO:Final row: {'timestamp': Timestamp('2025-04-23 10:40:32.910022'), 'open': nan, 'high': nan, 'low': nan, 'close': 81710.0, 'volume': nan, 'short': 81710.58527327013, 'middle': 81708.57122476645, 'long': 81690.06278556878, 'buy': nan, 'sell': nan, 'buy_exit': nan, 'sell_exit': nan}
2025-04-23 10:40:33,689 INFO:Buy exit signal received
2025-04-23 10:40:33,689 INFO:Sell exit signal received
2025-04-23 10:40:33,689 INFO:Entering while loop with trade_count: 2
2025-04-23 10:40:33,832 INFO:Combined historical with live algo:                       timestamp    open    high     low     close  ...          long  buy  sell  buy_exit  sell_exit
0     2025-04-22 09:15:00+05:30  821.10  821.10  817.00    818.80  ...    818.800000  NaN   NaN       NaN        NaN
1     2025-04-22 09:16:00+05:30  818.75  818.75  814.60    814.60  ...    818.668750  NaN   NaN       NaN        NaN
2     2025-04-22 09:17:00+05:30  814.60  816.00  814.00    815.35  ...    818.565039  NaN   NaN       NaN        NaN
3     2025-04-22 09:18:00+05:30  815.30  816.00  814.75    815.50  ...    818.469257  NaN   NaN       NaN        NaN
4     2025-04-22 09:19:00+05:30  815.55  815.75  814.50    814.60  ...    818.348342  NaN   NaN       NaN        NaN
..                          ...     ...     ...     ...       ...  ...           ...  ...   ...       ...        ...
732  2025-04-23 10:40:32.910022     NaN     NaN     NaN  81710.00  ...  81688.070470  NaN   NaN       NaN        NaN
733  2025-04-23 10:40:32.910022     NaN     NaN     NaN  81710.00  ...  81688.755767  NaN   NaN       NaN        NaN
734  2025-04-23 10:40:32.910022     NaN     NaN     NaN  81710.00  ...  81689.419650  NaN   NaN       NaN        NaN
735  2025-04-23 10:40:32.910022     NaN     NaN     NaN  81710.00  ...  81690.062786  NaN   NaN       NaN        NaN
736  2025-04-23 10:40:32.910022     NaN     NaN     NaN  81710.00  ...  81690.685824  NaN   NaN       NaN        NaN

[737 rows x 13 columns]
2025-04-23 10:40:33,832 INFO:Final row: {'timestamp': Timestamp('2025-04-23 10:40:32.910022'), 'open': nan, 'high': nan, 'low': nan, 'close': 81710.0, 'volume': nan, 'short': 81710.3901821801, 'middle': 81708.70111342405, 'long': 81690.68582351976, 'buy': nan, 'sell': nan, 'buy_exit': nan, 'sell_exit': nan}
2025-04-23 10:40:33,832 INFO:Buy exit signal received
2025-04-23 10:40:33,832 INFO:Sell exit signal received
2025-04-23 10:40:33,832 INFO:Entering while loop with trade_count: 2
2025-04-23 10:40:33,991 INFO:Combined historical with live algo:                       timestamp    open    high     low     close  ...          long  buy  sell  buy_exit  sell_exit
0     2025-04-22 09:15:00+05:30  821.10  821.10  817.00    818.80  ...    818.800000  NaN   NaN       NaN        NaN
1     2025-04-22 09:16:00+05:30  818.75  818.75  814.60    814.60  ...    818.668750  NaN   NaN       NaN        NaN
2     2025-04-22 09:17:00+05:30  814.60  816.00  814.00    815.35  ...    818.565039  NaN   NaN       NaN        NaN
3     2025-04-22 09:18:00+05:30  815.30  816.00  814.75    815.50  ...    818.469257  NaN   NaN       NaN        NaN
4     2025-04-22 09:19:00+05:30  815.55  815.75  814.50    814.60  ...    818.348342  NaN   NaN       NaN        NaN
..                          ...     ...     ...     ...       ...  ...           ...  ...   ...       ...        ...
733  2025-04-23 10:40:32.910022     NaN     NaN     NaN  81710.00  ...  81688.755767  NaN   NaN       NaN        NaN
734  2025-04-23 10:40:32.910022     NaN     NaN     NaN  81710.00  ...  81689.419650  NaN   NaN       NaN        NaN
735  2025-04-23 10:40:32.910022     NaN     NaN     NaN  81710.00  ...  81690.062786  NaN   NaN       NaN        NaN
736  2025-04-23 10:40:32.910022     NaN     NaN     NaN  81710.00  ...  81690.685824  NaN   NaN       NaN        NaN
737  2025-04-23 10:40:33.800347     NaN     NaN     NaN  81710.00  ...  81691.289392  NaN   NaN       NaN        NaN

[738 rows x 13 columns]
2025-04-23 10:40:33,991 INFO:Final row: {'timestamp': Timestamp('2025-04-23 10:40:33.800347'), 'open': nan, 'high': nan, 'low': nan, 'close': 81710.0, 'volume': nan, 'short': 81710.26012145341, 'middle': 81708.81919402187, 'long': 81691.28939153477, 'buy': nan, 'sell': nan, 'buy_exit': nan, 'sell_exit': nan}
2025-04-23 10:40:33,991 INFO:Buy exit signal received
2025-04-23 10:40:33,991 INFO:Sell exit signal received
2025-04-23 10:40:33,991 INFO:Entering while loop with trade_count: 2
2025-04-23 10:40:34,143 INFO:Combined historical with live algo:                       timestamp    open    high     low     close  ...          long  buy  sell  buy_exit  sell_exit
0     2025-04-22 09:15:00+05:30  821.10  821.10  817.00    818.80  ...    818.800000  NaN   NaN       NaN        NaN
1     2025-04-22 09:16:00+05:30  818.75  818.75  814.60    814.60  ...    818.668750  NaN   NaN       NaN        NaN
2     2025-04-22 09:17:00+05:30  814.60  816.00  814.00    815.35  ...    818.565039  NaN   NaN       NaN        NaN
3     2025-04-22 09:18:00+05:30  815.30  816.00  814.75    815.50  ...    818.469257  NaN   NaN       NaN        NaN
4     2025-04-22 09:19:00+05:30  815.55  815.75  814.50    814.60  ...    818.348342  NaN   NaN       NaN        NaN
..                          ...     ...     ...     ...       ...  ...           ...  ...   ...       ...        ...
734  2025-04-23 10:40:32.910022     NaN     NaN     NaN  81710.00  ...  81689.419650  NaN   NaN       NaN        NaN
735  2025-04-23 10:40:32.910022     NaN     NaN     NaN  81710.00  ...  81690.062786  NaN   NaN       NaN        NaN
736  2025-04-23 10:40:32.910022     NaN     NaN     NaN  81710.00  ...  81690.685824  NaN   NaN       NaN        NaN
737  2025-04-23 10:40:33.800347     NaN     NaN     NaN  81710.00  ...  81691.289392  NaN   NaN       NaN        NaN
738  2025-04-23 10:40:33.903599     NaN     NaN     NaN  81715.00  ...  81692.030348  NaN   NaN       NaN        NaN

[739 rows x 13 columns]
2025-04-23 10:40:34,143 INFO:Final row: {'timestamp': Timestamp('2025-04-23 10:40:33.903599'), 'open': nan, 'high': nan, 'low': nan, 'close': 81715.0, 'volume': nan, 'short': 81711.84008096895, 'middle': 81709.38108547442, 'long': 81692.0303480493, 'buy': nan, 'sell': nan, 'buy_exit': nan, 'sell_exit': nan}
2025-04-23 10:40:34,143 INFO:Buy exit signal received
2025-04-23 10:40:34,143 INFO:Sell exit signal received
2025-04-23 10:40:34,143 INFO:Entering while loop with trade_count: 2
2025-04-23 10:40:34,308 INFO:Combined historical with live algo:                       timestamp    open    high     low     close  ...          long  buy  sell  buy_exit  sell_exit
0     2025-04-22 09:15:00+05:30  821.10  821.10  817.00    818.80  ...    818.800000  NaN   NaN       NaN        NaN
1     2025-04-22 09:16:00+05:30  818.75  818.75  814.60    814.60  ...    818.668750  NaN   NaN       NaN        NaN
2     2025-04-22 09:17:00+05:30  814.60  816.00  814.00    815.35  ...    818.565039  NaN   NaN       NaN        NaN
3     2025-04-22 09:18:00+05:30  815.30  816.00  814.75    815.50  ...    818.469257  NaN   NaN       NaN        NaN
4     2025-04-22 09:19:00+05:30  815.55  815.75  814.50    814.60  ...    818.348342  NaN   NaN       NaN        NaN
..                          ...     ...     ...     ...       ...  ...           ...  ...   ...       ...        ...
735  2025-04-23 10:40:32.910022     NaN     NaN     NaN  81710.00  ...  81690.062786  NaN   NaN       NaN        NaN
736  2025-04-23 10:40:32.910022     NaN     NaN     NaN  81710.00  ...  81690.685824  NaN   NaN       NaN        NaN
737  2025-04-23 10:40:33.800347     NaN     NaN     NaN  81710.00  ...  81691.289392  NaN   NaN       NaN        NaN
738  2025-04-23 10:40:33.903599     NaN     NaN     NaN  81715.00  ...  81692.030348  NaN   NaN       NaN        NaN
739  2025-04-23 10:40:33.903599     NaN     NaN     NaN  81715.00  ...  81692.748150  NaN   NaN       NaN        NaN

[740 rows x 13 columns]
2025-04-23 10:40:34,308 INFO:Final row: {'timestamp': Timestamp('2025-04-23 10:40:33.903599'), 'open': nan, 'high': nan, 'low': nan, 'close': 81715.0, 'volume': nan, 'short': 81712.89338731264, 'middle': 81709.89189588584, 'long': 81692.74814967276, 'buy': nan, 'sell': nan, 'buy_exit': nan, 'sell_exit': nan}
2025-04-23 10:40:34,308 INFO:Buy exit signal received
2025-04-23 10:40:34,308 INFO:Sell exit signal received
2025-04-23 10:40:34,308 INFO:Entering while loop with trade_count: 2
2025-04-23 10:40:34,466 INFO:Combined historical with live algo:                       timestamp    open    high     low     close  ...          long  buy  sell  buy_exit  sell_exit
0     2025-04-22 09:15:00+05:30  821.10  821.10  817.00    818.80  ...    818.800000  NaN   NaN       NaN        NaN
1     2025-04-22 09:16:00+05:30  818.75  818.75  814.60    814.60  ...    818.668750  NaN   NaN       NaN        NaN
2     2025-04-22 09:17:00+05:30  814.60  816.00  814.00    815.35  ...    818.565039  NaN   NaN       NaN        NaN
3     2025-04-22 09:18:00+05:30  815.30  816.00  814.75    815.50  ...    818.469257  NaN   NaN       NaN        NaN
4     2025-04-22 09:19:00+05:30  815.55  815.75  814.50    814.60  ...    818.348342  NaN   NaN       NaN        NaN
..                          ...     ...     ...     ...       ...  ...           ...  ...   ...       ...        ...
736  2025-04-23 10:40:32.910022     NaN     NaN     NaN  81710.00  ...  81690.685824  NaN   NaN       NaN        NaN
737  2025-04-23 10:40:33.800347     NaN     NaN     NaN  81710.00  ...  81691.289392  NaN   NaN       NaN        NaN
738  2025-04-23 10:40:33.903599     NaN     NaN     NaN  81715.00  ...  81692.030348  NaN   NaN       NaN        NaN
739  2025-04-23 10:40:33.903599     NaN     NaN     NaN  81715.00  ...  81692.748150  NaN   NaN       NaN        NaN
740  2025-04-23 10:40:33.903599     NaN     NaN     NaN  81715.00  ...  81693.443520  NaN   NaN       NaN        NaN

[741 rows x 13 columns]
2025-04-23 10:40:34,471 INFO:Final row: {'timestamp': Timestamp('2025-04-23 10:40:33.903599'), 'open': nan, 'high': nan, 'low': nan, 'close': 81715.0, 'volume': nan, 'short': 81713.59559154176, 'middle': 81710.35626898713, 'long': 81693.44351999549, 'buy': nan, 'sell': nan, 'buy_exit': nan, 'sell_exit': nan}
2025-04-23 10:40:34,471 INFO:Buy exit signal received
2025-04-23 10:40:34,471 INFO:Sell exit signal received
2025-04-23 10:40:34,471 INFO:Entering while loop with trade_count: 2
2025-04-23 10:40:34,633 INFO:Combined historical with live algo:                       timestamp    open    high     low     close  ...          long  buy  sell  buy_exit  sell_exit
0     2025-04-22 09:15:00+05:30  821.10  821.10  817.00    818.80  ...    818.800000  NaN   NaN       NaN        NaN
1     2025-04-22 09:16:00+05:30  818.75  818.75  814.60    814.60  ...    818.668750  NaN   NaN       NaN        NaN
2     2025-04-22 09:17:00+05:30  814.60  816.00  814.00    815.35  ...    818.565039  NaN   NaN       NaN        NaN
3     2025-04-22 09:18:00+05:30  815.30  816.00  814.75    815.50  ...    818.469257  NaN   NaN       NaN        NaN
4     2025-04-22 09:19:00+05:30  815.55  815.75  814.50    814.60  ...    818.348342  NaN   NaN       NaN        NaN
..                          ...     ...     ...     ...       ...  ...           ...  ...   ...       ...        ...
737  2025-04-23 10:40:33.800347     NaN     NaN     NaN  81710.00  ...  81691.289392  NaN   NaN       NaN        NaN
738  2025-04-23 10:40:33.903599     NaN     NaN     NaN  81715.00  ...  81692.030348  NaN   NaN       NaN        NaN
739  2025-04-23 10:40:33.903599     NaN     NaN     NaN  81715.00  ...  81692.748150  NaN   NaN       NaN        NaN
740  2025-04-23 10:40:33.903599     NaN     NaN     NaN  81715.00  ...  81693.443520  NaN   NaN       NaN        NaN
741  2025-04-23 10:40:33.903599     NaN     NaN     NaN  81715.00  ...  81694.117160  NaN   NaN       NaN        NaN

[742 rows x 13 columns]
2025-04-23 10:40:34,636 INFO:Final row: {'timestamp': Timestamp('2025-04-23 10:40:33.903599'), 'open': nan, 'high': nan, 'low': nan, 'close': 81715.0, 'volume': nan, 'short': 81714.0637276945, 'middle': 81710.77842635194, 'long': 81694.11715999563, 'buy': nan, 'sell': nan, 'buy_exit': nan, 'sell_exit': nan}
2025-04-23 10:40:34,636 INFO:Buy exit signal received
2025-04-23 10:40:34,636 INFO:Sell exit signal received
2025-04-23 10:40:34,637 INFO:Entering while loop with trade_count: 2
2025-04-23 10:40:34,799 INFO:Combined historical with live algo:                       timestamp    open    high     low     close  ...          long  buy  sell  buy_exit  sell_exit
0     2025-04-22 09:15:00+05:30  821.10  821.10  817.00    818.80  ...    818.800000  NaN   NaN       NaN        NaN
1     2025-04-22 09:16:00+05:30  818.75  818.75  814.60    814.60  ...    818.668750  NaN   NaN       NaN        NaN
2     2025-04-22 09:17:00+05:30  814.60  816.00  814.00    815.35  ...    818.565039  NaN   NaN       NaN        NaN
3     2025-04-22 09:18:00+05:30  815.30  816.00  814.75    815.50  ...    818.469257  NaN   NaN       NaN        NaN
4     2025-04-22 09:19:00+05:30  815.55  815.75  814.50    814.60  ...    818.348342  NaN   NaN       NaN        NaN
..                          ...     ...     ...     ...       ...  ...           ...  ...   ...       ...        ...
738  2025-04-23 10:40:33.903599     NaN     NaN     NaN  81715.00  ...  81692.030348  NaN   NaN       NaN        NaN
739  2025-04-23 10:40:33.903599     NaN     NaN     NaN  81715.00  ...  81692.748150  NaN   NaN       NaN        NaN
740  2025-04-23 10:40:33.903599     NaN     NaN     NaN  81715.00  ...  81693.443520  NaN   NaN       NaN        NaN
741  2025-04-23 10:40:33.903599     NaN     NaN     NaN  81715.00  ...  81694.117160  NaN   NaN       NaN        NaN
742  2025-04-23 10:40:33.903599     NaN     NaN     NaN  81715.00  ...  81694.769749  NaN   NaN       NaN        NaN

[743 rows x 13 columns]
2025-04-23 10:40:34,803 INFO:Final row: {'timestamp': Timestamp('2025-04-23 10:40:33.903599'), 'open': nan, 'high': nan, 'low': nan, 'close': 81715.0, 'volume': nan, 'short': 81714.37581846301, 'middle': 81711.1622057745, 'long': 81694.76974874576, 'buy': nan, 'sell': nan, 'buy_exit': nan, 'sell_exit': nan}
2025-04-23 10:40:34,803 INFO:Buy exit signal received
2025-04-23 10:40:34,803 INFO:Sell exit signal received
2025-04-23 10:40:34,803 INFO:Entering while loop with trade_count: 2
2025-04-23 10:40:34,954 INFO:Combined historical with live algo:                       timestamp    open    high     low     close  ...          long  buy  sell  buy_exit  sell_exit
0     2025-04-22 09:15:00+05:30  821.10  821.10  817.00    818.80  ...    818.800000  NaN   NaN       NaN        NaN
1     2025-04-22 09:16:00+05:30  818.75  818.75  814.60    814.60  ...    818.668750  NaN   NaN       NaN        NaN
2     2025-04-22 09:17:00+05:30  814.60  816.00  814.00    815.35  ...    818.565039  NaN   NaN       NaN        NaN
3     2025-04-22 09:18:00+05:30  815.30  816.00  814.75    815.50  ...    818.469257  NaN   NaN       NaN        NaN
4     2025-04-22 09:19:00+05:30  815.55  815.75  814.50    814.60  ...    818.348342  NaN   NaN       NaN        NaN
..                          ...     ...     ...     ...       ...  ...           ...  ...   ...       ...        ...
739  2025-04-23 10:40:33.903599     NaN     NaN     NaN  81715.00  ...  81692.748150  NaN   NaN       NaN        NaN
740  2025-04-23 10:40:33.903599     NaN     NaN     NaN  81715.00  ...  81693.443520  NaN   NaN       NaN        NaN
741  2025-04-23 10:40:33.903599     NaN     NaN     NaN  81715.00  ...  81694.117160  NaN   NaN       NaN        NaN
742  2025-04-23 10:40:33.903599     NaN     NaN     NaN  81715.00  ...  81694.769749  NaN   NaN       NaN        NaN
743  2025-04-23 10:40:33.903599     NaN     NaN     NaN  81715.00  ...  81695.401944  NaN   NaN       NaN        NaN

[744 rows x 13 columns]
2025-04-23 10:40:34,960 INFO:Final row: {'timestamp': Timestamp('2025-04-23 10:40:33.903599'), 'open': nan, 'high': nan, 'low': nan, 'close': 81715.0, 'volume': nan, 'short': 81714.58387897535, 'middle': 81711.51109615863, 'long': 81695.40194409745, 'buy': nan, 'sell': nan, 'buy_exit': nan, 'sell_exit': nan}
2025-04-23 10:40:34,960 INFO:Buy exit signal received
2025-04-23 10:40:34,960 INFO:Sell exit signal received
2025-04-23 10:40:34,960 INFO:Entering while loop with trade_count: 2
2025-04-23 10:40:35,099 INFO:Combined historical with live algo:                       timestamp    open    high     low     close  ...          long  buy  sell  buy_exit  sell_exit
0     2025-04-22 09:15:00+05:30  821.10  821.10  817.00    818.80  ...    818.800000  NaN   NaN       NaN        NaN
1     2025-04-22 09:16:00+05:30  818.75  818.75  814.60    814.60  ...    818.668750  NaN   NaN       NaN        NaN
2     2025-04-22 09:17:00+05:30  814.60  816.00  814.00    815.35  ...    818.565039  NaN   NaN       NaN        NaN
3     2025-04-22 09:18:00+05:30  815.30  816.00  814.75    815.50  ...    818.469257  NaN   NaN       NaN        NaN
4     2025-04-22 09:19:00+05:30  815.55  815.75  814.50    814.60  ...    818.348342  NaN   NaN       NaN        NaN
..                          ...     ...     ...     ...       ...  ...           ...  ...   ...       ...        ...
740  2025-04-23 10:40:33.903599     NaN     NaN     NaN  81715.00  ...  81693.443520  NaN   NaN       NaN        NaN
741  2025-04-23 10:40:33.903599     NaN     NaN     NaN  81715.00  ...  81694.117160  NaN   NaN       NaN        NaN
742  2025-04-23 10:40:33.903599     NaN     NaN     NaN  81715.00  ...  81694.769749  NaN   NaN       NaN        NaN
743  2025-04-23 10:40:33.903599     NaN     NaN     NaN  81715.00  ...  81695.401944  NaN   NaN       NaN        NaN
744  2025-04-23 10:40:34.900402     NaN     NaN     NaN  81715.00  ...  81696.014383  NaN   NaN       NaN        NaN

[745 rows x 13 columns]
2025-04-23 10:40:35,103 INFO:Final row: {'timestamp': Timestamp('2025-04-23 10:40:34.900402'), 'open': nan, 'high': nan, 'low': nan, 'close': 81715.0, 'volume': nan, 'short': 81714.72258598357, 'middle': 81711.82826923512, 'long': 81696.0143833444, 'buy': nan, 'sell': nan, 'buy_exit': nan, 'sell_exit': nan}
2025-04-23 10:40:35,103 INFO:Buy exit signal received
2025-04-23 10:40:35,103 INFO:Sell exit signal received
2025-04-23 10:40:35,104 INFO:Entering while loop with trade_count: 2
2025-04-23 10:40:35,253 INFO:Combined historical with live algo:                       timestamp    open    high     low     close  ...          long  buy  sell  buy_exit  sell_exit
0     2025-04-22 09:15:00+05:30  821.10  821.10  817.00    818.80  ...    818.800000  NaN   NaN       NaN        NaN
1     2025-04-22 09:16:00+05:30  818.75  818.75  814.60    814.60  ...    818.668750  NaN   NaN       NaN        NaN
2     2025-04-22 09:17:00+05:30  814.60  816.00  814.00    815.35  ...    818.565039  NaN   NaN       NaN        NaN
3     2025-04-22 09:18:00+05:30  815.30  816.00  814.75    815.50  ...    818.469257  NaN   NaN       NaN        NaN
4     2025-04-22 09:19:00+05:30  815.55  815.75  814.50    814.60  ...    818.348342  NaN   NaN       NaN        NaN
..                          ...     ...     ...     ...       ...  ...           ...  ...   ...       ...        ...
741  2025-04-23 10:40:33.903599     NaN     NaN     NaN  81715.00  ...  81694.117160  NaN   NaN       NaN        NaN
742  2025-04-23 10:40:33.903599     NaN     NaN     NaN  81715.00  ...  81694.769749  NaN   NaN       NaN        NaN
743  2025-04-23 10:40:33.903599     NaN     NaN     NaN  81715.00  ...  81695.401944  NaN   NaN       NaN        NaN
744  2025-04-23 10:40:34.900402     NaN     NaN     NaN  81715.00  ...  81696.014383  NaN   NaN       NaN        NaN
745  2025-04-23 10:40:34.900402     NaN     NaN     NaN  81715.00  ...  81696.607684  NaN   NaN       NaN        NaN

[746 rows x 13 columns]
2025-04-23 10:40:35,256 INFO:Final row: {'timestamp': Timestamp('2025-04-23 10:40:34.900402'), 'open': nan, 'high': nan, 'low': nan, 'close': 81715.0, 'volume': nan, 'short': 81714.81505732238, 'middle': 81712.11660839556, 'long': 81696.60768386489, 'buy': nan, 'sell': nan, 'buy_exit': nan, 'sell_exit': nan}
2025-04-23 10:40:35,256 INFO:Buy exit signal received
2025-04-23 10:40:35,256 INFO:Sell exit signal received
2025-04-23 10:40:35,256 INFO:Entering while loop with trade_count: 2
2025-04-23 10:40:35,387 INFO:Combined historical with live algo:                       timestamp    open    high     low     close  ...          long  buy  sell  buy_exit  sell_exit
0     2025-04-22 09:15:00+05:30  821.10  821.10  817.00    818.80  ...    818.800000  NaN   NaN       NaN        NaN
1     2025-04-22 09:16:00+05:30  818.75  818.75  814.60    814.60  ...    818.668750  NaN   NaN       NaN        NaN
2     2025-04-22 09:17:00+05:30  814.60  816.00  814.00    815.35  ...    818.565039  NaN   NaN       NaN        NaN
3     2025-04-22 09:18:00+05:30  815.30  816.00  814.75    815.50  ...    818.469257  NaN   NaN       NaN        NaN
4     2025-04-22 09:19:00+05:30  815.55  815.75  814.50    814.60  ...    818.348342  NaN   NaN       NaN        NaN
..                          ...     ...     ...     ...       ...  ...           ...  ...   ...       ...        ...
742  2025-04-23 10:40:33.903599     NaN     NaN     NaN  81715.00  ...  81694.769749  NaN   NaN       NaN        NaN
743  2025-04-23 10:40:33.903599     NaN     NaN     NaN  81715.00  ...  81695.401944  NaN   NaN       NaN        NaN
744  2025-04-23 10:40:34.900402     NaN     NaN     NaN  81715.00  ...  81696.014383  NaN   NaN       NaN        NaN
745  2025-04-23 10:40:34.900402     NaN     NaN     NaN  81715.00  ...  81696.607684  NaN   NaN       NaN        NaN
746  2025-04-23 10:40:34.900402     NaN     NaN     NaN  81715.00  ...  81697.182444  NaN   NaN       NaN        NaN

[747 rows x 13 columns]
2025-04-23 10:40:35,396 INFO:Final row: {'timestamp': Timestamp('2025-04-23 10:40:34.900402'), 'open': nan, 'high': nan, 'low': nan, 'close': 81715.0, 'volume': nan, 'short': 81714.8767048816, 'middle': 81712.37873490505, 'long': 81697.18244374411, 'buy': nan, 'sell': nan, 'buy_exit': nan, 'sell_exit': nan}
2025-04-23 10:40:35,396 INFO:Buy exit signal received
2025-04-23 10:40:35,396 INFO:Sell exit signal received
2025-04-23 10:40:35,396 INFO:Entering while loop with trade_count: 2
2025-04-23 10:40:35,539 INFO:Combined historical with live algo:                       timestamp    open    high     low     close  ...          long  buy  sell  buy_exit  sell_exit
0     2025-04-22 09:15:00+05:30  821.10  821.10  817.00    818.80  ...    818.800000  NaN   NaN       NaN        NaN
1     2025-04-22 09:16:00+05:30  818.75  818.75  814.60    814.60  ...    818.668750  NaN   NaN       NaN        NaN
2     2025-04-22 09:17:00+05:30  814.60  816.00  814.00    815.35  ...    818.565039  NaN   NaN       NaN        NaN
3     2025-04-22 09:18:00+05:30  815.30  816.00  814.75    815.50  ...    818.469257  NaN   NaN       NaN        NaN
4     2025-04-22 09:19:00+05:30  815.55  815.75  814.50    814.60  ...    818.348342  NaN   NaN       NaN        NaN
..                          ...     ...     ...     ...       ...  ...           ...  ...   ...       ...        ...
743  2025-04-23 10:40:33.903599     NaN     NaN     NaN  81715.00  ...  81695.401944  NaN   NaN       NaN        NaN
744  2025-04-23 10:40:34.900402     NaN     NaN     NaN  81715.00  ...  81696.014383  NaN   NaN       NaN        NaN
745  2025-04-23 10:40:34.900402     NaN     NaN     NaN  81715.00  ...  81696.607684  NaN   NaN       NaN        NaN
746  2025-04-23 10:40:34.900402     NaN     NaN     NaN  81715.00  ...  81697.182444  NaN   NaN       NaN        NaN
747  2025-04-23 10:40:34.900402     NaN     NaN     NaN  81715.00  ...  81697.739242  NaN   NaN       NaN        NaN

[748 rows x 13 columns]
2025-04-23 10:40:35,539 INFO:Final row: {'timestamp': Timestamp('2025-04-23 10:40:34.900402'), 'open': nan, 'high': nan, 'low': nan, 'close': 81715.0, 'volume': nan, 'short': 81714.9178032544, 'middle': 81712.61703173188, 'long': 81697.73924237711, 'buy': nan, 'sell': nan, 'buy_exit': nan, 'sell_exit': nan}
2025-04-23 10:40:35,539 INFO:Buy exit signal received
2025-04-23 10:40:35,539 INFO:Sell exit signal received
2025-04-23 10:40:35,539 INFO:Entering while loop with trade_count: 2
2025-04-23 10:40:35,667 INFO:Combined historical with live algo:                       timestamp    open    high     low     close  ...          long  buy  sell  buy_exit  sell_exit
0     2025-04-22 09:15:00+05:30  821.10  821.10  817.00    818.80  ...    818.800000  NaN   NaN       NaN        NaN
1     2025-04-22 09:16:00+05:30  818.75  818.75  814.60    814.60  ...    818.668750  NaN   NaN       NaN        NaN
2     2025-04-22 09:17:00+05:30  814.60  816.00  814.00    815.35  ...    818.565039  NaN   NaN       NaN        NaN
3     2025-04-22 09:18:00+05:30  815.30  816.00  814.75    815.50  ...    818.469257  NaN   NaN       NaN        NaN
4     2025-04-22 09:19:00+05:30  815.55  815.75  814.50    814.60  ...    818.348342  NaN   NaN       NaN        NaN
..                          ...     ...     ...     ...       ...  ...           ...  ...   ...       ...        ...
744  2025-04-23 10:40:34.900402     NaN     NaN     NaN  81715.00  ...  81696.014383  NaN   NaN       NaN        NaN
745  2025-04-23 10:40:34.900402     NaN     NaN     NaN  81715.00  ...  81696.607684  NaN   NaN       NaN        NaN
746  2025-04-23 10:40:34.900402     NaN     NaN     NaN  81715.00  ...  81697.182444  NaN   NaN       NaN        NaN
747  2025-04-23 10:40:34.900402     NaN     NaN     NaN  81715.00  ...  81697.739242  NaN   NaN       NaN        NaN
748  2025-04-23 10:40:34.900402     NaN     NaN     NaN  81715.00  ...  81698.278641  NaN   NaN       NaN        NaN

[749 rows x 13 columns]
2025-04-23 10:40:35,667 INFO:Final row: {'timestamp': Timestamp('2025-04-23 10:40:34.900402'), 'open': nan, 'high': nan, 'low': nan, 'close': 81715.0, 'volume': nan, 'short': 81714.9452021696, 'middle': 81712.8336652108, 'long': 81698.27864105282, 'buy': nan, 'sell': nan, 'buy_exit': nan, 'sell_exit': nan}
2025-04-23 10:40:35,667 INFO:Buy exit signal received
2025-04-23 10:40:35,667 INFO:Sell exit signal received
2025-04-23 10:40:35,667 INFO:Entering while loop with trade_count: 2
2025-04-23 10:40:35,812 INFO:Combined historical with live algo:                       timestamp    open    high     low     close  ...          long  buy  sell  buy_exit  sell_exit
0     2025-04-22 09:15:00+05:30  821.10  821.10  817.00    818.80  ...    818.800000  NaN   NaN       NaN        NaN
1     2025-04-22 09:16:00+05:30  818.75  818.75  814.60    814.60  ...    818.668750  NaN   NaN       NaN        NaN
2     2025-04-22 09:17:00+05:30  814.60  816.00  814.00    815.35  ...    818.565039  NaN   NaN       NaN        NaN
3     2025-04-22 09:18:00+05:30  815.30  816.00  814.75    815.50  ...    818.469257  NaN   NaN       NaN        NaN
4     2025-04-22 09:19:00+05:30  815.55  815.75  814.50    814.60  ...    818.348342  NaN   NaN       NaN        NaN
..                          ...     ...     ...     ...       ...  ...           ...  ...   ...       ...        ...
745  2025-04-23 10:40:34.900402     NaN     NaN     NaN  81715.00  ...  81696.607684  NaN   NaN       NaN        NaN
746  2025-04-23 10:40:34.900402     NaN     NaN     NaN  81715.00  ...  81697.182444  NaN   NaN       NaN        NaN
747  2025-04-23 10:40:34.900402     NaN     NaN     NaN  81715.00  ...  81697.739242  NaN   NaN       NaN        NaN
748  2025-04-23 10:40:34.900402     NaN     NaN     NaN  81715.00  ...  81698.278641  NaN   NaN       NaN        NaN
749  2025-04-23 10:40:34.900402     NaN     NaN     NaN  81715.00  ...  81698.801184  NaN   NaN       NaN        NaN

[750 rows x 13 columns]
2025-04-23 10:40:35,812 INFO:Final row: {'timestamp': Timestamp('2025-04-23 10:40:34.900402'), 'open': nan, 'high': nan, 'low': nan, 'close': 81715.0, 'volume': nan, 'short': 81714.96346811307, 'middle': 81713.03060473708, 'long': 81698.80118351991, 'buy': nan, 'sell': nan, 'buy_exit': nan, 'sell_exit': nan}
2025-04-23 10:40:35,812 INFO:Buy exit signal received
2025-04-23 10:40:35,812 INFO:Sell exit signal received
2025-04-23 10:40:35,812 INFO:Entering while loop with trade_count: 2
2025-04-23 10:40:35,954 INFO:Combined historical with live algo:                       timestamp    open    high     low     close  ...          long  buy  sell  buy_exit  sell_exit
0     2025-04-22 09:15:00+05:30  821.10  821.10  817.00    818.80  ...    818.800000  NaN   NaN       NaN        NaN
1     2025-04-22 09:16:00+05:30  818.75  818.75  814.60    814.60  ...    818.668750  NaN   NaN       NaN        NaN
2     2025-04-22 09:17:00+05:30  814.60  816.00  814.00    815.35  ...    818.565039  NaN   NaN       NaN        NaN
3     2025-04-22 09:18:00+05:30  815.30  816.00  814.75    815.50  ...    818.469257  NaN   NaN       NaN        NaN
4     2025-04-22 09:19:00+05:30  815.55  815.75  814.50    814.60  ...    818.348342  NaN   NaN       NaN        NaN
..                          ...     ...     ...     ...       ...  ...           ...  ...   ...       ...        ...
746  2025-04-23 10:40:34.900402     NaN     NaN     NaN  81715.00  ...  81697.182444  NaN   NaN       NaN        NaN
747  2025-04-23 10:40:34.900402     NaN     NaN     NaN  81715.00  ...  81697.739242  NaN   NaN       NaN        NaN
748  2025-04-23 10:40:34.900402     NaN     NaN     NaN  81715.00  ...  81698.278641  NaN   NaN       NaN        NaN
749  2025-04-23 10:40:34.900402     NaN     NaN     NaN  81715.00  ...  81698.801184  NaN   NaN       NaN        NaN
750  2025-04-23 10:40:34.900402     NaN     NaN     NaN  81715.00  ...  81699.307397  NaN   NaN       NaN        NaN

[751 rows x 13 columns]
2025-04-23 10:40:35,954 INFO:Final row: {'timestamp': Timestamp('2025-04-23 10:40:34.900402'), 'open': nan, 'high': nan, 'low': nan, 'close': 81715.0, 'volume': nan, 'short': 81714.97564540872, 'middle': 81713.20964067007, 'long': 81699.30739653492, 'buy': nan, 'sell': nan, 'buy_exit': nan, 'sell_exit': nan}
2025-04-23 10:40:35,954 INFO:Buy exit signal received
2025-04-23 10:40:35,954 INFO:Sell exit signal received
2025-04-23 10:40:35,954 INFO:Entering while loop with trade_count: 2
2025-04-23 10:40:36,081 INFO:Combined historical with live algo:                       timestamp    open    high     low     close  ...          long  buy  sell  buy_exit  sell_exit
0     2025-04-22 09:15:00+05:30  821.10  821.10  817.00    818.80  ...    818.800000  NaN   NaN       NaN        NaN
1     2025-04-22 09:16:00+05:30  818.75  818.75  814.60    814.60  ...    818.668750  NaN   NaN       NaN        NaN
2     2025-04-22 09:17:00+05:30  814.60  816.00  814.00    815.35  ...    818.565039  NaN   NaN       NaN        NaN
3     2025-04-22 09:18:00+05:30  815.30  816.00  814.75    815.50  ...    818.469257  NaN   NaN       NaN        NaN
4     2025-04-22 09:19:00+05:30  815.55  815.75  814.50    814.60  ...    818.348342  NaN   NaN       NaN        NaN
..                          ...     ...     ...     ...       ...  ...           ...  ...   ...       ...        ...
747  2025-04-23 10:40:34.900402     NaN     NaN     NaN  81715.00  ...  81697.739242  NaN   NaN       NaN        NaN
748  2025-04-23 10:40:34.900402     NaN     NaN     NaN  81715.00  ...  81698.278641  NaN   NaN       NaN        NaN
749  2025-04-23 10:40:34.900402     NaN     NaN     NaN  81715.00  ...  81698.801184  NaN   NaN       NaN        NaN
750  2025-04-23 10:40:34.900402     NaN     NaN     NaN  81715.00  ...  81699.307397  NaN   NaN       NaN        NaN
751  2025-04-23 10:40:35.904285     NaN     NaN     NaN  81715.00  ...  81699.797790  NaN   NaN       NaN        NaN

[752 rows x 13 columns]
2025-04-23 10:40:36,098 INFO:Final row: {'timestamp': Timestamp('2025-04-23 10:40:35.904285'), 'open': nan, 'high': nan, 'low': nan, 'close': 81715.0, 'volume': nan, 'short': 81714.98376360582, 'middle': 81713.37240060917, 'long': 81699.7977903932, 'buy': nan, 'sell': nan, 'buy_exit': nan, 'sell_exit': nan}
2025-04-23 10:40:36,100 INFO:Buy exit signal received
2025-04-23 10:40:36,100 INFO:Sell exit signal received
2025-04-23 10:40:36,100 INFO:Entering while loop with trade_count: 2
2025-04-23 10:40:36,248 INFO:Combined historical with live algo:                       timestamp    open    high     low     close  ...          long  buy  sell  buy_exit  sell_exit
0     2025-04-22 09:15:00+05:30  821.10  821.10  817.00    818.80  ...    818.800000  NaN   NaN       NaN        NaN
1     2025-04-22 09:16:00+05:30  818.75  818.75  814.60    814.60  ...    818.668750  NaN   NaN       NaN        NaN
2     2025-04-22 09:17:00+05:30  814.60  816.00  814.00    815.35  ...    818.565039  NaN   NaN       NaN        NaN
3     2025-04-22 09:18:00+05:30  815.30  816.00  814.75    815.50  ...    818.469257  NaN   NaN       NaN        NaN
4     2025-04-22 09:19:00+05:30  815.55  815.75  814.50    814.60  ...    818.348342  NaN   NaN       NaN        NaN
..                          ...     ...     ...     ...       ...  ...           ...  ...   ...       ...        ...
748  2025-04-23 10:40:34.900402     NaN     NaN     NaN  81715.00  ...  81698.278641  NaN   NaN       NaN        NaN
749  2025-04-23 10:40:34.900402     NaN     NaN     NaN  81715.00  ...  81698.801184  NaN   NaN       NaN        NaN
750  2025-04-23 10:40:34.900402     NaN     NaN     NaN  81715.00  ...  81699.307397  NaN   NaN       NaN        NaN
751  2025-04-23 10:40:35.904285     NaN     NaN     NaN  81715.00  ...  81699.797790  NaN   NaN       NaN        NaN
752  2025-04-23 10:40:35.904285     NaN     NaN     NaN  81715.00  ...  81700.272859  NaN   NaN       NaN        NaN

[753 rows x 13 columns]
2025-04-23 10:40:36,250 INFO:Final row: {'timestamp': Timestamp('2025-04-23 10:40:35.904285'), 'open': nan, 'high': nan, 'low': nan, 'close': 81715.0, 'volume': nan, 'short': 81714.98917573722, 'middle': 81713.52036419015, 'long': 81700.27285944342, 'buy': nan, 'sell': nan, 'buy_exit': nan, 'sell_exit': nan}
2025-04-23 10:40:36,250 INFO:Buy exit signal received
2025-04-23 10:40:36,250 INFO:Sell exit signal received
2025-04-23 10:40:36,250 INFO:Entering while loop with trade_count: 2
2025-04-23 10:40:36,398 INFO:Combined historical with live algo:                       timestamp    open    high     low     close  ...          long  buy  sell  buy_exit  sell_exit
0     2025-04-22 09:15:00+05:30  821.10  821.10  817.00    818.80  ...    818.800000  NaN   NaN       NaN        NaN
1     2025-04-22 09:16:00+05:30  818.75  818.75  814.60    814.60  ...    818.668750  NaN   NaN       NaN        NaN
2     2025-04-22 09:17:00+05:30  814.60  816.00  814.00    815.35  ...    818.565039  NaN   NaN       NaN        NaN
3     2025-04-22 09:18:00+05:30  815.30  816.00  814.75    815.50  ...    818.469257  NaN   NaN       NaN        NaN
4     2025-04-22 09:19:00+05:30  815.55  815.75  814.50    814.60  ...    818.348342  NaN   NaN       NaN        NaN
..                          ...     ...     ...     ...       ...  ...           ...  ...   ...       ...        ...
749  2025-04-23 10:40:34.900402     NaN     NaN     NaN  81715.00  ...  81698.801184  NaN   NaN       NaN        NaN
750  2025-04-23 10:40:34.900402     NaN     NaN     NaN  81715.00  ...  81699.307397  NaN   NaN       NaN        NaN
751  2025-04-23 10:40:35.904285     NaN     NaN     NaN  81715.00  ...  81699.797790  NaN   NaN       NaN        NaN
752  2025-04-23 10:40:35.904285     NaN     NaN     NaN  81715.00  ...  81700.272859  NaN   NaN       NaN        NaN
753  2025-04-23 10:40:35.904285     NaN     NaN     NaN  81715.00  ...  81700.733083  NaN   NaN       NaN        NaN

[754 rows x 13 columns]
2025-04-23 10:40:36,403 INFO:Final row: {'timestamp': Timestamp('2025-04-23 10:40:35.904285'), 'open': nan, 'high': nan, 'low': nan, 'close': 81715.0, 'volume': nan, 'short': 81714.99278382483, 'middle': 81713.6548765365, 'long': 81700.73308258581, 'buy': nan, 'sell': nan, 'buy_exit': nan, 'sell_exit': nan}
2025-04-23 10:40:36,403 INFO:Buy exit signal received
2025-04-23 10:40:36,405 INFO:Sell exit signal received
2025-04-23 10:40:36,405 INFO:Entering while loop with trade_count: 2
2025-04-23 10:40:36,549 INFO:Combined historical with live algo:                       timestamp    open    high     low     close  ...          long  buy  sell  buy_exit  sell_exit
0     2025-04-22 09:15:00+05:30  821.10  821.10  817.00    818.80  ...    818.800000  NaN   NaN       NaN        NaN
1     2025-04-22 09:16:00+05:30  818.75  818.75  814.60    814.60  ...    818.668750  NaN   NaN       NaN        NaN
2     2025-04-22 09:17:00+05:30  814.60  816.00  814.00    815.35  ...    818.565039  NaN   NaN       NaN        NaN
3     2025-04-22 09:18:00+05:30  815.30  816.00  814.75    815.50  ...    818.469257  NaN   NaN       NaN        NaN
4     2025-04-22 09:19:00+05:30  815.55  815.75  814.50    814.60  ...    818.348342  NaN   NaN       NaN        NaN
..                          ...     ...     ...     ...       ...  ...           ...  ...   ...       ...        ...
750  2025-04-23 10:40:34.900402     NaN     NaN     NaN  81715.00  ...  81699.307397  NaN   NaN       NaN        NaN
751  2025-04-23 10:40:35.904285     NaN     NaN     NaN  81715.00  ...  81699.797790  NaN   NaN       NaN        NaN
752  2025-04-23 10:40:35.904285     NaN     NaN     NaN  81715.00  ...  81700.272859  NaN   NaN       NaN        NaN
753  2025-04-23 10:40:35.904285     NaN     NaN     NaN  81715.00  ...  81700.733083  NaN   NaN       NaN        NaN
754  2025-04-23 10:40:35.904285     NaN     NaN     NaN  81715.00  ...  81701.178924  NaN   NaN       NaN        NaN

[755 rows x 13 columns]
2025-04-23 10:40:36,557 INFO:Final row: {'timestamp': Timestamp('2025-04-23 10:40:35.904285'), 'open': nan, 'high': nan, 'low': nan, 'close': 81715.0, 'volume': nan, 'short': 81714.99518921656, 'middle': 81713.77716048773, 'long': 81701.178923755, 'buy': nan, 'sell': nan, 'buy_exit': nan, 'sell_exit': nan}
2025-04-23 10:40:36,557 INFO:Buy exit signal received
2025-04-23 10:40:36,557 INFO:Sell exit signal received
2025-04-23 10:40:36,557 INFO:Entering while loop with trade_count: 2
2025-04-23 10:40:36,682 INFO:Combined historical with live algo:                       timestamp    open    high     low     close  ...          long  buy  sell  buy_exit  sell_exit
0     2025-04-22 09:15:00+05:30  821.10  821.10  817.00    818.80  ...    818.800000  NaN   NaN       NaN        NaN
1     2025-04-22 09:16:00+05:30  818.75  818.75  814.60    814.60  ...    818.668750  NaN   NaN       NaN        NaN
2     2025-04-22 09:17:00+05:30  814.60  816.00  814.00    815.35  ...    818.565039  NaN   NaN       NaN        NaN
3     2025-04-22 09:18:00+05:30  815.30  816.00  814.75    815.50  ...    818.469257  NaN   NaN       NaN        NaN
4     2025-04-22 09:19:00+05:30  815.55  815.75  814.50    814.60  ...    818.348342  NaN   NaN       NaN        NaN
..                          ...     ...     ...     ...       ...  ...           ...  ...   ...       ...        ...
751  2025-04-23 10:40:35.904285     NaN     NaN     NaN  81715.00  ...  81699.797790  NaN   NaN       NaN        NaN
752  2025-04-23 10:40:35.904285     NaN     NaN     NaN  81715.00  ...  81700.272859  NaN   NaN       NaN        NaN
753  2025-04-23 10:40:35.904285     NaN     NaN     NaN  81715.00  ...  81700.733083  NaN   NaN       NaN        NaN
754  2025-04-23 10:40:35.904285     NaN     NaN     NaN  81715.00  ...  81701.178924  NaN   NaN       NaN        NaN
755  2025-04-23 10:40:35.904285     NaN     NaN     NaN  81715.00  ...  81701.610832  NaN   NaN       NaN        NaN

[756 rows x 13 columns]
2025-04-23 10:40:36,682 INFO:Final row: {'timestamp': Timestamp('2025-04-23 10:40:35.904285'), 'open': nan, 'high': nan, 'low': nan, 'close': 81715.0, 'volume': nan, 'short': 81714.99679281104, 'middle': 81713.88832771612, 'long': 81701.61083238765, 'buy': nan, 'sell': nan, 'buy_exit': nan, 'sell_exit': nan}
2025-04-23 10:40:36,682 INFO:Buy exit signal received
2025-04-23 10:40:36,682 INFO:Sell exit signal received
2025-04-23 10:40:36,682 INFO:Entering while loop with trade_count: 2
2025-04-23 10:40:36,824 INFO:Combined historical with live algo:                       timestamp    open    high     low     close  ...          long  buy  sell  buy_exit  sell_exit
0     2025-04-22 09:15:00+05:30  821.10  821.10  817.00    818.80  ...    818.800000  NaN   NaN       NaN        NaN
1     2025-04-22 09:16:00+05:30  818.75  818.75  814.60    814.60  ...    818.668750  NaN   NaN       NaN        NaN
2     2025-04-22 09:17:00+05:30  814.60  816.00  814.00    815.35  ...    818.565039  NaN   NaN       NaN        NaN
3     2025-04-22 09:18:00+05:30  815.30  816.00  814.75    815.50  ...    818.469257  NaN   NaN       NaN        NaN
4     2025-04-22 09:19:00+05:30  815.55  815.75  814.50    814.60  ...    818.348342  NaN   NaN       NaN        NaN
..                          ...     ...     ...     ...       ...  ...           ...  ...   ...       ...        ...
752  2025-04-23 10:40:35.904285     NaN     NaN     NaN  81715.00  ...  81700.272859  NaN   NaN       NaN        NaN
753  2025-04-23 10:40:35.904285     NaN     NaN     NaN  81715.00  ...  81700.733083  NaN   NaN       NaN        NaN
754  2025-04-23 10:40:35.904285     NaN     NaN     NaN  81715.00  ...  81701.178924  NaN   NaN       NaN        NaN
755  2025-04-23 10:40:35.904285     NaN     NaN     NaN  81715.00  ...  81701.610832  NaN   NaN       NaN        NaN
756  2025-04-23 10:40:35.904285     NaN     NaN     NaN  81715.00  ...  81702.029244  NaN   NaN       NaN        NaN

[757 rows x 13 columns]
2025-04-23 10:40:36,824 INFO:Final row: {'timestamp': Timestamp('2025-04-23 10:40:35.904285'), 'open': nan, 'high': nan, 'low': nan, 'close': 81715.0, 'volume': nan, 'short': 81714.99786187403, 'middle': 81713.98938883284, 'long': 81702.02924387554, 'buy': nan, 'sell': nan, 'buy_exit': nan, 'sell_exit': nan}
2025-04-23 10:40:36,824 INFO:Buy exit signal received
2025-04-23 10:40:36,824 INFO:Sell exit signal received
2025-04-23 10:40:36,824 INFO:Entering while loop with trade_count: 2
2025-04-23 10:40:36,967 INFO:Combined historical with live algo:                       timestamp    open    high     low     close  ...          long  buy  sell  buy_exit  sell_exit
0     2025-04-22 09:15:00+05:30  821.10  821.10  817.00    818.80  ...    818.800000  NaN   NaN       NaN        NaN
1     2025-04-22 09:16:00+05:30  818.75  818.75  814.60    814.60  ...    818.668750  NaN   NaN       NaN        NaN
2     2025-04-22 09:17:00+05:30  814.60  816.00  814.00    815.35  ...    818.565039  NaN   NaN       NaN        NaN
3     2025-04-22 09:18:00+05:30  815.30  816.00  814.75    815.50  ...    818.469257  NaN   NaN       NaN        NaN
4     2025-04-22 09:19:00+05:30  815.55  815.75  814.50    814.60  ...    818.348342  NaN   NaN       NaN        NaN
..                          ...     ...     ...     ...       ...  ...           ...  ...   ...       ...        ...
753  2025-04-23 10:40:35.904285     NaN     NaN     NaN  81715.00  ...  81700.733083  NaN   NaN       NaN        NaN
754  2025-04-23 10:40:35.904285     NaN     NaN     NaN  81715.00  ...  81701.178924  NaN   NaN       NaN        NaN
755  2025-04-23 10:40:35.904285     NaN     NaN     NaN  81715.00  ...  81701.610832  NaN   NaN       NaN        NaN
756  2025-04-23 10:40:35.904285     NaN     NaN     NaN  81715.00  ...  81702.029244  NaN   NaN       NaN        NaN
757  2025-04-23 10:40:36.811656     NaN     NaN     NaN  81720.00  ...  81702.590830  NaN   NaN       NaN        NaN

[758 rows x 13 columns]
2025-04-23 10:40:36,969 INFO:Final row: {'timestamp': Timestamp('2025-04-23 10:40:36.811656'), 'open': nan, 'high': nan, 'low': nan, 'close': 81720.0, 'volume': nan, 'short': 81716.66524124936, 'middle': 81714.53580802985, 'long': 81702.59083000442, 'buy': nan, 'sell': nan, 'buy_exit': nan, 'sell_exit': nan}
2025-04-23 10:40:36,971 INFO:Buy exit signal received
2025-04-23 10:40:36,971 INFO:Sell exit signal received
2025-04-23 10:40:36,971 INFO:Entering while loop with trade_count: 2
2025-04-23 10:40:37,081 INFO:Combined historical with live algo:                       timestamp    open    high     low     close  ...          long  buy  sell  buy_exit  sell_exit
0     2025-04-22 09:15:00+05:30  821.10  821.10  817.00    818.80  ...    818.800000  NaN   NaN       NaN        NaN
1     2025-04-22 09:16:00+05:30  818.75  818.75  814.60    814.60  ...    818.668750  NaN   NaN       NaN        NaN
2     2025-04-22 09:17:00+05:30  814.60  816.00  814.00    815.35  ...    818.565039  NaN   NaN       NaN        NaN
3     2025-04-22 09:18:00+05:30  815.30  816.00  814.75    815.50  ...    818.469257  NaN   NaN       NaN        NaN
4     2025-04-22 09:19:00+05:30  815.55  815.75  814.50    814.60  ...    818.348342  NaN   NaN       NaN        NaN
..                          ...     ...     ...     ...       ...  ...           ...  ...   ...       ...        ...
754  2025-04-23 10:40:35.904285     NaN     NaN     NaN  81715.00  ...  81701.178924  NaN   NaN       NaN        NaN
755  2025-04-23 10:40:35.904285     NaN     NaN     NaN  81715.00  ...  81701.610832  NaN   NaN       NaN        NaN
756  2025-04-23 10:40:35.904285     NaN     NaN     NaN  81715.00  ...  81702.029244  NaN   NaN       NaN        NaN
757  2025-04-23 10:40:36.811656     NaN     NaN     NaN  81720.00  ...  81702.590830  NaN   NaN       NaN        NaN
758  2025-04-23 10:40:36.887816     NaN     NaN     NaN  81720.00  ...  81703.134867  NaN   NaN       NaN        NaN

[759 rows x 13 columns]
2025-04-23 10:40:37,081 INFO:Final row: {'timestamp': Timestamp('2025-04-23 10:40:36.887816'), 'open': nan, 'high': nan, 'low': nan, 'close': 81720.0, 'volume': nan, 'short': 81717.77682749958, 'middle': 81715.0325527544, 'long': 81703.13486656679, 'buy': nan, 'sell': nan, 'buy_exit': nan, 'sell_exit': nan}
2025-04-23 10:40:37,081 INFO:Buy exit signal received
2025-04-23 10:40:37,081 INFO:Sell exit signal received
2025-04-23 10:40:37,081 INFO:Entering while loop with trade_count: 2
2025-04-23 10:40:37,191 INFO:Combined historical with live algo:                       timestamp    open    high     low     close  ...          long  buy  sell  buy_exit  sell_exit
0     2025-04-22 09:15:00+05:30  821.10  821.10  817.00    818.80  ...    818.800000  NaN   NaN       NaN        NaN
1     2025-04-22 09:16:00+05:30  818.75  818.75  814.60    814.60  ...    818.668750  NaN   NaN       NaN        NaN
2     2025-04-22 09:17:00+05:30  814.60  816.00  814.00    815.35  ...    818.565039  NaN   NaN       NaN        NaN
3     2025-04-22 09:18:00+05:30  815.30  816.00  814.75    815.50  ...    818.469257  NaN   NaN       NaN        NaN
4     2025-04-22 09:19:00+05:30  815.55  815.75  814.50    814.60  ...    818.348342  NaN   NaN       NaN        NaN
..                          ...     ...     ...     ...       ...  ...           ...  ...   ...       ...        ...
755  2025-04-23 10:40:35.904285     NaN     NaN     NaN  81715.00  ...  81701.610832  NaN   NaN       NaN        NaN
756  2025-04-23 10:40:35.904285     NaN     NaN     NaN  81715.00  ...  81702.029244  NaN   NaN       NaN        NaN
757  2025-04-23 10:40:36.811656     NaN     NaN     NaN  81720.00  ...  81702.590830  NaN   NaN       NaN        NaN
758  2025-04-23 10:40:36.887816     NaN     NaN     NaN  81720.00  ...  81703.134867  NaN   NaN       NaN        NaN
759  2025-04-23 10:40:36.887816     NaN     NaN     NaN  81720.00  ...  81703.661902  NaN   NaN       NaN        NaN

[760 rows x 13 columns]
2025-04-23 10:40:37,206 INFO:Final row: {'timestamp': Timestamp('2025-04-23 10:40:36.887816'), 'open': nan, 'high': nan, 'low': nan, 'close': 81720.0, 'volume': nan, 'short': 81718.51788499972, 'middle': 81715.48413886764, 'long': 81703.66190198658, 'buy': nan, 'sell': nan, 'buy_exit': nan, 'sell_exit': nan}
2025-04-23 10:40:37,206 INFO:Buy exit signal received
2025-04-23 10:40:37,206 INFO:Sell exit signal received
2025-04-23 10:40:37,206 INFO:Entering while loop with trade_count: 2
2025-04-23 10:40:37,334 INFO:Combined historical with live algo:                       timestamp    open    high     low     close  ...          long  buy  sell  buy_exit  sell_exit
0     2025-04-22 09:15:00+05:30  821.10  821.10  817.00    818.80  ...    818.800000  NaN   NaN       NaN        NaN
1     2025-04-22 09:16:00+05:30  818.75  818.75  814.60    814.60  ...    818.668750  NaN   NaN       NaN        NaN
2     2025-04-22 09:17:00+05:30  814.60  816.00  814.00    815.35  ...    818.565039  NaN   NaN       NaN        NaN
3     2025-04-22 09:18:00+05:30  815.30  816.00  814.75    815.50  ...    818.469257  NaN   NaN       NaN        NaN
4     2025-04-22 09:19:00+05:30  815.55  815.75  814.50    814.60  ...    818.348342  NaN   NaN       NaN        NaN
..                          ...     ...     ...     ...       ...  ...           ...  ...   ...       ...        ...
756  2025-04-23 10:40:35.904285     NaN     NaN     NaN  81715.00  ...  81702.029244  NaN   NaN       NaN        NaN
757  2025-04-23 10:40:36.811656     NaN     NaN     NaN  81720.00  ...  81702.590830  NaN   NaN       NaN        NaN
758  2025-04-23 10:40:36.887816     NaN     NaN     NaN  81720.00  ...  81703.134867  NaN   NaN       NaN        NaN
759  2025-04-23 10:40:36.887816     NaN     NaN     NaN  81720.00  ...  81703.661902  NaN   NaN       NaN        NaN
760  2025-04-23 10:40:36.887816     NaN     NaN     NaN  81720.00  ...  81704.172468  NaN   NaN       NaN        NaN

[761 rows x 13 columns]
2025-04-23 10:40:37,334 INFO:Final row: {'timestamp': Timestamp('2025-04-23 10:40:36.887816'), 'open': nan, 'high': nan, 'low': nan, 'close': 81720.0, 'volume': nan, 'short': 81719.01192333315, 'middle': 81715.89467169785, 'long': 81704.17246754949, 'buy': nan, 'sell': nan, 'buy_exit': nan, 'sell_exit': nan}
2025-04-23 10:40:37,334 INFO:Buy exit signal received
2025-04-23 10:40:37,334 INFO:Sell exit signal received
2025-04-23 10:40:37,334 INFO:Entering while loop with trade_count: 2
2025-04-23 10:40:37,447 INFO:Combined historical with live algo:                       timestamp    open    high     low     close  ...          long  buy  sell  buy_exit  sell_exit
0     2025-04-22 09:15:00+05:30  821.10  821.10  817.00    818.80  ...    818.800000  NaN   NaN       NaN        NaN
1     2025-04-22 09:16:00+05:30  818.75  818.75  814.60    814.60  ...    818.668750  NaN   NaN       NaN        NaN
2     2025-04-22 09:17:00+05:30  814.60  816.00  814.00    815.35  ...    818.565039  NaN   NaN       NaN        NaN
3     2025-04-22 09:18:00+05:30  815.30  816.00  814.75    815.50  ...    818.469257  NaN   NaN       NaN        NaN
4     2025-04-22 09:19:00+05:30  815.55  815.75  814.50    814.60  ...    818.348342  NaN   NaN       NaN        NaN
..                          ...     ...     ...     ...       ...  ...           ...  ...   ...       ...        ...
757  2025-04-23 10:40:36.811656     NaN     NaN     NaN  81720.00  ...  81702.590830  NaN   NaN       NaN        NaN
758  2025-04-23 10:40:36.887816     NaN     NaN     NaN  81720.00  ...  81703.134867  NaN   NaN       NaN        NaN
759  2025-04-23 10:40:36.887816     NaN     NaN     NaN  81720.00  ...  81703.661902  NaN   NaN       NaN        NaN
760  2025-04-23 10:40:36.887816     NaN     NaN     NaN  81720.00  ...  81704.172468  NaN   NaN       NaN        NaN
761  2025-04-23 10:40:36.887816     NaN     NaN     NaN  81720.00  ...  81704.667078  NaN   NaN       NaN        NaN

[762 rows x 13 columns]
2025-04-23 10:40:37,447 INFO:Final row: {'timestamp': Timestamp('2025-04-23 10:40:36.887816'), 'open': nan, 'high': nan, 'low': nan, 'close': 81720.0, 'volume': nan, 'short': 81719.3412822221, 'middle': 81716.26788336168, 'long': 81704.66707793857, 'buy': nan, 'sell': nan, 'buy_exit': nan, 'sell_exit': nan}
2025-04-23 10:40:37,447 INFO:Buy exit signal received
2025-04-23 10:40:37,447 INFO:Sell exit signal received
2025-04-23 10:40:37,447 INFO:Entering while loop with trade_count: 2
2025-04-23 10:40:37,569 INFO:Combined historical with live algo:                       timestamp    open    high     low     close  ...          long  buy  sell  buy_exit  sell_exit
0     2025-04-22 09:15:00+05:30  821.10  821.10  817.00    818.80  ...    818.800000  NaN   NaN       NaN        NaN
1     2025-04-22 09:16:00+05:30  818.75  818.75  814.60    814.60  ...    818.668750  NaN   NaN       NaN        NaN
2     2025-04-22 09:17:00+05:30  814.60  816.00  814.00    815.35  ...    818.565039  NaN   NaN       NaN        NaN
3     2025-04-22 09:18:00+05:30  815.30  816.00  814.75    815.50  ...    818.469257  NaN   NaN       NaN        NaN
4     2025-04-22 09:19:00+05:30  815.55  815.75  814.50    814.60  ...    818.348342  NaN   NaN       NaN        NaN
..                          ...     ...     ...     ...       ...  ...           ...  ...   ...       ...        ...
758  2025-04-23 10:40:36.887816     NaN     NaN     NaN  81720.00  ...  81703.134867  NaN   NaN       NaN        NaN
759  2025-04-23 10:40:36.887816     NaN     NaN     NaN  81720.00  ...  81703.661902  NaN   NaN       NaN        NaN
760  2025-04-23 10:40:36.887816     NaN     NaN     NaN  81720.00  ...  81704.172468  NaN   NaN       NaN        NaN
761  2025-04-23 10:40:36.887816     NaN     NaN     NaN  81720.00  ...  81704.667078  NaN   NaN       NaN        NaN
762  2025-04-23 10:40:36.887816     NaN     NaN     NaN  81720.00  ...  81705.146232  NaN   NaN       NaN        NaN

[763 rows x 13 columns]
2025-04-23 10:40:37,571 INFO:Final row: {'timestamp': Timestamp('2025-04-23 10:40:36.887816'), 'open': nan, 'high': nan, 'low': nan, 'close': 81720.0, 'volume': nan, 'short': 81719.56085481474, 'middle': 81716.60716669244, 'long': 81705.146231753, 'buy': nan, 'sell': nan, 'buy_exit': nan, 'sell_exit': nan}
2025-04-23 10:40:37,571 INFO:Buy exit signal received
2025-04-23 10:40:37,571 INFO:Sell exit signal received
2025-04-23 10:40:37,573 INFO:Entering while loop with trade_count: 2
2025-04-23 10:40:37,629 INFO:Combined historical with live algo:                       timestamp    open    high     low     close  ...          long  buy  sell  buy_exit  sell_exit
0     2025-04-22 09:15:00+05:30  821.10  821.10  817.00    818.80  ...    818.800000  NaN   NaN       NaN        NaN
1     2025-04-22 09:16:00+05:30  818.75  818.75  814.60    814.60  ...    818.668750  NaN   NaN       NaN        NaN
2     2025-04-22 09:17:00+05:30  814.60  816.00  814.00    815.35  ...    818.565039  NaN   NaN       NaN        NaN
3     2025-04-22 09:18:00+05:30  815.30  816.00  814.75    815.50  ...    818.469257  NaN   NaN       NaN        NaN
4     2025-04-22 09:19:00+05:30  815.55  815.75  814.50    814.60  ...    818.348342  NaN   NaN       NaN        NaN
..                          ...     ...     ...     ...       ...  ...           ...  ...   ...       ...        ...
759  2025-04-23 10:40:36.887816     NaN     NaN     NaN  81720.00  ...  81703.661902  NaN   NaN       NaN        NaN
760  2025-04-23 10:40:36.887816     NaN     NaN     NaN  81720.00  ...  81704.172468  NaN   NaN       NaN        NaN
761  2025-04-23 10:40:36.887816     NaN     NaN     NaN  81720.00  ...  81704.667078  NaN   NaN       NaN        NaN
762  2025-04-23 10:40:36.887816     NaN     NaN     NaN  81720.00  ...  81705.146232  NaN   NaN       NaN        NaN
763  2025-04-23 10:40:36.887816     NaN     NaN     NaN  81720.00  ...  81705.610412  NaN   NaN       NaN        NaN

[764 rows x 13 columns]
2025-04-23 10:40:37,629 INFO:Final row: {'timestamp': Timestamp('2025-04-23 10:40:36.887816'), 'open': nan, 'high': nan, 'low': nan, 'close': 81720.0, 'volume': nan, 'short': 81719.70723654317, 'middle': 81716.91560608403, 'long': 81705.61041201072, 'buy': nan, 'sell': nan, 'buy_exit': nan, 'sell_exit': nan}
2025-04-23 10:40:37,629 INFO:Buy exit signal received
2025-04-23 10:40:37,629 INFO:Sell exit signal received
2025-04-23 10:40:37,633 INFO:Entering while loop with trade_count: 2
2025-04-23 10:40:37,685 INFO:Combined historical with live algo:                       timestamp    open    high     low     close  ...          long  buy  sell  buy_exit  sell_exit
0     2025-04-22 09:15:00+05:30  821.10  821.10  817.00    818.80  ...    818.800000  NaN   NaN       NaN        NaN
1     2025-04-22 09:16:00+05:30  818.75  818.75  814.60    814.60  ...    818.668750  NaN   NaN       NaN        NaN
2     2025-04-22 09:17:00+05:30  814.60  816.00  814.00    815.35  ...    818.565039  NaN   NaN       NaN        NaN
3     2025-04-22 09:18:00+05:30  815.30  816.00  814.75    815.50  ...    818.469257  NaN   NaN       NaN        NaN
4     2025-04-22 09:19:00+05:30  815.55  815.75  814.50    814.60  ...    818.348342  NaN   NaN       NaN        NaN
..                          ...     ...     ...     ...       ...  ...           ...  ...   ...       ...        ...
760  2025-04-23 10:40:36.887816     NaN     NaN     NaN  81720.00  ...  81704.172468  NaN   NaN       NaN        NaN
761  2025-04-23 10:40:36.887816     NaN     NaN     NaN  81720.00  ...  81704.667078  NaN   NaN       NaN        NaN
762  2025-04-23 10:40:36.887816     NaN     NaN     NaN  81720.00  ...  81705.146232  NaN   NaN       NaN        NaN
763  2025-04-23 10:40:36.887816     NaN     NaN     NaN  81720.00  ...  81705.610412  NaN   NaN       NaN        NaN
764  2025-04-23 10:40:36.887816     NaN     NaN     NaN  81720.00  ...  81706.060087  NaN   NaN       NaN        NaN

[765 rows x 13 columns]
2025-04-23 10:40:37,685 INFO:Final row: {'timestamp': Timestamp('2025-04-23 10:40:36.887816'), 'open': nan, 'high': nan, 'low': nan, 'close': 81720.0, 'volume': nan, 'short': 81719.80482436212, 'middle': 81717.19600553093, 'long': 81706.06008663538, 'buy': nan, 'sell': nan, 'buy_exit': nan, 'sell_exit': nan}
2025-04-23 10:40:37,685 INFO:Buy exit signal received
2025-04-23 10:40:37,685 INFO:Sell exit signal received
2025-04-23 10:40:37,685 INFO:Entering while loop with trade_count: 2
2025-04-23 10:40:37,745 INFO:Combined historical with live algo:                       timestamp    open    high     low     close  ...          long  buy  sell  buy_exit  sell_exit
0     2025-04-22 09:15:00+05:30  821.10  821.10  817.00    818.80  ...    818.800000  NaN   NaN       NaN        NaN
1     2025-04-22 09:16:00+05:30  818.75  818.75  814.60    814.60  ...    818.668750  NaN   NaN       NaN        NaN
2     2025-04-22 09:17:00+05:30  814.60  816.00  814.00    815.35  ...    818.565039  NaN   NaN       NaN        NaN
3     2025-04-22 09:18:00+05:30  815.30  816.00  814.75    815.50  ...    818.469257  NaN   NaN       NaN        NaN
4     2025-04-22 09:19:00+05:30  815.55  815.75  814.50    814.60  ...    818.348342  NaN   NaN       NaN        NaN
..                          ...     ...     ...     ...       ...  ...           ...  ...   ...       ...        ...
761  2025-04-23 10:40:36.887816     NaN     NaN     NaN  81720.00  ...  81704.667078  NaN   NaN       NaN        NaN
762  2025-04-23 10:40:36.887816     NaN     NaN     NaN  81720.00  ...  81705.146232  NaN   NaN       NaN        NaN
763  2025-04-23 10:40:36.887816     NaN     NaN     NaN  81720.00  ...  81705.610412  NaN   NaN       NaN        NaN
764  2025-04-23 10:40:36.887816     NaN     NaN     NaN  81720.00  ...  81706.060087  NaN   NaN       NaN        NaN
765  2025-04-23 10:40:36.887816     NaN     NaN     NaN  81720.00  ...  81706.495709  NaN   NaN       NaN        NaN

[766 rows x 13 columns]
2025-04-23 10:40:37,745 INFO:Final row: {'timestamp': Timestamp('2025-04-23 10:40:36.887816'), 'open': nan, 'high': nan, 'low': nan, 'close': 81720.0, 'volume': nan, 'short': 81719.86988290808, 'middle': 81717.45091411904, 'long': 81706.49570892802, 'buy': nan, 'sell': nan, 'buy_exit': nan, 'sell_exit': nan}
2025-04-23 10:40:37,745 INFO:Buy exit signal received
2025-04-23 10:40:37,745 INFO:Sell exit signal received
2025-04-23 10:40:37,745 INFO:Entering while loop with trade_count: 2
2025-04-23 10:40:37,804 INFO:Combined historical with live algo:                       timestamp    open    high     low     close  ...          long  buy  sell  buy_exit  sell_exit
0     2025-04-22 09:15:00+05:30  821.10  821.10  817.00    818.80  ...    818.800000  NaN   NaN       NaN        NaN
1     2025-04-22 09:16:00+05:30  818.75  818.75  814.60    814.60  ...    818.668750  NaN   NaN       NaN        NaN
2     2025-04-22 09:17:00+05:30  814.60  816.00  814.00    815.35  ...    818.565039  NaN   NaN       NaN        NaN
3     2025-04-22 09:18:00+05:30  815.30  816.00  814.75    815.50  ...    818.469257  NaN   NaN       NaN        NaN
4     2025-04-22 09:19:00+05:30  815.55  815.75  814.50    814.60  ...    818.348342  NaN   NaN       NaN        NaN
..                          ...     ...     ...     ...       ...  ...           ...  ...   ...       ...        ...
762  2025-04-23 10:40:36.887816     NaN     NaN     NaN  81720.00  ...  81705.146232  NaN   NaN       NaN        NaN
763  2025-04-23 10:40:36.887816     NaN     NaN     NaN  81720.00  ...  81705.610412  NaN   NaN       NaN        NaN
764  2025-04-23 10:40:36.887816     NaN     NaN     NaN  81720.00  ...  81706.060087  NaN   NaN       NaN        NaN
765  2025-04-23 10:40:36.887816     NaN     NaN     NaN  81720.00  ...  81706.495709  NaN   NaN       NaN        NaN
766  2025-04-23 10:40:36.887816     NaN     NaN     NaN  81720.00  ...  81706.917718  NaN   NaN       NaN        NaN

[767 rows x 13 columns]
2025-04-23 10:40:37,804 INFO:Final row: {'timestamp': Timestamp('2025-04-23 10:40:36.887816'), 'open': nan, 'high': nan, 'low': nan, 'close': 81720.0, 'volume': nan, 'short': 81719.91325527205, 'middle': 81717.68264919912, 'long': 81706.91771802402, 'buy': nan, 'sell': nan, 'buy_exit': nan, 'sell_exit': nan}
2025-04-23 10:40:37,804 INFO:Buy exit signal received
2025-04-23 10:40:37,804 INFO:Sell exit signal received
2025-04-23 10:40:37,804 INFO:Entering while loop with trade_count: 2
2025-04-23 10:40:37,862 INFO:Combined historical with live algo:                       timestamp    open    high     low     close  ...          long  buy  sell  buy_exit  sell_exit
0     2025-04-22 09:15:00+05:30  821.10  821.10  817.00    818.80  ...    818.800000  NaN   NaN       NaN        NaN
1     2025-04-22 09:16:00+05:30  818.75  818.75  814.60    814.60  ...    818.668750  NaN   NaN       NaN        NaN
2     2025-04-22 09:17:00+05:30  814.60  816.00  814.00    815.35  ...    818.565039  NaN   NaN       NaN        NaN
3     2025-04-22 09:18:00+05:30  815.30  816.00  814.75    815.50  ...    818.469257  NaN   NaN       NaN        NaN
4     2025-04-22 09:19:00+05:30  815.55  815.75  814.50    814.60  ...    818.348342  NaN   NaN       NaN        NaN
..                          ...     ...     ...     ...       ...  ...           ...  ...   ...       ...        ...
763  2025-04-23 10:40:36.887816     NaN     NaN     NaN  81720.00  ...  81705.610412  NaN   NaN       NaN        NaN
764  2025-04-23 10:40:36.887816     NaN     NaN     NaN  81720.00  ...  81706.060087  NaN   NaN       NaN        NaN
765  2025-04-23 10:40:36.887816     NaN     NaN     NaN  81720.00  ...  81706.495709  NaN   NaN       NaN        NaN
766  2025-04-23 10:40:36.887816     NaN     NaN     NaN  81720.00  ...  81706.917718  NaN   NaN       NaN        NaN
767  2025-04-23 10:40:36.887816     NaN     NaN     NaN  81720.00  ...  81707.326539  NaN   NaN       NaN        NaN

[768 rows x 13 columns]
2025-04-23 10:40:37,862 INFO:Final row: {'timestamp': Timestamp('2025-04-23 10:40:36.887816'), 'open': nan, 'high': nan, 'low': nan, 'close': 81720.0, 'volume': nan, 'short': 81719.94217018137, 'middle': 81717.89331745375, 'long': 81707.32653933577, 'buy': nan, 'sell': nan, 'buy_exit': nan, 'sell_exit': nan}
2025-04-23 10:40:37,862 INFO:Buy exit signal received
2025-04-23 10:40:37,862 INFO:Sell exit signal received
2025-04-23 10:40:37,862 INFO:Entering while loop with trade_count: 2
2025-04-23 10:40:37,921 INFO:Combined historical with live algo:                       timestamp    open    high     low     close  ...          long  buy  sell  buy_exit  sell_exit
0     2025-04-22 09:15:00+05:30  821.10  821.10  817.00    818.80  ...    818.800000  NaN   NaN       NaN        NaN
1     2025-04-22 09:16:00+05:30  818.75  818.75  814.60    814.60  ...    818.668750  NaN   NaN       NaN        NaN
2     2025-04-22 09:17:00+05:30  814.60  816.00  814.00    815.35  ...    818.565039  NaN   NaN       NaN        NaN
3     2025-04-22 09:18:00+05:30  815.30  816.00  814.75    815.50  ...    818.469257  NaN   NaN       NaN        NaN
4     2025-04-22 09:19:00+05:30  815.55  815.75  814.50    814.60  ...    818.348342  NaN   NaN       NaN        NaN
..                          ...     ...     ...     ...       ...  ...           ...  ...   ...       ...        ...
764  2025-04-23 10:40:36.887816     NaN     NaN     NaN  81720.00  ...  81706.060087  NaN   NaN       NaN        NaN
765  2025-04-23 10:40:36.887816     NaN     NaN     NaN  81720.00  ...  81706.495709  NaN   NaN       NaN        NaN
766  2025-04-23 10:40:36.887816     NaN     NaN     NaN  81720.00  ...  81706.917718  NaN   NaN       NaN        NaN
767  2025-04-23 10:40:36.887816     NaN     NaN     NaN  81720.00  ...  81707.326539  NaN   NaN       NaN        NaN
768  2025-04-23 10:40:37.811717     NaN     NaN     NaN  81720.00  ...  81707.722585  NaN   NaN       NaN        NaN

[769 rows x 13 columns]
2025-04-23 10:40:37,921 INFO:Final row: {'timestamp': Timestamp('2025-04-23 10:40:37.811717'), 'open': nan, 'high': nan, 'low': nan, 'close': 81720.0, 'volume': nan, 'short': 81719.96144678758, 'middle': 81718.08483404886, 'long': 81707.72258498153, 'buy': nan, 'sell': nan, 'buy_exit': nan, 'sell_exit': nan}
2025-04-23 10:40:37,921 INFO:Buy exit signal received
2025-04-23 10:40:37,921 INFO:Sell exit signal received
2025-04-23 10:40:37,921 INFO:Entering while loop with trade_count: 2
2025-04-23 10:40:37,979 INFO:Combined historical with live algo:                       timestamp    open    high     low     close  ...          long  buy  sell  buy_exit  sell_exit
0     2025-04-22 09:15:00+05:30  821.10  821.10  817.00    818.80  ...    818.800000  NaN   NaN       NaN        NaN
1     2025-04-22 09:16:00+05:30  818.75  818.75  814.60    814.60  ...    818.668750  NaN   NaN       NaN        NaN
2     2025-04-22 09:17:00+05:30  814.60  816.00  814.00    815.35  ...    818.565039  NaN   NaN       NaN        NaN
3     2025-04-22 09:18:00+05:30  815.30  816.00  814.75    815.50  ...    818.469257  NaN   NaN       NaN        NaN
4     2025-04-22 09:19:00+05:30  815.55  815.75  814.50    814.60  ...    818.348342  NaN   NaN       NaN        NaN
..                          ...     ...     ...     ...       ...  ...           ...  ...   ...       ...        ...
765  2025-04-23 10:40:36.887816     NaN     NaN     NaN  81720.00  ...  81706.495709  NaN   NaN       NaN        NaN
766  2025-04-23 10:40:36.887816     NaN     NaN     NaN  81720.00  ...  81706.917718  NaN   NaN       NaN        NaN
767  2025-04-23 10:40:36.887816     NaN     NaN     NaN  81720.00  ...  81707.326539  NaN   NaN       NaN        NaN
768  2025-04-23 10:40:37.811717     NaN     NaN     NaN  81720.00  ...  81707.722585  NaN   NaN       NaN        NaN
769  2025-04-23 10:40:37.895675     NaN     NaN     NaN  81720.00  ...  81708.106254  NaN   NaN       NaN        NaN

[770 rows x 13 columns]
2025-04-23 10:40:37,984 INFO:Final row: {'timestamp': Timestamp('2025-04-23 10:40:37.895675'), 'open': nan, 'high': nan, 'low': nan, 'close': 81720.0, 'volume': nan, 'short': 81719.9742978584, 'middle': 81718.25894004441, 'long': 81708.10625420086, 'buy': nan, 'sell': nan, 'buy_exit': nan, 'sell_exit': nan}
2025-04-23 10:40:37,984 INFO:Buy exit signal received
2025-04-23 10:40:37,984 INFO:Sell exit signal received
2025-04-23 10:40:37,984 INFO:Entering while loop with trade_count: 2
2025-04-23 10:40:38,037 INFO:Combined historical with live algo:                       timestamp    open    high     low     close  ...          long  buy  sell  buy_exit  sell_exit
0     2025-04-22 09:15:00+05:30  821.10  821.10  817.00    818.80  ...    818.800000  NaN   NaN       NaN        NaN
1     2025-04-22 09:16:00+05:30  818.75  818.75  814.60    814.60  ...    818.668750  NaN   NaN       NaN        NaN
2     2025-04-22 09:17:00+05:30  814.60  816.00  814.00    815.35  ...    818.565039  NaN   NaN       NaN        NaN
3     2025-04-22 09:18:00+05:30  815.30  816.00  814.75    815.50  ...    818.469257  NaN   NaN       NaN        NaN
4     2025-04-22 09:19:00+05:30  815.55  815.75  814.50    814.60  ...    818.348342  NaN   NaN       NaN        NaN
..                          ...     ...     ...     ...       ...  ...           ...  ...   ...       ...        ...
766  2025-04-23 10:40:36.887816     NaN     NaN     NaN  81720.00  ...  81706.917718  NaN   NaN       NaN        NaN
767  2025-04-23 10:40:36.887816     NaN     NaN     NaN  81720.00  ...  81707.326539  NaN   NaN       NaN        NaN
768  2025-04-23 10:40:37.811717     NaN     NaN     NaN  81720.00  ...  81707.722585  NaN   NaN       NaN        NaN
769  2025-04-23 10:40:37.895675     NaN     NaN     NaN  81720.00  ...  81708.106254  NaN   NaN       NaN        NaN
770  2025-04-23 10:40:37.895675     NaN     NaN     NaN  81720.00  ...  81708.477934  NaN   NaN       NaN        NaN

[771 rows x 13 columns]
2025-04-23 10:40:38,037 INFO:Final row: {'timestamp': Timestamp('2025-04-23 10:40:37.895675'), 'open': nan, 'high': nan, 'low': nan, 'close': 81720.0, 'volume': nan, 'short': 81719.98286523894, 'middle': 81718.4172182222, 'long': 81708.47793375708, 'buy': nan, 'sell': nan, 'buy_exit': nan, 'sell_exit': nan}
2025-04-23 10:40:38,037 INFO:Buy exit signal received
2025-04-23 10:40:38,037 INFO:Sell exit signal received
2025-04-23 10:40:38,037 INFO:Entering while loop with trade_count: 2
2025-04-23 10:40:38,111 INFO:Combined historical with live algo:                       timestamp    open    high     low     close  ...          long  buy  sell  buy_exit  sell_exit
0     2025-04-22 09:15:00+05:30  821.10  821.10  817.00    818.80  ...    818.800000  NaN   NaN       NaN        NaN
1     2025-04-22 09:16:00+05:30  818.75  818.75  814.60    814.60  ...    818.668750  NaN   NaN       NaN        NaN
2     2025-04-22 09:17:00+05:30  814.60  816.00  814.00    815.35  ...    818.565039  NaN   NaN       NaN        NaN
3     2025-04-22 09:18:00+05:30  815.30  816.00  814.75    815.50  ...    818.469257  NaN   NaN       NaN        NaN
4     2025-04-22 09:19:00+05:30  815.55  815.75  814.50    814.60  ...    818.348342  NaN   NaN       NaN        NaN
..                          ...     ...     ...     ...       ...  ...           ...  ...   ...       ...        ...
767  2025-04-23 10:40:36.887816     NaN     NaN     NaN  81720.00  ...  81707.326539  NaN   NaN       NaN        NaN
768  2025-04-23 10:40:37.811717     NaN     NaN     NaN  81720.00  ...  81707.722585  NaN   NaN       NaN        NaN
769  2025-04-23 10:40:37.895675     NaN     NaN     NaN  81720.00  ...  81708.106254  NaN   NaN       NaN        NaN
770  2025-04-23 10:40:37.895675     NaN     NaN     NaN  81720.00  ...  81708.477934  NaN   NaN       NaN        NaN
771  2025-04-23 10:40:37.895675     NaN     NaN     NaN  81720.00  ...  81708.837998  NaN   NaN       NaN        NaN

[772 rows x 13 columns]
2025-04-23 10:40:38,111 INFO:Final row: {'timestamp': Timestamp('2025-04-23 10:40:37.895675'), 'open': nan, 'high': nan, 'low': nan, 'close': 81720.0, 'volume': nan, 'short': 81719.98857682597, 'middle': 81718.56110747473, 'long': 81708.83799832717, 'buy': nan, 'sell': nan, 'buy_exit': nan, 'sell_exit': nan}
2025-04-23 10:40:38,116 INFO:Buy exit signal received
2025-04-23 10:40:38,116 INFO:Sell exit signal received
2025-04-23 10:40:38,116 INFO:Entering while loop with trade_count: 2
2025-04-23 10:40:38,167 INFO:Combined historical with live algo:                       timestamp    open    high     low     close  ...          long  buy  sell  buy_exit  sell_exit
0     2025-04-22 09:15:00+05:30  821.10  821.10  817.00    818.80  ...    818.800000  NaN   NaN       NaN        NaN
1     2025-04-22 09:16:00+05:30  818.75  818.75  814.60    814.60  ...    818.668750  NaN   NaN       NaN        NaN
2     2025-04-22 09:17:00+05:30  814.60  816.00  814.00    815.35  ...    818.565039  NaN   NaN       NaN        NaN
3     2025-04-22 09:18:00+05:30  815.30  816.00  814.75    815.50  ...    818.469257  NaN   NaN       NaN        NaN
4     2025-04-22 09:19:00+05:30  815.55  815.75  814.50    814.60  ...    818.348342  NaN   NaN       NaN        NaN
..                          ...     ...     ...     ...       ...  ...           ...  ...   ...       ...        ...
768  2025-04-23 10:40:37.811717     NaN     NaN     NaN  81720.00  ...  81707.722585  NaN   NaN       NaN        NaN
769  2025-04-23 10:40:37.895675     NaN     NaN     NaN  81720.00  ...  81708.106254  NaN   NaN       NaN        NaN
770  2025-04-23 10:40:37.895675     NaN     NaN     NaN  81720.00  ...  81708.477934  NaN   NaN       NaN        NaN
771  2025-04-23 10:40:37.895675     NaN     NaN     NaN  81720.00  ...  81708.837998  NaN   NaN       NaN        NaN
772  2025-04-23 10:40:37.895675     NaN     NaN     NaN  81720.00  ...  81709.186811  NaN   NaN       NaN        NaN

[773 rows x 13 columns]
2025-04-23 10:40:38,167 INFO:Final row: {'timestamp': Timestamp('2025-04-23 10:40:37.895675'), 'open': nan, 'high': nan, 'low': nan, 'close': 81720.0, 'volume': nan, 'short': 81719.99238455066, 'middle': 81718.69191588611, 'long': 81709.18681087944, 'buy': nan, 'sell': nan, 'buy_exit': nan, 'sell_exit': nan}
2025-04-23 10:40:38,167 INFO:Buy exit signal received
2025-04-23 10:40:38,167 INFO:Sell exit signal received
2025-04-23 10:40:38,167 INFO:Entering while loop with trade_count: 2
2025-04-23 10:40:38,212 INFO:Combined historical with live algo:                       timestamp    open    high     low     close  ...          long  buy  sell  buy_exit  sell_exit
0     2025-04-22 09:15:00+05:30  821.10  821.10  817.00    818.80  ...    818.800000  NaN   NaN       NaN        NaN
1     2025-04-22 09:16:00+05:30  818.75  818.75  814.60    814.60  ...    818.668750  NaN   NaN       NaN        NaN
2     2025-04-22 09:17:00+05:30  814.60  816.00  814.00    815.35  ...    818.565039  NaN   NaN       NaN        NaN
3     2025-04-22 09:18:00+05:30  815.30  816.00  814.75    815.50  ...    818.469257  NaN   NaN       NaN        NaN
4     2025-04-22 09:19:00+05:30  815.55  815.75  814.50    814.60  ...    818.348342  NaN   NaN       NaN        NaN
..                          ...     ...     ...     ...       ...  ...           ...  ...   ...       ...        ...
769  2025-04-23 10:40:37.895675     NaN     NaN     NaN  81720.00  ...  81708.106254  NaN   NaN       NaN        NaN
770  2025-04-23 10:40:37.895675     NaN     NaN     NaN  81720.00  ...  81708.477934  NaN   NaN       NaN        NaN
771  2025-04-23 10:40:37.895675     NaN     NaN     NaN  81720.00  ...  81708.837998  NaN   NaN       NaN        NaN
772  2025-04-23 10:40:37.895675     NaN     NaN     NaN  81720.00  ...  81709.186811  NaN   NaN       NaN        NaN
773  2025-04-23 10:40:37.895675     NaN     NaN     NaN  81720.00  ...  81709.524723  NaN   NaN       NaN        NaN

[774 rows x 13 columns]
2025-04-23 10:40:38,222 INFO:Final row: {'timestamp': Timestamp('2025-04-23 10:40:37.895675'), 'open': nan, 'high': nan, 'low': nan, 'close': 81720.0, 'volume': nan, 'short': 81719.99492303378, 'middle': 81718.81083262374, 'long': 81709.52472303946, 'buy': nan, 'sell': nan, 'buy_exit': nan, 'sell_exit': nan}
2025-04-23 10:40:38,222 INFO:Buy exit signal received
2025-04-23 10:40:38,222 INFO:Sell exit signal received
2025-04-23 10:40:38,222 INFO:Entering while loop with trade_count: 2
2025-04-23 10:40:38,278 INFO:Combined historical with live algo:                       timestamp    open    high     low     close  ...          long  buy  sell  buy_exit  sell_exit
0     2025-04-22 09:15:00+05:30  821.10  821.10  817.00    818.80  ...    818.800000  NaN   NaN       NaN        NaN
1     2025-04-22 09:16:00+05:30  818.75  818.75  814.60    814.60  ...    818.668750  NaN   NaN       NaN        NaN
2     2025-04-22 09:17:00+05:30  814.60  816.00  814.00    815.35  ...    818.565039  NaN   NaN       NaN        NaN
3     2025-04-22 09:18:00+05:30  815.30  816.00  814.75    815.50  ...    818.469257  NaN   NaN       NaN        NaN
4     2025-04-22 09:19:00+05:30  815.55  815.75  814.50    814.60  ...    818.348342  NaN   NaN       NaN        NaN
..                          ...     ...     ...     ...       ...  ...           ...  ...   ...       ...        ...
770  2025-04-23 10:40:37.895675     NaN     NaN     NaN  81720.00  ...  81708.477934  NaN   NaN       NaN        NaN
771  2025-04-23 10:40:37.895675     NaN     NaN     NaN  81720.00  ...  81708.837998  NaN   NaN       NaN        NaN
772  2025-04-23 10:40:37.895675     NaN     NaN     NaN  81720.00  ...  81709.186811  NaN   NaN       NaN        NaN
773  2025-04-23 10:40:37.895675     NaN     NaN     NaN  81720.00  ...  81709.524723  NaN   NaN       NaN        NaN
774  2025-04-23 10:40:37.895675     NaN     NaN     NaN  81720.00  ...  81709.852075  NaN   NaN       NaN        NaN

[775 rows x 13 columns]
2025-04-23 10:40:38,278 INFO:Final row: {'timestamp': Timestamp('2025-04-23 10:40:37.895675'), 'open': nan, 'high': nan, 'low': nan, 'close': 81720.0, 'volume': nan, 'short': 81719.99661535586, 'middle': 81718.91893874886, 'long': 81709.85207544448, 'buy': nan, 'sell': nan, 'buy_exit': nan, 'sell_exit': nan}
2025-04-23 10:40:38,278 INFO:Buy exit signal received
2025-04-23 10:40:38,278 INFO:Sell exit signal received
2025-04-23 10:40:38,278 INFO:Entering while loop with trade_count: 2
2025-04-23 10:40:38,328 INFO:Combined historical with live algo:                       timestamp    open    high     low     close  ...          long  buy  sell  buy_exit  sell_exit
0     2025-04-22 09:15:00+05:30  821.10  821.10  817.00    818.80  ...    818.800000  NaN   NaN       NaN        NaN
1     2025-04-22 09:16:00+05:30  818.75  818.75  814.60    814.60  ...    818.668750  NaN   NaN       NaN        NaN
2     2025-04-22 09:17:00+05:30  814.60  816.00  814.00    815.35  ...    818.565039  NaN   NaN       NaN        NaN
3     2025-04-22 09:18:00+05:30  815.30  816.00  814.75    815.50  ...    818.469257  NaN   NaN       NaN        NaN
4     2025-04-22 09:19:00+05:30  815.55  815.75  814.50    814.60  ...    818.348342  NaN   NaN       NaN        NaN
..                          ...     ...     ...     ...       ...  ...           ...  ...   ...       ...        ...
771  2025-04-23 10:40:37.895675     NaN     NaN     NaN  81720.00  ...  81708.837998  NaN   NaN       NaN        NaN
772  2025-04-23 10:40:37.895675     NaN     NaN     NaN  81720.00  ...  81709.186811  NaN   NaN       NaN        NaN
773  2025-04-23 10:40:37.895675     NaN     NaN     NaN  81720.00  ...  81709.524723  NaN   NaN       NaN        NaN
774  2025-04-23 10:40:37.895675     NaN     NaN     NaN  81720.00  ...  81709.852075  NaN   NaN       NaN        NaN
775  2025-04-23 10:40:37.895675     NaN     NaN     NaN  81720.00  ...  81710.169198  NaN   NaN       NaN        NaN

[776 rows x 13 columns]
2025-04-23 10:40:38,328 INFO:Final row: {'timestamp': Timestamp('2025-04-23 10:40:37.895675'), 'open': nan, 'high': nan, 'low': nan, 'close': 81720.0, 'volume': nan, 'short': 81719.99774357058, 'middle': 81719.01721704441, 'long': 81710.16919808683, 'buy': nan, 'sell': nan, 'buy_exit': nan, 'sell_exit': nan}
2025-04-23 10:40:38,328 INFO:Buy exit signal received
2025-04-23 10:40:38,328 INFO:Sell exit signal received
2025-04-23 10:40:38,328 INFO:Entering while loop with trade_count: 2
2025-04-23 10:40:38,394 INFO:Combined historical with live algo:                       timestamp    open    high     low     close  ...          long  buy  sell  buy_exit  sell_exit
0     2025-04-22 09:15:00+05:30  821.10  821.10  817.00    818.80  ...    818.800000  NaN   NaN       NaN        NaN
1     2025-04-22 09:16:00+05:30  818.75  818.75  814.60    814.60  ...    818.668750  NaN   NaN       NaN        NaN
2     2025-04-22 09:17:00+05:30  814.60  816.00  814.00    815.35  ...    818.565039  NaN   NaN       NaN        NaN
3     2025-04-22 09:18:00+05:30  815.30  816.00  814.75    815.50  ...    818.469257  NaN   NaN       NaN        NaN
4     2025-04-22 09:19:00+05:30  815.55  815.75  814.50    814.60  ...    818.348342  NaN   NaN       NaN        NaN
..                          ...     ...     ...     ...       ...  ...           ...  ...   ...       ...        ...
772  2025-04-23 10:40:37.895675     NaN     NaN     NaN  81720.00  ...  81709.186811  NaN   NaN       NaN        NaN
773  2025-04-23 10:40:37.895675     NaN     NaN     NaN  81720.00  ...  81709.524723  NaN   NaN       NaN        NaN
774  2025-04-23 10:40:37.895675     NaN     NaN     NaN  81720.00  ...  81709.852075  NaN   NaN       NaN        NaN
775  2025-04-23 10:40:37.895675     NaN     NaN     NaN  81720.00  ...  81710.169198  NaN   NaN       NaN        NaN
776  2025-04-23 10:40:37.895675     NaN     NaN     NaN  81720.00  ...  81710.476411  NaN   NaN       NaN        NaN

[777 rows x 13 columns]
2025-04-23 10:40:38,395 INFO:Final row: {'timestamp': Timestamp('2025-04-23 10:40:37.895675'), 'open': nan, 'high': nan, 'low': nan, 'close': 81720.0, 'volume': nan, 'short': 81719.99849571372, 'middle': 81719.10656094947, 'long': 81710.47641064662, 'buy': nan, 'sell': nan, 'buy_exit': nan, 'sell_exit': nan}
2025-04-23 10:40:38,395 INFO:Buy exit signal received
2025-04-23 10:40:38,395 INFO:Sell exit signal received
2025-04-23 10:40:38,395 INFO:Entering while loop with trade_count: 2
2025-04-23 10:40:38,444 INFO:Combined historical with live algo:                       timestamp    open    high     low     close  ...          long  buy  sell  buy_exit  sell_exit
0     2025-04-22 09:15:00+05:30  821.10  821.10  817.00    818.80  ...    818.800000  NaN   NaN       NaN        NaN
1     2025-04-22 09:16:00+05:30  818.75  818.75  814.60    814.60  ...    818.668750  NaN   NaN       NaN        NaN
2     2025-04-22 09:17:00+05:30  814.60  816.00  814.00    815.35  ...    818.565039  NaN   NaN       NaN        NaN
3     2025-04-22 09:18:00+05:30  815.30  816.00  814.75    815.50  ...    818.469257  NaN   NaN       NaN        NaN
4     2025-04-22 09:19:00+05:30  815.55  815.75  814.50    814.60  ...    818.348342  NaN   NaN       NaN        NaN
..                          ...     ...     ...     ...       ...  ...           ...  ...   ...       ...        ...
773  2025-04-23 10:40:37.895675     NaN     NaN     NaN  81720.00  ...  81709.524723  NaN   NaN       NaN        NaN
774  2025-04-23 10:40:37.895675     NaN     NaN     NaN  81720.00  ...  81709.852075  NaN   NaN       NaN        NaN
775  2025-04-23 10:40:37.895675     NaN     NaN     NaN  81720.00  ...  81710.169198  NaN   NaN       NaN        NaN
776  2025-04-23 10:40:37.895675     NaN     NaN     NaN  81720.00  ...  81710.476411  NaN   NaN       NaN        NaN
777  2025-04-23 10:40:37.895675     NaN     NaN     NaN  81720.00  ...  81710.774023  NaN   NaN       NaN        NaN

[778 rows x 13 columns]
2025-04-23 10:40:38,444 INFO:Final row: {'timestamp': Timestamp('2025-04-23 10:40:37.895675'), 'open': nan, 'high': nan, 'low': nan, 'close': 81720.0, 'volume': nan, 'short': 81719.99899714248, 'middle': 81719.18778268133, 'long': 81710.77402281392, 'buy': nan, 'sell': nan, 'buy_exit': nan, 'sell_exit': nan}
2025-04-23 10:40:38,444 INFO:Buy exit signal received
2025-04-23 10:40:38,444 INFO:Sell exit signal received
2025-04-23 10:40:38,444 INFO:Entering while loop with trade_count: 2
2025-04-23 10:40:38,500 INFO:Combined historical with live algo:                       timestamp    open    high     low     close  ...          long  buy  sell  buy_exit  sell_exit
0     2025-04-22 09:15:00+05:30  821.10  821.10  817.00    818.80  ...    818.800000  NaN   NaN       NaN        NaN
1     2025-04-22 09:16:00+05:30  818.75  818.75  814.60    814.60  ...    818.668750  NaN   NaN       NaN        NaN
2     2025-04-22 09:17:00+05:30  814.60  816.00  814.00    815.35  ...    818.565039  NaN   NaN       NaN        NaN
3     2025-04-22 09:18:00+05:30  815.30  816.00  814.75    815.50  ...    818.469257  NaN   NaN       NaN        NaN
4     2025-04-22 09:19:00+05:30  815.55  815.75  814.50    814.60  ...    818.348342  NaN   NaN       NaN        NaN
..                          ...     ...     ...     ...       ...  ...           ...  ...   ...       ...        ...
774  2025-04-23 10:40:37.895675     NaN     NaN     NaN  81720.00  ...  81709.852075  NaN   NaN       NaN        NaN
775  2025-04-23 10:40:37.895675     NaN     NaN     NaN  81720.00  ...  81710.169198  NaN   NaN       NaN        NaN
776  2025-04-23 10:40:37.895675     NaN     NaN     NaN  81720.00  ...  81710.476411  NaN   NaN       NaN        NaN
777  2025-04-23 10:40:37.895675     NaN     NaN     NaN  81720.00  ...  81710.774023  NaN   NaN       NaN        NaN
778  2025-04-23 10:40:37.895675     NaN     NaN     NaN  81720.00  ...  81711.062335  NaN   NaN       NaN        NaN

[779 rows x 13 columns]
2025-04-23 10:40:38,508 INFO:Final row: {'timestamp': Timestamp('2025-04-23 10:40:37.895675'), 'open': nan, 'high': nan, 'low': nan, 'close': 81720.0, 'volume': nan, 'short': 81719.99933142832, 'middle': 81719.26162061939, 'long': 81711.06233460098, 'buy': nan, 'sell': nan, 'buy_exit': nan, 'sell_exit': nan}
2025-04-23 10:40:38,508 INFO:Buy exit signal received
2025-04-23 10:40:38,509 INFO:Sell exit signal received
2025-04-23 10:40:38,509 INFO:Entering while loop with trade_count: 2
2025-04-23 10:40:38,561 INFO:Combined historical with live algo:                       timestamp    open    high     low     close  ...          long  buy  sell  buy_exit  sell_exit
0     2025-04-22 09:15:00+05:30  821.10  821.10  817.00    818.80  ...    818.800000  NaN   NaN       NaN        NaN
1     2025-04-22 09:16:00+05:30  818.75  818.75  814.60    814.60  ...    818.668750  NaN   NaN       NaN        NaN
2     2025-04-22 09:17:00+05:30  814.60  816.00  814.00    815.35  ...    818.565039  NaN   NaN       NaN        NaN
3     2025-04-22 09:18:00+05:30  815.30  816.00  814.75    815.50  ...    818.469257  NaN   NaN       NaN        NaN
4     2025-04-22 09:19:00+05:30  815.55  815.75  814.50    814.60  ...    818.348342  NaN   NaN       NaN        NaN
..                          ...     ...     ...     ...       ...  ...           ...  ...   ...       ...        ...
775  2025-04-23 10:40:37.895675     NaN     NaN     NaN  81720.00  ...  81710.169198  NaN   NaN       NaN        NaN
776  2025-04-23 10:40:37.895675     NaN     NaN     NaN  81720.00  ...  81710.476411  NaN   NaN       NaN        NaN
777  2025-04-23 10:40:37.895675     NaN     NaN     NaN  81720.00  ...  81710.774023  NaN   NaN       NaN        NaN
778  2025-04-23 10:40:37.895675     NaN     NaN     NaN  81720.00  ...  81711.062335  NaN   NaN       NaN        NaN
779  2025-04-23 10:40:37.895675     NaN     NaN     NaN  81720.00  ...  81711.341637  NaN   NaN       NaN        NaN

[780 rows x 13 columns]
2025-04-23 10:40:38,562 INFO:Final row: {'timestamp': Timestamp('2025-04-23 10:40:37.895675'), 'open': nan, 'high': nan, 'low': nan, 'close': 81720.0, 'volume': nan, 'short': 81719.99955428555, 'middle': 81719.32874601764, 'long': 81711.3416366447, 'buy': nan, 'sell': nan, 'buy_exit': nan, 'sell_exit': nan}
2025-04-23 10:40:38,562 INFO:Buy exit signal received
2025-04-23 10:40:38,562 INFO:Sell exit signal received
2025-04-23 10:40:38,562 INFO:Entering while loop with trade_count: 2
2025-04-23 10:40:38,612 INFO:Combined historical with live algo:                       timestamp    open    high     low     close  ...          long  buy  sell  buy_exit  sell_exit
0     2025-04-22 09:15:00+05:30  821.10  821.10  817.00    818.80  ...    818.800000  NaN   NaN       NaN        NaN
1     2025-04-22 09:16:00+05:30  818.75  818.75  814.60    814.60  ...    818.668750  NaN   NaN       NaN        NaN
2     2025-04-22 09:17:00+05:30  814.60  816.00  814.00    815.35  ...    818.565039  NaN   NaN       NaN        NaN
3     2025-04-22 09:18:00+05:30  815.30  816.00  814.75    815.50  ...    818.469257  NaN   NaN       NaN        NaN
4     2025-04-22 09:19:00+05:30  815.55  815.75  814.50    814.60  ...    818.348342  NaN   NaN       NaN        NaN
..                          ...     ...     ...     ...       ...  ...           ...  ...   ...       ...        ...
776  2025-04-23 10:40:37.895675     NaN     NaN     NaN  81720.00  ...  81710.476411  NaN   NaN       NaN        NaN
777  2025-04-23 10:40:37.895675     NaN     NaN     NaN  81720.00  ...  81710.774023  NaN   NaN       NaN        NaN
778  2025-04-23 10:40:37.895675     NaN     NaN     NaN  81720.00  ...  81711.062335  NaN   NaN       NaN        NaN
779  2025-04-23 10:40:37.895675     NaN     NaN     NaN  81720.00  ...  81711.341637  NaN   NaN       NaN        NaN
780  2025-04-23 10:40:37.895675     NaN     NaN     NaN  81720.00  ...  81711.612210  NaN   NaN       NaN        NaN

[781 rows x 13 columns]
2025-04-23 10:40:38,612 INFO:Final row: {'timestamp': Timestamp('2025-04-23 10:40:37.895675'), 'open': nan, 'high': nan, 'low': nan, 'close': 81720.0, 'volume': nan, 'short': 81719.99970285704, 'middle': 81719.38976910694, 'long': 81711.61221049956, 'buy': nan, 'sell': nan, 'buy_exit': nan, 'sell_exit': nan}
2025-04-23 10:40:38,612 INFO:Buy exit signal received
2025-04-23 10:40:38,612 INFO:Sell exit signal received
2025-04-23 10:40:38,612 INFO:Entering while loop with trade_count: 2
2025-04-23 10:40:38,675 INFO:Combined historical with live algo:                       timestamp    open    high     low     close  ...          long  buy  sell  buy_exit  sell_exit
0     2025-04-22 09:15:00+05:30  821.10  821.10  817.00    818.80  ...    818.800000  NaN   NaN       NaN        NaN
1     2025-04-22 09:16:00+05:30  818.75  818.75  814.60    814.60  ...    818.668750  NaN   NaN       NaN        NaN
2     2025-04-22 09:17:00+05:30  814.60  816.00  814.00    815.35  ...    818.565039  NaN   NaN       NaN        NaN
3     2025-04-22 09:18:00+05:30  815.30  816.00  814.75    815.50  ...    818.469257  NaN   NaN       NaN        NaN
4     2025-04-22 09:19:00+05:30  815.55  815.75  814.50    814.60  ...    818.348342  NaN   NaN       NaN        NaN
..                          ...     ...     ...     ...       ...  ...           ...  ...   ...       ...        ...
777  2025-04-23 10:40:37.895675     NaN     NaN     NaN  81720.00  ...  81710.774023  NaN   NaN       NaN        NaN
778  2025-04-23 10:40:37.895675     NaN     NaN     NaN  81720.00  ...  81711.062335  NaN   NaN       NaN        NaN
779  2025-04-23 10:40:37.895675     NaN     NaN     NaN  81720.00  ...  81711.341637  NaN   NaN       NaN        NaN
780  2025-04-23 10:40:37.895675     NaN     NaN     NaN  81720.00  ...  81711.612210  NaN   NaN       NaN        NaN
781  2025-04-23 10:40:37.895675     NaN     NaN     NaN  81720.00  ...  81711.874329  NaN   NaN       NaN        NaN

[782 rows x 13 columns]
2025-04-23 10:40:38,677 INFO:Final row: {'timestamp': Timestamp('2025-04-23 10:40:37.895675'), 'open': nan, 'high': nan, 'low': nan, 'close': 81720.0, 'volume': nan, 'short': 81719.99980190469, 'middle': 81719.44524464267, 'long': 81711.87432892145, 'buy': nan, 'sell': nan, 'buy_exit': nan, 'sell_exit': nan}
2025-04-23 10:40:38,677 INFO:Buy exit signal received
2025-04-23 10:40:38,677 INFO:Sell exit signal received
2025-04-23 10:40:38,677 INFO:Entering while loop with trade_count: 2
2025-04-23 10:40:38,727 INFO:Combined historical with live algo:                       timestamp    open    high     low     close  ...          long  buy  sell  buy_exit  sell_exit
0     2025-04-22 09:15:00+05:30  821.10  821.10  817.00    818.80  ...    818.800000  NaN   NaN       NaN        NaN
1     2025-04-22 09:16:00+05:30  818.75  818.75  814.60    814.60  ...    818.668750  NaN   NaN       NaN        NaN
2     2025-04-22 09:17:00+05:30  814.60  816.00  814.00    815.35  ...    818.565039  NaN   NaN       NaN        NaN
3     2025-04-22 09:18:00+05:30  815.30  816.00  814.75    815.50  ...    818.469257  NaN   NaN       NaN        NaN
4     2025-04-22 09:19:00+05:30  815.55  815.75  814.50    814.60  ...    818.348342  NaN   NaN       NaN        NaN
..                          ...     ...     ...     ...       ...  ...           ...  ...   ...       ...        ...
778  2025-04-23 10:40:37.895675     NaN     NaN     NaN  81720.00  ...  81711.062335  NaN   NaN       NaN        NaN
779  2025-04-23 10:40:37.895675     NaN     NaN     NaN  81720.00  ...  81711.341637  NaN   NaN       NaN        NaN
780  2025-04-23 10:40:37.895675     NaN     NaN     NaN  81720.00  ...  81711.612210  NaN   NaN       NaN        NaN
781  2025-04-23 10:40:37.895675     NaN     NaN     NaN  81720.00  ...  81711.874329  NaN   NaN       NaN        NaN
782  2025-04-23 10:40:37.895675     NaN     NaN     NaN  81720.00  ...  81712.128256  NaN   NaN       NaN        NaN

[783 rows x 13 columns]
2025-04-23 10:40:38,727 INFO:Final row: {'timestamp': Timestamp('2025-04-23 10:40:37.895675'), 'open': nan, 'high': nan, 'low': nan, 'close': 81720.0, 'volume': nan, 'short': 81719.99986793647, 'middle': 81719.49567694789, 'long': 81712.12825614265, 'buy': nan, 'sell': nan, 'buy_exit': nan, 'sell_exit': nan}
2025-04-23 10:40:38,727 INFO:Buy exit signal received
2025-04-23 10:40:38,727 INFO:Sell exit signal received
2025-04-23 10:40:38,727 INFO:Entering while loop with trade_count: 2
2025-04-23 10:40:38,794 INFO:Combined historical with live algo:                       timestamp    open    high     low     close  ...          long  buy  sell  buy_exit  sell_exit
0     2025-04-22 09:15:00+05:30  821.10  821.10  817.00    818.80  ...    818.800000  NaN   NaN       NaN        NaN
1     2025-04-22 09:16:00+05:30  818.75  818.75  814.60    814.60  ...    818.668750  NaN   NaN       NaN        NaN
2     2025-04-22 09:17:00+05:30  814.60  816.00  814.00    815.35  ...    818.565039  NaN   NaN       NaN        NaN
3     2025-04-22 09:18:00+05:30  815.30  816.00  814.75    815.50  ...    818.469257  NaN   NaN       NaN        NaN
4     2025-04-22 09:19:00+05:30  815.55  815.75  814.50    814.60  ...    818.348342  NaN   NaN       NaN        NaN
..                          ...     ...     ...     ...       ...  ...           ...  ...   ...       ...        ...
779  2025-04-23 10:40:37.895675     NaN     NaN     NaN  81720.00  ...  81711.341637  NaN   NaN       NaN        NaN
780  2025-04-23 10:40:37.895675     NaN     NaN     NaN  81720.00  ...  81711.612210  NaN   NaN       NaN        NaN
781  2025-04-23 10:40:37.895675     NaN     NaN     NaN  81720.00  ...  81711.874329  NaN   NaN       NaN        NaN
782  2025-04-23 10:40:37.895675     NaN     NaN     NaN  81720.00  ...  81712.128256  NaN   NaN       NaN        NaN
783  2025-04-23 10:40:37.895675     NaN     NaN     NaN  81720.00  ...  81712.374248  NaN   NaN       NaN        NaN

[784 rows x 13 columns]
2025-04-23 10:40:38,794 INFO:Final row: {'timestamp': Timestamp('2025-04-23 10:40:37.895675'), 'open': nan, 'high': nan, 'low': nan, 'close': 81720.0, 'volume': nan, 'short': 81719.99991195765, 'middle': 81719.54152449808, 'long': 81712.37424813819, 'buy': nan, 'sell': nan, 'buy_exit': nan, 'sell_exit': nan}
2025-04-23 10:40:38,794 INFO:Buy exit signal received
2025-04-23 10:40:38,794 INFO:Sell exit signal received
2025-04-23 10:40:38,794 INFO:Entering while loop with trade_count: 2
2025-04-23 10:40:38,846 INFO:Combined historical with live algo:                       timestamp    open    high     low     close  ...          long  buy  sell  buy_exit  sell_exit
0     2025-04-22 09:15:00+05:30  821.10  821.10  817.00    818.80  ...    818.800000  NaN   NaN       NaN        NaN
1     2025-04-22 09:16:00+05:30  818.75  818.75  814.60    814.60  ...    818.668750  NaN   NaN       NaN        NaN
2     2025-04-22 09:17:00+05:30  814.60  816.00  814.00    815.35  ...    818.565039  NaN   NaN       NaN        NaN
3     2025-04-22 09:18:00+05:30  815.30  816.00  814.75    815.50  ...    818.469257  NaN   NaN       NaN        NaN
4     2025-04-22 09:19:00+05:30  815.55  815.75  814.50    814.60  ...    818.348342  NaN   NaN       NaN        NaN
..                          ...     ...     ...     ...       ...  ...           ...  ...   ...       ...        ...
780  2025-04-23 10:40:37.895675     NaN     NaN     NaN  81720.00  ...  81711.612210  NaN   NaN       NaN        NaN
781  2025-04-23 10:40:37.895675     NaN     NaN     NaN  81720.00  ...  81711.874329  NaN   NaN       NaN        NaN
782  2025-04-23 10:40:37.895675     NaN     NaN     NaN  81720.00  ...  81712.128256  NaN   NaN       NaN        NaN
783  2025-04-23 10:40:37.895675     NaN     NaN     NaN  81720.00  ...  81712.374248  NaN   NaN       NaN        NaN
784  2025-04-23 10:40:37.895675     NaN     NaN     NaN  81720.00  ...  81712.612553  NaN   NaN       NaN        NaN

[785 rows x 13 columns]
2025-04-23 10:40:38,846 INFO:Final row: {'timestamp': Timestamp('2025-04-23 10:40:37.895675'), 'open': nan, 'high': nan, 'low': nan, 'close': 81720.0, 'volume': nan, 'short': 81719.99994130511, 'middle': 81719.58320408917, 'long': 81712.61255288387, 'buy': nan, 'sell': nan, 'buy_exit': nan, 'sell_exit': nan}
2025-04-23 10:40:38,846 INFO:Buy exit signal received
2025-04-23 10:40:38,846 INFO:Sell exit signal received
2025-04-23 10:40:38,846 INFO:Entering while loop with trade_count: 2
2025-04-23 10:40:38,910 INFO:Combined historical with live algo:                       timestamp    open    high     low     close  ...          long  buy  sell  buy_exit  sell_exit
0     2025-04-22 09:15:00+05:30  821.10  821.10  817.00    818.80  ...    818.800000  NaN   NaN       NaN        NaN
1     2025-04-22 09:16:00+05:30  818.75  818.75  814.60    814.60  ...    818.668750  NaN   NaN       NaN        NaN
2     2025-04-22 09:17:00+05:30  814.60  816.00  814.00    815.35  ...    818.565039  NaN   NaN       NaN        NaN
3     2025-04-22 09:18:00+05:30  815.30  816.00  814.75    815.50  ...    818.469257  NaN   NaN       NaN        NaN
4     2025-04-22 09:19:00+05:30  815.55  815.75  814.50    814.60  ...    818.348342  NaN   NaN       NaN        NaN
..                          ...     ...     ...     ...       ...  ...           ...  ...   ...       ...        ...
781  2025-04-23 10:40:37.895675     NaN     NaN     NaN  81720.00  ...  81711.874329  NaN   NaN       NaN        NaN
782  2025-04-23 10:40:37.895675     NaN     NaN     NaN  81720.00  ...  81712.128256  NaN   NaN       NaN        NaN
783  2025-04-23 10:40:37.895675     NaN     NaN     NaN  81720.00  ...  81712.374248  NaN   NaN       NaN        NaN
784  2025-04-23 10:40:37.895675     NaN     NaN     NaN  81720.00  ...  81712.612553  NaN   NaN       NaN        NaN
785  2025-04-23 10:40:38.810225     NaN     NaN     NaN  81715.00  ...  81712.687161  NaN   NaN       NaN        NaN

[786 rows x 13 columns]
2025-04-23 10:40:38,913 INFO:Final row: {'timestamp': Timestamp('2025-04-23 10:40:38.810225'), 'open': nan, 'high': nan, 'low': nan, 'close': 81715.0, 'volume': nan, 'short': 81718.33329420342, 'middle': 81719.16654917198, 'long': 81712.68716060625, 'buy': nan, 'sell': nan, 'buy_exit': nan, 'sell_exit': nan}
2025-04-23 10:40:38,913 INFO:Buy exit signal received
2025-04-23 10:40:38,913 INFO:Sell exit signal received
2025-04-23 10:40:38,913 INFO:Entering while loop with trade_count: 2
2025-04-23 10:40:38,962 INFO:Combined historical with live algo:                       timestamp    open    high     low     close  ...          long  buy  sell  buy_exit  sell_exit
0     2025-04-22 09:15:00+05:30  821.10  821.10  817.00    818.80  ...    818.800000  NaN   NaN       NaN        NaN
1     2025-04-22 09:16:00+05:30  818.75  818.75  814.60    814.60  ...    818.668750  NaN   NaN       NaN        NaN
2     2025-04-22 09:17:00+05:30  814.60  816.00  814.00    815.35  ...    818.565039  NaN   NaN       NaN        NaN
3     2025-04-22 09:18:00+05:30  815.30  816.00  814.75    815.50  ...    818.469257  NaN   NaN       NaN        NaN
4     2025-04-22 09:19:00+05:30  815.55  815.75  814.50    814.60  ...    818.348342  NaN   NaN       NaN        NaN
..                          ...     ...     ...     ...       ...  ...           ...  ...   ...       ...        ...
782  2025-04-23 10:40:37.895675     NaN     NaN     NaN  81720.00  ...  81712.128256  NaN   NaN       NaN        NaN
783  2025-04-23 10:40:37.895675     NaN     NaN     NaN  81720.00  ...  81712.374248  NaN   NaN       NaN        NaN
784  2025-04-23 10:40:37.895675     NaN     NaN     NaN  81720.00  ...  81712.612553  NaN   NaN       NaN        NaN
785  2025-04-23 10:40:38.810225     NaN     NaN     NaN  81715.00  ...  81712.687161  NaN   NaN       NaN        NaN
786  2025-04-23 10:40:38.903863     NaN     NaN     NaN  81715.00  ...  81712.759437  NaN   NaN       NaN        NaN

[787 rows x 13 columns]
2025-04-23 10:40:38,962 INFO:Final row: {'timestamp': Timestamp('2025-04-23 10:40:38.903863'), 'open': nan, 'high': nan, 'low': nan, 'close': 81715.0, 'volume': nan, 'short': 81717.22219613561, 'middle': 81718.78777197453, 'long': 81712.75943683731, 'buy': nan, 'sell': nan, 'buy_exit': nan, 'sell_exit': nan}
2025-04-23 10:40:38,962 INFO:Buy exit signal received
2025-04-23 10:40:38,962 INFO:Sell exit signal received
2025-04-23 10:40:38,962 INFO:Entering while loop with trade_count: 2
2025-04-23 10:40:39,097 INFO:Combined historical with live algo:                       timestamp    open    high     low     close  ...          long  buy  sell  buy_exit  sell_exit
0     2025-04-22 09:15:00+05:30  821.10  821.10  817.00    818.80  ...    818.800000  NaN   NaN       NaN        NaN
1     2025-04-22 09:16:00+05:30  818.75  818.75  814.60    814.60  ...    818.668750  NaN   NaN       NaN        NaN
2     2025-04-22 09:17:00+05:30  814.60  816.00  814.00    815.35  ...    818.565039  NaN   NaN       NaN        NaN
3     2025-04-22 09:18:00+05:30  815.30  816.00  814.75    815.50  ...    818.469257  NaN   NaN       NaN        NaN
4     2025-04-22 09:19:00+05:30  815.55  815.75  814.50    814.60  ...    818.348342  NaN   NaN       NaN        NaN
..                          ...     ...     ...     ...       ...  ...           ...  ...   ...       ...        ...
783  2025-04-23 10:40:37.895675     NaN     NaN     NaN  81720.00  ...  81712.374248  NaN   NaN       NaN        NaN
784  2025-04-23 10:40:37.895675     NaN     NaN     NaN  81720.00  ...  81712.612553  NaN   NaN       NaN        NaN
785  2025-04-23 10:40:38.810225     NaN     NaN     NaN  81715.00  ...  81712.687161  NaN   NaN       NaN        NaN
786  2025-04-23 10:40:38.903863     NaN     NaN     NaN  81715.00  ...  81712.759437  NaN   NaN       NaN        NaN
787  2025-04-23 10:40:38.903863     NaN     NaN     NaN  81715.00  ...  81712.829454  NaN   NaN       NaN        NaN

[788 rows x 13 columns]
2025-04-23 10:40:39,097 INFO:Final row: {'timestamp': Timestamp('2025-04-23 10:40:38.903863'), 'open': nan, 'high': nan, 'low': nan, 'close': 81715.0, 'volume': nan, 'short': 81716.48146409041, 'middle': 81718.44342906776, 'long': 81712.82945443614, 'buy': nan, 'sell': nan, 'buy_exit': nan, 'sell_exit': nan}
2025-04-23 10:40:39,097 INFO:Buy exit signal received
2025-04-23 10:40:39,097 INFO:Sell exit signal received
2025-04-23 10:40:39,097 INFO:Entering while loop with trade_count: 2
2025-04-23 10:40:39,163 INFO:Combined historical with live algo:                       timestamp    open    high     low     close  ...          long  buy  sell  buy_exit  sell_exit
0     2025-04-22 09:15:00+05:30  821.10  821.10  817.00    818.80  ...    818.800000  NaN   NaN       NaN        NaN
1     2025-04-22 09:16:00+05:30  818.75  818.75  814.60    814.60  ...    818.668750  NaN   NaN       NaN        NaN
2     2025-04-22 09:17:00+05:30  814.60  816.00  814.00    815.35  ...    818.565039  NaN   NaN       NaN        NaN
3     2025-04-22 09:18:00+05:30  815.30  816.00  814.75    815.50  ...    818.469257  NaN   NaN       NaN        NaN
4     2025-04-22 09:19:00+05:30  815.55  815.75  814.50    814.60  ...    818.348342  NaN   NaN       NaN        NaN
..                          ...     ...     ...     ...       ...  ...           ...  ...   ...       ...        ...
784  2025-04-23 10:40:37.895675     NaN     NaN     NaN  81720.00  ...  81712.612553  NaN   NaN       NaN        NaN
785  2025-04-23 10:40:38.810225     NaN     NaN     NaN  81715.00  ...  81712.687161  NaN   NaN       NaN        NaN
786  2025-04-23 10:40:38.903863     NaN     NaN     NaN  81715.00  ...  81712.759437  NaN   NaN       NaN        NaN
787  2025-04-23 10:40:38.903863     NaN     NaN     NaN  81715.00  ...  81712.829454  NaN   NaN       NaN        NaN
788  2025-04-23 10:40:38.903863     NaN     NaN     NaN  81715.00  ...  81712.897284  NaN   NaN       NaN        NaN

[789 rows x 13 columns]
2025-04-23 10:40:39,163 INFO:Final row: {'timestamp': Timestamp('2025-04-23 10:40:38.903863'), 'open': nan, 'high': nan, 'low': nan, 'close': 81715.0, 'volume': nan, 'short': 81715.98764272695, 'middle': 81718.1303900616, 'long': 81712.89728398502, 'buy': nan, 'sell': nan, 'buy_exit': nan, 'sell_exit': nan}
2025-04-23 10:40:39,163 INFO:Buy exit signal received
2025-04-23 10:40:39,163 INFO:Sell exit signal received
2025-04-23 10:40:39,163 INFO:Entering while loop with trade_count: 2
2025-04-23 10:40:39,218 INFO:Combined historical with live algo:                       timestamp    open    high     low     close  ...          long  buy  sell  buy_exit  sell_exit
0     2025-04-22 09:15:00+05:30  821.10  821.10  817.00    818.80  ...    818.800000  NaN   NaN       NaN        NaN
1     2025-04-22 09:16:00+05:30  818.75  818.75  814.60    814.60  ...    818.668750  NaN   NaN       NaN        NaN
2     2025-04-22 09:17:00+05:30  814.60  816.00  814.00    815.35  ...    818.565039  NaN   NaN       NaN        NaN
3     2025-04-22 09:18:00+05:30  815.30  816.00  814.75    815.50  ...    818.469257  NaN   NaN       NaN        NaN
4     2025-04-22 09:19:00+05:30  815.55  815.75  814.50    814.60  ...    818.348342  NaN   NaN       NaN        NaN
..                          ...     ...     ...     ...       ...  ...           ...  ...   ...       ...        ...
785  2025-04-23 10:40:38.810225     NaN     NaN     NaN  81715.00  ...  81712.687161  NaN   NaN       NaN        NaN
786  2025-04-23 10:40:38.903863     NaN     NaN     NaN  81715.00  ...  81712.759437  NaN   NaN       NaN        NaN
787  2025-04-23 10:40:38.903863     NaN     NaN     NaN  81715.00  ...  81712.829454  NaN   NaN       NaN        NaN
788  2025-04-23 10:40:38.903863     NaN     NaN     NaN  81715.00  ...  81712.897284  NaN   NaN       NaN        NaN
789  2025-04-23 10:40:38.903863     NaN     NaN     NaN  81715.00  ...  81712.962994  NaN   NaN       NaN        NaN

[790 rows x 13 columns]
2025-04-23 10:40:39,218 INFO:Final row: {'timestamp': Timestamp('2025-04-23 10:40:38.903863'), 'open': nan, 'high': nan, 'low': nan, 'close': 81715.0, 'volume': nan, 'short': 81715.65842848463, 'middle': 81717.84580914691, 'long': 81712.96299386049, 'buy': nan, 'sell': nan, 'buy_exit': nan, 'sell_exit': nan}
2025-04-23 10:40:39,218 INFO:Buy exit signal received
2025-04-23 10:40:39,218 INFO:Sell exit signal received
2025-04-23 10:40:39,218 INFO:Entering while loop with trade_count: 2
2025-04-23 10:40:39,298 INFO:Combined historical with live algo:                       timestamp    open    high     low     close  ...          long  buy  sell  buy_exit  sell_exit
0     2025-04-22 09:15:00+05:30  821.10  821.10  817.00    818.80  ...    818.800000  NaN   NaN       NaN        NaN
1     2025-04-22 09:16:00+05:30  818.75  818.75  814.60    814.60  ...    818.668750  NaN   NaN       NaN        NaN
2     2025-04-22 09:17:00+05:30  814.60  816.00  814.00    815.35  ...    818.565039  NaN   NaN       NaN        NaN
3     2025-04-22 09:18:00+05:30  815.30  816.00  814.75    815.50  ...    818.469257  NaN   NaN       NaN        NaN
4     2025-04-22 09:19:00+05:30  815.55  815.75  814.50    814.60  ...    818.348342  NaN   NaN       NaN        NaN
..                          ...     ...     ...     ...       ...  ...           ...  ...   ...       ...        ...
786  2025-04-23 10:40:38.903863     NaN     NaN     NaN  81715.00  ...  81712.759437  NaN   NaN       NaN        NaN
787  2025-04-23 10:40:38.903863     NaN     NaN     NaN  81715.00  ...  81712.829454  NaN   NaN       NaN        NaN
788  2025-04-23 10:40:38.903863     NaN     NaN     NaN  81715.00  ...  81712.897284  NaN   NaN       NaN        NaN
789  2025-04-23 10:40:38.903863     NaN     NaN     NaN  81715.00  ...  81712.962994  NaN   NaN       NaN        NaN
790  2025-04-23 10:40:38.903863     NaN     NaN     NaN  81715.00  ...  81713.026650  NaN   NaN       NaN        NaN

[791 rows x 13 columns]
2025-04-23 10:40:39,300 INFO:Final row: {'timestamp': Timestamp('2025-04-23 10:40:38.903863'), 'open': nan, 'high': nan, 'low': nan, 'close': 81715.0, 'volume': nan, 'short': 81715.4389523231, 'middle': 81717.58709922446, 'long': 81713.02665030234, 'buy': nan, 'sell': nan, 'buy_exit': nan, 'sell_exit': nan}
2025-04-23 10:40:39,300 INFO:Buy exit signal received
2025-04-23 10:40:39,300 INFO:Sell exit signal received
2025-04-23 10:40:39,300 INFO:Entering while loop with trade_count: 2
2025-04-23 10:40:39,361 INFO:Combined historical with live algo:                       timestamp    open    high     low     close  ...          long  buy  sell  buy_exit  sell_exit
0     2025-04-22 09:15:00+05:30  821.10  821.10  817.00    818.80  ...    818.800000  NaN   NaN       NaN        NaN
1     2025-04-22 09:16:00+05:30  818.75  818.75  814.60    814.60  ...    818.668750  NaN   NaN       NaN        NaN
2     2025-04-22 09:17:00+05:30  814.60  816.00  814.00    815.35  ...    818.565039  NaN   NaN       NaN        NaN
3     2025-04-22 09:18:00+05:30  815.30  816.00  814.75    815.50  ...    818.469257  NaN   NaN       NaN        NaN
4     2025-04-22 09:19:00+05:30  815.55  815.75  814.50    814.60  ...    818.348342  NaN   NaN       NaN        NaN
..                          ...     ...     ...     ...       ...  ...           ...  ...   ...       ...        ...
787  2025-04-23 10:40:38.903863     NaN     NaN     NaN  81715.00  ...  81712.829454  NaN   NaN       NaN        NaN
788  2025-04-23 10:40:38.903863     NaN     NaN     NaN  81715.00  ...  81712.897284  NaN   NaN       NaN        NaN
789  2025-04-23 10:40:38.903863     NaN     NaN     NaN  81715.00  ...  81712.962994  NaN   NaN       NaN        NaN
790  2025-04-23 10:40:38.903863     NaN     NaN     NaN  81715.00  ...  81713.026650  NaN   NaN       NaN        NaN
791  2025-04-23 10:40:38.903863     NaN     NaN     NaN  81715.00  ...  81713.088317  NaN   NaN       NaN        NaN

[792 rows x 13 columns]
2025-04-23 10:40:39,361 INFO:Final row: {'timestamp': Timestamp('2025-04-23 10:40:38.903863'), 'open': nan, 'high': nan, 'low': nan, 'close': 81715.0, 'volume': nan, 'short': 81715.29263488206, 'middle': 81717.35190838587, 'long': 81713.0883174804, 'buy': nan, 'sell': nan, 'buy_exit': nan, 'sell_exit': nan}
2025-04-23 10:40:39,363 INFO:Buy exit signal received
2025-04-23 10:40:39,363 INFO:Sell exit signal received
2025-04-23 10:40:39,363 INFO:Entering while loop with trade_count: 2
2025-04-23 10:40:39,409 INFO:Combined historical with live algo:                       timestamp    open    high     low     close  ...          long  buy  sell  buy_exit  sell_exit
0     2025-04-22 09:15:00+05:30  821.10  821.10  817.00    818.80  ...    818.800000  NaN   NaN       NaN        NaN
1     2025-04-22 09:16:00+05:30  818.75  818.75  814.60    814.60  ...    818.668750  NaN   NaN       NaN        NaN
2     2025-04-22 09:17:00+05:30  814.60  816.00  814.00    815.35  ...    818.565039  NaN   NaN       NaN        NaN
3     2025-04-22 09:18:00+05:30  815.30  816.00  814.75    815.50  ...    818.469257  NaN   NaN       NaN        NaN
4     2025-04-22 09:19:00+05:30  815.55  815.75  814.50    814.60  ...    818.348342  NaN   NaN       NaN        NaN
..                          ...     ...     ...     ...       ...  ...           ...  ...   ...       ...        ...
788  2025-04-23 10:40:38.903863     NaN     NaN     NaN  81715.00  ...  81712.897284  NaN   NaN       NaN        NaN
789  2025-04-23 10:40:38.903863     NaN     NaN     NaN  81715.00  ...  81712.962994  NaN   NaN       NaN        NaN
790  2025-04-23 10:40:38.903863     NaN     NaN     NaN  81715.00  ...  81713.026650  NaN   NaN       NaN        NaN
791  2025-04-23 10:40:38.903863     NaN     NaN     NaN  81715.00  ...  81713.088317  NaN   NaN       NaN        NaN
792  2025-04-23 10:40:38.903863     NaN     NaN     NaN  81715.00  ...  81713.148058  NaN   NaN       NaN        NaN

[793 rows x 13 columns]
2025-04-23 10:40:39,409 INFO:Final row: {'timestamp': Timestamp('2025-04-23 10:40:38.903863'), 'open': nan, 'high': nan, 'low': nan, 'close': 81715.0, 'volume': nan, 'short': 81715.19508992138, 'middle': 81717.13809853261, 'long': 81713.14805755914, 'buy': nan, 'sell': nan, 'buy_exit': nan, 'sell_exit': nan}
2025-04-23 10:40:39,409 INFO:Buy exit signal received
2025-04-23 10:40:39,409 INFO:Sell exit signal received
2025-04-23 10:40:39,409 INFO:Entering while loop with trade_count: 2
2025-04-23 10:40:39,462 INFO:Combined historical with live algo:                       timestamp    open    high     low     close  ...          long  buy  sell  buy_exit  sell_exit
0     2025-04-22 09:15:00+05:30  821.10  821.10  817.00    818.80  ...    818.800000  NaN   NaN       NaN        NaN
1     2025-04-22 09:16:00+05:30  818.75  818.75  814.60    814.60  ...    818.668750  NaN   NaN       NaN        NaN
2     2025-04-22 09:17:00+05:30  814.60  816.00  814.00    815.35  ...    818.565039  NaN   NaN       NaN        NaN
3     2025-04-22 09:18:00+05:30  815.30  816.00  814.75    815.50  ...    818.469257  NaN   NaN       NaN        NaN
4     2025-04-22 09:19:00+05:30  815.55  815.75  814.50    814.60  ...    818.348342  NaN   NaN       NaN        NaN
..                          ...     ...     ...     ...       ...  ...           ...  ...   ...       ...        ...
789  2025-04-23 10:40:38.903863     NaN     NaN     NaN  81715.00  ...  81712.962994  NaN   NaN       NaN        NaN
790  2025-04-23 10:40:38.903863     NaN     NaN     NaN  81715.00  ...  81713.026650  NaN   NaN       NaN        NaN
791  2025-04-23 10:40:38.903863     NaN     NaN     NaN  81715.00  ...  81713.088317  NaN   NaN       NaN        NaN
792  2025-04-23 10:40:38.903863     NaN     NaN     NaN  81715.00  ...  81713.148058  NaN   NaN       NaN        NaN
793  2025-04-23 10:40:38.903863     NaN     NaN     NaN  81715.00  ...  81713.205931  NaN   NaN       NaN        NaN

[794 rows x 13 columns]
2025-04-23 10:40:39,468 INFO:Final row: {'timestamp': Timestamp('2025-04-23 10:40:38.903863'), 'open': nan, 'high': nan, 'low': nan, 'close': 81715.0, 'volume': nan, 'short': 81715.1300599476, 'middle': 81716.94372593873, 'long': 81713.20593076042, 'buy': nan, 'sell': nan, 'buy_exit': nan, 'sell_exit': nan}
2025-04-23 10:40:39,468 INFO:Buy exit signal received
2025-04-23 10:40:39,468 INFO:Sell exit signal received
2025-04-23 10:40:39,468 INFO:Entering while loop with trade_count: 2
2025-04-23 10:40:39,523 INFO:Combined historical with live algo:                       timestamp    open    high     low     close  ...          long  buy  sell  buy_exit  sell_exit
0     2025-04-22 09:15:00+05:30  821.10  821.10  817.00    818.80  ...    818.800000  NaN   NaN       NaN        NaN
1     2025-04-22 09:16:00+05:30  818.75  818.75  814.60    814.60  ...    818.668750  NaN   NaN       NaN        NaN
2     2025-04-22 09:17:00+05:30  814.60  816.00  814.00    815.35  ...    818.565039  NaN   NaN       NaN        NaN
3     2025-04-22 09:18:00+05:30  815.30  816.00  814.75    815.50  ...    818.469257  NaN   NaN       NaN        NaN
4     2025-04-22 09:19:00+05:30  815.55  815.75  814.50    814.60  ...    818.348342  NaN   NaN       NaN        NaN
..                          ...     ...     ...     ...       ...  ...           ...  ...   ...       ...        ...
790  2025-04-23 10:40:38.903863     NaN     NaN     NaN  81715.00  ...  81713.026650  NaN   NaN       NaN        NaN
791  2025-04-23 10:40:38.903863     NaN     NaN     NaN  81715.00  ...  81713.088317  NaN   NaN       NaN        NaN
792  2025-04-23 10:40:38.903863     NaN     NaN     NaN  81715.00  ...  81713.148058  NaN   NaN       NaN        NaN
793  2025-04-23 10:40:38.903863     NaN     NaN     NaN  81715.00  ...  81713.205931  NaN   NaN       NaN        NaN
794  2025-04-23 10:40:38.903863     NaN     NaN     NaN  81715.00  ...  81713.261995  NaN   NaN       NaN        NaN

[795 rows x 13 columns]
2025-04-23 10:40:39,525 INFO:Final row: {'timestamp': Timestamp('2025-04-23 10:40:38.903863'), 'open': nan, 'high': nan, 'low': nan, 'close': 81715.0, 'volume': nan, 'short': 81715.08670663173, 'middle': 81716.76702358067, 'long': 81713.26199542415, 'buy': nan, 'sell': nan, 'buy_exit': nan, 'sell_exit': nan}
2025-04-23 10:40:39,525 INFO:Buy exit signal received
2025-04-23 10:40:39,525 INFO:Sell exit signal received
2025-04-23 10:40:39,525 INFO:Entering while loop with trade_count: 2
2025-04-23 10:40:39,577 INFO:Combined historical with live algo:                       timestamp    open    high     low     close  ...          long  buy  sell  buy_exit  sell_exit
0     2025-04-22 09:15:00+05:30  821.10  821.10  817.00    818.80  ...    818.800000  NaN   NaN       NaN        NaN
1     2025-04-22 09:16:00+05:30  818.75  818.75  814.60    814.60  ...    818.668750  NaN   NaN       NaN        NaN
2     2025-04-22 09:17:00+05:30  814.60  816.00  814.00    815.35  ...    818.565039  NaN   NaN       NaN        NaN
3     2025-04-22 09:18:00+05:30  815.30  816.00  814.75    815.50  ...    818.469257  NaN   NaN       NaN        NaN
4     2025-04-22 09:19:00+05:30  815.55  815.75  814.50    814.60  ...    818.348342  NaN   NaN       NaN        NaN
..                          ...     ...     ...     ...       ...  ...           ...  ...   ...       ...        ...
791  2025-04-23 10:40:38.903863     NaN     NaN     NaN  81715.00  ...  81713.088317  NaN   NaN       NaN        NaN
792  2025-04-23 10:40:38.903863     NaN     NaN     NaN  81715.00  ...  81713.148058  NaN   NaN       NaN        NaN
793  2025-04-23 10:40:38.903863     NaN     NaN     NaN  81715.00  ...  81713.205931  NaN   NaN       NaN        NaN
794  2025-04-23 10:40:38.903863     NaN     NaN     NaN  81715.00  ...  81713.261995  NaN   NaN       NaN        NaN
795  2025-04-23 10:40:38.903863     NaN     NaN     NaN  81715.00  ...  81713.316308  NaN   NaN       NaN        NaN

[796 rows x 13 columns]
2025-04-23 10:40:39,577 INFO:Final row: {'timestamp': Timestamp('2025-04-23 10:40:38.903863'), 'open': nan, 'high': nan, 'low': nan, 'close': 81715.0, 'volume': nan, 'short': 81715.05780442116, 'middle': 81716.60638507333, 'long': 81713.31630806715, 'buy': nan, 'sell': nan, 'buy_exit': nan, 'sell_exit': nan}
2025-04-23 10:40:39,577 INFO:Buy exit signal received
2025-04-23 10:40:39,577 INFO:Sell exit signal received
2025-04-23 10:40:39,577 INFO:Entering while loop with trade_count: 2
2025-04-23 10:40:39,650 INFO:Combined historical with live algo:                       timestamp    open    high     low     close  ...          long  buy  sell  buy_exit  sell_exit
0     2025-04-22 09:15:00+05:30  821.10  821.10  817.00    818.80  ...    818.800000  NaN   NaN       NaN        NaN
1     2025-04-22 09:16:00+05:30  818.75  818.75  814.60    814.60  ...    818.668750  NaN   NaN       NaN        NaN
2     2025-04-22 09:17:00+05:30  814.60  816.00  814.00    815.35  ...    818.565039  NaN   NaN       NaN        NaN
3     2025-04-22 09:18:00+05:30  815.30  816.00  814.75    815.50  ...    818.469257  NaN   NaN       NaN        NaN
4     2025-04-22 09:19:00+05:30  815.55  815.75  814.50    814.60  ...    818.348342  NaN   NaN       NaN        NaN
..                          ...     ...     ...     ...       ...  ...           ...  ...   ...       ...        ...
792  2025-04-23 10:40:38.903863     NaN     NaN     NaN  81715.00  ...  81713.148058  NaN   NaN       NaN        NaN
793  2025-04-23 10:40:38.903863     NaN     NaN     NaN  81715.00  ...  81713.205931  NaN   NaN       NaN        NaN
794  2025-04-23 10:40:38.903863     NaN     NaN     NaN  81715.00  ...  81713.261995  NaN   NaN       NaN        NaN
795  2025-04-23 10:40:38.903863     NaN     NaN     NaN  81715.00  ...  81713.316308  NaN   NaN       NaN        NaN
796  2025-04-23 10:40:38.903863     NaN     NaN     NaN  81715.00  ...  81713.368923  NaN   NaN       NaN        NaN

[797 rows x 13 columns]
2025-04-23 10:40:39,650 INFO:Final row: {'timestamp': Timestamp('2025-04-23 10:40:38.903863'), 'open': nan, 'high': nan, 'low': nan, 'close': 81715.0, 'volume': nan, 'short': 81715.03853628077, 'middle': 81716.46035006667, 'long': 81713.36892344005, 'buy': nan, 'sell': nan, 'buy_exit': nan, 'sell_exit': nan}
2025-04-23 10:40:39,650 INFO:Buy exit signal received
2025-04-23 10:40:39,650 INFO:Sell exit signal received
2025-04-23 10:40:39,650 INFO:Entering while loop with trade_count: 2
2025-04-23 10:40:39,732 INFO:Combined historical with live algo:                       timestamp    open    high     low     close  ...          long  buy  sell  buy_exit  sell_exit
0     2025-04-22 09:15:00+05:30  821.10  821.10  817.00    818.80  ...    818.800000  NaN   NaN       NaN        NaN
1     2025-04-22 09:16:00+05:30  818.75  818.75  814.60    814.60  ...    818.668750  NaN   NaN       NaN        NaN
2     2025-04-22 09:17:00+05:30  814.60  816.00  814.00    815.35  ...    818.565039  NaN   NaN       NaN        NaN
3     2025-04-22 09:18:00+05:30  815.30  816.00  814.75    815.50  ...    818.469257  NaN   NaN       NaN        NaN
4     2025-04-22 09:19:00+05:30  815.55  815.75  814.50    814.60  ...    818.348342  NaN   NaN       NaN        NaN
..                          ...     ...     ...     ...       ...  ...           ...  ...   ...       ...        ...
793  2025-04-23 10:40:38.903863     NaN     NaN     NaN  81715.00  ...  81713.205931  NaN   NaN       NaN        NaN
794  2025-04-23 10:40:38.903863     NaN     NaN     NaN  81715.00  ...  81713.261995  NaN   NaN       NaN        NaN
795  2025-04-23 10:40:38.903863     NaN     NaN     NaN  81715.00  ...  81713.316308  NaN   NaN       NaN        NaN
796  2025-04-23 10:40:38.903863     NaN     NaN     NaN  81715.00  ...  81713.368923  NaN   NaN       NaN        NaN
797  2025-04-23 10:40:38.903863     NaN     NaN     NaN  81715.00  ...  81713.419895  NaN   NaN       NaN        NaN

[798 rows x 13 columns]
2025-04-23 10:40:39,732 INFO:Final row: {'timestamp': Timestamp('2025-04-23 10:40:38.903863'), 'open': nan, 'high': nan, 'low': nan, 'close': 81715.0, 'volume': nan, 'short': 81715.02569085386, 'middle': 81716.3275909697, 'long': 81713.41989458255, 'buy': nan, 'sell': nan, 'buy_exit': nan, 'sell_exit': nan}
2025-04-23 10:40:39,732 INFO:Buy exit signal received
2025-04-23 10:40:39,732 INFO:Sell exit signal received
2025-04-23 10:40:39,732 INFO:Entering while loop with trade_count: 2
2025-04-23 10:40:39,813 INFO:Combined historical with live algo:                       timestamp    open    high     low     close  ...          long  buy  sell  buy_exit  sell_exit
0     2025-04-22 09:15:00+05:30  821.10  821.10  817.00    818.80  ...    818.800000  NaN   NaN       NaN        NaN
1     2025-04-22 09:16:00+05:30  818.75  818.75  814.60    814.60  ...    818.668750  NaN   NaN       NaN        NaN
2     2025-04-22 09:17:00+05:30  814.60  816.00  814.00    815.35  ...    818.565039  NaN   NaN       NaN        NaN
3     2025-04-22 09:18:00+05:30  815.30  816.00  814.75    815.50  ...    818.469257  NaN   NaN       NaN        NaN
4     2025-04-22 09:19:00+05:30  815.55  815.75  814.50    814.60  ...    818.348342  NaN   NaN       NaN        NaN
..                          ...     ...     ...     ...       ...  ...           ...  ...   ...       ...        ...
794  2025-04-23 10:40:38.903863     NaN     NaN     NaN  81715.00  ...  81713.261995  NaN   NaN       NaN        NaN
795  2025-04-23 10:40:38.903863     NaN     NaN     NaN  81715.00  ...  81713.316308  NaN   NaN       NaN        NaN
796  2025-04-23 10:40:38.903863     NaN     NaN     NaN  81715.00  ...  81713.368923  NaN   NaN       NaN        NaN
797  2025-04-23 10:40:38.903863     NaN     NaN     NaN  81715.00  ...  81713.419895  NaN   NaN       NaN        NaN
798  2025-04-23 10:40:38.903863     NaN     NaN     NaN  81715.00  ...  81713.469273  NaN   NaN       NaN        NaN

[799 rows x 13 columns]
2025-04-23 10:40:39,815 INFO:Final row: {'timestamp': Timestamp('2025-04-23 10:40:38.903863'), 'open': nan, 'high': nan, 'low': nan, 'close': 81715.0, 'volume': nan, 'short': 81715.01712723591, 'middle': 81716.20690088155, 'long': 81713.46927287684, 'buy': nan, 'sell': nan, 'buy_exit': nan, 'sell_exit': nan}
2025-04-23 10:40:39,815 INFO:Buy exit signal received
2025-04-23 10:40:39,815 INFO:Sell exit signal received
2025-04-23 10:40:39,815 INFO:Entering while loop with trade_count: 2
2025-04-23 10:40:39,890 INFO:Combined historical with live algo:                       timestamp    open    high     low     close  ...          long  buy  sell  buy_exit  sell_exit
0     2025-04-22 09:15:00+05:30  821.10  821.10  817.00    818.80  ...    818.800000  NaN   NaN       NaN        NaN
1     2025-04-22 09:16:00+05:30  818.75  818.75  814.60    814.60  ...    818.668750  NaN   NaN       NaN        NaN
2     2025-04-22 09:17:00+05:30  814.60  816.00  814.00    815.35  ...    818.565039  NaN   NaN       NaN        NaN
3     2025-04-22 09:18:00+05:30  815.30  816.00  814.75    815.50  ...    818.469257  NaN   NaN       NaN        NaN
4     2025-04-22 09:19:00+05:30  815.55  815.75  814.50    814.60  ...    818.348342  NaN   NaN       NaN        NaN
..                          ...     ...     ...     ...       ...  ...           ...  ...   ...       ...        ...
795  2025-04-23 10:40:38.903863     NaN     NaN     NaN  81715.00  ...  81713.316308  NaN   NaN       NaN        NaN
796  2025-04-23 10:40:38.903863     NaN     NaN     NaN  81715.00  ...  81713.368923  NaN   NaN       NaN        NaN
797  2025-04-23 10:40:38.903863     NaN     NaN     NaN  81715.00  ...  81713.419895  NaN   NaN       NaN        NaN
798  2025-04-23 10:40:38.903863     NaN     NaN     NaN  81715.00  ...  81713.469273  NaN   NaN       NaN        NaN
799  2025-04-23 10:40:39.813539     NaN     NaN     NaN  81725.00  ...  81713.829608  NaN   NaN       NaN        NaN

[800 rows x 13 columns]
2025-04-23 10:40:39,891 INFO:Final row: {'timestamp': Timestamp('2025-04-23 10:40:39.813539'), 'open': nan, 'high': nan, 'low': nan, 'close': 81725.0, 'volume': nan, 'short': 81718.34475149061, 'middle': 81717.00627352868, 'long': 81713.82960809945, 'buy': nan, 'sell': nan, 'buy_exit': nan, 'sell_exit': nan}
2025-04-23 10:40:39,892 INFO:Buy exit signal received
2025-04-23 10:40:39,892 INFO:Sell exit signal received
2025-04-23 10:40:39,892 INFO:Entering while loop with trade_count: 2
2025-04-23 10:40:39,961 INFO:Combined historical with live algo:                       timestamp    open    high     low     close  ...          long  buy  sell  buy_exit  sell_exit
0     2025-04-22 09:15:00+05:30  821.10  821.10  817.00    818.80  ...    818.800000  NaN   NaN       NaN        NaN
1     2025-04-22 09:16:00+05:30  818.75  818.75  814.60    814.60  ...    818.668750  NaN   NaN       NaN        NaN
2     2025-04-22 09:17:00+05:30  814.60  816.00  814.00    815.35  ...    818.565039  NaN   NaN       NaN        NaN
3     2025-04-22 09:18:00+05:30  815.30  816.00  814.75    815.50  ...    818.469257  NaN   NaN       NaN        NaN
4     2025-04-22 09:19:00+05:30  815.55  815.75  814.50    814.60  ...    818.348342  NaN   NaN       NaN        NaN
..                          ...     ...     ...     ...       ...  ...           ...  ...   ...       ...        ...
796  2025-04-23 10:40:38.903863     NaN     NaN     NaN  81715.00  ...  81713.368923  NaN   NaN       NaN        NaN
797  2025-04-23 10:40:38.903863     NaN     NaN     NaN  81715.00  ...  81713.419895  NaN   NaN       NaN        NaN
798  2025-04-23 10:40:38.903863     NaN     NaN     NaN  81715.00  ...  81713.469273  NaN   NaN       NaN        NaN
799  2025-04-23 10:40:39.813539     NaN     NaN     NaN  81725.00  ...  81713.829608  NaN   NaN       NaN        NaN
800  2025-04-23 10:40:39.813539     NaN     NaN     NaN  81725.00  ...  81714.178683  NaN   NaN       NaN        NaN

[801 rows x 13 columns]
2025-04-23 10:40:39,961 INFO:Final row: {'timestamp': Timestamp('2025-04-23 10:40:39.813539'), 'open': nan, 'high': nan, 'low': nan, 'close': 81725.0, 'volume': nan, 'short': 81720.56316766041, 'middle': 81717.73297593516, 'long': 81714.17868284634, 'buy': nan, 'sell': nan, 'buy_exit': nan, 'sell_exit': nan}
2025-04-23 10:40:39,961 INFO:Buy exit signal received
2025-04-23 10:40:39,961 INFO:Sell exit signal received
2025-04-23 10:40:39,961 INFO:Entering while loop with trade_count: 2
2025-04-23 10:40:40,030 INFO:Combined historical with live algo:                       timestamp    open    high     low     close  ...          long  buy  sell  buy_exit  sell_exit
0     2025-04-22 09:15:00+05:30  821.10  821.10  817.00    818.80  ...    818.800000  NaN   NaN       NaN        NaN
1     2025-04-22 09:16:00+05:30  818.75  818.75  814.60    814.60  ...    818.668750  NaN   NaN       NaN        NaN
2     2025-04-22 09:17:00+05:30  814.60  816.00  814.00    815.35  ...    818.565039  NaN   NaN       NaN        NaN
3     2025-04-22 09:18:00+05:30  815.30  816.00  814.75    815.50  ...    818.469257  NaN   NaN       NaN        NaN
4     2025-04-22 09:19:00+05:30  815.55  815.75  814.50    814.60  ...    818.348342  NaN   NaN       NaN        NaN
..                          ...     ...     ...     ...       ...  ...           ...  ...   ...       ...        ...
797  2025-04-23 10:40:38.903863     NaN     NaN     NaN  81715.00  ...  81713.419895  NaN   NaN       NaN        NaN
798  2025-04-23 10:40:38.903863     NaN     NaN     NaN  81715.00  ...  81713.469273  NaN   NaN       NaN        NaN
799  2025-04-23 10:40:39.813539     NaN     NaN     NaN  81725.00  ...  81713.829608  NaN   NaN       NaN        NaN
800  2025-04-23 10:40:39.813539     NaN     NaN     NaN  81725.00  ...  81714.178683  NaN   NaN       NaN        NaN
801  2025-04-23 10:40:39.892774     NaN     NaN     NaN  81725.00  ...  81714.516849  NaN   NaN       NaN        NaN

[802 rows x 13 columns]
2025-04-23 10:40:40,030 INFO:Final row: {'timestamp': Timestamp('2025-04-23 10:40:39.892774'), 'open': nan, 'high': nan, 'low': nan, 'close': 81725.0, 'volume': nan, 'short': 81722.04211177361, 'middle': 81718.3936144865, 'long': 81714.51684900738, 'buy': nan, 'sell': nan, 'buy_exit': nan, 'sell_exit': nan}
2025-04-23 10:40:40,030 INFO:Buy exit signal received
2025-04-23 10:40:40,030 INFO:Sell exit signal received
2025-04-23 10:40:40,030 INFO:Entering while loop with trade_count: 2
2025-04-23 10:40:40,093 INFO:Combined historical with live algo:                       timestamp    open    high     low     close  ...          long  buy  sell  buy_exit  sell_exit
0     2025-04-22 09:15:00+05:30  821.10  821.10  817.00    818.80  ...    818.800000  NaN   NaN       NaN        NaN
1     2025-04-22 09:16:00+05:30  818.75  818.75  814.60    814.60  ...    818.668750  NaN   NaN       NaN        NaN
2     2025-04-22 09:17:00+05:30  814.60  816.00  814.00    815.35  ...    818.565039  NaN   NaN       NaN        NaN
3     2025-04-22 09:18:00+05:30  815.30  816.00  814.75    815.50  ...    818.469257  NaN   NaN       NaN        NaN
4     2025-04-22 09:19:00+05:30  815.55  815.75  814.50    814.60  ...    818.348342  NaN   NaN       NaN        NaN
..                          ...     ...     ...     ...       ...  ...           ...  ...   ...       ...        ...
798  2025-04-23 10:40:38.903863     NaN     NaN     NaN  81715.00  ...  81713.469273  NaN   NaN       NaN        NaN
799  2025-04-23 10:40:39.813539     NaN     NaN     NaN  81725.00  ...  81713.829608  NaN   NaN       NaN        NaN
800  2025-04-23 10:40:39.813539     NaN     NaN     NaN  81725.00  ...  81714.178683  NaN   NaN       NaN        NaN
801  2025-04-23 10:40:39.892774     NaN     NaN     NaN  81725.00  ...  81714.516849  NaN   NaN       NaN        NaN
802  2025-04-23 10:40:39.892774     NaN     NaN     NaN  81725.00  ...  81714.844447  NaN   NaN       NaN        NaN

[803 rows x 13 columns]
2025-04-23 10:40:40,093 INFO:Final row: {'timestamp': Timestamp('2025-04-23 10:40:39.892774'), 'open': nan, 'high': nan, 'low': nan, 'close': 81725.0, 'volume': nan, 'short': 81723.02807451575, 'middle': 81718.99419498772, 'long': 81714.8444474759, 'buy': nan, 'sell': nan, 'buy_exit': nan, 'sell_exit': nan}
2025-04-23 10:40:40,093 INFO:Buy exit signal received
2025-04-23 10:40:40,093 INFO:Sell exit signal received
2025-04-23 10:40:40,093 INFO:Entering while loop with trade_count: 2
2025-04-23 10:40:40,162 INFO:Combined historical with live algo:                       timestamp    open    high     low     close  ...          long  buy  sell  buy_exit  sell_exit
0     2025-04-22 09:15:00+05:30  821.10  821.10  817.00    818.80  ...    818.800000  NaN   NaN       NaN        NaN
1     2025-04-22 09:16:00+05:30  818.75  818.75  814.60    814.60  ...    818.668750  NaN   NaN       NaN        NaN
2     2025-04-22 09:17:00+05:30  814.60  816.00  814.00    815.35  ...    818.565039  NaN   NaN       NaN        NaN
3     2025-04-22 09:18:00+05:30  815.30  816.00  814.75    815.50  ...    818.469257  NaN   NaN       NaN        NaN
4     2025-04-22 09:19:00+05:30  815.55  815.75  814.50    814.60  ...    818.348342  NaN   NaN       NaN        NaN
..                          ...     ...     ...     ...       ...  ...           ...  ...   ...       ...        ...
799  2025-04-23 10:40:39.813539     NaN     NaN     NaN  81725.00  ...  81713.829608  NaN   NaN       NaN        NaN
800  2025-04-23 10:40:39.813539     NaN     NaN     NaN  81725.00  ...  81714.178683  NaN   NaN       NaN        NaN
801  2025-04-23 10:40:39.892774     NaN     NaN     NaN  81725.00  ...  81714.516849  NaN   NaN       NaN        NaN
802  2025-04-23 10:40:39.892774     NaN     NaN     NaN  81725.00  ...  81714.844447  NaN   NaN       NaN        NaN
803  2025-04-23 10:40:39.892774     NaN     NaN     NaN  81725.00  ...  81715.161808  NaN   NaN       NaN        NaN

[804 rows x 13 columns]
2025-04-23 10:40:40,162 INFO:Final row: {'timestamp': Timestamp('2025-04-23 10:40:39.892774'), 'open': nan, 'high': nan, 'low': nan, 'close': 81725.0, 'volume': nan, 'short': 81723.68538301051, 'middle': 81719.54017726157, 'long': 81715.16180849228, 'buy': nan, 'sell': nan, 'buy_exit': nan, 'sell_exit': nan}
2025-04-23 10:40:40,167 INFO:Buy exit signal received
2025-04-23 10:40:40,167 INFO:Sell exit signal received
2025-04-23 10:40:40,167 INFO:Entering while loop with trade_count: 2
2025-04-23 10:40:40,242 INFO:Combined historical with live algo:                       timestamp    open    high     low     close  ...          long  buy  sell  buy_exit  sell_exit
0     2025-04-22 09:15:00+05:30  821.10  821.10  817.00    818.80  ...    818.800000  NaN   NaN       NaN        NaN
1     2025-04-22 09:16:00+05:30  818.75  818.75  814.60    814.60  ...    818.668750  NaN   NaN       NaN        NaN
2     2025-04-22 09:17:00+05:30  814.60  816.00  814.00    815.35  ...    818.565039  NaN   NaN       NaN        NaN
3     2025-04-22 09:18:00+05:30  815.30  816.00  814.75    815.50  ...    818.469257  NaN   NaN       NaN        NaN
4     2025-04-22 09:19:00+05:30  815.55  815.75  814.50    814.60  ...    818.348342  NaN   NaN       NaN        NaN
..                          ...     ...     ...     ...       ...  ...           ...  ...   ...       ...        ...
800  2025-04-23 10:40:39.813539     NaN     NaN     NaN  81725.00  ...  81714.178683  NaN   NaN       NaN        NaN
801  2025-04-23 10:40:39.892774     NaN     NaN     NaN  81725.00  ...  81714.516849  NaN   NaN       NaN        NaN
802  2025-04-23 10:40:39.892774     NaN     NaN     NaN  81725.00  ...  81714.844447  NaN   NaN       NaN        NaN
803  2025-04-23 10:40:39.892774     NaN     NaN     NaN  81725.00  ...  81715.161808  NaN   NaN       NaN        NaN
804  2025-04-23 10:40:39.892774     NaN     NaN     NaN  81725.00  ...  81715.469252  NaN   NaN       NaN        NaN

[805 rows x 13 columns]
2025-04-23 10:40:40,245 INFO:Final row: {'timestamp': Timestamp('2025-04-23 10:40:39.892774'), 'open': nan, 'high': nan, 'low': nan, 'close': 81725.0, 'volume': nan, 'short': 81724.12358867368, 'middle': 81720.03652478325, 'long': 81715.4692519769, 'buy': nan, 'sell': nan, 'buy_exit': nan, 'sell_exit': nan}
2025-04-23 10:40:40,245 INFO:Buy exit signal received
2025-04-23 10:40:40,245 INFO:Sell exit signal received
2025-04-23 10:40:40,245 INFO:Entering while loop with trade_count: 2
2025-04-23 10:40:40,322 INFO:Combined historical with live algo:                       timestamp    open    high     low     close  ...          long  buy  sell  buy_exit  sell_exit
0     2025-04-22 09:15:00+05:30  821.10  821.10  817.00    818.80  ...    818.800000  NaN   NaN       NaN        NaN
1     2025-04-22 09:16:00+05:30  818.75  818.75  814.60    814.60  ...    818.668750  NaN   NaN       NaN        NaN
2     2025-04-22 09:17:00+05:30  814.60  816.00  814.00    815.35  ...    818.565039  NaN   NaN       NaN        NaN
3     2025-04-22 09:18:00+05:30  815.30  816.00  814.75    815.50  ...    818.469257  NaN   NaN       NaN        NaN
4     2025-04-22 09:19:00+05:30  815.55  815.75  814.50    814.60  ...    818.348342  NaN   NaN       NaN        NaN
..                          ...     ...     ...     ...       ...  ...           ...  ...   ...       ...        ...
801  2025-04-23 10:40:39.892774     NaN     NaN     NaN  81725.00  ...  81714.516849  NaN   NaN       NaN        NaN
802  2025-04-23 10:40:39.892774     NaN     NaN     NaN  81725.00  ...  81714.844447  NaN   NaN       NaN        NaN
803  2025-04-23 10:40:39.892774     NaN     NaN     NaN  81725.00  ...  81715.161808  NaN   NaN       NaN        NaN
804  2025-04-23 10:40:39.892774     NaN     NaN     NaN  81725.00  ...  81715.469252  NaN   NaN       NaN        NaN
805  2025-04-23 10:40:39.892774     NaN     NaN     NaN  81725.00  ...  81715.767088  NaN   NaN       NaN        NaN

[806 rows x 13 columns]
2025-04-23 10:40:40,324 INFO:Final row: {'timestamp': Timestamp('2025-04-23 10:40:39.892774'), 'open': nan, 'high': nan, 'low': nan, 'close': 81725.0, 'volume': nan, 'short': 81724.41572578246, 'middle': 81720.48774980295, 'long': 81715.76708785263, 'buy': nan, 'sell': nan, 'buy_exit': nan, 'sell_exit': nan}
2025-04-23 10:40:40,324 INFO:Buy exit signal received
2025-04-23 10:40:40,324 INFO:Sell exit signal received
2025-04-23 10:40:40,324 INFO:Entering while loop with trade_count: 2
2025-04-23 10:40:40,393 INFO:Combined historical with live algo:                       timestamp    open    high     low     close  ...          long  buy  sell  buy_exit  sell_exit
0     2025-04-22 09:15:00+05:30  821.10  821.10  817.00    818.80  ...    818.800000  NaN   NaN       NaN        NaN
1     2025-04-22 09:16:00+05:30  818.75  818.75  814.60    814.60  ...    818.668750  NaN   NaN       NaN        NaN
2     2025-04-22 09:17:00+05:30  814.60  816.00  814.00    815.35  ...    818.565039  NaN   NaN       NaN        NaN
3     2025-04-22 09:18:00+05:30  815.30  816.00  814.75    815.50  ...    818.469257  NaN   NaN       NaN        NaN
4     2025-04-22 09:19:00+05:30  815.55  815.75  814.50    814.60  ...    818.348342  NaN   NaN       NaN        NaN
..                          ...     ...     ...     ...       ...  ...           ...  ...   ...       ...        ...
802  2025-04-23 10:40:39.892774     NaN     NaN     NaN  81725.00  ...  81714.844447  NaN   NaN       NaN        NaN
803  2025-04-23 10:40:39.892774     NaN     NaN     NaN  81725.00  ...  81715.161808  NaN   NaN       NaN        NaN
804  2025-04-23 10:40:39.892774     NaN     NaN     NaN  81725.00  ...  81715.469252  NaN   NaN       NaN        NaN
805  2025-04-23 10:40:39.892774     NaN     NaN     NaN  81725.00  ...  81715.767088  NaN   NaN       NaN        NaN
806  2025-04-23 10:40:39.892774     NaN     NaN     NaN  81725.00  ...  81716.055616  NaN   NaN       NaN        NaN

[807 rows x 13 columns]
2025-04-23 10:40:40,398 INFO:Final row: {'timestamp': Timestamp('2025-04-23 10:40:39.892774'), 'open': nan, 'high': nan, 'low': nan, 'close': 81725.0, 'volume': nan, 'short': 81724.61048385498, 'middle': 81720.89795436632, 'long': 81716.05561635723, 'buy': nan, 'sell': nan, 'buy_exit': nan, 'sell_exit': nan}
2025-04-23 10:40:40,398 INFO:Buy exit signal received
2025-04-23 10:40:40,398 INFO:Sell exit signal received
2025-04-23 10:40:40,398 INFO:Entering while loop with trade_count: 2
2025-04-23 10:40:40,482 INFO:Combined historical with live algo:                       timestamp    open    high     low     close  ...          long  buy  sell  buy_exit  sell_exit
0     2025-04-22 09:15:00+05:30  821.10  821.10  817.00    818.80  ...    818.800000  NaN   NaN       NaN        NaN
1     2025-04-22 09:16:00+05:30  818.75  818.75  814.60    814.60  ...    818.668750  NaN   NaN       NaN        NaN
2     2025-04-22 09:17:00+05:30  814.60  816.00  814.00    815.35  ...    818.565039  NaN   NaN       NaN        NaN
3     2025-04-22 09:18:00+05:30  815.30  816.00  814.75    815.50  ...    818.469257  NaN   NaN       NaN        NaN
4     2025-04-22 09:19:00+05:30  815.55  815.75  814.50    814.60  ...    818.348342  NaN   NaN       NaN        NaN
..                          ...     ...     ...     ...       ...  ...           ...  ...   ...       ...        ...
803  2025-04-23 10:40:39.892774     NaN     NaN     NaN  81725.00  ...  81715.161808  NaN   NaN       NaN        NaN
804  2025-04-23 10:40:39.892774     NaN     NaN     NaN  81725.00  ...  81715.469252  NaN   NaN       NaN        NaN
805  2025-04-23 10:40:39.892774     NaN     NaN     NaN  81725.00  ...  81715.767088  NaN   NaN       NaN        NaN
806  2025-04-23 10:40:39.892774     NaN     NaN     NaN  81725.00  ...  81716.055616  NaN   NaN       NaN        NaN
807  2025-04-23 10:40:39.892774     NaN     NaN     NaN  81725.00  ...  81716.335128  NaN   NaN       NaN        NaN

[808 rows x 13 columns]
2025-04-23 10:40:40,484 INFO:Final row: {'timestamp': Timestamp('2025-04-23 10:40:39.892774'), 'open': nan, 'high': nan, 'low': nan, 'close': 81725.0, 'volume': nan, 'short': 81724.74032257, 'middle': 81721.27086760574, 'long': 81716.33512834607, 'buy': nan, 'sell': nan, 'buy_exit': nan, 'sell_exit': nan}
2025-04-23 10:40:40,484 INFO:Buy exit signal received
2025-04-23 10:40:40,484 INFO:Sell exit signal received
2025-04-23 10:40:40,484 INFO:Entering while loop with trade_count: 2
2025-04-23 10:40:40,527 INFO:Combined historical with live algo:                       timestamp    open    high     low     close  ...          long  buy  sell  buy_exit  sell_exit
0     2025-04-22 09:15:00+05:30  821.10  821.10  817.00    818.80  ...    818.800000  NaN   NaN       NaN        NaN
1     2025-04-22 09:16:00+05:30  818.75  818.75  814.60    814.60  ...    818.668750  NaN   NaN       NaN        NaN
2     2025-04-22 09:17:00+05:30  814.60  816.00  814.00    815.35  ...    818.565039  NaN   NaN       NaN        NaN
3     2025-04-22 09:18:00+05:30  815.30  816.00  814.75    815.50  ...    818.469257  NaN   NaN       NaN        NaN
4     2025-04-22 09:19:00+05:30  815.55  815.75  814.50    814.60  ...    818.348342  NaN   NaN       NaN        NaN
..                          ...     ...     ...     ...       ...  ...           ...  ...   ...       ...        ...
804  2025-04-23 10:40:39.892774     NaN     NaN     NaN  81725.00  ...  81715.469252  NaN   NaN       NaN        NaN
805  2025-04-23 10:40:39.892774     NaN     NaN     NaN  81725.00  ...  81715.767088  NaN   NaN       NaN        NaN
806  2025-04-23 10:40:39.892774     NaN     NaN     NaN  81725.00  ...  81716.055616  NaN   NaN       NaN        NaN
807  2025-04-23 10:40:39.892774     NaN     NaN     NaN  81725.00  ...  81716.335128  NaN   NaN       NaN        NaN
808  2025-04-23 10:40:39.892774     NaN     NaN     NaN  81725.00  ...  81716.605906  NaN   NaN       NaN        NaN

[809 rows x 13 columns]
2025-04-23 10:40:40,527 INFO:Final row: {'timestamp': Timestamp('2025-04-23 10:40:39.892774'), 'open': nan, 'high': nan, 'low': nan, 'close': 81725.0, 'volume': nan, 'short': 81724.82688171334, 'middle': 81721.60987964158, 'long': 81716.60590558525, 'buy': nan, 'sell': nan, 'buy_exit': nan, 'sell_exit': nan}
2025-04-23 10:40:40,527 INFO:Buy exit signal received
2025-04-23 10:40:40,527 INFO:Sell exit signal received
2025-04-23 10:40:40,527 INFO:Entering while loop with trade_count: 2
2025-04-23 10:40:40,592 INFO:Combined historical with live algo:                       timestamp    open    high     low     close  ...          long  buy  sell  buy_exit  sell_exit
0     2025-04-22 09:15:00+05:30  821.10  821.10  817.00    818.80  ...    818.800000  NaN   NaN       NaN        NaN
1     2025-04-22 09:16:00+05:30  818.75  818.75  814.60    814.60  ...    818.668750  NaN   NaN       NaN        NaN
2     2025-04-22 09:17:00+05:30  814.60  816.00  814.00    815.35  ...    818.565039  NaN   NaN       NaN        NaN
3     2025-04-22 09:18:00+05:30  815.30  816.00  814.75    815.50  ...    818.469257  NaN   NaN       NaN        NaN
4     2025-04-22 09:19:00+05:30  815.55  815.75  814.50    814.60  ...    818.348342  NaN   NaN       NaN        NaN
..                          ...     ...     ...     ...       ...  ...           ...  ...   ...       ...        ...
805  2025-04-23 10:40:39.892774     NaN     NaN     NaN  81725.00  ...  81715.767088  NaN   NaN       NaN        NaN
806  2025-04-23 10:40:39.892774     NaN     NaN     NaN  81725.00  ...  81716.055616  NaN   NaN       NaN        NaN
807  2025-04-23 10:40:39.892774     NaN     NaN     NaN  81725.00  ...  81716.335128  NaN   NaN       NaN        NaN
808  2025-04-23 10:40:39.892774     NaN     NaN     NaN  81725.00  ...  81716.605906  NaN   NaN       NaN        NaN
809  2025-04-23 10:40:39.892774     NaN     NaN     NaN  81725.00  ...  81716.868221  NaN   NaN       NaN        NaN

[810 rows x 13 columns]
2025-04-23 10:40:40,592 INFO:Final row: {'timestamp': Timestamp('2025-04-23 10:40:39.892774'), 'open': nan, 'high': nan, 'low': nan, 'close': 81725.0, 'volume': nan, 'short': 81724.88458780889, 'middle': 81721.91807240143, 'long': 81716.86822103571, 'buy': nan, 'sell': nan, 'buy_exit': nan, 'sell_exit': nan}
2025-04-23 10:40:40,592 INFO:Buy exit signal received
2025-04-23 10:40:40,592 INFO:Sell exit signal received
2025-04-23 10:40:40,592 INFO:Entering while loop with trade_count: 2
2025-04-23 10:40:40,651 INFO:Combined historical with live algo:                       timestamp    open    high     low     close  ...          long  buy  sell  buy_exit  sell_exit
0     2025-04-22 09:15:00+05:30  821.10  821.10  817.00    818.80  ...    818.800000  NaN   NaN       NaN        NaN
1     2025-04-22 09:16:00+05:30  818.75  818.75  814.60    814.60  ...    818.668750  NaN   NaN       NaN        NaN
2     2025-04-22 09:17:00+05:30  814.60  816.00  814.00    815.35  ...    818.565039  NaN   NaN       NaN        NaN
3     2025-04-22 09:18:00+05:30  815.30  816.00  814.75    815.50  ...    818.469257  NaN   NaN       NaN        NaN
4     2025-04-22 09:19:00+05:30  815.55  815.75  814.50    814.60  ...    818.348342  NaN   NaN       NaN        NaN
..                          ...     ...     ...     ...       ...  ...           ...  ...   ...       ...        ...
806  2025-04-23 10:40:39.892774     NaN     NaN     NaN  81725.00  ...  81716.055616  NaN   NaN       NaN        NaN
807  2025-04-23 10:40:39.892774     NaN     NaN     NaN  81725.00  ...  81716.335128  NaN   NaN       NaN        NaN
808  2025-04-23 10:40:39.892774     NaN     NaN     NaN  81725.00  ...  81716.605906  NaN   NaN       NaN        NaN
809  2025-04-23 10:40:39.892774     NaN     NaN     NaN  81725.00  ...  81716.868221  NaN   NaN       NaN        NaN
810  2025-04-23 10:40:39.892774     NaN     NaN     NaN  81725.00  ...  81717.122339  NaN   NaN       NaN        NaN

[811 rows x 13 columns]
2025-04-23 10:40:40,651 INFO:Final row: {'timestamp': Timestamp('2025-04-23 10:40:39.892774'), 'open': nan, 'high': nan, 'low': nan, 'close': 81725.0, 'volume': nan, 'short': 81724.92305853927, 'middle': 81722.19824763766, 'long': 81717.12233912834, 'buy': nan, 'sell': nan, 'buy_exit': nan, 'sell_exit': nan}
2025-04-23 10:40:40,651 INFO:Buy exit signal received
2025-04-23 10:40:40,651 INFO:Sell exit signal received
2025-04-23 10:40:40,651 INFO:Entering while loop with trade_count: 2
2025-04-23 10:40:40,716 INFO:Combined historical with live algo:                       timestamp    open    high     low     close  ...          long  buy  sell  buy_exit  sell_exit
0     2025-04-22 09:15:00+05:30  821.10  821.10  817.00    818.80  ...    818.800000  NaN   NaN       NaN        NaN
1     2025-04-22 09:16:00+05:30  818.75  818.75  814.60    814.60  ...    818.668750  NaN   NaN       NaN        NaN
2     2025-04-22 09:17:00+05:30  814.60  816.00  814.00    815.35  ...    818.565039  NaN   NaN       NaN        NaN
3     2025-04-22 09:18:00+05:30  815.30  816.00  814.75    815.50  ...    818.469257  NaN   NaN       NaN        NaN
4     2025-04-22 09:19:00+05:30  815.55  815.75  814.50    814.60  ...    818.348342  NaN   NaN       NaN        NaN
..                          ...     ...     ...     ...       ...  ...           ...  ...   ...       ...        ...
807  2025-04-23 10:40:39.892774     NaN     NaN     NaN  81725.00  ...  81716.335128  NaN   NaN       NaN        NaN
808  2025-04-23 10:40:39.892774     NaN     NaN     NaN  81725.00  ...  81716.605906  NaN   NaN       NaN        NaN
809  2025-04-23 10:40:39.892774     NaN     NaN     NaN  81725.00  ...  81716.868221  NaN   NaN       NaN        NaN
810  2025-04-23 10:40:39.892774     NaN     NaN     NaN  81725.00  ...  81717.122339  NaN   NaN       NaN        NaN
811  2025-04-23 10:40:39.892774     NaN     NaN     NaN  81725.00  ...  81717.368516  NaN   NaN       NaN        NaN

[812 rows x 13 columns]
2025-04-23 10:40:40,716 INFO:Final row: {'timestamp': Timestamp('2025-04-23 10:40:39.892774'), 'open': nan, 'high': nan, 'low': nan, 'close': 81725.0, 'volume': nan, 'short': 81724.94870569285, 'middle': 81722.45295239787, 'long': 81717.36851603058, 'buy': nan, 'sell': nan, 'buy_exit': nan, 'sell_exit': nan}
2025-04-23 10:40:40,716 INFO:Buy exit signal received
2025-04-23 10:40:40,716 INFO:Sell exit signal received
2025-04-23 10:40:40,716 INFO:Entering while loop with trade_count: 2
2025-04-23 10:40:40,791 INFO:Combined historical with live algo:                       timestamp    open    high     low     close  ...          long  buy  sell  buy_exit  sell_exit
0     2025-04-22 09:15:00+05:30  821.10  821.10  817.00    818.80  ...    818.800000  NaN   NaN       NaN        NaN
1     2025-04-22 09:16:00+05:30  818.75  818.75  814.60    814.60  ...    818.668750  NaN   NaN       NaN        NaN
2     2025-04-22 09:17:00+05:30  814.60  816.00  814.00    815.35  ...    818.565039  NaN   NaN       NaN        NaN
3     2025-04-22 09:18:00+05:30  815.30  816.00  814.75    815.50  ...    818.469257  NaN   NaN       NaN        NaN
4     2025-04-22 09:19:00+05:30  815.55  815.75  814.50    814.60  ...    818.348342  NaN   NaN       NaN        NaN
..                          ...     ...     ...     ...       ...  ...           ...  ...   ...       ...        ...
808  2025-04-23 10:40:39.892774     NaN     NaN     NaN  81725.00  ...  81716.605906  NaN   NaN       NaN        NaN
809  2025-04-23 10:40:39.892774     NaN     NaN     NaN  81725.00  ...  81716.868221  NaN   NaN       NaN        NaN
810  2025-04-23 10:40:39.892774     NaN     NaN     NaN  81725.00  ...  81717.122339  NaN   NaN       NaN        NaN
811  2025-04-23 10:40:39.892774     NaN     NaN     NaN  81725.00  ...  81717.368516  NaN   NaN       NaN        NaN
812  2025-04-23 10:40:39.892774     NaN     NaN     NaN  81725.00  ...  81717.607000  NaN   NaN       NaN        NaN

[813 rows x 13 columns]
2025-04-23 10:40:40,791 INFO:Final row: {'timestamp': Timestamp('2025-04-23 10:40:39.892774'), 'open': nan, 'high': nan, 'low': nan, 'close': 81725.0, 'volume': nan, 'short': 81724.96580379523, 'middle': 81722.68450217988, 'long': 81717.60699990462, 'buy': nan, 'sell': nan, 'buy_exit': nan, 'sell_exit': nan}
2025-04-23 10:40:40,791 INFO:Buy exit signal received
2025-04-23 10:40:40,791 INFO:Sell exit signal received
2025-04-23 10:40:40,791 INFO:Entering while loop with trade_count: 2
2025-04-23 10:40:40,852 INFO:Combined historical with live algo:                       timestamp    open    high     low     close  ...          long  buy  sell  buy_exit  sell_exit
0     2025-04-22 09:15:00+05:30  821.10  821.10  817.00    818.80  ...    818.800000  NaN   NaN       NaN        NaN
1     2025-04-22 09:16:00+05:30  818.75  818.75  814.60    814.60  ...    818.668750  NaN   NaN       NaN        NaN
2     2025-04-22 09:17:00+05:30  814.60  816.00  814.00    815.35  ...    818.565039  NaN   NaN       NaN        NaN
3     2025-04-22 09:18:00+05:30  815.30  816.00  814.75    815.50  ...    818.469257  NaN   NaN       NaN        NaN
4     2025-04-22 09:19:00+05:30  815.55  815.75  814.50    814.60  ...    818.348342  NaN   NaN       NaN        NaN
..                          ...     ...     ...     ...       ...  ...           ...  ...   ...       ...        ...
809  2025-04-23 10:40:39.892774     NaN     NaN     NaN  81725.00  ...  81716.868221  NaN   NaN       NaN        NaN
810  2025-04-23 10:40:39.892774     NaN     NaN     NaN  81725.00  ...  81717.122339  NaN   NaN       NaN        NaN
811  2025-04-23 10:40:39.892774     NaN     NaN     NaN  81725.00  ...  81717.368516  NaN   NaN       NaN        NaN
812  2025-04-23 10:40:39.892774     NaN     NaN     NaN  81725.00  ...  81717.607000  NaN   NaN       NaN        NaN
813  2025-04-23 10:40:39.892774     NaN     NaN     NaN  81725.00  ...  81717.838031  NaN   NaN       NaN        NaN

[814 rows x 13 columns]
2025-04-23 10:40:40,852 INFO:Final row: {'timestamp': Timestamp('2025-04-23 10:40:39.892774'), 'open': nan, 'high': nan, 'low': nan, 'close': 81725.0, 'volume': nan, 'short': 81724.97720253016, 'middle': 81722.89500198171, 'long': 81717.83803115759, 'buy': nan, 'sell': nan, 'buy_exit': nan, 'sell_exit': nan}
2025-04-23 10:40:40,852 INFO:Buy exit signal received
2025-04-23 10:40:40,852 INFO:Sell exit signal received
2025-04-23 10:40:40,852 INFO:Entering while loop with trade_count: 2
2025-04-23 10:40:40,908 INFO:Combined historical with live algo:                       timestamp    open    high     low     close  ...          long  buy  sell  buy_exit  sell_exit
0     2025-04-22 09:15:00+05:30  821.10  821.10  817.00    818.80  ...    818.800000  NaN   NaN       NaN        NaN
1     2025-04-22 09:16:00+05:30  818.75  818.75  814.60    814.60  ...    818.668750  NaN   NaN       NaN        NaN
2     2025-04-22 09:17:00+05:30  814.60  816.00  814.00    815.35  ...    818.565039  NaN   NaN       NaN        NaN
3     2025-04-22 09:18:00+05:30  815.30  816.00  814.75    815.50  ...    818.469257  NaN   NaN       NaN        NaN
4     2025-04-22 09:19:00+05:30  815.55  815.75  814.50    814.60  ...    818.348342  NaN   NaN       NaN        NaN
..                          ...     ...     ...     ...       ...  ...           ...  ...   ...       ...        ...
810  2025-04-23 10:40:39.892774     NaN     NaN     NaN  81725.00  ...  81717.122339  NaN   NaN       NaN        NaN
811  2025-04-23 10:40:39.892774     NaN     NaN     NaN  81725.00  ...  81717.368516  NaN   NaN       NaN        NaN
812  2025-04-23 10:40:39.892774     NaN     NaN     NaN  81725.00  ...  81717.607000  NaN   NaN       NaN        NaN
813  2025-04-23 10:40:39.892774     NaN     NaN     NaN  81725.00  ...  81717.838031  NaN   NaN       NaN        NaN
814  2025-04-23 10:40:40.813462     NaN     NaN     NaN  81725.00  ...  81718.061843  NaN   NaN       NaN        NaN

[815 rows x 13 columns]
2025-04-23 10:40:40,908 INFO:Final row: {'timestamp': Timestamp('2025-04-23 10:40:40.813462'), 'open': nan, 'high': nan, 'low': nan, 'close': 81725.0, 'volume': nan, 'short': 81724.98480168678, 'middle': 81723.08636543792, 'long': 81718.06184268392, 'buy': nan, 'sell': nan, 'buy_exit': nan, 'sell_exit': nan}
2025-04-23 10:40:40,908 INFO:Buy exit signal received
2025-04-23 10:40:40,908 INFO:Sell exit signal received
2025-04-23 10:40:40,908 INFO:Entering while loop with trade_count: 2
2025-04-23 10:40:40,961 INFO:Combined historical with live algo:                       timestamp    open    high     low     close  ...          long  buy  sell  buy_exit  sell_exit
0     2025-04-22 09:15:00+05:30  821.10  821.10  817.00    818.80  ...    818.800000  NaN   NaN       NaN        NaN
1     2025-04-22 09:16:00+05:30  818.75  818.75  814.60    814.60  ...    818.668750  NaN   NaN       NaN        NaN
2     2025-04-22 09:17:00+05:30  814.60  816.00  814.00    815.35  ...    818.565039  NaN   NaN       NaN        NaN
3     2025-04-22 09:18:00+05:30  815.30  816.00  814.75    815.50  ...    818.469257  NaN   NaN       NaN        NaN
4     2025-04-22 09:19:00+05:30  815.55  815.75  814.50    814.60  ...    818.348342  NaN   NaN       NaN        NaN
..                          ...     ...     ...     ...       ...  ...           ...  ...   ...       ...        ...
811  2025-04-23 10:40:39.892774     NaN     NaN     NaN  81725.00  ...  81717.368516  NaN   NaN       NaN        NaN
812  2025-04-23 10:40:39.892774     NaN     NaN     NaN  81725.00  ...  81717.607000  NaN   NaN       NaN        NaN
813  2025-04-23 10:40:39.892774     NaN     NaN     NaN  81725.00  ...  81717.838031  NaN   NaN       NaN        NaN
814  2025-04-23 10:40:40.813462     NaN     NaN     NaN  81725.00  ...  81718.061843  NaN   NaN       NaN        NaN
815  2025-04-23 10:40:40.901335     NaN     NaN     NaN  81725.00  ...  81718.278660  NaN   NaN       NaN        NaN

[816 rows x 13 columns]
2025-04-23 10:40:40,961 INFO:Final row: {'timestamp': Timestamp('2025-04-23 10:40:40.901335'), 'open': nan, 'high': nan, 'low': nan, 'close': 81725.0, 'volume': nan, 'short': 81724.98986779118, 'middle': 81723.26033221629, 'long': 81718.27866010006, 'buy': nan, 'sell': nan, 'buy_exit': nan, 'sell_exit': nan}
2025-04-23 10:40:40,961 INFO:Buy exit signal received
2025-04-23 10:40:40,961 INFO:Sell exit signal received
2025-04-23 10:40:40,961 INFO:Entering while loop with trade_count: 2
2025-04-23 10:40:41,015 INFO:Combined historical with live algo:                       timestamp    open    high     low     close  ...          long  buy  sell  buy_exit  sell_exit
0     2025-04-22 09:15:00+05:30  821.10  821.10  817.00    818.80  ...    818.800000  NaN   NaN       NaN        NaN
1     2025-04-22 09:16:00+05:30  818.75  818.75  814.60    814.60  ...    818.668750  NaN   NaN       NaN        NaN
2     2025-04-22 09:17:00+05:30  814.60  816.00  814.00    815.35  ...    818.565039  NaN   NaN       NaN        NaN
3     2025-04-22 09:18:00+05:30  815.30  816.00  814.75    815.50  ...    818.469257  NaN   NaN       NaN        NaN
4     2025-04-22 09:19:00+05:30  815.55  815.75  814.50    814.60  ...    818.348342  NaN   NaN       NaN        NaN
..                          ...     ...     ...     ...       ...  ...           ...  ...   ...       ...        ...
812  2025-04-23 10:40:39.892774     NaN     NaN     NaN  81725.00  ...  81717.607000  NaN   NaN       NaN        NaN
813  2025-04-23 10:40:39.892774     NaN     NaN     NaN  81725.00  ...  81717.838031  NaN   NaN       NaN        NaN
814  2025-04-23 10:40:40.813462     NaN     NaN     NaN  81725.00  ...  81718.061843  NaN   NaN       NaN        NaN
815  2025-04-23 10:40:40.901335     NaN     NaN     NaN  81725.00  ...  81718.278660  NaN   NaN       NaN        NaN
816  2025-04-23 10:40:40.901335     NaN     NaN     NaN  81725.00  ...  81718.488702  NaN   NaN       NaN        NaN

[817 rows x 13 columns]
2025-04-23 10:40:41,022 INFO:Final row: {'timestamp': Timestamp('2025-04-23 10:40:40.901335'), 'open': nan, 'high': nan, 'low': nan, 'close': 81725.0, 'volume': nan, 'short': 81724.99324519413, 'middle': 81723.418483833, 'long': 81718.48870197193, 'buy': nan, 'sell': nan, 'buy_exit': nan, 'sell_exit': nan}
2025-04-23 10:40:41,022 INFO:Buy exit signal received
2025-04-23 10:40:41,022 INFO:Sell exit signal received
2025-04-23 10:40:41,023 INFO:Entering while loop with trade_count: 2
2025-04-23 10:40:41,071 INFO:Combined historical with live algo:                       timestamp    open    high     low     close  ...          long  buy  sell  buy_exit  sell_exit
0     2025-04-22 09:15:00+05:30  821.10  821.10  817.00    818.80  ...    818.800000  NaN   NaN       NaN        NaN
1     2025-04-22 09:16:00+05:30  818.75  818.75  814.60    814.60  ...    818.668750  NaN   NaN       NaN        NaN
2     2025-04-22 09:17:00+05:30  814.60  816.00  814.00    815.35  ...    818.565039  NaN   NaN       NaN        NaN
3     2025-04-22 09:18:00+05:30  815.30  816.00  814.75    815.50  ...    818.469257  NaN   NaN       NaN        NaN
4     2025-04-22 09:19:00+05:30  815.55  815.75  814.50    814.60  ...    818.348342  NaN   NaN       NaN        NaN
..                          ...     ...     ...     ...       ...  ...           ...  ...   ...       ...        ...
813  2025-04-23 10:40:39.892774     NaN     NaN     NaN  81725.00  ...  81717.838031  NaN   NaN       NaN        NaN
814  2025-04-23 10:40:40.813462     NaN     NaN     NaN  81725.00  ...  81718.061843  NaN   NaN       NaN        NaN
815  2025-04-23 10:40:40.901335     NaN     NaN     NaN  81725.00  ...  81718.278660  NaN   NaN       NaN        NaN
816  2025-04-23 10:40:40.901335     NaN     NaN     NaN  81725.00  ...  81718.488702  NaN   NaN       NaN        NaN
817  2025-04-23 10:40:40.901335     NaN     NaN     NaN  81725.00  ...  81718.692180  NaN   NaN       NaN        NaN

[818 rows x 13 columns]
2025-04-23 10:40:41,072 INFO:Final row: {'timestamp': Timestamp('2025-04-23 10:40:40.901335'), 'open': nan, 'high': nan, 'low': nan, 'close': 81725.0, 'volume': nan, 'short': 81724.9954967961, 'middle': 81723.56225803, 'long': 81718.69218003532, 'buy': nan, 'sell': nan, 'buy_exit': nan, 'sell_exit': nan}
2025-04-23 10:40:41,072 INFO:Buy exit signal received
2025-04-23 10:40:41,074 INFO:Sell exit signal received
2025-04-23 10:40:41,074 INFO:Entering while loop with trade_count: 2
2025-04-23 10:40:41,128 INFO:Combined historical with live algo:                       timestamp    open    high     low     close  ...          long  buy  sell  buy_exit  sell_exit
0     2025-04-22 09:15:00+05:30  821.10  821.10  817.00    818.80  ...    818.800000  NaN   NaN       NaN        NaN
1     2025-04-22 09:16:00+05:30  818.75  818.75  814.60    814.60  ...    818.668750  NaN   NaN       NaN        NaN
2     2025-04-22 09:17:00+05:30  814.60  816.00  814.00    815.35  ...    818.565039  NaN   NaN       NaN        NaN
3     2025-04-22 09:18:00+05:30  815.30  816.00  814.75    815.50  ...    818.469257  NaN   NaN       NaN        NaN
4     2025-04-22 09:19:00+05:30  815.55  815.75  814.50    814.60  ...    818.348342  NaN   NaN       NaN        NaN
..                          ...     ...     ...     ...       ...  ...           ...  ...   ...       ...        ...
814  2025-04-23 10:40:40.813462     NaN     NaN     NaN  81725.00  ...  81718.061843  NaN   NaN       NaN        NaN
815  2025-04-23 10:40:40.901335     NaN     NaN     NaN  81725.00  ...  81718.278660  NaN   NaN       NaN        NaN
816  2025-04-23 10:40:40.901335     NaN     NaN     NaN  81725.00  ...  81718.488702  NaN   NaN       NaN        NaN
817  2025-04-23 10:40:40.901335     NaN     NaN     NaN  81725.00  ...  81718.692180  NaN   NaN       NaN        NaN
818  2025-04-23 10:40:40.901335     NaN     NaN     NaN  81725.00  ...  81718.889299  NaN   NaN       NaN        NaN

[819 rows x 13 columns]
2025-04-23 10:40:41,128 INFO:Final row: {'timestamp': Timestamp('2025-04-23 10:40:40.901335'), 'open': nan, 'high': nan, 'low': nan, 'close': 81725.0, 'volume': nan, 'short': 81724.99699786407, 'middle': 81723.69296184545, 'long': 81718.88929940922, 'buy': nan, 'sell': nan, 'buy_exit': nan, 'sell_exit': nan}
2025-04-23 10:40:41,128 INFO:Buy exit signal received
2025-04-23 10:40:41,128 INFO:Sell exit signal received
2025-04-23 10:40:41,128 INFO:Entering while loop with trade_count: 2
2025-04-23 10:40:41,180 INFO:Combined historical with live algo:                       timestamp    open    high     low     close  ...          long  buy  sell  buy_exit  sell_exit
0     2025-04-22 09:15:00+05:30  821.10  821.10  817.00    818.80  ...    818.800000  NaN   NaN       NaN        NaN
1     2025-04-22 09:16:00+05:30  818.75  818.75  814.60    814.60  ...    818.668750  NaN   NaN       NaN        NaN
2     2025-04-22 09:17:00+05:30  814.60  816.00  814.00    815.35  ...    818.565039  NaN   NaN       NaN        NaN
3     2025-04-22 09:18:00+05:30  815.30  816.00  814.75    815.50  ...    818.469257  NaN   NaN       NaN        NaN
4     2025-04-22 09:19:00+05:30  815.55  815.75  814.50    814.60  ...    818.348342  NaN   NaN       NaN        NaN
..                          ...     ...     ...     ...       ...  ...           ...  ...   ...       ...        ...
815  2025-04-23 10:40:40.901335     NaN     NaN     NaN  81725.00  ...  81718.278660  NaN   NaN       NaN        NaN
816  2025-04-23 10:40:40.901335     NaN     NaN     NaN  81725.00  ...  81718.488702  NaN   NaN       NaN        NaN
817  2025-04-23 10:40:40.901335     NaN     NaN     NaN  81725.00  ...  81718.692180  NaN   NaN       NaN        NaN
818  2025-04-23 10:40:40.901335     NaN     NaN     NaN  81725.00  ...  81718.889299  NaN   NaN       NaN        NaN
819  2025-04-23 10:40:40.901335     NaN     NaN     NaN  81725.00  ...  81719.080259  NaN   NaN       NaN        NaN

[820 rows x 13 columns]
2025-04-23 10:40:41,190 INFO:Final row: {'timestamp': Timestamp('2025-04-23 10:40:40.901335'), 'open': nan, 'high': nan, 'low': nan, 'close': 81725.0, 'volume': nan, 'short': 81724.99799857606, 'middle': 81723.81178349585, 'long': 81719.08025880269, 'buy': nan, 'sell': nan, 'buy_exit': nan, 'sell_exit': nan}
2025-04-23 10:40:41,190 INFO:Buy exit signal received
2025-04-23 10:40:41,190 INFO:Sell exit signal received
2025-04-23 10:40:41,190 INFO:Entering while loop with trade_count: 2
2025-04-23 10:40:41,244 INFO:Combined historical with live algo:                       timestamp    open    high     low     close  ...          long  buy  sell  buy_exit  sell_exit
0     2025-04-22 09:15:00+05:30  821.10  821.10  817.00    818.80  ...    818.800000  NaN   NaN       NaN        NaN
1     2025-04-22 09:16:00+05:30  818.75  818.75  814.60    814.60  ...    818.668750  NaN   NaN       NaN        NaN
2     2025-04-22 09:17:00+05:30  814.60  816.00  814.00    815.35  ...    818.565039  NaN   NaN       NaN        NaN
3     2025-04-22 09:18:00+05:30  815.30  816.00  814.75    815.50  ...    818.469257  NaN   NaN       NaN        NaN
4     2025-04-22 09:19:00+05:30  815.55  815.75  814.50    814.60  ...    818.348342  NaN   NaN       NaN        NaN
..                          ...     ...     ...     ...       ...  ...           ...  ...   ...       ...        ...
816  2025-04-23 10:40:40.901335     NaN     NaN     NaN  81725.00  ...  81718.488702  NaN   NaN       NaN        NaN
817  2025-04-23 10:40:40.901335     NaN     NaN     NaN  81725.00  ...  81718.692180  NaN   NaN       NaN        NaN
818  2025-04-23 10:40:40.901335     NaN     NaN     NaN  81725.00  ...  81718.889299  NaN   NaN       NaN        NaN
819  2025-04-23 10:40:40.901335     NaN     NaN     NaN  81725.00  ...  81719.080259  NaN   NaN       NaN        NaN
820  2025-04-23 10:40:40.901335     NaN     NaN     NaN  81725.00  ...  81719.265251  NaN   NaN       NaN        NaN

[821 rows x 13 columns]
2025-04-23 10:40:41,244 INFO:Final row: {'timestamp': Timestamp('2025-04-23 10:40:40.901335'), 'open': nan, 'high': nan, 'low': nan, 'close': 81725.0, 'volume': nan, 'short': 81724.99866571737, 'middle': 81723.91980317805, 'long': 81719.2652507151, 'buy': nan, 'sell': nan, 'buy_exit': nan, 'sell_exit': nan}
2025-04-23 10:40:41,244 INFO:Buy exit signal received
2025-04-23 10:40:41,244 INFO:Sell exit signal received
2025-04-23 10:40:41,244 INFO:Entering while loop with trade_count: 2
2025-04-23 10:40:41,308 INFO:Combined historical with live algo:                       timestamp    open    high     low     close  ...          long  buy  sell  buy_exit  sell_exit
0     2025-04-22 09:15:00+05:30  821.10  821.10  817.00    818.80  ...    818.800000  NaN   NaN       NaN        NaN
1     2025-04-22 09:16:00+05:30  818.75  818.75  814.60    814.60  ...    818.668750  NaN   NaN       NaN        NaN
2     2025-04-22 09:17:00+05:30  814.60  816.00  814.00    815.35  ...    818.565039  NaN   NaN       NaN        NaN
3     2025-04-22 09:18:00+05:30  815.30  816.00  814.75    815.50  ...    818.469257  NaN   NaN       NaN        NaN
4     2025-04-22 09:19:00+05:30  815.55  815.75  814.50    814.60  ...    818.348342  NaN   NaN       NaN        NaN
..                          ...     ...     ...     ...       ...  ...           ...  ...   ...       ...        ...
817  2025-04-23 10:40:40.901335     NaN     NaN     NaN  81725.00  ...  81718.692180  NaN   NaN       NaN        NaN
818  2025-04-23 10:40:40.901335     NaN     NaN     NaN  81725.00  ...  81718.889299  NaN   NaN       NaN        NaN
819  2025-04-23 10:40:40.901335     NaN     NaN     NaN  81725.00  ...  81719.080259  NaN   NaN       NaN        NaN
820  2025-04-23 10:40:40.901335     NaN     NaN     NaN  81725.00  ...  81719.265251  NaN   NaN       NaN        NaN
821  2025-04-23 10:40:40.901335     NaN     NaN     NaN  81725.00  ...  81719.444462  NaN   NaN       NaN        NaN

[822 rows x 13 columns]
2025-04-23 10:40:41,308 INFO:Final row: {'timestamp': Timestamp('2025-04-23 10:40:40.901335'), 'open': nan, 'high': nan, 'low': nan, 'close': 81725.0, 'volume': nan, 'short': 81724.99911047825, 'middle': 81724.01800288913, 'long': 81719.44446163026, 'buy': nan, 'sell': nan, 'buy_exit': nan, 'sell_exit': nan}
2025-04-23 10:40:41,308 INFO:Buy exit signal received
2025-04-23 10:40:41,308 INFO:Sell exit signal received
2025-04-23 10:40:41,308 INFO:Entering while loop with trade_count: 2
2025-04-23 10:40:41,359 INFO:Combined historical with live algo:                       timestamp    open    high     low     close  ...          long  buy  sell  buy_exit  sell_exit
0     2025-04-22 09:15:00+05:30  821.10  821.10  817.00    818.80  ...    818.800000  NaN   NaN       NaN        NaN
1     2025-04-22 09:16:00+05:30  818.75  818.75  814.60    814.60  ...    818.668750  NaN   NaN       NaN        NaN
2     2025-04-22 09:17:00+05:30  814.60  816.00  814.00    815.35  ...    818.565039  NaN   NaN       NaN        NaN
3     2025-04-22 09:18:00+05:30  815.30  816.00  814.75    815.50  ...    818.469257  NaN   NaN       NaN        NaN
4     2025-04-22 09:19:00+05:30  815.55  815.75  814.50    814.60  ...    818.348342  NaN   NaN       NaN        NaN
..                          ...     ...     ...     ...       ...  ...           ...  ...   ...       ...        ...
818  2025-04-23 10:40:40.901335     NaN     NaN     NaN  81725.00  ...  81718.889299  NaN   NaN       NaN        NaN
819  2025-04-23 10:40:40.901335     NaN     NaN     NaN  81725.00  ...  81719.080259  NaN   NaN       NaN        NaN
820  2025-04-23 10:40:40.901335     NaN     NaN     NaN  81725.00  ...  81719.265251  NaN   NaN       NaN        NaN
821  2025-04-23 10:40:40.901335     NaN     NaN     NaN  81725.00  ...  81719.444462  NaN   NaN       NaN        NaN
822  2025-04-23 10:40:40.901335     NaN     NaN     NaN  81725.00  ...  81719.618072  NaN   NaN       NaN        NaN

[823 rows x 13 columns]
2025-04-23 10:40:41,359 INFO:Final row: {'timestamp': Timestamp('2025-04-23 10:40:40.901335'), 'open': nan, 'high': nan, 'low': nan, 'close': 81725.0, 'volume': nan, 'short': 81724.9994069855, 'middle': 81724.10727535376, 'long': 81719.61807220432, 'buy': nan, 'sell': nan, 'buy_exit': nan, 'sell_exit': nan}
2025-04-23 10:40:41,359 INFO:Buy exit signal received
2025-04-23 10:40:41,359 INFO:Sell exit signal received
2025-04-23 10:40:41,359 INFO:Entering while loop with trade_count: 2
2025-04-23 10:40:41,417 INFO:Combined historical with live algo:                       timestamp    open    high     low     close  ...          long  buy  sell  buy_exit  sell_exit
0     2025-04-22 09:15:00+05:30  821.10  821.10  817.00    818.80  ...    818.800000  NaN   NaN       NaN        NaN
1     2025-04-22 09:16:00+05:30  818.75  818.75  814.60    814.60  ...    818.668750  NaN   NaN       NaN        NaN
2     2025-04-22 09:17:00+05:30  814.60  816.00  814.00    815.35  ...    818.565039  NaN   NaN       NaN        NaN
3     2025-04-22 09:18:00+05:30  815.30  816.00  814.75    815.50  ...    818.469257  NaN   NaN       NaN        NaN
4     2025-04-22 09:19:00+05:30  815.55  815.75  814.50    814.60  ...    818.348342  NaN   NaN       NaN        NaN
..                          ...     ...     ...     ...       ...  ...           ...  ...   ...       ...        ...
819  2025-04-23 10:40:40.901335     NaN     NaN     NaN  81725.00  ...  81719.080259  NaN   NaN       NaN        NaN
820  2025-04-23 10:40:40.901335     NaN     NaN     NaN  81725.00  ...  81719.265251  NaN   NaN       NaN        NaN
821  2025-04-23 10:40:40.901335     NaN     NaN     NaN  81725.00  ...  81719.444462  NaN   NaN       NaN        NaN
822  2025-04-23 10:40:40.901335     NaN     NaN     NaN  81725.00  ...  81719.618072  NaN   NaN       NaN        NaN
823  2025-04-23 10:40:40.901335     NaN     NaN     NaN  81725.00  ...  81719.786257  NaN   NaN       NaN        NaN

[824 rows x 13 columns]
2025-04-23 10:40:41,418 INFO:Final row: {'timestamp': Timestamp('2025-04-23 10:40:40.901335'), 'open': nan, 'high': nan, 'low': nan, 'close': 81725.0, 'volume': nan, 'short': 81724.999604657, 'middle': 81724.18843213978, 'long': 81719.78625744794, 'buy': nan, 'sell': nan, 'buy_exit': nan, 'sell_exit': nan}
2025-04-23 10:40:41,418 INFO:Buy exit signal received
2025-04-23 10:40:41,418 INFO:Sell exit signal received
2025-04-23 10:40:41,418 INFO:Entering while loop with trade_count: 2
2025-04-23 10:40:41,473 INFO:Combined historical with live algo:                       timestamp    open    high     low     close  ...          long  buy  sell  buy_exit  sell_exit
0     2025-04-22 09:15:00+05:30  821.10  821.10  817.00    818.80  ...    818.800000  NaN   NaN       NaN        NaN
1     2025-04-22 09:16:00+05:30  818.75  818.75  814.60    814.60  ...    818.668750  NaN   NaN       NaN        NaN
2     2025-04-22 09:17:00+05:30  814.60  816.00  814.00    815.35  ...    818.565039  NaN   NaN       NaN        NaN
3     2025-04-22 09:18:00+05:30  815.30  816.00  814.75    815.50  ...    818.469257  NaN   NaN       NaN        NaN
4     2025-04-22 09:19:00+05:30  815.55  815.75  814.50    814.60  ...    818.348342  NaN   NaN       NaN        NaN
..                          ...     ...     ...     ...       ...  ...           ...  ...   ...       ...        ...
820  2025-04-23 10:40:40.901335     NaN     NaN     NaN  81725.00  ...  81719.265251  NaN   NaN       NaN        NaN
821  2025-04-23 10:40:40.901335     NaN     NaN     NaN  81725.00  ...  81719.444462  NaN   NaN       NaN        NaN
822  2025-04-23 10:40:40.901335     NaN     NaN     NaN  81725.00  ...  81719.618072  NaN   NaN       NaN        NaN
823  2025-04-23 10:40:40.901335     NaN     NaN     NaN  81725.00  ...  81719.786257  NaN   NaN       NaN        NaN
824  2025-04-23 10:40:40.901335     NaN     NaN     NaN  81725.00  ...  81719.949187  NaN   NaN       NaN        NaN

[825 rows x 13 columns]
2025-04-23 10:40:41,475 INFO:Final row: {'timestamp': Timestamp('2025-04-23 10:40:40.901335'), 'open': nan, 'high': nan, 'low': nan, 'close': 81725.0, 'volume': nan, 'short': 81724.99973643801, 'middle': 81724.26221103617, 'long': 81719.94918690268, 'buy': nan, 'sell': nan, 'buy_exit': nan, 'sell_exit': nan}
2025-04-23 10:40:41,476 INFO:Buy exit signal received
2025-04-23 10:40:41,476 INFO:Sell exit signal received
2025-04-23 10:40:41,476 INFO:Entering while loop with trade_count: 2
2025-04-23 10:40:41,533 INFO:Combined historical with live algo:                       timestamp    open    high     low     close  ...          long  buy  sell  buy_exit  sell_exit
0     2025-04-22 09:15:00+05:30  821.10  821.10  817.00    818.80  ...    818.800000  NaN   NaN       NaN        NaN
1     2025-04-22 09:16:00+05:30  818.75  818.75  814.60    814.60  ...    818.668750  NaN   NaN       NaN        NaN
2     2025-04-22 09:17:00+05:30  814.60  816.00  814.00    815.35  ...    818.565039  NaN   NaN       NaN        NaN
3     2025-04-22 09:18:00+05:30  815.30  816.00  814.75    815.50  ...    818.469257  NaN   NaN       NaN        NaN
4     2025-04-22 09:19:00+05:30  815.55  815.75  814.50    814.60  ...    818.348342  NaN   NaN       NaN        NaN
..                          ...     ...     ...     ...       ...  ...           ...  ...   ...       ...        ...
821  2025-04-23 10:40:40.901335     NaN     NaN     NaN  81725.00  ...  81719.444462  NaN   NaN       NaN        NaN
822  2025-04-23 10:40:40.901335     NaN     NaN     NaN  81725.00  ...  81719.618072  NaN   NaN       NaN        NaN
823  2025-04-23 10:40:40.901335     NaN     NaN     NaN  81725.00  ...  81719.786257  NaN   NaN       NaN        NaN
824  2025-04-23 10:40:40.901335     NaN     NaN     NaN  81725.00  ...  81719.949187  NaN   NaN       NaN        NaN
825  2025-04-23 10:40:40.901335     NaN     NaN     NaN  81725.00  ...  81720.107025  NaN   NaN       NaN        NaN

[826 rows x 13 columns]
2025-04-23 10:40:41,533 INFO:Final row: {'timestamp': Timestamp('2025-04-23 10:40:40.901335'), 'open': nan, 'high': nan, 'low': nan, 'close': 81725.0, 'volume': nan, 'short': 81724.99982429201, 'middle': 81724.32928276015, 'long': 81720.10702481198, 'buy': nan, 'sell': nan, 'buy_exit': nan, 'sell_exit': nan}
2025-04-23 10:40:41,533 INFO:Buy exit signal received
2025-04-23 10:40:41,533 INFO:Sell exit signal received
2025-04-23 10:40:41,533 INFO:Entering while loop with trade_count: 2
2025-04-23 10:40:41,585 INFO:Combined historical with live algo:                       timestamp    open    high     low     close  ...          long  buy  sell  buy_exit  sell_exit
0     2025-04-22 09:15:00+05:30  821.10  821.10  817.00    818.80  ...    818.800000  NaN   NaN       NaN        NaN
1     2025-04-22 09:16:00+05:30  818.75  818.75  814.60    814.60  ...    818.668750  NaN   NaN       NaN        NaN
2     2025-04-22 09:17:00+05:30  814.60  816.00  814.00    815.35  ...    818.565039  NaN   NaN       NaN        NaN
3     2025-04-22 09:18:00+05:30  815.30  816.00  814.75    815.50  ...    818.469257  NaN   NaN       NaN        NaN
4     2025-04-22 09:19:00+05:30  815.55  815.75  814.50    814.60  ...    818.348342  NaN   NaN       NaN        NaN
..                          ...     ...     ...     ...       ...  ...           ...  ...   ...       ...        ...
822  2025-04-23 10:40:40.901335     NaN     NaN     NaN  81725.00  ...  81719.618072  NaN   NaN       NaN        NaN
823  2025-04-23 10:40:40.901335     NaN     NaN     NaN  81725.00  ...  81719.786257  NaN   NaN       NaN        NaN
824  2025-04-23 10:40:40.901335     NaN     NaN     NaN  81725.00  ...  81719.949187  NaN   NaN       NaN        NaN
825  2025-04-23 10:40:40.901335     NaN     NaN     NaN  81725.00  ...  81720.107025  NaN   NaN       NaN        NaN
826  2025-04-23 10:40:40.901335     NaN     NaN     NaN  81725.00  ...  81720.259930  NaN   NaN       NaN        NaN

[827 rows x 13 columns]
2025-04-23 10:40:41,587 INFO:Final row: {'timestamp': Timestamp('2025-04-23 10:40:40.901335'), 'open': nan, 'high': nan, 'low': nan, 'close': 81725.0, 'volume': nan, 'short': 81724.99988286135, 'middle': 81724.39025705468, 'long': 81720.2599302866, 'buy': nan, 'sell': nan, 'buy_exit': nan, 'sell_exit': nan}
2025-04-23 10:40:41,588 INFO:Buy exit signal received
2025-04-23 10:40:41,588 INFO:Sell exit signal received
2025-04-23 10:40:41,588 INFO:Entering while loop with trade_count: 2
2025-04-23 10:40:41,692 INFO:Combined historical with live algo:                       timestamp    open    high     low     close  ...          long  buy  sell  buy_exit  sell_exit
0     2025-04-22 09:15:00+05:30  821.10  821.10  817.00    818.80  ...    818.800000  NaN   NaN       NaN        NaN
1     2025-04-22 09:16:00+05:30  818.75  818.75  814.60    814.60  ...    818.668750  NaN   NaN       NaN        NaN
2     2025-04-22 09:17:00+05:30  814.60  816.00  814.00    815.35  ...    818.565039  NaN   NaN       NaN        NaN
3     2025-04-22 09:18:00+05:30  815.30  816.00  814.75    815.50  ...    818.469257  NaN   NaN       NaN        NaN
4     2025-04-22 09:19:00+05:30  815.55  815.75  814.50    814.60  ...    818.348342  NaN   NaN       NaN        NaN
..                          ...     ...     ...     ...       ...  ...           ...  ...   ...       ...        ...
823  2025-04-23 10:40:40.901335     NaN     NaN     NaN  81725.00  ...  81719.786257  NaN   NaN       NaN        NaN
824  2025-04-23 10:40:40.901335     NaN     NaN     NaN  81725.00  ...  81719.949187  NaN   NaN       NaN        NaN
825  2025-04-23 10:40:40.901335     NaN     NaN     NaN  81725.00  ...  81720.107025  NaN   NaN       NaN        NaN
826  2025-04-23 10:40:40.901335     NaN     NaN     NaN  81725.00  ...  81720.259930  NaN   NaN       NaN        NaN
827  2025-04-23 10:40:40.901335     NaN     NaN     NaN  81725.00  ...  81720.408057  NaN   NaN       NaN        NaN

[828 rows x 13 columns]
2025-04-23 10:40:41,692 INFO:Final row: {'timestamp': Timestamp('2025-04-23 10:40:40.901335'), 'open': nan, 'high': nan, 'low': nan, 'close': 81725.0, 'volume': nan, 'short': 81724.99992190757, 'middle': 81724.44568823153, 'long': 81720.40805746515, 'buy': nan, 'sell': nan, 'buy_exit': nan, 'sell_exit': nan}
2025-04-23 10:40:41,692 INFO:Buy exit signal received
2025-04-23 10:40:41,692 INFO:Sell exit signal received
2025-04-23 10:40:41,692 INFO:Entering while loop with trade_count: 2
2025-04-23 10:40:41,750 INFO:Combined historical with live algo:                       timestamp    open    high     low     close  ...          long  buy  sell  buy_exit  sell_exit
0     2025-04-22 09:15:00+05:30  821.10  821.10  817.00    818.80  ...    818.800000  NaN   NaN       NaN        NaN
1     2025-04-22 09:16:00+05:30  818.75  818.75  814.60    814.60  ...    818.668750  NaN   NaN       NaN        NaN
2     2025-04-22 09:17:00+05:30  814.60  816.00  814.00    815.35  ...    818.565039  NaN   NaN       NaN        NaN
3     2025-04-22 09:18:00+05:30  815.30  816.00  814.75    815.50  ...    818.469257  NaN   NaN       NaN        NaN
4     2025-04-22 09:19:00+05:30  815.55  815.75  814.50    814.60  ...    818.348342  NaN   NaN       NaN        NaN
..                          ...     ...     ...     ...       ...  ...           ...  ...   ...       ...        ...
824  2025-04-23 10:40:40.901335     NaN     NaN     NaN  81725.00  ...  81719.949187  NaN   NaN       NaN        NaN
825  2025-04-23 10:40:40.901335     NaN     NaN     NaN  81725.00  ...  81720.107025  NaN   NaN       NaN        NaN
826  2025-04-23 10:40:40.901335     NaN     NaN     NaN  81725.00  ...  81720.259930  NaN   NaN       NaN        NaN
827  2025-04-23 10:40:40.901335     NaN     NaN     NaN  81725.00  ...  81720.408057  NaN   NaN       NaN        NaN
828  2025-04-23 10:40:40.901335     NaN     NaN     NaN  81725.00  ...  81720.551556  NaN   NaN       NaN        NaN

[829 rows x 13 columns]
2025-04-23 10:40:41,750 INFO:Final row: {'timestamp': Timestamp('2025-04-23 10:40:40.901335'), 'open': nan, 'high': nan, 'low': nan, 'close': 81725.0, 'volume': nan, 'short': 81724.99994793838, 'middle': 81724.49608021048, 'long': 81720.55155566936, 'buy': nan, 'sell': nan, 'buy_exit': nan, 'sell_exit': nan}
2025-04-23 10:40:41,750 INFO:Buy exit signal received
2025-04-23 10:40:41,750 INFO:Sell exit signal received
2025-04-23 10:40:41,750 INFO:Entering while loop with trade_count: 2
2025-04-23 10:40:41,824 INFO:Combined historical with live algo:                       timestamp    open    high     low     close  ...          long  buy  sell  buy_exit  sell_exit
0     2025-04-22 09:15:00+05:30  821.10  821.10  817.00    818.80  ...    818.800000  NaN   NaN       NaN        NaN
1     2025-04-22 09:16:00+05:30  818.75  818.75  814.60    814.60  ...    818.668750  NaN   NaN       NaN        NaN
2     2025-04-22 09:17:00+05:30  814.60  816.00  814.00    815.35  ...    818.565039  NaN   NaN       NaN        NaN
3     2025-04-22 09:18:00+05:30  815.30  816.00  814.75    815.50  ...    818.469257  NaN   NaN       NaN        NaN
4     2025-04-22 09:19:00+05:30  815.55  815.75  814.50    814.60  ...    818.348342  NaN   NaN       NaN        NaN
..                          ...     ...     ...     ...       ...  ...           ...  ...   ...       ...        ...
825  2025-04-23 10:40:40.901335     NaN     NaN     NaN  81725.00  ...  81720.107025  NaN   NaN       NaN        NaN
826  2025-04-23 10:40:40.901335     NaN     NaN     NaN  81725.00  ...  81720.259930  NaN   NaN       NaN        NaN
827  2025-04-23 10:40:40.901335     NaN     NaN     NaN  81725.00  ...  81720.408057  NaN   NaN       NaN        NaN
828  2025-04-23 10:40:40.901335     NaN     NaN     NaN  81725.00  ...  81720.551556  NaN   NaN       NaN        NaN
829  2025-04-23 10:40:40.901335     NaN     NaN     NaN  81725.00  ...  81720.690570  NaN   NaN       NaN        NaN

[830 rows x 13 columns]
2025-04-23 10:40:41,824 INFO:Final row: {'timestamp': Timestamp('2025-04-23 10:40:40.901335'), 'open': nan, 'high': nan, 'low': nan, 'close': 81725.0, 'volume': nan, 'short': 81724.99996529226, 'middle': 81724.54189110044, 'long': 81720.69056955469, 'buy': nan, 'sell': nan, 'buy_exit': nan, 'sell_exit': nan}
2025-04-23 10:40:41,826 INFO:Buy exit signal received
2025-04-23 10:40:41,826 INFO:Sell exit signal received
2025-04-23 10:40:41,826 INFO:Entering while loop with trade_count: 2
2025-04-23 10:40:41,876 INFO:Combined historical with live algo:                       timestamp    open    high     low     close  ...          long  buy  sell  buy_exit  sell_exit
0     2025-04-22 09:15:00+05:30  821.10  821.10  817.00    818.80  ...    818.800000  NaN   NaN       NaN        NaN
1     2025-04-22 09:16:00+05:30  818.75  818.75  814.60    814.60  ...    818.668750  NaN   NaN       NaN        NaN
2     2025-04-22 09:17:00+05:30  814.60  816.00  814.00    815.35  ...    818.565039  NaN   NaN       NaN        NaN
3     2025-04-22 09:18:00+05:30  815.30  816.00  814.75    815.50  ...    818.469257  NaN   NaN       NaN        NaN
4     2025-04-22 09:19:00+05:30  815.55  815.75  814.50    814.60  ...    818.348342  NaN   NaN       NaN        NaN
..                          ...     ...     ...     ...       ...  ...           ...  ...   ...       ...        ...
826  2025-04-23 10:40:40.901335     NaN     NaN     NaN  81725.00  ...  81720.259930  NaN   NaN       NaN        NaN
827  2025-04-23 10:40:40.901335     NaN     NaN     NaN  81725.00  ...  81720.408057  NaN   NaN       NaN        NaN
828  2025-04-23 10:40:40.901335     NaN     NaN     NaN  81725.00  ...  81720.551556  NaN   NaN       NaN        NaN
829  2025-04-23 10:40:40.901335     NaN     NaN     NaN  81725.00  ...  81720.690570  NaN   NaN       NaN        NaN
830  2025-04-23 10:40:40.901335     NaN     NaN     NaN  81725.00  ...  81720.825239  NaN   NaN       NaN        NaN

[831 rows x 13 columns]
2025-04-23 10:40:41,876 INFO:Final row: {'timestamp': Timestamp('2025-04-23 10:40:40.901335'), 'open': nan, 'high': nan, 'low': nan, 'close': 81725.0, 'volume': nan, 'short': 81724.99997686151, 'middle': 81724.58353736403, 'long': 81720.82523925611, 'buy': nan, 'sell': nan, 'buy_exit': nan, 'sell_exit': nan}
2025-04-23 10:40:41,876 INFO:Buy exit signal received
2025-04-23 10:40:41,876 INFO:Sell exit signal received
2025-04-23 10:40:41,876 INFO:Entering while loop with trade_count: 2
2025-04-23 10:40:41,931 INFO:Combined historical with live algo:                       timestamp    open    high     low     close  ...          long  buy  sell  buy_exit  sell_exit
0     2025-04-22 09:15:00+05:30  821.10  821.10  817.00    818.80  ...    818.800000  NaN   NaN       NaN        NaN
1     2025-04-22 09:16:00+05:30  818.75  818.75  814.60    814.60  ...    818.668750  NaN   NaN       NaN        NaN
2     2025-04-22 09:17:00+05:30  814.60  816.00  814.00    815.35  ...    818.565039  NaN   NaN       NaN        NaN
3     2025-04-22 09:18:00+05:30  815.30  816.00  814.75    815.50  ...    818.469257  NaN   NaN       NaN        NaN
4     2025-04-22 09:19:00+05:30  815.55  815.75  814.50    814.60  ...    818.348342  NaN   NaN       NaN        NaN
..                          ...     ...     ...     ...       ...  ...           ...  ...   ...       ...        ...
827  2025-04-23 10:40:40.901335     NaN     NaN     NaN  81725.00  ...  81720.408057  NaN   NaN       NaN        NaN
828  2025-04-23 10:40:40.901335     NaN     NaN     NaN  81725.00  ...  81720.551556  NaN   NaN       NaN        NaN
829  2025-04-23 10:40:40.901335     NaN     NaN     NaN  81725.00  ...  81720.690570  NaN   NaN       NaN        NaN
830  2025-04-23 10:40:40.901335     NaN     NaN     NaN  81725.00  ...  81720.825239  NaN   NaN       NaN        NaN
831  2025-04-23 10:40:40.901335     NaN     NaN     NaN  81725.00  ...  81720.955701  NaN   NaN       NaN        NaN

[832 rows x 13 columns]
2025-04-23 10:40:41,933 INFO:Final row: {'timestamp': Timestamp('2025-04-23 10:40:40.901335'), 'open': nan, 'high': nan, 'low': nan, 'close': 81725.0, 'volume': nan, 'short': 81724.99998457434, 'middle': 81724.62139760367, 'long': 81720.95570052936, 'buy': nan, 'sell': nan, 'buy_exit': nan, 'sell_exit': nan}
2025-04-23 10:40:41,933 INFO:Buy exit signal received
2025-04-23 10:40:41,933 INFO:Sell exit signal received
2025-04-23 10:40:41,933 INFO:Entering while loop with trade_count: 2
2025-04-23 10:40:41,992 INFO:Combined historical with live algo:                       timestamp    open    high     low     close  ...          long  buy  sell  buy_exit  sell_exit
0     2025-04-22 09:15:00+05:30  821.10  821.10  817.00    818.80  ...    818.800000  NaN   NaN       NaN        NaN
1     2025-04-22 09:16:00+05:30  818.75  818.75  814.60    814.60  ...    818.668750  NaN   NaN       NaN        NaN
2     2025-04-22 09:17:00+05:30  814.60  816.00  814.00    815.35  ...    818.565039  NaN   NaN       NaN        NaN
3     2025-04-22 09:18:00+05:30  815.30  816.00  814.75    815.50  ...    818.469257  NaN   NaN       NaN        NaN
4     2025-04-22 09:19:00+05:30  815.55  815.75  814.50    814.60  ...    818.348342  NaN   NaN       NaN        NaN
..                          ...     ...     ...     ...       ...  ...           ...  ...   ...       ...        ...
828  2025-04-23 10:40:40.901335     NaN     NaN     NaN  81725.00  ...  81720.551556  NaN   NaN       NaN        NaN
829  2025-04-23 10:40:40.901335     NaN     NaN     NaN  81725.00  ...  81720.690570  NaN   NaN       NaN        NaN
830  2025-04-23 10:40:40.901335     NaN     NaN     NaN  81725.00  ...  81720.825239  NaN   NaN       NaN        NaN
831  2025-04-23 10:40:40.901335     NaN     NaN     NaN  81725.00  ...  81720.955701  NaN   NaN       NaN        NaN
832  2025-04-23 10:40:40.901335     NaN     NaN     NaN  81725.00  ...  81721.082085  NaN   NaN       NaN        NaN

[833 rows x 13 columns]
2025-04-23 10:40:41,992 INFO:Final row: {'timestamp': Timestamp('2025-04-23 10:40:40.901335'), 'open': nan, 'high': nan, 'low': nan, 'close': 81725.0, 'volume': nan, 'short': 81724.99998971623, 'middle': 81724.65581600333, 'long': 81721.08208488782, 'buy': nan, 'sell': nan, 'buy_exit': nan, 'sell_exit': nan}
2025-04-23 10:40:41,992 INFO:Buy exit signal received
2025-04-23 10:40:41,992 INFO:Sell exit signal received
2025-04-23 10:40:41,992 INFO:Entering while loop with trade_count: 2
2025-04-23 10:40:42,057 INFO:Combined historical with live algo:                       timestamp    open    high     low     close  ...          long  buy  sell  buy_exit  sell_exit
0     2025-04-22 09:15:00+05:30  821.10  821.10  817.00    818.80  ...    818.800000  NaN   NaN       NaN        NaN
1     2025-04-22 09:16:00+05:30  818.75  818.75  814.60    814.60  ...    818.668750  NaN   NaN       NaN        NaN
2     2025-04-22 09:17:00+05:30  814.60  816.00  814.00    815.35  ...    818.565039  NaN   NaN       NaN        NaN
3     2025-04-22 09:18:00+05:30  815.30  816.00  814.75    815.50  ...    818.469257  NaN   NaN       NaN        NaN
4     2025-04-22 09:19:00+05:30  815.55  815.75  814.50    814.60  ...    818.348342  NaN   NaN       NaN        NaN
..                          ...     ...     ...     ...       ...  ...           ...  ...   ...       ...        ...
829  2025-04-23 10:40:40.901335     NaN     NaN     NaN  81725.00  ...  81720.690570  NaN   NaN       NaN        NaN
830  2025-04-23 10:40:40.901335     NaN     NaN     NaN  81725.00  ...  81720.825239  NaN   NaN       NaN        NaN
831  2025-04-23 10:40:40.901335     NaN     NaN     NaN  81725.00  ...  81720.955701  NaN   NaN       NaN        NaN
832  2025-04-23 10:40:40.901335     NaN     NaN     NaN  81725.00  ...  81721.082085  NaN   NaN       NaN        NaN
833  2025-04-23 10:40:41.943944     NaN     NaN     NaN  81725.00  ...  81721.204520  NaN   NaN       NaN        NaN

[834 rows x 13 columns]
2025-04-23 10:40:42,058 INFO:Final row: {'timestamp': Timestamp('2025-04-23 10:40:41.943944'), 'open': nan, 'high': nan, 'low': nan, 'close': 81725.0, 'volume': nan, 'short': 81724.99999314416, 'middle': 81724.68710545757, 'long': 81721.20451973508, 'buy': nan, 'sell': nan, 'buy_exit': nan, 'sell_exit': nan}
2025-04-23 10:40:42,058 INFO:Buy exit signal received
2025-04-23 10:40:42,058 INFO:Sell exit signal received
2025-04-23 10:40:42,058 INFO:Entering while loop with trade_count: 2
2025-04-23 10:40:42,126 INFO:Combined historical with live algo:                       timestamp    open    high     low     close  ...          long  buy  sell  buy_exit  sell_exit
0     2025-04-22 09:15:00+05:30  821.10  821.10  817.00    818.80  ...    818.800000  NaN   NaN       NaN        NaN
1     2025-04-22 09:16:00+05:30  818.75  818.75  814.60    814.60  ...    818.668750  NaN   NaN       NaN        NaN
2     2025-04-22 09:17:00+05:30  814.60  816.00  814.00    815.35  ...    818.565039  NaN   NaN       NaN        NaN
3     2025-04-22 09:18:00+05:30  815.30  816.00  814.75    815.50  ...    818.469257  NaN   NaN       NaN        NaN
4     2025-04-22 09:19:00+05:30  815.55  815.75  814.50    814.60  ...    818.348342  NaN   NaN       NaN        NaN
..                          ...     ...     ...     ...       ...  ...           ...  ...   ...       ...        ...
830  2025-04-23 10:40:40.901335     NaN     NaN     NaN  81725.00  ...  81720.825239  NaN   NaN       NaN        NaN
831  2025-04-23 10:40:40.901335     NaN     NaN     NaN  81725.00  ...  81720.955701  NaN   NaN       NaN        NaN
832  2025-04-23 10:40:40.901335     NaN     NaN     NaN  81725.00  ...  81721.082085  NaN   NaN       NaN        NaN
833  2025-04-23 10:40:41.943944     NaN     NaN     NaN  81725.00  ...  81721.204520  NaN   NaN       NaN        NaN
834  2025-04-23 10:40:41.943944     NaN     NaN     NaN  81725.00  ...  81721.323128  NaN   NaN       NaN        NaN

[835 rows x 13 columns]
2025-04-23 10:40:42,131 INFO:Final row: {'timestamp': Timestamp('2025-04-23 10:40:41.943944'), 'open': nan, 'high': nan, 'low': nan, 'close': 81725.0, 'volume': nan, 'short': 81724.99999542945, 'middle': 81724.71555041597, 'long': 81721.32312849336, 'buy': nan, 'sell': nan, 'buy_exit': nan, 'sell_exit': nan}
2025-04-23 10:40:42,131 INFO:Buy exit signal received
2025-04-23 10:40:42,131 INFO:Sell exit signal received
2025-04-23 10:40:42,131 INFO:Entering while loop with trade_count: 2
2025-04-23 10:40:42,190 INFO:Combined historical with live algo:                       timestamp    open    high     low     close  ...          long  buy  sell  buy_exit  sell_exit
0     2025-04-22 09:15:00+05:30  821.10  821.10  817.00    818.80  ...    818.800000  NaN   NaN       NaN        NaN
1     2025-04-22 09:16:00+05:30  818.75  818.75  814.60    814.60  ...    818.668750  NaN   NaN       NaN        NaN
2     2025-04-22 09:17:00+05:30  814.60  816.00  814.00    815.35  ...    818.565039  NaN   NaN       NaN        NaN
3     2025-04-22 09:18:00+05:30  815.30  816.00  814.75    815.50  ...    818.469257  NaN   NaN       NaN        NaN
4     2025-04-22 09:19:00+05:30  815.55  815.75  814.50    814.60  ...    818.348342  NaN   NaN       NaN        NaN
..                          ...     ...     ...     ...       ...  ...           ...  ...   ...       ...        ...
831  2025-04-23 10:40:40.901335     NaN     NaN     NaN  81725.00  ...  81720.955701  NaN   NaN       NaN        NaN
832  2025-04-23 10:40:40.901335     NaN     NaN     NaN  81725.00  ...  81721.082085  NaN   NaN       NaN        NaN
833  2025-04-23 10:40:41.943944     NaN     NaN     NaN  81725.00  ...  81721.204520  NaN   NaN       NaN        NaN
834  2025-04-23 10:40:41.943944     NaN     NaN     NaN  81725.00  ...  81721.323128  NaN   NaN       NaN        NaN
835  2025-04-23 10:40:41.943944     NaN     NaN     NaN  81725.00  ...  81721.438031  NaN   NaN       NaN        NaN

[836 rows x 13 columns]
2025-04-23 10:40:42,190 INFO:Final row: {'timestamp': Timestamp('2025-04-23 10:40:41.943944'), 'open': nan, 'high': nan, 'low': nan, 'close': 81725.0, 'volume': nan, 'short': 81724.99999695297, 'middle': 81724.74140946906, 'long': 81721.43803072794, 'buy': nan, 'sell': nan, 'buy_exit': nan, 'sell_exit': nan}
2025-04-23 10:40:42,190 INFO:Buy exit signal received
2025-04-23 10:40:42,190 INFO:Sell exit signal received
2025-04-23 10:40:42,190 INFO:Entering while loop with trade_count: 2
2025-04-23 10:40:42,245 INFO:Combined historical with live algo:                       timestamp    open    high     low     close  ...          long  buy  sell  buy_exit  sell_exit
0     2025-04-22 09:15:00+05:30  821.10  821.10  817.00    818.80  ...    818.800000  NaN   NaN       NaN        NaN
1     2025-04-22 09:16:00+05:30  818.75  818.75  814.60    814.60  ...    818.668750  NaN   NaN       NaN        NaN
2     2025-04-22 09:17:00+05:30  814.60  816.00  814.00    815.35  ...    818.565039  NaN   NaN       NaN        NaN
3     2025-04-22 09:18:00+05:30  815.30  816.00  814.75    815.50  ...    818.469257  NaN   NaN       NaN        NaN
4     2025-04-22 09:19:00+05:30  815.55  815.75  814.50    814.60  ...    818.348342  NaN   NaN       NaN        NaN
..                          ...     ...     ...     ...       ...  ...           ...  ...   ...       ...        ...
832  2025-04-23 10:40:40.901335     NaN     NaN     NaN  81725.00  ...  81721.082085  NaN   NaN       NaN        NaN
833  2025-04-23 10:40:41.943944     NaN     NaN     NaN  81725.00  ...  81721.204520  NaN   NaN       NaN        NaN
834  2025-04-23 10:40:41.943944     NaN     NaN     NaN  81725.00  ...  81721.323128  NaN   NaN       NaN        NaN
835  2025-04-23 10:40:41.943944     NaN     NaN     NaN  81725.00  ...  81721.438031  NaN   NaN       NaN        NaN
836  2025-04-23 10:40:41.943944     NaN     NaN     NaN  81725.00  ...  81721.549342  NaN   NaN       NaN        NaN

[837 rows x 13 columns]
2025-04-23 10:40:42,245 INFO:Final row: {'timestamp': Timestamp('2025-04-23 10:40:41.943944'), 'open': nan, 'high': nan, 'low': nan, 'close': 81725.0, 'volume': nan, 'short': 81724.99999796865, 'middle': 81724.76491769914, 'long': 81721.54934226768, 'buy': nan, 'sell': nan, 'buy_exit': nan, 'sell_exit': nan}
2025-04-23 10:40:42,245 INFO:Buy exit signal received
2025-04-23 10:40:42,245 INFO:Sell exit signal received
2025-04-23 10:40:42,245 INFO:Entering while loop with trade_count: 2
2025-04-23 10:40:42,339 INFO:Combined historical with live algo:                       timestamp    open    high     low     close  ...          long  buy  sell  buy_exit  sell_exit
0     2025-04-22 09:15:00+05:30  821.10  821.10  817.00    818.80  ...    818.800000  NaN   NaN       NaN        NaN
1     2025-04-22 09:16:00+05:30  818.75  818.75  814.60    814.60  ...    818.668750  NaN   NaN       NaN        NaN
2     2025-04-22 09:17:00+05:30  814.60  816.00  814.00    815.35  ...    818.565039  NaN   NaN       NaN        NaN
3     2025-04-22 09:18:00+05:30  815.30  816.00  814.75    815.50  ...    818.469257  NaN   NaN       NaN        NaN
4     2025-04-22 09:19:00+05:30  815.55  815.75  814.50    814.60  ...    818.348342  NaN   NaN       NaN        NaN
..                          ...     ...     ...     ...       ...  ...           ...  ...   ...       ...        ...
833  2025-04-23 10:40:41.943944     NaN     NaN     NaN  81725.00  ...  81721.204520  NaN   NaN       NaN        NaN
834  2025-04-23 10:40:41.943944     NaN     NaN     NaN  81725.00  ...  81721.323128  NaN   NaN       NaN        NaN
835  2025-04-23 10:40:41.943944     NaN     NaN     NaN  81725.00  ...  81721.438031  NaN   NaN       NaN        NaN
836  2025-04-23 10:40:41.943944     NaN     NaN     NaN  81725.00  ...  81721.549342  NaN   NaN       NaN        NaN
837  2025-04-23 10:40:41.943944     NaN     NaN     NaN  81725.00  ...  81721.657175  NaN   NaN       NaN        NaN

[838 rows x 13 columns]
2025-04-23 10:40:42,340 INFO:Final row: {'timestamp': Timestamp('2025-04-23 10:40:41.943944'), 'open': nan, 'high': nan, 'low': nan, 'close': 81725.0, 'volume': nan, 'short': 81724.99999864577, 'middle': 81724.7862888174, 'long': 81721.65717532182, 'buy': nan, 'sell': nan, 'buy_exit': nan, 'sell_exit': nan}
2025-04-23 10:40:42,340 INFO:Buy exit signal received
2025-04-23 10:40:42,340 INFO:Sell exit signal received
2025-04-23 10:40:42,340 INFO:Entering while loop with trade_count: 2
2025-04-23 10:40:42,391 INFO:Combined historical with live algo:                       timestamp    open    high     low     close  ...          long  buy  sell  buy_exit  sell_exit
0     2025-04-22 09:15:00+05:30  821.10  821.10  817.00    818.80  ...    818.800000  NaN   NaN       NaN        NaN
1     2025-04-22 09:16:00+05:30  818.75  818.75  814.60    814.60  ...    818.668750  NaN   NaN       NaN        NaN
2     2025-04-22 09:17:00+05:30  814.60  816.00  814.00    815.35  ...    818.565039  NaN   NaN       NaN        NaN
3     2025-04-22 09:18:00+05:30  815.30  816.00  814.75    815.50  ...    818.469257  NaN   NaN       NaN        NaN
4     2025-04-22 09:19:00+05:30  815.55  815.75  814.50    814.60  ...    818.348342  NaN   NaN       NaN        NaN
..                          ...     ...     ...     ...       ...  ...           ...  ...   ...       ...        ...
834  2025-04-23 10:40:41.943944     NaN     NaN     NaN  81725.00  ...  81721.323128  NaN   NaN       NaN        NaN
835  2025-04-23 10:40:41.943944     NaN     NaN     NaN  81725.00  ...  81721.438031  NaN   NaN       NaN        NaN
836  2025-04-23 10:40:41.943944     NaN     NaN     NaN  81725.00  ...  81721.549342  NaN   NaN       NaN        NaN
837  2025-04-23 10:40:41.943944     NaN     NaN     NaN  81725.00  ...  81721.657175  NaN   NaN       NaN        NaN
838  2025-04-23 10:40:41.943944     NaN     NaN     NaN  81725.00  ...  81721.761639  NaN   NaN       NaN        NaN

[839 rows x 13 columns]
2025-04-23 10:40:42,391 INFO:Final row: {'timestamp': Timestamp('2025-04-23 10:40:41.943944'), 'open': nan, 'high': nan, 'low': nan, 'close': 81725.0, 'volume': nan, 'short': 81724.99999909718, 'middle': 81724.80571710672, 'long': 81721.76163859302, 'buy': nan, 'sell': nan, 'buy_exit': nan, 'sell_exit': nan}
2025-04-23 10:40:42,391 INFO:Buy exit signal received
2025-04-23 10:40:42,391 INFO:Sell exit signal received
2025-04-23 10:40:42,391 INFO:Entering while loop with trade_count: 2
2025-04-23 10:40:42,441 INFO:Combined historical with live algo:                       timestamp    open    high     low     close  ...          long  buy  sell  buy_exit  sell_exit
0     2025-04-22 09:15:00+05:30  821.10  821.10  817.00    818.80  ...    818.800000  NaN   NaN       NaN        NaN
1     2025-04-22 09:16:00+05:30  818.75  818.75  814.60    814.60  ...    818.668750  NaN   NaN       NaN        NaN
2     2025-04-22 09:17:00+05:30  814.60  816.00  814.00    815.35  ...    818.565039  NaN   NaN       NaN        NaN
3     2025-04-22 09:18:00+05:30  815.30  816.00  814.75    815.50  ...    818.469257  NaN   NaN       NaN        NaN
4     2025-04-22 09:19:00+05:30  815.55  815.75  814.50    814.60  ...    818.348342  NaN   NaN       NaN        NaN
..                          ...     ...     ...     ...       ...  ...           ...  ...   ...       ...        ...
835  2025-04-23 10:40:41.943944     NaN     NaN     NaN  81725.00  ...  81721.438031  NaN   NaN       NaN        NaN
836  2025-04-23 10:40:41.943944     NaN     NaN     NaN  81725.00  ...  81721.549342  NaN   NaN       NaN        NaN
837  2025-04-23 10:40:41.943944     NaN     NaN     NaN  81725.00  ...  81721.657175  NaN   NaN       NaN        NaN
838  2025-04-23 10:40:41.943944     NaN     NaN     NaN  81725.00  ...  81721.761639  NaN   NaN       NaN        NaN
839  2025-04-23 10:40:41.943944     NaN     NaN     NaN  81725.00  ...  81721.862837  NaN   NaN       NaN        NaN

[840 rows x 13 columns]
2025-04-23 10:40:42,441 INFO:Final row: {'timestamp': Timestamp('2025-04-23 10:40:41.943944'), 'open': nan, 'high': nan, 'low': nan, 'close': 81725.0, 'volume': nan, 'short': 81724.99999939813, 'middle': 81724.82337918793, 'long': 81721.86283738699, 'buy': nan, 'sell': nan, 'buy_exit': nan, 'sell_exit': nan}
2025-04-23 10:40:42,441 INFO:Buy exit signal received
2025-04-23 10:40:42,441 INFO:Sell exit signal received
2025-04-23 10:40:42,441 INFO:Entering while loop with trade_count: 2
2025-04-23 10:40:42,496 INFO:Combined historical with live algo:                       timestamp    open    high     low     close  ...          long  buy  sell  buy_exit  sell_exit
0     2025-04-22 09:15:00+05:30  821.10  821.10  817.00    818.80  ...    818.800000  NaN   NaN       NaN        NaN
1     2025-04-22 09:16:00+05:30  818.75  818.75  814.60    814.60  ...    818.668750  NaN   NaN       NaN        NaN
2     2025-04-22 09:17:00+05:30  814.60  816.00  814.00    815.35  ...    818.565039  NaN   NaN       NaN        NaN
3     2025-04-22 09:18:00+05:30  815.30  816.00  814.75    815.50  ...    818.469257  NaN   NaN       NaN        NaN
4     2025-04-22 09:19:00+05:30  815.55  815.75  814.50    814.60  ...    818.348342  NaN   NaN       NaN        NaN
..                          ...     ...     ...     ...       ...  ...           ...  ...   ...       ...        ...
836  2025-04-23 10:40:41.943944     NaN     NaN     NaN  81725.00  ...  81721.549342  NaN   NaN       NaN        NaN
837  2025-04-23 10:40:41.943944     NaN     NaN     NaN  81725.00  ...  81721.657175  NaN   NaN       NaN        NaN
838  2025-04-23 10:40:41.943944     NaN     NaN     NaN  81725.00  ...  81721.761639  NaN   NaN       NaN        NaN
839  2025-04-23 10:40:41.943944     NaN     NaN     NaN  81725.00  ...  81721.862837  NaN   NaN       NaN        NaN
840  2025-04-23 10:40:41.943944     NaN     NaN     NaN  81725.00  ...  81721.960874  NaN   NaN       NaN        NaN

[841 rows x 13 columns]
2025-04-23 10:40:42,497 INFO:Final row: {'timestamp': Timestamp('2025-04-23 10:40:41.943944'), 'open': nan, 'high': nan, 'low': nan, 'close': 81725.0, 'volume': nan, 'short': 81724.99999959876, 'middle': 81724.83943562538, 'long': 81721.96087371865, 'buy': nan, 'sell': nan, 'buy_exit': nan, 'sell_exit': nan}
2025-04-23 10:40:42,497 INFO:Buy exit signal received
2025-04-23 10:40:42,497 INFO:Sell exit signal received
2025-04-23 10:40:42,497 INFO:Entering while loop with trade_count: 2
2025-04-23 10:40:42,550 INFO:Combined historical with live algo:                       timestamp    open    high     low     close  ...          long  buy  sell  buy_exit  sell_exit
0     2025-04-22 09:15:00+05:30  821.10  821.10  817.00    818.80  ...    818.800000  NaN   NaN       NaN        NaN
1     2025-04-22 09:16:00+05:30  818.75  818.75  814.60    814.60  ...    818.668750  NaN   NaN       NaN        NaN
2     2025-04-22 09:17:00+05:30  814.60  816.00  814.00    815.35  ...    818.565039  NaN   NaN       NaN        NaN
3     2025-04-22 09:18:00+05:30  815.30  816.00  814.75    815.50  ...    818.469257  NaN   NaN       NaN        NaN
4     2025-04-22 09:19:00+05:30  815.55  815.75  814.50    814.60  ...    818.348342  NaN   NaN       NaN        NaN
..                          ...     ...     ...     ...       ...  ...           ...  ...   ...       ...        ...
837  2025-04-23 10:40:41.943944     NaN     NaN     NaN  81725.00  ...  81721.657175  NaN   NaN       NaN        NaN
838  2025-04-23 10:40:41.943944     NaN     NaN     NaN  81725.00  ...  81721.761639  NaN   NaN       NaN        NaN
839  2025-04-23 10:40:41.943944     NaN     NaN     NaN  81725.00  ...  81721.862837  NaN   NaN       NaN        NaN
840  2025-04-23 10:40:41.943944     NaN     NaN     NaN  81725.00  ...  81721.960874  NaN   NaN       NaN        NaN
841  2025-04-23 10:40:41.943944     NaN     NaN     NaN  81725.00  ...  81722.055846  NaN   NaN       NaN        NaN

[842 rows x 13 columns]
2025-04-23 10:40:42,550 INFO:Final row: {'timestamp': Timestamp('2025-04-23 10:40:41.943944'), 'open': nan, 'high': nan, 'low': nan, 'close': 81725.0, 'volume': nan, 'short': 81724.9999997325, 'middle': 81724.8540323867, 'long': 81722.05584641494, 'buy': nan, 'sell': nan, 'buy_exit': nan, 'sell_exit': nan}
2025-04-23 10:40:42,550 INFO:Buy exit signal received
2025-04-23 10:40:42,550 INFO:Sell exit signal received
2025-04-23 10:40:42,550 INFO:Entering while loop with trade_count: 2
2025-04-23 10:40:42,605 INFO:Combined historical with live algo:                       timestamp    open    high     low     close  ...          long  buy  sell  buy_exit  sell_exit
0     2025-04-22 09:15:00+05:30  821.10  821.10  817.00    818.80  ...    818.800000  NaN   NaN       NaN        NaN
1     2025-04-22 09:16:00+05:30  818.75  818.75  814.60    814.60  ...    818.668750  NaN   NaN       NaN        NaN
2     2025-04-22 09:17:00+05:30  814.60  816.00  814.00    815.35  ...    818.565039  NaN   NaN       NaN        NaN
3     2025-04-22 09:18:00+05:30  815.30  816.00  814.75    815.50  ...    818.469257  NaN   NaN       NaN        NaN
4     2025-04-22 09:19:00+05:30  815.55  815.75  814.50    814.60  ...    818.348342  NaN   NaN       NaN        NaN
..                          ...     ...     ...     ...       ...  ...           ...  ...   ...       ...        ...
838  2025-04-23 10:40:41.943944     NaN     NaN     NaN  81725.00  ...  81721.761639  NaN   NaN       NaN        NaN
839  2025-04-23 10:40:41.943944     NaN     NaN     NaN  81725.00  ...  81721.862837  NaN   NaN       NaN        NaN
840  2025-04-23 10:40:41.943944     NaN     NaN     NaN  81725.00  ...  81721.960874  NaN   NaN       NaN        NaN
841  2025-04-23 10:40:41.943944     NaN     NaN     NaN  81725.00  ...  81722.055846  NaN   NaN       NaN        NaN
842  2025-04-23 10:40:41.943944     NaN     NaN     NaN  81725.00  ...  81722.147851  NaN   NaN       NaN        NaN

[843 rows x 13 columns]
2025-04-23 10:40:42,606 INFO:Final row: {'timestamp': Timestamp('2025-04-23 10:40:41.943944'), 'open': nan, 'high': nan, 'low': nan, 'close': 81725.0, 'volume': nan, 'short': 81724.99999982168, 'middle': 81724.86730216973, 'long': 81722.14785121447, 'buy': nan, 'sell': nan, 'buy_exit': nan, 'sell_exit': nan}
2025-04-23 10:40:42,606 INFO:Buy exit signal received
2025-04-23 10:40:42,606 INFO:Sell exit signal received
2025-04-23 10:40:42,606 INFO:Entering while loop with trade_count: 2
2025-04-23 10:40:42,656 INFO:Combined historical with live algo:                       timestamp    open    high     low     close  ...          long  buy  sell  buy_exit  sell_exit
0     2025-04-22 09:15:00+05:30  821.10  821.10  817.00    818.80  ...    818.800000  NaN   NaN       NaN        NaN
1     2025-04-22 09:16:00+05:30  818.75  818.75  814.60    814.60  ...    818.668750  NaN   NaN       NaN        NaN
2     2025-04-22 09:17:00+05:30  814.60  816.00  814.00    815.35  ...    818.565039  NaN   NaN       NaN        NaN
3     2025-04-22 09:18:00+05:30  815.30  816.00  814.75    815.50  ...    818.469257  NaN   NaN       NaN        NaN
4     2025-04-22 09:19:00+05:30  815.55  815.75  814.50    814.60  ...    818.348342  NaN   NaN       NaN        NaN
..                          ...     ...     ...     ...       ...  ...           ...  ...   ...       ...        ...
839  2025-04-23 10:40:41.943944     NaN     NaN     NaN  81725.00  ...  81721.862837  NaN   NaN       NaN        NaN
840  2025-04-23 10:40:41.943944     NaN     NaN     NaN  81725.00  ...  81721.960874  NaN   NaN       NaN        NaN
841  2025-04-23 10:40:41.943944     NaN     NaN     NaN  81725.00  ...  81722.055846  NaN   NaN       NaN        NaN
842  2025-04-23 10:40:41.943944     NaN     NaN     NaN  81725.00  ...  81722.147851  NaN   NaN       NaN        NaN
843  2025-04-23 10:40:41.943944     NaN     NaN     NaN  81725.00  ...  81722.236981  NaN   NaN       NaN        NaN

[844 rows x 13 columns]
2025-04-23 10:40:42,656 INFO:Final row: {'timestamp': Timestamp('2025-04-23 10:40:41.943944'), 'open': nan, 'high': nan, 'low': nan, 'close': 81725.0, 'volume': nan, 'short': 81724.99999988113, 'middle': 81724.87936560885, 'long': 81722.23698086402, 'buy': nan, 'sell': nan, 'buy_exit': nan, 'sell_exit': nan}
2025-04-23 10:40:42,656 INFO:Buy exit signal received
2025-04-23 10:40:42,656 INFO:Sell exit signal received
2025-04-23 10:40:42,656 INFO:Entering while loop with trade_count: 2
2025-04-23 10:40:42,723 INFO:Combined historical with live algo:                       timestamp    open    high     low     close  ...          long  buy  sell  buy_exit  sell_exit
0     2025-04-22 09:15:00+05:30  821.10  821.10  817.00    818.80  ...    818.800000  NaN   NaN       NaN        NaN
1     2025-04-22 09:16:00+05:30  818.75  818.75  814.60    814.60  ...    818.668750  NaN   NaN       NaN        NaN
2     2025-04-22 09:17:00+05:30  814.60  816.00  814.00    815.35  ...    818.565039  NaN   NaN       NaN        NaN
3     2025-04-22 09:18:00+05:30  815.30  816.00  814.75    815.50  ...    818.469257  NaN   NaN       NaN        NaN
4     2025-04-22 09:19:00+05:30  815.55  815.75  814.50    814.60  ...    818.348342  NaN   NaN       NaN        NaN
..                          ...     ...     ...     ...       ...  ...           ...  ...   ...       ...        ...
840  2025-04-23 10:40:41.943944     NaN     NaN     NaN  81725.00  ...  81721.960874  NaN   NaN       NaN        NaN
841  2025-04-23 10:40:41.943944     NaN     NaN     NaN  81725.00  ...  81722.055846  NaN   NaN       NaN        NaN
842  2025-04-23 10:40:41.943944     NaN     NaN     NaN  81725.00  ...  81722.147851  NaN   NaN       NaN        NaN
843  2025-04-23 10:40:41.943944     NaN     NaN     NaN  81725.00  ...  81722.236981  NaN   NaN       NaN        NaN
844  2025-04-23 10:40:41.943944     NaN     NaN     NaN  81725.00  ...  81722.323325  NaN   NaN       NaN        NaN

[845 rows x 13 columns]
2025-04-23 10:40:42,724 INFO:Final row: {'timestamp': Timestamp('2025-04-23 10:40:41.943944'), 'open': nan, 'high': nan, 'low': nan, 'close': 81725.0, 'volume': nan, 'short': 81724.99999992075, 'middle': 81724.89033237168, 'long': 81722.32332521203, 'buy': nan, 'sell': nan, 'buy_exit': nan, 'sell_exit': nan}
2025-04-23 10:40:42,724 INFO:Buy exit signal received
2025-04-23 10:40:42,724 INFO:Sell exit signal received
2025-04-23 10:40:42,724 INFO:Entering while loop with trade_count: 2
2025-04-23 10:40:42,784 INFO:Combined historical with live algo:                       timestamp    open    high     low     close  ...          long  buy  sell  buy_exit  sell_exit
0     2025-04-22 09:15:00+05:30  821.10  821.10  817.00    818.80  ...    818.800000  NaN   NaN       NaN        NaN
1     2025-04-22 09:16:00+05:30  818.75  818.75  814.60    814.60  ...    818.668750  NaN   NaN       NaN        NaN
2     2025-04-22 09:17:00+05:30  814.60  816.00  814.00    815.35  ...    818.565039  NaN   NaN       NaN        NaN
3     2025-04-22 09:18:00+05:30  815.30  816.00  814.75    815.50  ...    818.469257  NaN   NaN       NaN        NaN
4     2025-04-22 09:19:00+05:30  815.55  815.75  814.50    814.60  ...    818.348342  NaN   NaN       NaN        NaN
..                          ...     ...     ...     ...       ...  ...           ...  ...   ...       ...        ...
841  2025-04-23 10:40:41.943944     NaN     NaN     NaN  81725.00  ...  81722.055846  NaN   NaN       NaN        NaN
842  2025-04-23 10:40:41.943944     NaN     NaN     NaN  81725.00  ...  81722.147851  NaN   NaN       NaN        NaN
843  2025-04-23 10:40:41.943944     NaN     NaN     NaN  81725.00  ...  81722.236981  NaN   NaN       NaN        NaN
844  2025-04-23 10:40:41.943944     NaN     NaN     NaN  81725.00  ...  81722.323325  NaN   NaN       NaN        NaN
845  2025-04-23 10:40:41.943944     NaN     NaN     NaN  81725.00  ...  81722.406971  NaN   NaN       NaN        NaN

[846 rows x 13 columns]
2025-04-23 10:40:42,784 INFO:Final row: {'timestamp': Timestamp('2025-04-23 10:40:41.943944'), 'open': nan, 'high': nan, 'low': nan, 'close': 81725.0, 'volume': nan, 'short': 81724.99999994718, 'middle': 81724.90030215608, 'long': 81722.40697129915, 'buy': nan, 'sell': nan, 'buy_exit': nan, 'sell_exit': nan}
2025-04-23 10:40:42,784 INFO:Buy exit signal received
2025-04-23 10:40:42,784 INFO:Sell exit signal received
2025-04-23 10:40:42,784 INFO:Entering while loop with trade_count: 2
2025-04-23 10:40:42,840 INFO:Combined historical with live algo:                       timestamp    open    high     low     close  ...          long  buy  sell  buy_exit  sell_exit
0     2025-04-22 09:15:00+05:30  821.10  821.10  817.00    818.80  ...    818.800000  NaN   NaN       NaN        NaN
1     2025-04-22 09:16:00+05:30  818.75  818.75  814.60    814.60  ...    818.668750  NaN   NaN       NaN        NaN
2     2025-04-22 09:17:00+05:30  814.60  816.00  814.00    815.35  ...    818.565039  NaN   NaN       NaN        NaN
3     2025-04-22 09:18:00+05:30  815.30  816.00  814.75    815.50  ...    818.469257  NaN   NaN       NaN        NaN
4     2025-04-22 09:19:00+05:30  815.55  815.75  814.50    814.60  ...    818.348342  NaN   NaN       NaN        NaN
..                          ...     ...     ...     ...       ...  ...           ...  ...   ...       ...        ...
842  2025-04-23 10:40:41.943944     NaN     NaN     NaN  81725.00  ...  81722.147851  NaN   NaN       NaN        NaN
843  2025-04-23 10:40:41.943944     NaN     NaN     NaN  81725.00  ...  81722.236981  NaN   NaN       NaN        NaN
844  2025-04-23 10:40:41.943944     NaN     NaN     NaN  81725.00  ...  81722.323325  NaN   NaN       NaN        NaN
845  2025-04-23 10:40:41.943944     NaN     NaN     NaN  81725.00  ...  81722.406971  NaN   NaN       NaN        NaN
846  2025-04-23 10:40:42.757606     NaN     NaN     NaN  81725.00  ...  81722.488003  NaN   NaN       NaN        NaN

[847 rows x 13 columns]
2025-04-23 10:40:42,842 INFO:Final row: {'timestamp': Timestamp('2025-04-23 10:40:42.757606'), 'open': nan, 'high': nan, 'low': nan, 'close': 81725.0, 'volume': nan, 'short': 81724.99999996478, 'middle': 81724.90936559644, 'long': 81722.48800344605, 'buy': nan, 'sell': nan, 'buy_exit': nan, 'sell_exit': nan}
2025-04-23 10:40:42,842 INFO:Buy exit signal received
2025-04-23 10:40:42,842 INFO:Sell exit signal received
2025-04-23 10:40:42,842 INFO:Entering while loop with trade_count: 2
2025-04-23 10:40:42,892 INFO:Combined historical with live algo:                       timestamp    open    high     low     close  ...          long  buy  sell  buy_exit  sell_exit
0     2025-04-22 09:15:00+05:30  821.10  821.10  817.00    818.80  ...    818.800000  NaN   NaN       NaN        NaN
1     2025-04-22 09:16:00+05:30  818.75  818.75  814.60    814.60  ...    818.668750  NaN   NaN       NaN        NaN
2     2025-04-22 09:17:00+05:30  814.60  816.00  814.00    815.35  ...    818.565039  NaN   NaN       NaN        NaN
3     2025-04-22 09:18:00+05:30  815.30  816.00  814.75    815.50  ...    818.469257  NaN   NaN       NaN        NaN
4     2025-04-22 09:19:00+05:30  815.55  815.75  814.50    814.60  ...    818.348342  NaN   NaN       NaN        NaN
..                          ...     ...     ...     ...       ...  ...           ...  ...   ...       ...        ...
843  2025-04-23 10:40:41.943944     NaN     NaN     NaN  81725.00  ...  81722.236981  NaN   NaN       NaN        NaN
844  2025-04-23 10:40:41.943944     NaN     NaN     NaN  81725.00  ...  81722.323325  NaN   NaN       NaN        NaN
845  2025-04-23 10:40:41.943944     NaN     NaN     NaN  81725.00  ...  81722.406971  NaN   NaN       NaN        NaN
846  2025-04-23 10:40:42.757606     NaN     NaN     NaN  81725.00  ...  81722.488003  NaN   NaN       NaN        NaN
847  2025-04-23 10:40:42.757606     NaN     NaN     NaN  81725.00  ...  81722.566503  NaN   NaN       NaN        NaN

[848 rows x 13 columns]
2025-04-23 10:40:42,892 INFO:Final row: {'timestamp': Timestamp('2025-04-23 10:40:42.757606'), 'open': nan, 'high': nan, 'low': nan, 'close': 81725.0, 'volume': nan, 'short': 81724.99999997653, 'middle': 81724.91760508767, 'long': 81722.56650333836, 'buy': nan, 'sell': nan, 'buy_exit': nan, 'sell_exit': nan}
2025-04-23 10:40:42,892 INFO:Buy exit signal received
2025-04-23 10:40:42,892 INFO:Sell exit signal received
2025-04-23 10:40:42,892 INFO:Entering while loop with trade_count: 2
2025-04-23 10:40:42,955 INFO:Combined historical with live algo:                       timestamp    open    high     low     close  ...          long  buy  sell  buy_exit  sell_exit
0     2025-04-22 09:15:00+05:30  821.10  821.10  817.00    818.80  ...    818.800000  NaN   NaN       NaN        NaN
1     2025-04-22 09:16:00+05:30  818.75  818.75  814.60    814.60  ...    818.668750  NaN   NaN       NaN        NaN
2     2025-04-22 09:17:00+05:30  814.60  816.00  814.00    815.35  ...    818.565039  NaN   NaN       NaN        NaN
3     2025-04-22 09:18:00+05:30  815.30  816.00  814.75    815.50  ...    818.469257  NaN   NaN       NaN        NaN
4     2025-04-22 09:19:00+05:30  815.55  815.75  814.50    814.60  ...    818.348342  NaN   NaN       NaN        NaN
..                          ...     ...     ...     ...       ...  ...           ...  ...   ...       ...        ...
844  2025-04-23 10:40:41.943944     NaN     NaN     NaN  81725.00  ...  81722.323325  NaN   NaN       NaN        NaN
845  2025-04-23 10:40:41.943944     NaN     NaN     NaN  81725.00  ...  81722.406971  NaN   NaN       NaN        NaN
846  2025-04-23 10:40:42.757606     NaN     NaN     NaN  81725.00  ...  81722.488003  NaN   NaN       NaN        NaN
847  2025-04-23 10:40:42.757606     NaN     NaN     NaN  81725.00  ...  81722.566503  NaN   NaN       NaN        NaN
848  2025-04-23 10:40:42.757606     NaN     NaN     NaN  81725.00  ...  81722.642550  NaN   NaN       NaN        NaN

[849 rows x 13 columns]
2025-04-23 10:40:42,956 INFO:Final row: {'timestamp': Timestamp('2025-04-23 10:40:42.757606'), 'open': nan, 'high': nan, 'low': nan, 'close': 81725.0, 'volume': nan, 'short': 81724.99999998436, 'middle': 81724.92509553424, 'long': 81722.64255010903, 'buy': nan, 'sell': nan, 'buy_exit': nan, 'sell_exit': nan}
2025-04-23 10:40:42,956 INFO:Buy exit signal received
2025-04-23 10:40:42,956 INFO:Sell exit signal received
2025-04-23 10:40:42,956 INFO:Entering while loop with trade_count: 2
2025-04-23 10:40:43,012 INFO:Combined historical with live algo:                       timestamp    open    high     low     close  ...          long  buy  sell  buy_exit  sell_exit
0     2025-04-22 09:15:00+05:30  821.10  821.10  817.00    818.80  ...    818.800000  NaN   NaN       NaN        NaN
1     2025-04-22 09:16:00+05:30  818.75  818.75  814.60    814.60  ...    818.668750  NaN   NaN       NaN        NaN
2     2025-04-22 09:17:00+05:30  814.60  816.00  814.00    815.35  ...    818.565039  NaN   NaN       NaN        NaN
3     2025-04-22 09:18:00+05:30  815.30  816.00  814.75    815.50  ...    818.469257  NaN   NaN       NaN        NaN
4     2025-04-22 09:19:00+05:30  815.55  815.75  814.50    814.60  ...    818.348342  NaN   NaN       NaN        NaN
..                          ...     ...     ...     ...       ...  ...           ...  ...   ...       ...        ...
845  2025-04-23 10:40:41.943944     NaN     NaN     NaN  81725.00  ...  81722.406971  NaN   NaN       NaN        NaN
846  2025-04-23 10:40:42.757606     NaN     NaN     NaN  81725.00  ...  81722.488003  NaN   NaN       NaN        NaN
847  2025-04-23 10:40:42.757606     NaN     NaN     NaN  81725.00  ...  81722.566503  NaN   NaN       NaN        NaN
848  2025-04-23 10:40:42.757606     NaN     NaN     NaN  81725.00  ...  81722.642550  NaN   NaN       NaN        NaN
849  2025-04-23 10:40:42.757606     NaN     NaN     NaN  81725.00  ...  81722.716220  NaN   NaN       NaN        NaN

[850 rows x 13 columns]
2025-04-23 10:40:43,012 INFO:Final row: {'timestamp': Timestamp('2025-04-23 10:40:42.757606'), 'open': nan, 'high': nan, 'low': nan, 'close': 81725.0, 'volume': nan, 'short': 81724.99999998958, 'middle': 81724.93190503113, 'long': 81722.71622041812, 'buy': nan, 'sell': nan, 'buy_exit': nan, 'sell_exit': nan}
2025-04-23 10:40:43,012 INFO:Buy exit signal received
2025-04-23 10:40:43,012 INFO:Sell exit signal received
2025-04-23 10:40:43,012 INFO:Entering while loop with trade_count: 2
2025-04-23 10:40:43,072 INFO:Combined historical with live algo:                       timestamp    open    high     low     close  ...          long  buy  sell  buy_exit  sell_exit
0     2025-04-22 09:15:00+05:30  821.10  821.10  817.00    818.80  ...    818.800000  NaN   NaN       NaN        NaN
1     2025-04-22 09:16:00+05:30  818.75  818.75  814.60    814.60  ...    818.668750  NaN   NaN       NaN        NaN
2     2025-04-22 09:17:00+05:30  814.60  816.00  814.00    815.35  ...    818.565039  NaN   NaN       NaN        NaN
3     2025-04-22 09:18:00+05:30  815.30  816.00  814.75    815.50  ...    818.469257  NaN   NaN       NaN        NaN
4     2025-04-22 09:19:00+05:30  815.55  815.75  814.50    814.60  ...    818.348342  NaN   NaN       NaN        NaN
..                          ...     ...     ...     ...       ...  ...           ...  ...   ...       ...        ...
846  2025-04-23 10:40:42.757606     NaN     NaN     NaN  81725.00  ...  81722.488003  NaN   NaN       NaN        NaN
847  2025-04-23 10:40:42.757606     NaN     NaN     NaN  81725.00  ...  81722.566503  NaN   NaN       NaN        NaN
848  2025-04-23 10:40:42.757606     NaN     NaN     NaN  81725.00  ...  81722.642550  NaN   NaN       NaN        NaN
849  2025-04-23 10:40:42.757606     NaN     NaN     NaN  81725.00  ...  81722.716220  NaN   NaN       NaN        NaN
850  2025-04-23 10:40:42.757606     NaN     NaN     NaN  81725.00  ...  81722.787589  NaN   NaN       NaN        NaN

[851 rows x 13 columns]
2025-04-23 10:40:43,074 INFO:Final row: {'timestamp': Timestamp('2025-04-23 10:40:42.757606'), 'open': nan, 'high': nan, 'low': nan, 'close': 81725.0, 'volume': nan, 'short': 81724.99999999306, 'middle': 81724.93809548285, 'long': 81722.78758853006, 'buy': nan, 'sell': nan, 'buy_exit': nan, 'sell_exit': nan}
2025-04-23 10:40:43,074 INFO:Buy exit signal received
2025-04-23 10:40:43,074 INFO:Sell exit signal received
2025-04-23 10:40:43,074 INFO:Entering while loop with trade_count: 2
2025-04-23 10:40:43,125 INFO:Combined historical with live algo:                       timestamp    open    high     low     close  ...          long  buy  sell  buy_exit  sell_exit
0     2025-04-22 09:15:00+05:30  821.10  821.10  817.00    818.80  ...    818.800000  NaN   NaN       NaN        NaN
1     2025-04-22 09:16:00+05:30  818.75  818.75  814.60    814.60  ...    818.668750  NaN   NaN       NaN        NaN
2     2025-04-22 09:17:00+05:30  814.60  816.00  814.00    815.35  ...    818.565039  NaN   NaN       NaN        NaN
3     2025-04-22 09:18:00+05:30  815.30  816.00  814.75    815.50  ...    818.469257  NaN   NaN       NaN        NaN
4     2025-04-22 09:19:00+05:30  815.55  815.75  814.50    814.60  ...    818.348342  NaN   NaN       NaN        NaN
..                          ...     ...     ...     ...       ...  ...           ...  ...   ...       ...        ...
847  2025-04-23 10:40:42.757606     NaN     NaN     NaN  81725.00  ...  81722.566503  NaN   NaN       NaN        NaN
848  2025-04-23 10:40:42.757606     NaN     NaN     NaN  81725.00  ...  81722.642550  NaN   NaN       NaN        NaN
849  2025-04-23 10:40:42.757606     NaN     NaN     NaN  81725.00  ...  81722.716220  NaN   NaN       NaN        NaN
850  2025-04-23 10:40:42.757606     NaN     NaN     NaN  81725.00  ...  81722.787589  NaN   NaN       NaN        NaN
851  2025-04-23 10:40:42.757606     NaN     NaN     NaN  81725.00  ...  81722.856726  NaN   NaN       NaN        NaN

[852 rows x 13 columns]
2025-04-23 10:40:43,125 INFO:Final row: {'timestamp': Timestamp('2025-04-23 10:40:42.757606'), 'open': nan, 'high': nan, 'low': nan, 'close': 81725.0, 'volume': nan, 'short': 81724.99999999537, 'middle': 81724.94372316623, 'long': 81722.85672638849, 'buy': nan, 'sell': nan, 'buy_exit': nan, 'sell_exit': nan}
2025-04-23 10:40:43,125 INFO:Buy exit signal received
2025-04-23 10:40:43,125 INFO:Sell exit signal received
2025-04-23 10:40:43,125 INFO:Entering while loop with trade_count: 2
2025-04-23 10:40:43,192 INFO:Combined historical with live algo:                       timestamp    open    high     low     close  ...          long  buy  sell  buy_exit  sell_exit
0     2025-04-22 09:15:00+05:30  821.10  821.10  817.00    818.80  ...    818.800000  NaN   NaN       NaN        NaN
1     2025-04-22 09:16:00+05:30  818.75  818.75  814.60    814.60  ...    818.668750  NaN   NaN       NaN        NaN
2     2025-04-22 09:17:00+05:30  814.60  816.00  814.00    815.35  ...    818.565039  NaN   NaN       NaN        NaN
3     2025-04-22 09:18:00+05:30  815.30  816.00  814.75    815.50  ...    818.469257  NaN   NaN       NaN        NaN
4     2025-04-22 09:19:00+05:30  815.55  815.75  814.50    814.60  ...    818.348342  NaN   NaN       NaN        NaN
..                          ...     ...     ...     ...       ...  ...           ...  ...   ...       ...        ...
848  2025-04-23 10:40:42.757606     NaN     NaN     NaN  81725.00  ...  81722.642550  NaN   NaN       NaN        NaN
849  2025-04-23 10:40:42.757606     NaN     NaN     NaN  81725.00  ...  81722.716220  NaN   NaN       NaN        NaN
850  2025-04-23 10:40:42.757606     NaN     NaN     NaN  81725.00  ...  81722.787589  NaN   NaN       NaN        NaN
851  2025-04-23 10:40:42.757606     NaN     NaN     NaN  81725.00  ...  81722.856726  NaN   NaN       NaN        NaN
852  2025-04-23 10:40:42.757606     NaN     NaN     NaN  81725.00  ...  81722.923704  NaN   NaN       NaN        NaN

[853 rows x 13 columns]
2025-04-23 10:40:43,192 INFO:Final row: {'timestamp': Timestamp('2025-04-23 10:40:42.757606'), 'open': nan, 'high': nan, 'low': nan, 'close': 81725.0, 'volume': nan, 'short': 81724.99999999691, 'middle': 81724.94883924203, 'long': 81722.92370368885, 'buy': nan, 'sell': nan, 'buy_exit': nan, 'sell_exit': nan}
2025-04-23 10:40:43,192 INFO:Buy exit signal received
2025-04-23 10:40:43,192 INFO:Sell exit signal received
2025-04-23 10:40:43,192 INFO:Entering while loop with trade_count: 2
2025-04-23 10:40:43,267 INFO:Combined historical with live algo:                       timestamp    open    high     low     close  ...          long  buy  sell  buy_exit  sell_exit
0     2025-04-22 09:15:00+05:30  821.10  821.10  817.00    818.80  ...    818.800000  NaN   NaN       NaN        NaN
1     2025-04-22 09:16:00+05:30  818.75  818.75  814.60    814.60  ...    818.668750  NaN   NaN       NaN        NaN
2     2025-04-22 09:17:00+05:30  814.60  816.00  814.00    815.35  ...    818.565039  NaN   NaN       NaN        NaN
3     2025-04-22 09:18:00+05:30  815.30  816.00  814.75    815.50  ...    818.469257  NaN   NaN       NaN        NaN
4     2025-04-22 09:19:00+05:30  815.55  815.75  814.50    814.60  ...    818.348342  NaN   NaN       NaN        NaN
..                          ...     ...     ...     ...       ...  ...           ...  ...   ...       ...        ...
849  2025-04-23 10:40:42.757606     NaN     NaN     NaN  81725.00  ...  81722.716220  NaN   NaN       NaN        NaN
850  2025-04-23 10:40:42.757606     NaN     NaN     NaN  81725.00  ...  81722.787589  NaN   NaN       NaN        NaN
851  2025-04-23 10:40:42.757606     NaN     NaN     NaN  81725.00  ...  81722.856726  NaN   NaN       NaN        NaN
852  2025-04-23 10:40:42.757606     NaN     NaN     NaN  81725.00  ...  81722.923704  NaN   NaN       NaN        NaN
853  2025-04-23 10:40:42.757606     NaN     NaN     NaN  81725.00  ...  81722.988588  NaN   NaN       NaN        NaN

[854 rows x 13 columns]
2025-04-23 10:40:43,269 INFO:Final row: {'timestamp': Timestamp('2025-04-23 10:40:42.757606'), 'open': nan, 'high': nan, 'low': nan, 'close': 81725.0, 'volume': nan, 'short': 81724.99999999795, 'middle': 81724.95349022002, 'long': 81722.98858794858, 'buy': nan, 'sell': nan, 'buy_exit': nan, 'sell_exit': nan}
2025-04-23 10:40:43,269 INFO:Buy exit signal received
2025-04-23 10:40:43,269 INFO:Sell exit signal received
2025-04-23 10:40:43,269 INFO:Entering while loop with trade_count: 2
2025-04-23 10:40:43,322 INFO:Combined historical with live algo:                       timestamp    open    high     low     close  ...          long  buy  sell  buy_exit  sell_exit
0     2025-04-22 09:15:00+05:30  821.10  821.10  817.00    818.80  ...    818.800000  NaN   NaN       NaN        NaN
1     2025-04-22 09:16:00+05:30  818.75  818.75  814.60    814.60  ...    818.668750  NaN   NaN       NaN        NaN
2     2025-04-22 09:17:00+05:30  814.60  816.00  814.00    815.35  ...    818.565039  NaN   NaN       NaN        NaN
3     2025-04-22 09:18:00+05:30  815.30  816.00  814.75    815.50  ...    818.469257  NaN   NaN       NaN        NaN
4     2025-04-22 09:19:00+05:30  815.55  815.75  814.50    814.60  ...    818.348342  NaN   NaN       NaN        NaN
..                          ...     ...     ...     ...       ...  ...           ...  ...   ...       ...        ...
850  2025-04-23 10:40:42.757606     NaN     NaN     NaN  81725.00  ...  81722.787589  NaN   NaN       NaN        NaN
851  2025-04-23 10:40:42.757606     NaN     NaN     NaN  81725.00  ...  81722.856726  NaN   NaN       NaN        NaN
852  2025-04-23 10:40:42.757606     NaN     NaN     NaN  81725.00  ...  81722.923704  NaN   NaN       NaN        NaN
853  2025-04-23 10:40:42.757606     NaN     NaN     NaN  81725.00  ...  81722.988588  NaN   NaN       NaN        NaN
854  2025-04-23 10:40:42.757606     NaN     NaN     NaN  81725.00  ...  81723.051445  NaN   NaN       NaN        NaN

[855 rows x 13 columns]
2025-04-23 10:40:43,322 INFO:Final row: {'timestamp': Timestamp('2025-04-23 10:40:42.757606'), 'open': nan, 'high': nan, 'low': nan, 'close': 81725.0, 'volume': nan, 'short': 81724.99999999863, 'middle': 81724.95771838183, 'long': 81723.05144457519, 'buy': nan, 'sell': nan, 'buy_exit': nan, 'sell_exit': nan}
2025-04-23 10:40:43,322 INFO:Buy exit signal received
2025-04-23 10:40:43,322 INFO:Sell exit signal received
2025-04-23 10:40:43,322 INFO:Entering while loop with trade_count: 2
2025-04-23 10:40:43,421 INFO:Combined historical with live algo:                       timestamp    open    high     low     close  ...          long  buy  sell  buy_exit  sell_exit
0     2025-04-22 09:15:00+05:30  821.10  821.10  817.00    818.80  ...    818.800000  NaN   NaN       NaN        NaN
1     2025-04-22 09:16:00+05:30  818.75  818.75  814.60    814.60  ...    818.668750  NaN   NaN       NaN        NaN
2     2025-04-22 09:17:00+05:30  814.60  816.00  814.00    815.35  ...    818.565039  NaN   NaN       NaN        NaN
3     2025-04-22 09:18:00+05:30  815.30  816.00  814.75    815.50  ...    818.469257  NaN   NaN       NaN        NaN
4     2025-04-22 09:19:00+05:30  815.55  815.75  814.50    814.60  ...    818.348342  NaN   NaN       NaN        NaN
..                          ...     ...     ...     ...       ...  ...           ...  ...   ...       ...        ...
851  2025-04-23 10:40:42.757606     NaN     NaN     NaN  81725.00  ...  81722.856726  NaN   NaN       NaN        NaN
852  2025-04-23 10:40:42.757606     NaN     NaN     NaN  81725.00  ...  81722.923704  NaN   NaN       NaN        NaN
853  2025-04-23 10:40:42.757606     NaN     NaN     NaN  81725.00  ...  81722.988588  NaN   NaN       NaN        NaN
854  2025-04-23 10:40:42.757606     NaN     NaN     NaN  81725.00  ...  81723.051445  NaN   NaN       NaN        NaN
855  2025-04-23 10:40:42.757606     NaN     NaN     NaN  81725.00  ...  81723.112337  NaN   NaN       NaN        NaN

[856 rows x 13 columns]
2025-04-23 10:40:43,424 INFO:Final row: {'timestamp': Timestamp('2025-04-23 10:40:42.757606'), 'open': nan, 'high': nan, 'low': nan, 'close': 81725.0, 'volume': nan, 'short': 81724.9999999991, 'middle': 81724.9615621653, 'long': 81723.11233693222, 'buy': nan, 'sell': nan, 'buy_exit': nan, 'sell_exit': nan}
2025-04-23 10:40:43,424 INFO:Buy exit signal received
2025-04-23 10:40:43,424 INFO:Sell exit signal received
2025-04-23 10:40:43,424 INFO:Entering while loop with trade_count: 2
2025-04-23 10:40:43,490 INFO:Combined historical with live algo:                       timestamp    open    high     low     close  ...          long  buy  sell  buy_exit  sell_exit
0     2025-04-22 09:15:00+05:30  821.10  821.10  817.00    818.80  ...    818.800000  NaN   NaN       NaN        NaN
1     2025-04-22 09:16:00+05:30  818.75  818.75  814.60    814.60  ...    818.668750  NaN   NaN       NaN        NaN
2     2025-04-22 09:17:00+05:30  814.60  816.00  814.00    815.35  ...    818.565039  NaN   NaN       NaN        NaN
3     2025-04-22 09:18:00+05:30  815.30  816.00  814.75    815.50  ...    818.469257  NaN   NaN       NaN        NaN
4     2025-04-22 09:19:00+05:30  815.55  815.75  814.50    814.60  ...    818.348342  NaN   NaN       NaN        NaN
..                          ...     ...     ...     ...       ...  ...           ...  ...   ...       ...        ...
852  2025-04-23 10:40:42.757606     NaN     NaN     NaN  81725.00  ...  81722.923704  NaN   NaN       NaN        NaN
853  2025-04-23 10:40:42.757606     NaN     NaN     NaN  81725.00  ...  81722.988588  NaN   NaN       NaN        NaN
854  2025-04-23 10:40:42.757606     NaN     NaN     NaN  81725.00  ...  81723.051445  NaN   NaN       NaN        NaN
855  2025-04-23 10:40:42.757606     NaN     NaN     NaN  81725.00  ...  81723.112337  NaN   NaN       NaN        NaN
856  2025-04-23 10:40:42.757606     NaN     NaN     NaN  81725.00  ...  81723.171326  NaN   NaN       NaN        NaN

[857 rows x 13 columns]
2025-04-23 10:40:43,490 INFO:Final row: {'timestamp': Timestamp('2025-04-23 10:40:42.757606'), 'open': nan, 'high': nan, 'low': nan, 'close': 81725.0, 'volume': nan, 'short': 81724.9999999994, 'middle': 81724.96505651392, 'long': 81723.17132640308, 'buy': nan, 'sell': nan, 'buy_exit': nan, 'sell_exit': nan}
2025-04-23 10:40:43,490 INFO:Buy exit signal received
2025-04-23 10:40:43,490 INFO:Sell exit signal received
2025-04-23 10:40:43,490 INFO:Entering while loop with trade_count: 2
2025-04-23 10:40:43,541 INFO:Combined historical with live algo:                       timestamp    open    high     low     close  ...          long  buy  sell  buy_exit  sell_exit
0     2025-04-22 09:15:00+05:30  821.10  821.10  817.00    818.80  ...    818.800000  NaN   NaN       NaN        NaN
1     2025-04-22 09:16:00+05:30  818.75  818.75  814.60    814.60  ...    818.668750  NaN   NaN       NaN        NaN
2     2025-04-22 09:17:00+05:30  814.60  816.00  814.00    815.35  ...    818.565039  NaN   NaN       NaN        NaN
3     2025-04-22 09:18:00+05:30  815.30  816.00  814.75    815.50  ...    818.469257  NaN   NaN       NaN        NaN
4     2025-04-22 09:19:00+05:30  815.55  815.75  814.50    814.60  ...    818.348342  NaN   NaN       NaN        NaN
..                          ...     ...     ...     ...       ...  ...           ...  ...   ...       ...        ...
853  2025-04-23 10:40:42.757606     NaN     NaN     NaN  81725.00  ...  81722.988588  NaN   NaN       NaN        NaN
854  2025-04-23 10:40:42.757606     NaN     NaN     NaN  81725.00  ...  81723.051445  NaN   NaN       NaN        NaN
855  2025-04-23 10:40:42.757606     NaN     NaN     NaN  81725.00  ...  81723.112337  NaN   NaN       NaN        NaN
856  2025-04-23 10:40:42.757606     NaN     NaN     NaN  81725.00  ...  81723.171326  NaN   NaN       NaN        NaN
857  2025-04-23 10:40:42.757606     NaN     NaN     NaN  81725.00  ...  81723.228472  NaN   NaN       NaN        NaN

[858 rows x 13 columns]
2025-04-23 10:40:43,541 INFO:Final row: {'timestamp': Timestamp('2025-04-23 10:40:42.757606'), 'open': nan, 'high': nan, 'low': nan, 'close': 81725.0, 'volume': nan, 'short': 81724.9999999996, 'middle': 81724.96823319446, 'long': 81723.22847245299, 'buy': nan, 'sell': nan, 'buy_exit': nan, 'sell_exit': nan}
2025-04-23 10:40:43,541 INFO:Buy exit signal received
2025-04-23 10:40:43,541 INFO:Sell exit signal received
2025-04-23 10:40:43,541 INFO:Entering while loop with trade_count: 2
2025-04-23 10:40:43,614 INFO:Combined historical with live algo:                       timestamp    open    high     low     close  ...          long  buy  sell  buy_exit  sell_exit
0     2025-04-22 09:15:00+05:30  821.10  821.10  817.00    818.80  ...    818.800000  NaN   NaN       NaN        NaN
1     2025-04-22 09:16:00+05:30  818.75  818.75  814.60    814.60  ...    818.668750  NaN   NaN       NaN        NaN
2     2025-04-22 09:17:00+05:30  814.60  816.00  814.00    815.35  ...    818.565039  NaN   NaN       NaN        NaN
3     2025-04-22 09:18:00+05:30  815.30  816.00  814.75    815.50  ...    818.469257  NaN   NaN       NaN        NaN
4     2025-04-22 09:19:00+05:30  815.55  815.75  814.50    814.60  ...    818.348342  NaN   NaN       NaN        NaN
..                          ...     ...     ...     ...       ...  ...           ...  ...   ...       ...        ...
854  2025-04-23 10:40:42.757606     NaN     NaN     NaN  81725.00  ...  81723.051445  NaN   NaN       NaN        NaN
855  2025-04-23 10:40:42.757606     NaN     NaN     NaN  81725.00  ...  81723.112337  NaN   NaN       NaN        NaN
856  2025-04-23 10:40:42.757606     NaN     NaN     NaN  81725.00  ...  81723.171326  NaN   NaN       NaN        NaN
857  2025-04-23 10:40:42.757606     NaN     NaN     NaN  81725.00  ...  81723.228472  NaN   NaN       NaN        NaN
858  2025-04-23 10:40:42.757606     NaN     NaN     NaN  81725.00  ...  81723.283833  NaN   NaN       NaN        NaN

[859 rows x 13 columns]
2025-04-23 10:40:43,614 INFO:Final row: {'timestamp': Timestamp('2025-04-23 10:40:42.757606'), 'open': nan, 'high': nan, 'low': nan, 'close': 81725.0, 'volume': nan, 'short': 81724.99999999974, 'middle': 81724.97112108588, 'long': 81723.28383268883, 'buy': nan, 'sell': nan, 'buy_exit': nan, 'sell_exit': nan}
2025-04-23 10:40:43,614 INFO:Buy exit signal received
2025-04-23 10:40:43,614 INFO:Sell exit signal received
2025-04-23 10:40:43,614 INFO:Entering while loop with trade_count: 2
2025-04-23 10:40:43,688 INFO:Combined historical with live algo:                       timestamp    open    high     low     close  ...          long  buy  sell  buy_exit  sell_exit
0     2025-04-22 09:15:00+05:30  821.10  821.10  817.00    818.80  ...    818.800000  NaN   NaN       NaN        NaN
1     2025-04-22 09:16:00+05:30  818.75  818.75  814.60    814.60  ...    818.668750  NaN   NaN       NaN        NaN
2     2025-04-22 09:17:00+05:30  814.60  816.00  814.00    815.35  ...    818.565039  NaN   NaN       NaN        NaN
3     2025-04-22 09:18:00+05:30  815.30  816.00  814.75    815.50  ...    818.469257  NaN   NaN       NaN        NaN
4     2025-04-22 09:19:00+05:30  815.55  815.75  814.50    814.60  ...    818.348342  NaN   NaN       NaN        NaN
..                          ...     ...     ...     ...       ...  ...           ...  ...   ...       ...        ...
855  2025-04-23 10:40:42.757606     NaN     NaN     NaN  81725.00  ...  81723.112337  NaN   NaN       NaN        NaN
856  2025-04-23 10:40:42.757606     NaN     NaN     NaN  81725.00  ...  81723.171326  NaN   NaN       NaN        NaN
857  2025-04-23 10:40:42.757606     NaN     NaN     NaN  81725.00  ...  81723.228472  NaN   NaN       NaN        NaN
858  2025-04-23 10:40:42.757606     NaN     NaN     NaN  81725.00  ...  81723.283833  NaN   NaN       NaN        NaN
859  2025-04-23 10:40:42.757606     NaN     NaN     NaN  81725.00  ...  81723.337463  NaN   NaN       NaN        NaN

[860 rows x 13 columns]
2025-04-23 10:40:43,689 INFO:Final row: {'timestamp': Timestamp('2025-04-23 10:40:42.757606'), 'open': nan, 'high': nan, 'low': nan, 'close': 81725.0, 'volume': nan, 'short': 81724.99999999983, 'middle': 81724.97374644171, 'long': 81723.3374629173, 'buy': nan, 'sell': nan, 'buy_exit': nan, 'sell_exit': nan}
2025-04-23 10:40:43,689 INFO:Buy exit signal received
2025-04-23 10:40:43,689 INFO:Sell exit signal received
2025-04-23 10:40:43,689 INFO:Entering while loop with trade_count: 2
2025-04-23 10:40:43,740 INFO:Combined historical with live algo:                       timestamp    open    high     low     close  ...          long  buy  sell  buy_exit  sell_exit
0     2025-04-22 09:15:00+05:30  821.10  821.10  817.00    818.80  ...    818.800000  NaN   NaN       NaN        NaN
1     2025-04-22 09:16:00+05:30  818.75  818.75  814.60    814.60  ...    818.668750  NaN   NaN       NaN        NaN
2     2025-04-22 09:17:00+05:30  814.60  816.00  814.00    815.35  ...    818.565039  NaN   NaN       NaN        NaN
3     2025-04-22 09:18:00+05:30  815.30  816.00  814.75    815.50  ...    818.469257  NaN   NaN       NaN        NaN
4     2025-04-22 09:19:00+05:30  815.55  815.75  814.50    814.60  ...    818.348342  NaN   NaN       NaN        NaN
..                          ...     ...     ...     ...       ...  ...           ...  ...   ...       ...        ...
856  2025-04-23 10:40:42.757606     NaN     NaN     NaN  81725.00  ...  81723.171326  NaN   NaN       NaN        NaN
857  2025-04-23 10:40:42.757606     NaN     NaN     NaN  81725.00  ...  81723.228472  NaN   NaN       NaN        NaN
858  2025-04-23 10:40:42.757606     NaN     NaN     NaN  81725.00  ...  81723.283833  NaN   NaN       NaN        NaN
859  2025-04-23 10:40:42.757606     NaN     NaN     NaN  81725.00  ...  81723.337463  NaN   NaN       NaN        NaN
860  2025-04-23 10:40:42.757606     NaN     NaN     NaN  81725.00  ...  81723.389417  NaN   NaN       NaN        NaN

[861 rows x 13 columns]
2025-04-23 10:40:43,740 INFO:Final row: {'timestamp': Timestamp('2025-04-23 10:40:42.757606'), 'open': nan, 'high': nan, 'low': nan, 'close': 81725.0, 'volume': nan, 'short': 81724.99999999988, 'middle': 81724.97613312883, 'long': 81723.38941720114, 'buy': nan, 'sell': nan, 'buy_exit': nan, 'sell_exit': nan}
2025-04-23 10:40:43,740 INFO:Buy exit signal received
2025-04-23 10:40:43,740 INFO:Sell exit signal received
2025-04-23 10:40:43,740 INFO:Entering while loop with trade_count: 2
2025-04-23 10:40:43,798 INFO:Combined historical with live algo:                       timestamp    open    high     low     close  ...          long  buy  sell  buy_exit  sell_exit
0     2025-04-22 09:15:00+05:30  821.10  821.10  817.00    818.80  ...    818.800000  NaN   NaN       NaN        NaN
1     2025-04-22 09:16:00+05:30  818.75  818.75  814.60    814.60  ...    818.668750  NaN   NaN       NaN        NaN
2     2025-04-22 09:17:00+05:30  814.60  816.00  814.00    815.35  ...    818.565039  NaN   NaN       NaN        NaN
3     2025-04-22 09:18:00+05:30  815.30  816.00  814.75    815.50  ...    818.469257  NaN   NaN       NaN        NaN
4     2025-04-22 09:19:00+05:30  815.55  815.75  814.50    814.60  ...    818.348342  NaN   NaN       NaN        NaN
..                          ...     ...     ...     ...       ...  ...           ...  ...   ...       ...        ...
857  2025-04-23 10:40:42.757606     NaN     NaN     NaN  81725.00  ...  81723.228472  NaN   NaN       NaN        NaN
858  2025-04-23 10:40:42.757606     NaN     NaN     NaN  81725.00  ...  81723.283833  NaN   NaN       NaN        NaN
859  2025-04-23 10:40:42.757606     NaN     NaN     NaN  81725.00  ...  81723.337463  NaN   NaN       NaN        NaN
860  2025-04-23 10:40:42.757606     NaN     NaN     NaN  81725.00  ...  81723.389417  NaN   NaN       NaN        NaN
861  2025-04-23 10:40:42.757606     NaN     NaN     NaN  81725.00  ...  81723.439748  NaN   NaN       NaN        NaN

[862 rows x 13 columns]
2025-04-23 10:40:43,803 INFO:Final row: {'timestamp': Timestamp('2025-04-23 10:40:42.757606'), 'open': nan, 'high': nan, 'low': nan, 'close': 81725.0, 'volume': nan, 'short': 81724.99999999993, 'middle': 81724.97830284439, 'long': 81723.4397479136, 'buy': nan, 'sell': nan, 'buy_exit': nan, 'sell_exit': nan}
2025-04-23 10:40:43,803 INFO:Buy exit signal received
2025-04-23 10:40:43,803 INFO:Sell exit signal received
2025-04-23 10:40:43,803 INFO:Entering while loop with trade_count: 2
2025-04-23 10:40:43,870 INFO:Combined historical with live algo:                       timestamp    open    high     low     close  ...          long  buy  sell  buy_exit  sell_exit
0     2025-04-22 09:15:00+05:30  821.10  821.10  817.00    818.80  ...    818.800000  NaN   NaN       NaN        NaN
1     2025-04-22 09:16:00+05:30  818.75  818.75  814.60    814.60  ...    818.668750  NaN   NaN       NaN        NaN
2     2025-04-22 09:17:00+05:30  814.60  816.00  814.00    815.35  ...    818.565039  NaN   NaN       NaN        NaN
3     2025-04-22 09:18:00+05:30  815.30  816.00  814.75    815.50  ...    818.469257  NaN   NaN       NaN        NaN
4     2025-04-22 09:19:00+05:30  815.55  815.75  814.50    814.60  ...    818.348342  NaN   NaN       NaN        NaN
..                          ...     ...     ...     ...       ...  ...           ...  ...   ...       ...        ...
858  2025-04-23 10:40:42.757606     NaN     NaN     NaN  81725.00  ...  81723.283833  NaN   NaN       NaN        NaN
859  2025-04-23 10:40:42.757606     NaN     NaN     NaN  81725.00  ...  81723.337463  NaN   NaN       NaN        NaN
860  2025-04-23 10:40:42.757606     NaN     NaN     NaN  81725.00  ...  81723.389417  NaN   NaN       NaN        NaN
861  2025-04-23 10:40:42.757606     NaN     NaN     NaN  81725.00  ...  81723.439748  NaN   NaN       NaN        NaN
862  2025-04-23 10:40:42.757606     NaN     NaN     NaN  81725.00  ...  81723.488506  NaN   NaN       NaN        NaN

[863 rows x 13 columns]
2025-04-23 10:40:43,871 INFO:Final row: {'timestamp': Timestamp('2025-04-23 10:40:42.757606'), 'open': nan, 'high': nan, 'low': nan, 'close': 81725.0, 'volume': nan, 'short': 81724.99999999996, 'middle': 81724.98027531308, 'long': 81723.48850579129, 'buy': nan, 'sell': nan, 'buy_exit': nan, 'sell_exit': nan}
2025-04-23 10:40:43,871 INFO:Buy exit signal received
2025-04-23 10:40:43,871 INFO:Sell exit signal received
2025-04-23 10:40:43,871 INFO:Entering while loop with trade_count: 2
2025-04-23 10:40:43,923 INFO:Combined historical with live algo:                       timestamp    open    high     low     close  ...          long  buy  sell  buy_exit  sell_exit
0     2025-04-22 09:15:00+05:30  821.10  821.10  817.00    818.80  ...    818.800000  NaN   NaN       NaN        NaN
1     2025-04-22 09:16:00+05:30  818.75  818.75  814.60    814.60  ...    818.668750  NaN   NaN       NaN        NaN
2     2025-04-22 09:17:00+05:30  814.60  816.00  814.00    815.35  ...    818.565039  NaN   NaN       NaN        NaN
3     2025-04-22 09:18:00+05:30  815.30  816.00  814.75    815.50  ...    818.469257  NaN   NaN       NaN        NaN
4     2025-04-22 09:19:00+05:30  815.55  815.75  814.50    814.60  ...    818.348342  NaN   NaN       NaN        NaN
..                          ...     ...     ...     ...       ...  ...           ...  ...   ...       ...        ...
859  2025-04-23 10:40:42.757606     NaN     NaN     NaN  81725.00  ...  81723.337463  NaN   NaN       NaN        NaN
860  2025-04-23 10:40:42.757606     NaN     NaN     NaN  81725.00  ...  81723.389417  NaN   NaN       NaN        NaN
861  2025-04-23 10:40:42.757606     NaN     NaN     NaN  81725.00  ...  81723.439748  NaN   NaN       NaN        NaN
862  2025-04-23 10:40:42.757606     NaN     NaN     NaN  81725.00  ...  81723.488506  NaN   NaN       NaN        NaN
863  2025-04-23 10:40:42.757606     NaN     NaN     NaN  81725.00  ...  81723.535740  NaN   NaN       NaN        NaN

[864 rows x 13 columns]
2025-04-23 10:40:43,923 INFO:Final row: {'timestamp': Timestamp('2025-04-23 10:40:42.757606'), 'open': nan, 'high': nan, 'low': nan, 'close': 81725.0, 'volume': nan, 'short': 81724.99999999997, 'middle': 81724.98206846643, 'long': 81723.53573998531, 'buy': nan, 'sell': nan, 'buy_exit': nan, 'sell_exit': nan}
2025-04-23 10:40:43,923 INFO:Buy exit signal received
2025-04-23 10:40:43,923 INFO:Sell exit signal received
2025-04-23 10:40:43,923 INFO:Entering while loop with trade_count: 2
2025-04-23 10:40:43,974 INFO:Combined historical with live algo:                       timestamp    open    high     low     close  ...          long  buy  sell  buy_exit  sell_exit
0     2025-04-22 09:15:00+05:30  821.10  821.10  817.00    818.80  ...    818.800000  NaN   NaN       NaN        NaN
1     2025-04-22 09:16:00+05:30  818.75  818.75  814.60    814.60  ...    818.668750  NaN   NaN       NaN        NaN
2     2025-04-22 09:17:00+05:30  814.60  816.00  814.00    815.35  ...    818.565039  NaN   NaN       NaN        NaN
3     2025-04-22 09:18:00+05:30  815.30  816.00  814.75    815.50  ...    818.469257  NaN   NaN       NaN        NaN
4     2025-04-22 09:19:00+05:30  815.55  815.75  814.50    814.60  ...    818.348342  NaN   NaN       NaN        NaN
..                          ...     ...     ...     ...       ...  ...           ...  ...   ...       ...        ...
860  2025-04-23 10:40:42.757606     NaN     NaN     NaN  81725.00  ...  81723.389417  NaN   NaN       NaN        NaN
861  2025-04-23 10:40:42.757606     NaN     NaN     NaN  81725.00  ...  81723.439748  NaN   NaN       NaN        NaN
862  2025-04-23 10:40:42.757606     NaN     NaN     NaN  81725.00  ...  81723.488506  NaN   NaN       NaN        NaN
863  2025-04-23 10:40:42.757606     NaN     NaN     NaN  81725.00  ...  81723.535740  NaN   NaN       NaN        NaN
864  2025-04-23 10:40:42.757606     NaN     NaN     NaN  81725.00  ...  81723.581498  NaN   NaN       NaN        NaN

[865 rows x 13 columns]
2025-04-23 10:40:43,981 INFO:Final row: {'timestamp': Timestamp('2025-04-23 10:40:42.757606'), 'open': nan, 'high': nan, 'low': nan, 'close': 81725.0, 'volume': nan, 'short': 81724.99999999999, 'middle': 81724.98369860585, 'long': 81723.58149811077, 'buy': nan, 'sell': nan, 'buy_exit': nan, 'sell_exit': nan}
2025-04-23 10:40:43,981 INFO:Buy exit signal received
2025-04-23 10:40:43,981 INFO:Sell exit signal received
2025-04-23 10:40:43,981 INFO:Entering while loop with trade_count: 2
2025-04-23 10:40:44,029 INFO:Combined historical with live algo:                       timestamp    open    high     low     close  ...          long  buy  sell  buy_exit  sell_exit
0     2025-04-22 09:15:00+05:30  821.10  821.10  817.00    818.80  ...    818.800000  NaN   NaN       NaN        NaN
1     2025-04-22 09:16:00+05:30  818.75  818.75  814.60    814.60  ...    818.668750  NaN   NaN       NaN        NaN
2     2025-04-22 09:17:00+05:30  814.60  816.00  814.00    815.35  ...    818.565039  NaN   NaN       NaN        NaN
3     2025-04-22 09:18:00+05:30  815.30  816.00  814.75    815.50  ...    818.469257  NaN   NaN       NaN        NaN
4     2025-04-22 09:19:00+05:30  815.55  815.75  814.50    814.60  ...    818.348342  NaN   NaN       NaN        NaN
..                          ...     ...     ...     ...       ...  ...           ...  ...   ...       ...        ...
861  2025-04-23 10:40:42.757606     NaN     NaN     NaN  81725.00  ...  81723.439748  NaN   NaN       NaN        NaN
862  2025-04-23 10:40:42.757606     NaN     NaN     NaN  81725.00  ...  81723.488506  NaN   NaN       NaN        NaN
863  2025-04-23 10:40:42.757606     NaN     NaN     NaN  81725.00  ...  81723.535740  NaN   NaN       NaN        NaN
864  2025-04-23 10:40:42.757606     NaN     NaN     NaN  81725.00  ...  81723.581498  NaN   NaN       NaN        NaN
865  2025-04-23 10:40:43.974906     NaN     NaN     NaN  81735.00  ...  81723.938326  NaN   NaN       NaN        NaN

[866 rows x 13 columns]
2025-04-23 10:40:44,029 INFO:Final row: {'timestamp': Timestamp('2025-04-23 10:40:43.974906'), 'open': nan, 'high': nan, 'low': nan, 'close': 81735.0, 'volume': nan, 'short': 81728.33333333333, 'middle': 81725.89427145987, 'long': 81723.93832629481, 'buy': nan, 'sell': nan, 'buy_exit': nan, 'sell_exit': nan}
2025-04-23 10:40:44,029 INFO:Buy exit signal received
2025-04-23 10:40:44,029 INFO:Sell exit signal received
2025-04-23 10:40:44,029 INFO:Entering while loop with trade_count: 2
2025-04-23 10:40:44,091 INFO:Combined historical with live algo:                       timestamp    open    high     low     close  ...          long  buy  sell  buy_exit  sell_exit
0     2025-04-22 09:15:00+05:30  821.10  821.10  817.00    818.80  ...    818.800000  NaN   NaN       NaN        NaN
1     2025-04-22 09:16:00+05:30  818.75  818.75  814.60    814.60  ...    818.668750  NaN   NaN       NaN        NaN
2     2025-04-22 09:17:00+05:30  814.60  816.00  814.00    815.35  ...    818.565039  NaN   NaN       NaN        NaN
3     2025-04-22 09:18:00+05:30  815.30  816.00  814.75    815.50  ...    818.469257  NaN   NaN       NaN        NaN
4     2025-04-22 09:19:00+05:30  815.55  815.75  814.50    814.60  ...    818.348342  NaN   NaN       NaN        NaN
..                          ...     ...     ...     ...       ...  ...           ...  ...   ...       ...        ...
862  2025-04-23 10:40:42.757606     NaN     NaN     NaN  81725.00  ...  81723.488506  NaN   NaN       NaN        NaN
863  2025-04-23 10:40:42.757606     NaN     NaN     NaN  81725.00  ...  81723.535740  NaN   NaN       NaN        NaN
864  2025-04-23 10:40:42.757606     NaN     NaN     NaN  81725.00  ...  81723.581498  NaN   NaN       NaN        NaN
865  2025-04-23 10:40:43.974906     NaN     NaN     NaN  81735.00  ...  81723.938326  NaN   NaN       NaN        NaN
866  2025-04-23 10:40:43.974906     NaN     NaN     NaN  81735.00  ...  81724.284004  NaN   NaN       NaN        NaN

[867 rows x 13 columns]
2025-04-23 10:40:44,091 INFO:Final row: {'timestamp': Timestamp('2025-04-23 10:40:43.974906'), 'open': nan, 'high': nan, 'low': nan, 'close': 81735.0, 'volume': nan, 'short': 81730.55555555556, 'middle': 81726.72206496351, 'long': 81724.28400359809, 'buy': nan, 'sell': nan, 'buy_exit': nan, 'sell_exit': nan}
2025-04-23 10:40:44,091 INFO:Buy exit signal received
2025-04-23 10:40:44,091 INFO:Sell exit signal received
2025-04-23 10:40:44,091 INFO:Entering while loop with trade_count: 2
2025-04-23 10:40:44,182 INFO:Combined historical with live algo:                       timestamp    open    high     low     close  ...          long  buy  sell  buy_exit  sell_exit
0     2025-04-22 09:15:00+05:30  821.10  821.10  817.00    818.80  ...    818.800000  NaN   NaN       NaN        NaN
1     2025-04-22 09:16:00+05:30  818.75  818.75  814.60    814.60  ...    818.668750  NaN   NaN       NaN        NaN
2     2025-04-22 09:17:00+05:30  814.60  816.00  814.00    815.35  ...    818.565039  NaN   NaN       NaN        NaN
3     2025-04-22 09:18:00+05:30  815.30  816.00  814.75    815.50  ...    818.469257  NaN   NaN       NaN        NaN
4     2025-04-22 09:19:00+05:30  815.55  815.75  814.50    814.60  ...    818.348342  NaN   NaN       NaN        NaN
..                          ...     ...     ...     ...       ...  ...           ...  ...   ...       ...        ...
863  2025-04-23 10:40:42.757606     NaN     NaN     NaN  81725.00  ...  81723.535740  NaN   NaN       NaN        NaN
864  2025-04-23 10:40:42.757606     NaN     NaN     NaN  81725.00  ...  81723.581498  NaN   NaN       NaN        NaN
865  2025-04-23 10:40:43.974906     NaN     NaN     NaN  81735.00  ...  81723.938326  NaN   NaN       NaN        NaN
866  2025-04-23 10:40:43.974906     NaN     NaN     NaN  81735.00  ...  81724.284004  NaN   NaN       NaN        NaN
867  2025-04-23 10:40:43.974906     NaN     NaN     NaN  81735.00  ...  81724.618878  NaN   NaN       NaN        NaN

[868 rows x 13 columns]
2025-04-23 10:40:44,183 INFO:Final row: {'timestamp': Timestamp('2025-04-23 10:40:43.974906'), 'open': nan, 'high': nan, 'low': nan, 'close': 81735.0, 'volume': nan, 'short': 81732.03703703705, 'middle': 81727.47460451227, 'long': 81724.61887848565, 'buy': nan, 'sell': nan, 'buy_exit': nan, 'sell_exit': nan}
2025-04-23 10:40:44,183 INFO:Buy exit signal received
2025-04-23 10:40:44,183 INFO:Sell exit signal received
2025-04-23 10:40:44,183 INFO:Entering while loop with trade_count: 2
2025-04-23 10:40:44,261 INFO:Combined historical with live algo:                       timestamp    open    high     low     close  ...          long  buy  sell  buy_exit  sell_exit
0     2025-04-22 09:15:00+05:30  821.10  821.10  817.00    818.80  ...    818.800000  NaN   NaN       NaN        NaN
1     2025-04-22 09:16:00+05:30  818.75  818.75  814.60    814.60  ...    818.668750  NaN   NaN       NaN        NaN
2     2025-04-22 09:17:00+05:30  814.60  816.00  814.00    815.35  ...    818.565039  NaN   NaN       NaN        NaN
3     2025-04-22 09:18:00+05:30  815.30  816.00  814.75    815.50  ...    818.469257  NaN   NaN       NaN        NaN
4     2025-04-22 09:19:00+05:30  815.55  815.75  814.50    814.60  ...    818.348342  NaN   NaN       NaN        NaN
..                          ...     ...     ...     ...       ...  ...           ...  ...   ...       ...        ...
864  2025-04-23 10:40:42.757606     NaN     NaN     NaN  81725.00  ...  81723.581498  NaN   NaN       NaN        NaN
865  2025-04-23 10:40:43.974906     NaN     NaN     NaN  81735.00  ...  81723.938326  NaN   NaN       NaN        NaN
866  2025-04-23 10:40:43.974906     NaN     NaN     NaN  81735.00  ...  81724.284004  NaN   NaN       NaN        NaN
867  2025-04-23 10:40:43.974906     NaN     NaN     NaN  81735.00  ...  81724.618878  NaN   NaN       NaN        NaN
868  2025-04-23 10:40:43.974906     NaN     NaN     NaN  81735.00  ...  81724.943289  NaN   NaN       NaN        NaN

[869 rows x 13 columns]
2025-04-23 10:40:44,263 INFO:Final row: {'timestamp': Timestamp('2025-04-23 10:40:43.974906'), 'open': nan, 'high': nan, 'low': nan, 'close': 81735.0, 'volume': nan, 'short': 81733.02469135803, 'middle': 81728.15873137479, 'long': 81724.94328853297, 'buy': nan, 'sell': nan, 'buy_exit': nan, 'sell_exit': nan}
2025-04-23 10:40:44,263 INFO:Buy exit signal received
2025-04-23 10:40:44,263 INFO:Sell exit signal received
2025-04-23 10:40:44,265 INFO:Entering while loop with trade_count: 2
2025-04-23 10:40:44,372 INFO:Combined historical with live algo:                       timestamp    open    high     low     close  ...          long  buy  sell  buy_exit  sell_exit
0     2025-04-22 09:15:00+05:30  821.10  821.10  817.00    818.80  ...    818.800000  NaN   NaN       NaN        NaN
1     2025-04-22 09:16:00+05:30  818.75  818.75  814.60    814.60  ...    818.668750  NaN   NaN       NaN        NaN
2     2025-04-22 09:17:00+05:30  814.60  816.00  814.00    815.35  ...    818.565039  NaN   NaN       NaN        NaN
3     2025-04-22 09:18:00+05:30  815.30  816.00  814.75    815.50  ...    818.469257  NaN   NaN       NaN        NaN
4     2025-04-22 09:19:00+05:30  815.55  815.75  814.50    814.60  ...    818.348342  NaN   NaN       NaN        NaN
..                          ...     ...     ...     ...       ...  ...           ...  ...   ...       ...        ...
865  2025-04-23 10:40:43.974906     NaN     NaN     NaN  81735.00  ...  81723.938326  NaN   NaN       NaN        NaN
866  2025-04-23 10:40:43.974906     NaN     NaN     NaN  81735.00  ...  81724.284004  NaN   NaN       NaN        NaN
867  2025-04-23 10:40:43.974906     NaN     NaN     NaN  81735.00  ...  81724.618878  NaN   NaN       NaN        NaN
868  2025-04-23 10:40:43.974906     NaN     NaN     NaN  81735.00  ...  81724.943289  NaN   NaN       NaN        NaN
869  2025-04-23 10:40:43.974906     NaN     NaN     NaN  81735.00  ...  81725.257561  NaN   NaN       NaN        NaN

[870 rows x 13 columns]
2025-04-23 10:40:44,374 INFO:Final row: {'timestamp': Timestamp('2025-04-23 10:40:43.974906'), 'open': nan, 'high': nan, 'low': nan, 'close': 81735.0, 'volume': nan, 'short': 81733.68312757203, 'middle': 81728.78066488617, 'long': 81725.25756076632, 'buy': nan, 'sell': nan, 'buy_exit': nan, 'sell_exit': nan}
2025-04-23 10:40:44,374 INFO:Buy exit signal received
2025-04-23 10:40:44,374 INFO:Sell exit signal received
2025-04-23 10:40:44,374 INFO:Entering while loop with trade_count: 2
2025-04-23 10:40:44,438 INFO:Combined historical with live algo:                       timestamp    open    high     low     close  ...          long  buy  sell  buy_exit  sell_exit
0     2025-04-22 09:15:00+05:30  821.10  821.10  817.00    818.80  ...    818.800000  NaN   NaN       NaN        NaN
1     2025-04-22 09:16:00+05:30  818.75  818.75  814.60    814.60  ...    818.668750  NaN   NaN       NaN        NaN
2     2025-04-22 09:17:00+05:30  814.60  816.00  814.00    815.35  ...    818.565039  NaN   NaN       NaN        NaN
3     2025-04-22 09:18:00+05:30  815.30  816.00  814.75    815.50  ...    818.469257  NaN   NaN       NaN        NaN
4     2025-04-22 09:19:00+05:30  815.55  815.75  814.50    814.60  ...    818.348342  NaN   NaN       NaN        NaN
..                          ...     ...     ...     ...       ...  ...           ...  ...   ...       ...        ...
866  2025-04-23 10:40:43.974906     NaN     NaN     NaN  81735.00  ...  81724.284004  NaN   NaN       NaN        NaN
867  2025-04-23 10:40:43.974906     NaN     NaN     NaN  81735.00  ...  81724.618878  NaN   NaN       NaN        NaN
868  2025-04-23 10:40:43.974906     NaN     NaN     NaN  81735.00  ...  81724.943289  NaN   NaN       NaN        NaN
869  2025-04-23 10:40:43.974906     NaN     NaN     NaN  81735.00  ...  81725.257561  NaN   NaN       NaN        NaN
870  2025-04-23 10:40:43.974906     NaN     NaN     NaN  81735.00  ...  81725.562012  NaN   NaN       NaN        NaN

[871 rows x 13 columns]
2025-04-23 10:40:44,440 INFO:Final row: {'timestamp': Timestamp('2025-04-23 10:40:43.974906'), 'open': nan, 'high': nan, 'low': nan, 'close': 81735.0, 'volume': nan, 'short': 81734.12208504803, 'middle': 81729.34605898743, 'long': 81725.56201199237, 'buy': nan, 'sell': nan, 'buy_exit': nan, 'sell_exit': nan}
2025-04-23 10:40:44,440 INFO:Buy exit signal received
2025-04-23 10:40:44,440 INFO:Sell exit signal received
2025-04-23 10:40:44,440 INFO:Entering while loop with trade_count: 2
2025-04-23 10:40:44,505 INFO:Combined historical with live algo:                       timestamp    open    high     low     close  ...          long  buy  sell  buy_exit  sell_exit
0     2025-04-22 09:15:00+05:30  821.10  821.10  817.00    818.80  ...    818.800000  NaN   NaN       NaN        NaN
1     2025-04-22 09:16:00+05:30  818.75  818.75  814.60    814.60  ...    818.668750  NaN   NaN       NaN        NaN
2     2025-04-22 09:17:00+05:30  814.60  816.00  814.00    815.35  ...    818.565039  NaN   NaN       NaN        NaN
3     2025-04-22 09:18:00+05:30  815.30  816.00  814.75    815.50  ...    818.469257  NaN   NaN       NaN        NaN
4     2025-04-22 09:19:00+05:30  815.55  815.75  814.50    814.60  ...    818.348342  NaN   NaN       NaN        NaN
..                          ...     ...     ...     ...       ...  ...           ...  ...   ...       ...        ...
867  2025-04-23 10:40:43.974906     NaN     NaN     NaN  81735.00  ...  81724.618878  NaN   NaN       NaN        NaN
868  2025-04-23 10:40:43.974906     NaN     NaN     NaN  81735.00  ...  81724.943289  NaN   NaN       NaN        NaN
869  2025-04-23 10:40:43.974906     NaN     NaN     NaN  81735.00  ...  81725.257561  NaN   NaN       NaN        NaN
870  2025-04-23 10:40:43.974906     NaN     NaN     NaN  81735.00  ...  81725.562012  NaN   NaN       NaN        NaN
871  2025-04-23 10:40:43.974906     NaN     NaN     NaN  81735.00  ...  81725.856949  NaN   NaN       NaN        NaN

[872 rows x 13 columns]
2025-04-23 10:40:44,506 INFO:Final row: {'timestamp': Timestamp('2025-04-23 10:40:43.974906'), 'open': nan, 'high': nan, 'low': nan, 'close': 81735.0, 'volume': nan, 'short': 81734.41472336536, 'middle': 81729.86005362493, 'long': 81725.8569491176, 'buy': nan, 'sell': nan, 'buy_exit': nan, 'sell_exit': nan}
2025-04-23 10:40:44,506 INFO:Buy exit signal received
2025-04-23 10:40:44,506 INFO:Sell exit signal received
2025-04-23 10:40:44,506 INFO:Entering while loop with trade_count: 2
2025-04-23 10:40:44,631 INFO:Combined historical with live algo:                       timestamp    open    high     low     close  ...          long  buy  sell  buy_exit  sell_exit
0     2025-04-22 09:15:00+05:30  821.10  821.10  817.00    818.80  ...    818.800000  NaN   NaN       NaN        NaN
1     2025-04-22 09:16:00+05:30  818.75  818.75  814.60    814.60  ...    818.668750  NaN   NaN       NaN        NaN
2     2025-04-22 09:17:00+05:30  814.60  816.00  814.00    815.35  ...    818.565039  NaN   NaN       NaN        NaN
3     2025-04-22 09:18:00+05:30  815.30  816.00  814.75    815.50  ...    818.469257  NaN   NaN       NaN        NaN
4     2025-04-22 09:19:00+05:30  815.55  815.75  814.50    814.60  ...    818.348342  NaN   NaN       NaN        NaN
..                          ...     ...     ...     ...       ...  ...           ...  ...   ...       ...        ...
868  2025-04-23 10:40:43.974906     NaN     NaN     NaN  81735.00  ...  81724.943289  NaN   NaN       NaN        NaN
869  2025-04-23 10:40:43.974906     NaN     NaN     NaN  81735.00  ...  81725.257561  NaN   NaN       NaN        NaN
870  2025-04-23 10:40:43.974906     NaN     NaN     NaN  81735.00  ...  81725.562012  NaN   NaN       NaN        NaN
871  2025-04-23 10:40:43.974906     NaN     NaN     NaN  81735.00  ...  81725.856949  NaN   NaN       NaN        NaN
872  2025-04-23 10:40:43.974906     NaN     NaN     NaN  81735.00  ...  81726.142669  NaN   NaN       NaN        NaN

[873 rows x 13 columns]
2025-04-23 10:40:44,636 INFO:Final row: {'timestamp': Timestamp('2025-04-23 10:40:43.974906'), 'open': nan, 'high': nan, 'low': nan, 'close': 81735.0, 'volume': nan, 'short': 81734.60981557691, 'middle': 81730.3273214772, 'long': 81726.14266945768, 'buy': nan, 'sell': nan, 'buy_exit': nan, 'sell_exit': nan}
2025-04-23 10:40:44,636 INFO:Buy exit signal received
2025-04-23 10:40:44,636 INFO:Sell exit signal received
2025-04-23 10:40:44,636 INFO:Entering while loop with trade_count: 2
2025-04-23 10:40:44,752 INFO:Combined historical with live algo:                       timestamp    open    high     low     close  ...          long  buy  sell  buy_exit  sell_exit
0     2025-04-22 09:15:00+05:30  821.10  821.10  817.00    818.80  ...    818.800000  NaN   NaN       NaN        NaN
1     2025-04-22 09:16:00+05:30  818.75  818.75  814.60    814.60  ...    818.668750  NaN   NaN       NaN        NaN
2     2025-04-22 09:17:00+05:30  814.60  816.00  814.00    815.35  ...    818.565039  NaN   NaN       NaN        NaN
3     2025-04-22 09:18:00+05:30  815.30  816.00  814.75    815.50  ...    818.469257  NaN   NaN       NaN        NaN
4     2025-04-22 09:19:00+05:30  815.55  815.75  814.50    814.60  ...    818.348342  NaN   NaN       NaN        NaN
..                          ...     ...     ...     ...       ...  ...           ...  ...   ...       ...        ...
869  2025-04-23 10:40:43.974906     NaN     NaN     NaN  81735.00  ...  81725.257561  NaN   NaN       NaN        NaN
870  2025-04-23 10:40:43.974906     NaN     NaN     NaN  81735.00  ...  81725.562012  NaN   NaN       NaN        NaN
871  2025-04-23 10:40:43.974906     NaN     NaN     NaN  81735.00  ...  81725.856949  NaN   NaN       NaN        NaN
872  2025-04-23 10:40:43.974906     NaN     NaN     NaN  81735.00  ...  81726.142669  NaN   NaN       NaN        NaN
873  2025-04-23 10:40:43.974906     NaN     NaN     NaN  81735.00  ...  81726.419461  NaN   NaN       NaN        NaN

[874 rows x 13 columns]
2025-04-23 10:40:44,752 INFO:Final row: {'timestamp': Timestamp('2025-04-23 10:40:43.974906'), 'open': nan, 'high': nan, 'low': nan, 'close': 81735.0, 'volume': nan, 'short': 81734.73987705128, 'middle': 81730.75211043382, 'long': 81726.41946103713, 'buy': nan, 'sell': nan, 'buy_exit': nan, 'sell_exit': nan}
2025-04-23 10:40:44,752 INFO:Buy exit signal received
2025-04-23 10:40:44,752 INFO:Sell exit signal received
2025-04-23 10:40:44,752 INFO:Entering while loop with trade_count: 2
2025-04-23 10:40:44,871 INFO:Combined historical with live algo:                       timestamp    open    high     low     close  ...          long  buy  sell  buy_exit  sell_exit
0     2025-04-22 09:15:00+05:30  821.10  821.10  817.00    818.80  ...    818.800000  NaN   NaN       NaN        NaN
1     2025-04-22 09:16:00+05:30  818.75  818.75  814.60    814.60  ...    818.668750  NaN   NaN       NaN        NaN
2     2025-04-22 09:17:00+05:30  814.60  816.00  814.00    815.35  ...    818.565039  NaN   NaN       NaN        NaN
3     2025-04-22 09:18:00+05:30  815.30  816.00  814.75    815.50  ...    818.469257  NaN   NaN       NaN        NaN
4     2025-04-22 09:19:00+05:30  815.55  815.75  814.50    814.60  ...    818.348342  NaN   NaN       NaN        NaN
..                          ...     ...     ...     ...       ...  ...           ...  ...   ...       ...        ...
870  2025-04-23 10:40:43.974906     NaN     NaN     NaN  81735.00  ...  81725.562012  NaN   NaN       NaN        NaN
871  2025-04-23 10:40:43.974906     NaN     NaN     NaN  81735.00  ...  81725.856949  NaN   NaN       NaN        NaN
872  2025-04-23 10:40:43.974906     NaN     NaN     NaN  81735.00  ...  81726.142669  NaN   NaN       NaN        NaN
873  2025-04-23 10:40:43.974906     NaN     NaN     NaN  81735.00  ...  81726.419461  NaN   NaN       NaN        NaN
874  2025-04-23 10:40:44.727524     NaN     NaN     NaN  81735.00  ...  81726.687603  NaN   NaN       NaN        NaN

[875 rows x 13 columns]
2025-04-23 10:40:44,871 INFO:Final row: {'timestamp': Timestamp('2025-04-23 10:40:44.727524'), 'open': nan, 'high': nan, 'low': nan, 'close': 81735.0, 'volume': nan, 'short': 81734.82658470086, 'middle': 81731.13828221256, 'long': 81726.68760287973, 'buy': nan, 'sell': nan, 'buy_exit': nan, 'sell_exit': nan}
2025-04-23 10:40:44,871 INFO:Buy exit signal received
2025-04-23 10:40:44,871 INFO:Sell exit signal received
2025-04-23 10:40:44,871 INFO:Entering while loop with trade_count: 2
2025-04-23 10:40:44,996 INFO:Combined historical with live algo:                       timestamp    open    high     low     close  ...          long  buy  sell  buy_exit  sell_exit
0     2025-04-22 09:15:00+05:30  821.10  821.10  817.00    818.80  ...    818.800000  NaN   NaN       NaN        NaN
1     2025-04-22 09:16:00+05:30  818.75  818.75  814.60    814.60  ...    818.668750  NaN   NaN       NaN        NaN
2     2025-04-22 09:17:00+05:30  814.60  816.00  814.00    815.35  ...    818.565039  NaN   NaN       NaN        NaN
3     2025-04-22 09:18:00+05:30  815.30  816.00  814.75    815.50  ...    818.469257  NaN   NaN       NaN        NaN
4     2025-04-22 09:19:00+05:30  815.55  815.75  814.50    814.60  ...    818.348342  NaN   NaN       NaN        NaN
..                          ...     ...     ...     ...       ...  ...           ...  ...   ...       ...        ...
871  2025-04-23 10:40:43.974906     NaN     NaN     NaN  81735.00  ...  81725.856949  NaN   NaN       NaN        NaN
872  2025-04-23 10:40:43.974906     NaN     NaN     NaN  81735.00  ...  81726.142669  NaN   NaN       NaN        NaN
873  2025-04-23 10:40:43.974906     NaN     NaN     NaN  81735.00  ...  81726.419461  NaN   NaN       NaN        NaN
874  2025-04-23 10:40:44.727524     NaN     NaN     NaN  81735.00  ...  81726.687603  NaN   NaN       NaN        NaN
875  2025-04-23 10:40:44.727524     NaN     NaN     NaN  81735.00  ...  81726.947365  NaN   NaN       NaN        NaN

[876 rows x 13 columns]
2025-04-23 10:40:45,000 INFO:Final row: {'timestamp': Timestamp('2025-04-23 10:40:44.727524'), 'open': nan, 'high': nan, 'low': nan, 'close': 81735.0, 'volume': nan, 'short': 81734.88438980057, 'middle': 81731.48934746596, 'long': 81726.94736528973, 'buy': nan, 'sell': nan, 'buy_exit': nan, 'sell_exit': nan}
2025-04-23 10:40:45,000 INFO:Buy exit signal received
2025-04-23 10:40:45,000 INFO:Sell exit signal received
2025-04-23 10:40:45,000 INFO:Entering while loop with trade_count: 2
2025-04-23 10:40:45,073 INFO:Combined historical with live algo:                       timestamp    open    high     low     close  ...          long  buy  sell  buy_exit  sell_exit
0     2025-04-22 09:15:00+05:30  821.10  821.10  817.00    818.80  ...    818.800000  NaN   NaN       NaN        NaN
1     2025-04-22 09:16:00+05:30  818.75  818.75  814.60    814.60  ...    818.668750  NaN   NaN       NaN        NaN
2     2025-04-22 09:17:00+05:30  814.60  816.00  814.00    815.35  ...    818.565039  NaN   NaN       NaN        NaN
3     2025-04-22 09:18:00+05:30  815.30  816.00  814.75    815.50  ...    818.469257  NaN   NaN       NaN        NaN
4     2025-04-22 09:19:00+05:30  815.55  815.75  814.50    814.60  ...    818.348342  NaN   NaN       NaN        NaN
..                          ...     ...     ...     ...       ...  ...           ...  ...   ...       ...        ...
872  2025-04-23 10:40:43.974906     NaN     NaN     NaN  81735.00  ...  81726.142669  NaN   NaN       NaN        NaN
873  2025-04-23 10:40:43.974906     NaN     NaN     NaN  81735.00  ...  81726.419461  NaN   NaN       NaN        NaN
874  2025-04-23 10:40:44.727524     NaN     NaN     NaN  81735.00  ...  81726.687603  NaN   NaN       NaN        NaN
875  2025-04-23 10:40:44.727524     NaN     NaN     NaN  81735.00  ...  81726.947365  NaN   NaN       NaN        NaN
876  2025-04-23 10:40:44.727524     NaN     NaN     NaN  81735.00  ...  81727.199010  NaN   NaN       NaN        NaN

[877 rows x 13 columns]
2025-04-23 10:40:45,073 INFO:Final row: {'timestamp': Timestamp('2025-04-23 10:40:44.727524'), 'open': nan, 'high': nan, 'low': nan, 'close': 81735.0, 'volume': nan, 'short': 81734.92292653372, 'middle': 81731.80849769633, 'long': 81727.19901012443, 'buy': nan, 'sell': nan, 'buy_exit': nan, 'sell_exit': nan}
2025-04-23 10:40:45,073 INFO:Buy exit signal received
2025-04-23 10:40:45,073 INFO:Sell exit signal received
2025-04-23 10:40:45,073 INFO:Entering while loop with trade_count: 2
2025-04-23 10:40:45,138 INFO:Combined historical with live algo:                       timestamp    open    high     low     close  ...          long  buy  sell  buy_exit  sell_exit
0     2025-04-22 09:15:00+05:30  821.10  821.10  817.00    818.80  ...    818.800000  NaN   NaN       NaN        NaN
1     2025-04-22 09:16:00+05:30  818.75  818.75  814.60    814.60  ...    818.668750  NaN   NaN       NaN        NaN
2     2025-04-22 09:17:00+05:30  814.60  816.00  814.00    815.35  ...    818.565039  NaN   NaN       NaN        NaN
3     2025-04-22 09:18:00+05:30  815.30  816.00  814.75    815.50  ...    818.469257  NaN   NaN       NaN        NaN
4     2025-04-22 09:19:00+05:30  815.55  815.75  814.50    814.60  ...    818.348342  NaN   NaN       NaN        NaN
..                          ...     ...     ...     ...       ...  ...           ...  ...   ...       ...        ...
873  2025-04-23 10:40:43.974906     NaN     NaN     NaN  81735.00  ...  81726.419461  NaN   NaN       NaN        NaN
874  2025-04-23 10:40:44.727524     NaN     NaN     NaN  81735.00  ...  81726.687603  NaN   NaN       NaN        NaN
875  2025-04-23 10:40:44.727524     NaN     NaN     NaN  81735.00  ...  81726.947365  NaN   NaN       NaN        NaN
876  2025-04-23 10:40:44.727524     NaN     NaN     NaN  81735.00  ...  81727.199010  NaN   NaN       NaN        NaN
877  2025-04-23 10:40:45.000014     NaN     NaN     NaN  81720.00  ...  81726.974041  NaN   NaN       NaN        NaN

[878 rows x 13 columns]
2025-04-23 10:40:45,138 INFO:Final row: {'timestamp': Timestamp('2025-04-23 10:40:45.000014'), 'open': nan, 'high': nan, 'low': nan, 'close': 81720.0, 'volume': nan, 'short': 81729.94861768915, 'middle': 81730.73499790575, 'long': 81726.97404105804, 'buy': nan, 'sell': nan, 'buy_exit': nan, 'sell_exit': nan}
2025-04-23 10:40:45,138 INFO:Buy exit signal received
2025-04-23 10:40:45,138 INFO:Sell exit signal received
2025-04-23 10:40:45,138 INFO:Entering while loop with trade_count: 2
2025-04-23 10:40:45,227 INFO:Combined historical with live algo:                       timestamp    open    high     low     close  ...          long  buy  sell  buy_exit  sell_exit
0     2025-04-22 09:15:00+05:30  821.10  821.10  817.00    818.80  ...    818.800000  NaN   NaN       NaN        NaN
1     2025-04-22 09:16:00+05:30  818.75  818.75  814.60    814.60  ...    818.668750  NaN   NaN       NaN        NaN
2     2025-04-22 09:17:00+05:30  814.60  816.00  814.00    815.35  ...    818.565039  NaN   NaN       NaN        NaN
3     2025-04-22 09:18:00+05:30  815.30  816.00  814.75    815.50  ...    818.469257  NaN   NaN       NaN        NaN
4     2025-04-22 09:19:00+05:30  815.55  815.75  814.50    814.60  ...    818.348342  NaN   NaN       NaN        NaN
..                          ...     ...     ...     ...       ...  ...           ...  ...   ...       ...        ...
874  2025-04-23 10:40:44.727524     NaN     NaN     NaN  81735.00  ...  81726.687603  NaN   NaN       NaN        NaN
875  2025-04-23 10:40:44.727524     NaN     NaN     NaN  81735.00  ...  81726.947365  NaN   NaN       NaN        NaN
876  2025-04-23 10:40:44.727524     NaN     NaN     NaN  81735.00  ...  81727.199010  NaN   NaN       NaN        NaN
877  2025-04-23 10:40:45.000014     NaN     NaN     NaN  81720.00  ...  81726.974041  NaN   NaN       NaN        NaN
878  2025-04-23 10:40:45.000014     NaN     NaN     NaN  81720.00  ...  81726.756102  NaN   NaN       NaN        NaN

[879 rows x 13 columns]
2025-04-23 10:40:45,227 INFO:Final row: {'timestamp': Timestamp('2025-04-23 10:40:45.000014'), 'open': nan, 'high': nan, 'low': nan, 'close': 81720.0, 'volume': nan, 'short': 81726.63241179277, 'middle': 81729.75908900522, 'long': 81726.75610227497, 'buy': nan, 'sell': nan, 'buy_exit': nan, 'sell_exit': nan}
2025-04-23 10:40:45,227 INFO:Buy exit signal received
2025-04-23 10:40:45,227 INFO:Sell exit signal received
2025-04-23 10:40:45,227 INFO:Entering while loop with trade_count: 2
2025-04-23 10:40:45,321 INFO:Combined historical with live algo:                       timestamp    open    high     low     close  ...          long  buy  sell  buy_exit  sell_exit
0     2025-04-22 09:15:00+05:30  821.10  821.10  817.00    818.80  ...    818.800000  NaN   NaN       NaN        NaN
1     2025-04-22 09:16:00+05:30  818.75  818.75  814.60    814.60  ...    818.668750  NaN   NaN       NaN        NaN
2     2025-04-22 09:17:00+05:30  814.60  816.00  814.00    815.35  ...    818.565039  NaN   NaN       NaN        NaN
3     2025-04-22 09:18:00+05:30  815.30  816.00  814.75    815.50  ...    818.469257  NaN   NaN       NaN        NaN
4     2025-04-22 09:19:00+05:30  815.55  815.75  814.50    814.60  ...    818.348342  NaN   NaN       NaN        NaN
..                          ...     ...     ...     ...       ...  ...           ...  ...   ...       ...        ...
875  2025-04-23 10:40:44.727524     NaN     NaN     NaN  81735.00  ...  81726.947365  NaN   NaN       NaN        NaN
876  2025-04-23 10:40:44.727524     NaN     NaN     NaN  81735.00  ...  81727.199010  NaN   NaN       NaN        NaN
877  2025-04-23 10:40:45.000014     NaN     NaN     NaN  81720.00  ...  81726.974041  NaN   NaN       NaN        NaN
878  2025-04-23 10:40:45.000014     NaN     NaN     NaN  81720.00  ...  81726.756102  NaN   NaN       NaN        NaN
879  2025-04-23 10:40:45.000014     NaN     NaN     NaN  81720.00  ...  81726.544974  NaN   NaN       NaN        NaN

[880 rows x 13 columns]
2025-04-23 10:40:45,324 INFO:Final row: {'timestamp': Timestamp('2025-04-23 10:40:45.000014'), 'open': nan, 'high': nan, 'low': nan, 'close': 81720.0, 'volume': nan, 'short': 81724.42160786185, 'middle': 81728.87189909565, 'long': 81726.54497407888, 'buy': nan, 'sell': nan, 'buy_exit': nan, 'sell_exit': nan}
2025-04-23 10:40:45,324 INFO:Buy exit signal received
2025-04-23 10:40:45,324 INFO:Sell exit signal received
2025-04-23 10:40:45,324 INFO:Entering while loop with trade_count: 2
2025-04-23 10:40:45,412 INFO:Combined historical with live algo:                       timestamp    open    high     low     close  ...          long  buy  sell  buy_exit  sell_exit
0     2025-04-22 09:15:00+05:30  821.10  821.10  817.00    818.80  ...    818.800000  NaN   NaN       NaN        NaN
1     2025-04-22 09:16:00+05:30  818.75  818.75  814.60    814.60  ...    818.668750  NaN   NaN       NaN        NaN
2     2025-04-22 09:17:00+05:30  814.60  816.00  814.00    815.35  ...    818.565039  NaN   NaN       NaN        NaN
3     2025-04-22 09:18:00+05:30  815.30  816.00  814.75    815.50  ...    818.469257  NaN   NaN       NaN        NaN
4     2025-04-22 09:19:00+05:30  815.55  815.75  814.50    814.60  ...    818.348342  NaN   NaN       NaN        NaN
..                          ...     ...     ...     ...       ...  ...           ...  ...   ...       ...        ...
876  2025-04-23 10:40:44.727524     NaN     NaN     NaN  81735.00  ...  81727.199010  NaN   NaN       NaN        NaN
877  2025-04-23 10:40:45.000014     NaN     NaN     NaN  81720.00  ...  81726.974041  NaN   NaN       NaN        NaN
878  2025-04-23 10:40:45.000014     NaN     NaN     NaN  81720.00  ...  81726.756102  NaN   NaN       NaN        NaN
879  2025-04-23 10:40:45.000014     NaN     NaN     NaN  81720.00  ...  81726.544974  NaN   NaN       NaN        NaN
880  2025-04-23 10:40:45.000014     NaN     NaN     NaN  81720.00  ...  81726.340444  NaN   NaN       NaN        NaN

[881 rows x 13 columns]
2025-04-23 10:40:45,412 INFO:Final row: {'timestamp': Timestamp('2025-04-23 10:40:45.000014'), 'open': nan, 'high': nan, 'low': nan, 'close': 81720.0, 'volume': nan, 'short': 81722.94773857457, 'middle': 81728.06536281423, 'long': 81726.34044363891, 'buy': nan, 'sell': nan, 'buy_exit': nan, 'sell_exit': nan}
2025-04-23 10:40:45,412 INFO:Buy exit signal received
2025-04-23 10:40:45,412 INFO:Sell exit signal received
2025-04-23 10:40:45,412 INFO:Entering while loop with trade_count: 2
2025-04-23 10:40:45,503 INFO:Combined historical with live algo:                       timestamp    open    high     low     close  ...          long  buy  sell  buy_exit  sell_exit
0     2025-04-22 09:15:00+05:30  821.10  821.10  817.00    818.80  ...    818.800000  NaN   NaN       NaN        NaN
1     2025-04-22 09:16:00+05:30  818.75  818.75  814.60    814.60  ...    818.668750  NaN   NaN       NaN        NaN
2     2025-04-22 09:17:00+05:30  814.60  816.00  814.00    815.35  ...    818.565039  NaN   NaN       NaN        NaN
3     2025-04-22 09:18:00+05:30  815.30  816.00  814.75    815.50  ...    818.469257  NaN   NaN       NaN        NaN
4     2025-04-22 09:19:00+05:30  815.55  815.75  814.50    814.60  ...    818.348342  NaN   NaN       NaN        NaN
..                          ...     ...     ...     ...       ...  ...           ...  ...   ...       ...        ...
877  2025-04-23 10:40:45.000014     NaN     NaN     NaN  81720.00  ...  81726.974041  NaN   NaN       NaN        NaN
878  2025-04-23 10:40:45.000014     NaN     NaN     NaN  81720.00  ...  81726.756102  NaN   NaN       NaN        NaN
879  2025-04-23 10:40:45.000014     NaN     NaN     NaN  81720.00  ...  81726.544974  NaN   NaN       NaN        NaN
880  2025-04-23 10:40:45.000014     NaN     NaN     NaN  81720.00  ...  81726.340444  NaN   NaN       NaN        NaN
881  2025-04-23 10:40:45.000014     NaN     NaN     NaN  81720.00  ...  81726.142305  NaN   NaN       NaN        NaN

[882 rows x 13 columns]
2025-04-23 10:40:45,505 INFO:Final row: {'timestamp': Timestamp('2025-04-23 10:40:45.000014'), 'open': nan, 'high': nan, 'low': nan, 'close': 81720.0, 'volume': nan, 'short': 81721.96515904972, 'middle': 81727.33214801294, 'long': 81726.14230477519, 'buy': nan, 'sell': nan, 'buy_exit': nan, 'sell_exit': nan}
2025-04-23 10:40:45,506 INFO:Buy exit signal received
2025-04-23 10:40:45,506 INFO:Sell exit signal received
2025-04-23 10:40:45,506 INFO:Entering while loop with trade_count: 2
2025-04-23 10:40:45,596 INFO:Combined historical with live algo:                       timestamp    open    high     low     close  ...          long  buy  sell  buy_exit  sell_exit
0     2025-04-22 09:15:00+05:30  821.10  821.10  817.00    818.80  ...    818.800000  NaN   NaN       NaN        NaN
1     2025-04-22 09:16:00+05:30  818.75  818.75  814.60    814.60  ...    818.668750  NaN   NaN       NaN        NaN
2     2025-04-22 09:17:00+05:30  814.60  816.00  814.00    815.35  ...    818.565039  NaN   NaN       NaN        NaN
3     2025-04-22 09:18:00+05:30  815.30  816.00  814.75    815.50  ...    818.469257  NaN   NaN       NaN        NaN
4     2025-04-22 09:19:00+05:30  815.55  815.75  814.50    814.60  ...    818.348342  NaN   NaN       NaN        NaN
..                          ...     ...     ...     ...       ...  ...           ...  ...   ...       ...        ...
878  2025-04-23 10:40:45.000014     NaN     NaN     NaN  81720.00  ...  81726.756102  NaN   NaN       NaN        NaN
879  2025-04-23 10:40:45.000014     NaN     NaN     NaN  81720.00  ...  81726.544974  NaN   NaN       NaN        NaN
880  2025-04-23 10:40:45.000014     NaN     NaN     NaN  81720.00  ...  81726.340444  NaN   NaN       NaN        NaN
881  2025-04-23 10:40:45.000014     NaN     NaN     NaN  81720.00  ...  81726.142305  NaN   NaN       NaN        NaN
882  2025-04-23 10:40:45.000014     NaN     NaN     NaN  81720.00  ...  81725.950358  NaN   NaN       NaN        NaN

[883 rows x 13 columns]
2025-04-23 10:40:45,596 INFO:Final row: {'timestamp': Timestamp('2025-04-23 10:40:45.000014'), 'open': nan, 'high': nan, 'low': nan, 'close': 81720.0, 'volume': nan, 'short': 81721.31010603315, 'middle': 81726.66558910267, 'long': 81725.95035775096, 'buy': nan, 'sell': nan, 'buy_exit': nan, 'sell_exit': nan}
2025-04-23 10:40:45,596 INFO:Buy exit signal received
2025-04-23 10:40:45,596 INFO:Sell exit signal received
2025-04-23 10:40:45,596 INFO:Entering while loop with trade_count: 2
2025-04-23 10:40:45,692 INFO:Combined historical with live algo:                       timestamp    open    high     low     close  ...          long  buy  sell  buy_exit  sell_exit
0     2025-04-22 09:15:00+05:30  821.10  821.10  817.00    818.80  ...    818.800000  NaN   NaN       NaN        NaN
1     2025-04-22 09:16:00+05:30  818.75  818.75  814.60    814.60  ...    818.668750  NaN   NaN       NaN        NaN
2     2025-04-22 09:17:00+05:30  814.60  816.00  814.00    815.35  ...    818.565039  NaN   NaN       NaN        NaN
3     2025-04-22 09:18:00+05:30  815.30  816.00  814.75    815.50  ...    818.469257  NaN   NaN       NaN        NaN
4     2025-04-22 09:19:00+05:30  815.55  815.75  814.50    814.60  ...    818.348342  NaN   NaN       NaN        NaN
..                          ...     ...     ...     ...       ...  ...           ...  ...   ...       ...        ...
879  2025-04-23 10:40:45.000014     NaN     NaN     NaN  81720.00  ...  81726.544974  NaN   NaN       NaN        NaN
880  2025-04-23 10:40:45.000014     NaN     NaN     NaN  81720.00  ...  81726.340444  NaN   NaN       NaN        NaN
881  2025-04-23 10:40:45.000014     NaN     NaN     NaN  81720.00  ...  81726.142305  NaN   NaN       NaN        NaN
882  2025-04-23 10:40:45.000014     NaN     NaN     NaN  81720.00  ...  81725.950358  NaN   NaN       NaN        NaN
883  2025-04-23 10:40:45.000014     NaN     NaN     NaN  81720.00  ...  81725.764409  NaN   NaN       NaN        NaN

[884 rows x 13 columns]
2025-04-23 10:40:45,692 INFO:Final row: {'timestamp': Timestamp('2025-04-23 10:40:45.000014'), 'open': nan, 'high': nan, 'low': nan, 'close': 81720.0, 'volume': nan, 'short': 81720.8734040221, 'middle': 81726.05962645698, 'long': 81725.76440907124, 'buy': nan, 'sell': nan, 'buy_exit': nan, 'sell_exit': nan}
2025-04-23 10:40:45,692 INFO:Buy exit signal received
2025-04-23 10:40:45,692 INFO:Sell exit signal received
2025-04-23 10:40:45,692 INFO:Entering while loop with trade_count: 2
2025-04-23 10:40:45,789 INFO:Combined historical with live algo:                       timestamp    open    high     low     close  ...          long  buy  sell  buy_exit  sell_exit
0     2025-04-22 09:15:00+05:30  821.10  821.10  817.00    818.80  ...    818.800000  NaN   NaN       NaN        NaN
1     2025-04-22 09:16:00+05:30  818.75  818.75  814.60    814.60  ...    818.668750  NaN   NaN       NaN        NaN
2     2025-04-22 09:17:00+05:30  814.60  816.00  814.00    815.35  ...    818.565039  NaN   NaN       NaN        NaN
3     2025-04-22 09:18:00+05:30  815.30  816.00  814.75    815.50  ...    818.469257  NaN   NaN       NaN        NaN
4     2025-04-22 09:19:00+05:30  815.55  815.75  814.50    814.60  ...    818.348342  NaN   NaN       NaN        NaN
..                          ...     ...     ...     ...       ...  ...           ...  ...   ...       ...        ...
880  2025-04-23 10:40:45.000014     NaN     NaN     NaN  81720.00  ...  81726.340444  NaN   NaN       NaN        NaN
881  2025-04-23 10:40:45.000014     NaN     NaN     NaN  81720.00  ...  81726.142305  NaN   NaN       NaN        NaN
882  2025-04-23 10:40:45.000014     NaN     NaN     NaN  81720.00  ...  81725.950358  NaN   NaN       NaN        NaN
883  2025-04-23 10:40:45.000014     NaN     NaN     NaN  81720.00  ...  81725.764409  NaN   NaN       NaN        NaN
884  2025-04-23 10:40:45.000014     NaN     NaN     NaN  81720.00  ...  81725.584271  NaN   1.0       NaN        NaN

[885 rows x 13 columns]
2025-04-23 10:40:45,793 INFO:Final row: {'timestamp': Timestamp('2025-04-23 10:40:45.000014'), 'open': nan, 'high': nan, 'low': nan, 'close': 81720.0, 'volume': nan, 'short': 81720.58226934807, 'middle': 81725.50875132452, 'long': 81725.58427128776, 'buy': nan, 'sell': 1.0, 'buy_exit': nan, 'sell_exit': nan}
2025-04-23 10:40:45,793 INFO:Sell signal received
2025-04-23 10:40:45,793 INFO:Order params for sell: {'variety': 'NORMAL', 'tradingsymbol': 'SBIN-EQ', 'symboltoken': '3045', 'transactiontype': 'SELL', 'exchange': 'NSE', 'ordertype': 'MARKET', 'producttype': 'INTRADAY', 'duration': 'DAY', 'price': '0', 'squareoff': '0', 'stoploss': '0', 'quantity': 150}
2025-04-23 10:40:46,547 INFO:Order placed for user_id=1, stock_token=3045
2025-04-23 10:40:46,547 INFO:Buy exit signal received
2025-04-23 10:40:46,547 INFO:Sell exit signal received
2025-04-23 10:40:46,547 INFO:Entering while loop with trade_count: 1
2025-04-23 10:40:46,604 INFO:Combined historical with live algo:                       timestamp    open    high     low     close  ...          long  buy  sell  buy_exit  sell_exit
0     2025-04-22 09:15:00+05:30  821.10  821.10  817.00    818.80  ...    818.800000  NaN   NaN       NaN        NaN
1     2025-04-22 09:16:00+05:30  818.75  818.75  814.60    814.60  ...    818.668750  NaN   NaN       NaN        NaN
2     2025-04-22 09:17:00+05:30  814.60  816.00  814.00    815.35  ...    818.565039  NaN   NaN       NaN        NaN
3     2025-04-22 09:18:00+05:30  815.30  816.00  814.75    815.50  ...    818.469257  NaN   NaN       NaN        NaN
4     2025-04-22 09:19:00+05:30  815.55  815.75  814.50    814.60  ...    818.348342  NaN   NaN       NaN        NaN
..                          ...     ...     ...     ...       ...  ...           ...  ...   ...       ...        ...
881  2025-04-23 10:40:45.000014     NaN     NaN     NaN  81720.00  ...  81726.142305  NaN   NaN       NaN        NaN
882  2025-04-23 10:40:45.000014     NaN     NaN     NaN  81720.00  ...  81725.950358  NaN   NaN       NaN        NaN
883  2025-04-23 10:40:45.000014     NaN     NaN     NaN  81720.00  ...  81725.764409  NaN   NaN       NaN        NaN
884  2025-04-23 10:40:45.000014     NaN     NaN     NaN  81720.00  ...  81725.584271  NaN   1.0       NaN        NaN
885  2025-04-23 10:40:45.903456     NaN     NaN     NaN  81735.00  ...  81725.878513  NaN   NaN       NaN        NaN

[886 rows x 13 columns]
2025-04-23 10:40:46,611 INFO:Final row: {'timestamp': Timestamp('2025-04-23 10:40:45.903456'), 'open': nan, 'high': nan, 'low': nan, 'close': 81735.0, 'volume': nan, 'short': 81725.38817956539, 'middle': 81726.3715921132, 'long': 81725.87851281003, 'buy': nan, 'sell': nan, 'buy_exit': nan, 'sell_exit': nan}
2025-04-23 10:40:46,612 INFO:Buy exit signal received
2025-04-23 10:40:46,612 INFO:Sell exit signal received
2025-04-23 10:40:46,612 INFO:Entering while loop with trade_count: 1
2025-04-23 10:40:46,670 INFO:Combined historical with live algo:                       timestamp    open    high     low     close  ...          long  buy  sell  buy_exit  sell_exit
0     2025-04-22 09:15:00+05:30  821.10  821.10  817.00    818.80  ...    818.800000  NaN   NaN       NaN        NaN
1     2025-04-22 09:16:00+05:30  818.75  818.75  814.60    814.60  ...    818.668750  NaN   NaN       NaN        NaN
2     2025-04-22 09:17:00+05:30  814.60  816.00  814.00    815.35  ...    818.565039  NaN   NaN       NaN        NaN
3     2025-04-22 09:18:00+05:30  815.30  816.00  814.75    815.50  ...    818.469257  NaN   NaN       NaN        NaN
4     2025-04-22 09:19:00+05:30  815.55  815.75  814.50    814.60  ...    818.348342  NaN   NaN       NaN        NaN
..                          ...     ...     ...     ...       ...  ...           ...  ...   ...       ...        ...
882  2025-04-23 10:40:45.000014     NaN     NaN     NaN  81720.00  ...  81725.950358  NaN   NaN       NaN        NaN
883  2025-04-23 10:40:45.000014     NaN     NaN     NaN  81720.00  ...  81725.764409  NaN   NaN       NaN        NaN
884  2025-04-23 10:40:45.000014     NaN     NaN     NaN  81720.00  ...  81725.584271  NaN   1.0       NaN        NaN
885  2025-04-23 10:40:45.903456     NaN     NaN     NaN  81735.00  ...  81725.878513  NaN   NaN       NaN        NaN
886  2025-04-23 10:40:45.903456     NaN     NaN     NaN  81735.00  ...  81726.163559  NaN   NaN       NaN        NaN

[887 rows x 13 columns]
2025-04-23 10:40:46,671 INFO:Final row: {'timestamp': Timestamp('2025-04-23 10:40:45.903456'), 'open': nan, 'high': nan, 'low': nan, 'close': 81735.0, 'volume': nan, 'short': 81728.59211971026, 'middle': 81727.15599283017, 'long': 81726.16355928472, 'buy': nan, 'sell': nan, 'buy_exit': nan, 'sell_exit': nan}
2025-04-23 10:40:46,671 INFO:Buy exit signal received
2025-04-23 10:40:46,671 INFO:Sell exit signal received
2025-04-23 10:40:46,671 INFO:Entering while loop with trade_count: 1
2025-04-23 10:40:46,739 INFO:Combined historical with live algo:                       timestamp    open    high     low     close  ...          long  buy  sell  buy_exit  sell_exit
0     2025-04-22 09:15:00+05:30  821.10  821.10  817.00    818.80  ...    818.800000  NaN   NaN       NaN        NaN
1     2025-04-22 09:16:00+05:30  818.75  818.75  814.60    814.60  ...    818.668750  NaN   NaN       NaN        NaN
2     2025-04-22 09:17:00+05:30  814.60  816.00  814.00    815.35  ...    818.565039  NaN   NaN       NaN        NaN
3     2025-04-22 09:18:00+05:30  815.30  816.00  814.75    815.50  ...    818.469257  NaN   NaN       NaN        NaN
4     2025-04-22 09:19:00+05:30  815.55  815.75  814.50    814.60  ...    818.348342  NaN   NaN       NaN        NaN
..                          ...     ...     ...     ...       ...  ...           ...  ...   ...       ...        ...
883  2025-04-23 10:40:45.000014     NaN     NaN     NaN  81720.00  ...  81725.764409  NaN   NaN       NaN        NaN
884  2025-04-23 10:40:45.000014     NaN     NaN     NaN  81720.00  ...  81725.584271  NaN   1.0       NaN        NaN
885  2025-04-23 10:40:45.903456     NaN     NaN     NaN  81735.00  ...  81725.878513  NaN   NaN       NaN        NaN
886  2025-04-23 10:40:45.903456     NaN     NaN     NaN  81735.00  ...  81726.163559  NaN   NaN       NaN        NaN
887  2025-04-23 10:40:45.903456     NaN     NaN     NaN  81735.00  ...  81726.439698  NaN   NaN       NaN        NaN

[888 rows x 13 columns]
2025-04-23 10:40:46,739 INFO:Final row: {'timestamp': Timestamp('2025-04-23 10:40:45.903456'), 'open': nan, 'high': nan, 'low': nan, 'close': 81735.0, 'volume': nan, 'short': 81730.72807980684, 'middle': 81727.86908439106, 'long': 81726.43969805707, 'buy': nan, 'sell': nan, 'buy_exit': nan, 'sell_exit': nan}
2025-04-23 10:40:46,739 INFO:Buy exit signal received
2025-04-23 10:40:46,739 INFO:Sell exit signal received
2025-04-23 10:40:46,739 INFO:Entering while loop with trade_count: 1
2025-04-23 10:40:46,820 INFO:Combined historical with live algo:                       timestamp    open    high     low     close  ...          long  buy  sell  buy_exit  sell_exit
0     2025-04-22 09:15:00+05:30  821.10  821.10  817.00    818.80  ...    818.800000  NaN   NaN       NaN        NaN
1     2025-04-22 09:16:00+05:30  818.75  818.75  814.60    814.60  ...    818.668750  NaN   NaN       NaN        NaN
2     2025-04-22 09:17:00+05:30  814.60  816.00  814.00    815.35  ...    818.565039  NaN   NaN       NaN        NaN
3     2025-04-22 09:18:00+05:30  815.30  816.00  814.75    815.50  ...    818.469257  NaN   NaN       NaN        NaN
4     2025-04-22 09:19:00+05:30  815.55  815.75  814.50    814.60  ...    818.348342  NaN   NaN       NaN        NaN
..                          ...     ...     ...     ...       ...  ...           ...  ...   ...       ...        ...
884  2025-04-23 10:40:45.000014     NaN     NaN     NaN  81720.00  ...  81725.584271  NaN   1.0       NaN        NaN
885  2025-04-23 10:40:45.903456     NaN     NaN     NaN  81735.00  ...  81725.878513  NaN   NaN       NaN        NaN
886  2025-04-23 10:40:45.903456     NaN     NaN     NaN  81735.00  ...  81726.163559  NaN   NaN       NaN        NaN
887  2025-04-23 10:40:45.903456     NaN     NaN     NaN  81735.00  ...  81726.439698  NaN   NaN       NaN        NaN
888  2025-04-23 10:40:45.903456     NaN     NaN     NaN  81735.00  ...  81726.707207  NaN   NaN       NaN        NaN

[889 rows x 13 columns]
2025-04-23 10:40:46,821 INFO:Final row: {'timestamp': Timestamp('2025-04-23 10:40:45.903456'), 'open': nan, 'high': nan, 'low': nan, 'close': 81735.0, 'volume': nan, 'short': 81732.15205320457, 'middle': 81728.51734944641, 'long': 81726.70720749279, 'buy': nan, 'sell': nan, 'buy_exit': nan, 'sell_exit': nan}
2025-04-23 10:40:46,821 INFO:Buy exit signal received
2025-04-23 10:40:46,821 INFO:Sell exit signal received
2025-04-23 10:40:46,821 INFO:Entering while loop with trade_count: 1
2025-04-23 10:40:46,926 INFO:Combined historical with live algo:                       timestamp    open    high     low     close  ...          long  buy  sell  buy_exit  sell_exit
0     2025-04-22 09:15:00+05:30  821.10  821.10  817.00    818.80  ...    818.800000  NaN   NaN       NaN        NaN
1     2025-04-22 09:16:00+05:30  818.75  818.75  814.60    814.60  ...    818.668750  NaN   NaN       NaN        NaN
2     2025-04-22 09:17:00+05:30  814.60  816.00  814.00    815.35  ...    818.565039  NaN   NaN       NaN        NaN
3     2025-04-22 09:18:00+05:30  815.30  816.00  814.75    815.50  ...    818.469257  NaN   NaN       NaN        NaN
4     2025-04-22 09:19:00+05:30  815.55  815.75  814.50    814.60  ...    818.348342  NaN   NaN       NaN        NaN
..                          ...     ...     ...     ...       ...  ...           ...  ...   ...       ...        ...
885  2025-04-23 10:40:45.903456     NaN     NaN     NaN  81735.00  ...  81725.878513  NaN   NaN       NaN        NaN
886  2025-04-23 10:40:45.903456     NaN     NaN     NaN  81735.00  ...  81726.163559  NaN   NaN       NaN        NaN
887  2025-04-23 10:40:45.903456     NaN     NaN     NaN  81735.00  ...  81726.439698  NaN   NaN       NaN        NaN
888  2025-04-23 10:40:45.903456     NaN     NaN     NaN  81735.00  ...  81726.707207  NaN   NaN       NaN        NaN
889  2025-04-23 10:40:45.903456     NaN     NaN     NaN  81735.00  ...  81726.966357  NaN   NaN       NaN        NaN

[890 rows x 13 columns]
2025-04-23 10:40:46,926 INFO:Final row: {'timestamp': Timestamp('2025-04-23 10:40:45.903456'), 'open': nan, 'high': nan, 'low': nan, 'close': 81735.0, 'volume': nan, 'short': 81733.10136880305, 'middle': 81729.10668131491, 'long': 81726.96635725864, 'buy': nan, 'sell': nan, 'buy_exit': nan, 'sell_exit': nan}
2025-04-23 10:40:46,926 INFO:Buy exit signal received
2025-04-23 10:40:46,926 INFO:Sell exit signal received
2025-04-23 10:40:46,926 INFO:Entering while loop with trade_count: 1
2025-04-23 10:40:46,998 INFO:Combined historical with live algo:                       timestamp    open    high     low     close  ...          long  buy  sell  buy_exit  sell_exit
0     2025-04-22 09:15:00+05:30  821.10  821.10  817.00    818.80  ...    818.800000  NaN   NaN       NaN        NaN
1     2025-04-22 09:16:00+05:30  818.75  818.75  814.60    814.60  ...    818.668750  NaN   NaN       NaN        NaN
2     2025-04-22 09:17:00+05:30  814.60  816.00  814.00    815.35  ...    818.565039  NaN   NaN       NaN        NaN
3     2025-04-22 09:18:00+05:30  815.30  816.00  814.75    815.50  ...    818.469257  NaN   NaN       NaN        NaN
4     2025-04-22 09:19:00+05:30  815.55  815.75  814.50    814.60  ...    818.348342  NaN   NaN       NaN        NaN
..                          ...     ...     ...     ...       ...  ...           ...  ...   ...       ...        ...
886  2025-04-23 10:40:45.903456     NaN     NaN     NaN  81735.00  ...  81726.163559  NaN   NaN       NaN        NaN
887  2025-04-23 10:40:45.903456     NaN     NaN     NaN  81735.00  ...  81726.439698  NaN   NaN       NaN        NaN
888  2025-04-23 10:40:45.903456     NaN     NaN     NaN  81735.00  ...  81726.707207  NaN   NaN       NaN        NaN
889  2025-04-23 10:40:45.903456     NaN     NaN     NaN  81735.00  ...  81726.966357  NaN   NaN       NaN        NaN
890  2025-04-23 10:40:45.903456     NaN     NaN     NaN  81735.00  ...  81727.217409  NaN   NaN       NaN        NaN

[891 rows x 13 columns]
2025-04-23 10:40:47,003 INFO:Final row: {'timestamp': Timestamp('2025-04-23 10:40:45.903456'), 'open': nan, 'high': nan, 'low': nan, 'close': 81735.0, 'volume': nan, 'short': 81733.7342458687, 'middle': 81729.642437559, 'long': 81727.21740859431, 'buy': nan, 'sell': nan, 'buy_exit': nan, 'sell_exit': nan}
2025-04-23 10:40:47,003 INFO:Buy exit signal received
2025-04-23 10:40:47,003 INFO:Sell exit signal received
2025-04-23 10:40:47,003 INFO:Entering while loop with trade_count: 1
2025-04-23 10:40:47,057 INFO:Combined historical with live algo:                       timestamp    open    high     low     close  ...          long  buy  sell  buy_exit  sell_exit
0     2025-04-22 09:15:00+05:30  821.10  821.10  817.00    818.80  ...    818.800000  NaN   NaN       NaN        NaN
1     2025-04-22 09:16:00+05:30  818.75  818.75  814.60    814.60  ...    818.668750  NaN   NaN       NaN        NaN
2     2025-04-22 09:17:00+05:30  814.60  816.00  814.00    815.35  ...    818.565039  NaN   NaN       NaN        NaN
3     2025-04-22 09:18:00+05:30  815.30  816.00  814.75    815.50  ...    818.469257  NaN   NaN       NaN        NaN
4     2025-04-22 09:19:00+05:30  815.55  815.75  814.50    814.60  ...    818.348342  NaN   NaN       NaN        NaN
..                          ...     ...     ...     ...       ...  ...           ...  ...   ...       ...        ...
887  2025-04-23 10:40:45.903456     NaN     NaN     NaN  81735.00  ...  81726.439698  NaN   NaN       NaN        NaN
888  2025-04-23 10:40:45.903456     NaN     NaN     NaN  81735.00  ...  81726.707207  NaN   NaN       NaN        NaN
889  2025-04-23 10:40:45.903456     NaN     NaN     NaN  81735.00  ...  81726.966357  NaN   NaN       NaN        NaN
890  2025-04-23 10:40:45.903456     NaN     NaN     NaN  81735.00  ...  81727.217409  NaN   NaN       NaN        NaN
891  2025-04-23 10:40:46.942378     NaN     NaN     NaN  81730.00  ...  81727.304365  NaN   NaN       NaN        NaN

[892 rows x 13 columns]
2025-04-23 10:40:47,057 INFO:Final row: {'timestamp': Timestamp('2025-04-23 10:40:46.942378'), 'open': nan, 'high': nan, 'low': nan, 'close': 81730.0, 'volume': nan, 'short': 81732.48949724581, 'middle': 81729.67494323546, 'long': 81727.30436457574, 'buy': nan, 'sell': nan, 'buy_exit': nan, 'sell_exit': nan}
2025-04-23 10:40:47,057 INFO:Buy exit signal received
2025-04-23 10:40:47,057 INFO:Sell exit signal received
2025-04-23 10:40:47,057 INFO:Entering while loop with trade_count: 1
2025-04-23 10:40:47,117 INFO:Combined historical with live algo:                       timestamp    open    high     low     close  ...          long  buy  sell  buy_exit  sell_exit
0     2025-04-22 09:15:00+05:30  821.10  821.10  817.00    818.80  ...    818.800000  NaN   NaN       NaN        NaN
1     2025-04-22 09:16:00+05:30  818.75  818.75  814.60    814.60  ...    818.668750  NaN   NaN       NaN        NaN
2     2025-04-22 09:17:00+05:30  814.60  816.00  814.00    815.35  ...    818.565039  NaN   NaN       NaN        NaN
3     2025-04-22 09:18:00+05:30  815.30  816.00  814.75    815.50  ...    818.469257  NaN   NaN       NaN        NaN
4     2025-04-22 09:19:00+05:30  815.55  815.75  814.50    814.60  ...    818.348342  NaN   NaN       NaN        NaN
..                          ...     ...     ...     ...       ...  ...           ...  ...   ...       ...        ...
888  2025-04-23 10:40:45.903456     NaN     NaN     NaN  81735.00  ...  81726.707207  NaN   NaN       NaN        NaN
889  2025-04-23 10:40:45.903456     NaN     NaN     NaN  81735.00  ...  81726.966357  NaN   NaN       NaN        NaN
890  2025-04-23 10:40:45.903456     NaN     NaN     NaN  81735.00  ...  81727.217409  NaN   NaN       NaN        NaN
891  2025-04-23 10:40:46.942378     NaN     NaN     NaN  81730.00  ...  81727.304365  NaN   NaN       NaN        NaN
892  2025-04-23 10:40:46.942378     NaN     NaN     NaN  81730.00  ...  81727.388603  NaN   NaN       NaN        NaN

[893 rows x 13 columns]
2025-04-23 10:40:47,120 INFO:Final row: {'timestamp': Timestamp('2025-04-23 10:40:46.942378'), 'open': nan, 'high': nan, 'low': nan, 'close': 81730.0, 'volume': nan, 'short': 81731.65966483054, 'middle': 81729.70449385041, 'long': 81727.38860318276, 'buy': nan, 'sell': nan, 'buy_exit': nan, 'sell_exit': nan}
2025-04-23 10:40:47,120 INFO:Buy exit signal received
2025-04-23 10:40:47,120 INFO:Sell exit signal received
2025-04-23 10:40:47,120 INFO:Entering while loop with trade_count: 1
2025-04-23 10:40:47,171 INFO:Combined historical with live algo:                       timestamp    open    high     low     close  ...          long  buy  sell  buy_exit  sell_exit
0     2025-04-22 09:15:00+05:30  821.10  821.10  817.00    818.80  ...    818.800000  NaN   NaN       NaN        NaN
1     2025-04-22 09:16:00+05:30  818.75  818.75  814.60    814.60  ...    818.668750  NaN   NaN       NaN        NaN
2     2025-04-22 09:17:00+05:30  814.60  816.00  814.00    815.35  ...    818.565039  NaN   NaN       NaN        NaN
3     2025-04-22 09:18:00+05:30  815.30  816.00  814.75    815.50  ...    818.469257  NaN   NaN       NaN        NaN
4     2025-04-22 09:19:00+05:30  815.55  815.75  814.50    814.60  ...    818.348342  NaN   NaN       NaN        NaN
..                          ...     ...     ...     ...       ...  ...           ...  ...   ...       ...        ...
889  2025-04-23 10:40:45.903456     NaN     NaN     NaN  81735.00  ...  81726.966357  NaN   NaN       NaN        NaN
890  2025-04-23 10:40:45.903456     NaN     NaN     NaN  81735.00  ...  81727.217409  NaN   NaN       NaN        NaN
891  2025-04-23 10:40:46.942378     NaN     NaN     NaN  81730.00  ...  81727.304365  NaN   NaN       NaN        NaN
892  2025-04-23 10:40:46.942378     NaN     NaN     NaN  81730.00  ...  81727.388603  NaN   NaN       NaN        NaN
893  2025-04-23 10:40:46.942378     NaN     NaN     NaN  81730.00  ...  81727.470209  NaN   NaN       NaN        NaN

[894 rows x 13 columns]
2025-04-23 10:40:47,171 INFO:Final row: {'timestamp': Timestamp('2025-04-23 10:40:46.942378'), 'open': nan, 'high': nan, 'low': nan, 'close': 81730.0, 'volume': nan, 'short': 81731.10644322037, 'middle': 81729.73135804583, 'long': 81727.47020933329, 'buy': nan, 'sell': nan, 'buy_exit': nan, 'sell_exit': nan}
2025-04-23 10:40:47,171 INFO:Buy exit signal received
2025-04-23 10:40:47,171 INFO:Sell exit signal received
2025-04-23 10:40:47,171 INFO:Entering while loop with trade_count: 1
2025-04-23 10:40:47,222 INFO:Combined historical with live algo:                       timestamp    open    high     low     close  ...          long  buy  sell  buy_exit  sell_exit
0     2025-04-22 09:15:00+05:30  821.10  821.10  817.00    818.80  ...    818.800000  NaN   NaN       NaN        NaN
1     2025-04-22 09:16:00+05:30  818.75  818.75  814.60    814.60  ...    818.668750  NaN   NaN       NaN        NaN
2     2025-04-22 09:17:00+05:30  814.60  816.00  814.00    815.35  ...    818.565039  NaN   NaN       NaN        NaN
3     2025-04-22 09:18:00+05:30  815.30  816.00  814.75    815.50  ...    818.469257  NaN   NaN       NaN        NaN
4     2025-04-22 09:19:00+05:30  815.55  815.75  814.50    814.60  ...    818.348342  NaN   NaN       NaN        NaN
..                          ...     ...     ...     ...       ...  ...           ...  ...   ...       ...        ...
890  2025-04-23 10:40:45.903456     NaN     NaN     NaN  81735.00  ...  81727.217409  NaN   NaN       NaN        NaN
891  2025-04-23 10:40:46.942378     NaN     NaN     NaN  81730.00  ...  81727.304365  NaN   NaN       NaN        NaN
892  2025-04-23 10:40:46.942378     NaN     NaN     NaN  81730.00  ...  81727.388603  NaN   NaN       NaN        NaN
893  2025-04-23 10:40:46.942378     NaN     NaN     NaN  81730.00  ...  81727.470209  NaN   NaN       NaN        NaN
894  2025-04-23 10:40:46.942378     NaN     NaN     NaN  81730.00  ...  81727.549265  NaN   NaN       NaN        NaN

[895 rows x 13 columns]
2025-04-23 10:40:47,222 INFO:Final row: {'timestamp': Timestamp('2025-04-23 10:40:46.942378'), 'open': nan, 'high': nan, 'low': nan, 'close': 81730.0, 'volume': nan, 'short': 81730.73762881359, 'middle': 81729.75578004165, 'long': 81727.54926529163, 'buy': nan, 'sell': nan, 'buy_exit': nan, 'sell_exit': nan}
2025-04-23 10:40:47,222 INFO:Buy exit signal received
2025-04-23 10:40:47,222 INFO:Sell exit signal received
2025-04-23 10:40:47,222 INFO:Entering while loop with trade_count: 1
2025-04-23 10:40:47,296 INFO:Combined historical with live algo:                       timestamp    open    high     low     close  ...          long  buy  sell  buy_exit  sell_exit
0     2025-04-22 09:15:00+05:30  821.10  821.10  817.00    818.80  ...    818.800000  NaN   NaN       NaN        NaN
1     2025-04-22 09:16:00+05:30  818.75  818.75  814.60    814.60  ...    818.668750  NaN   NaN       NaN        NaN
2     2025-04-22 09:17:00+05:30  814.60  816.00  814.00    815.35  ...    818.565039  NaN   NaN       NaN        NaN
3     2025-04-22 09:18:00+05:30  815.30  816.00  814.75    815.50  ...    818.469257  NaN   NaN       NaN        NaN
4     2025-04-22 09:19:00+05:30  815.55  815.75  814.50    814.60  ...    818.348342  NaN   NaN       NaN        NaN
..                          ...     ...     ...     ...       ...  ...           ...  ...   ...       ...        ...
891  2025-04-23 10:40:46.942378     NaN     NaN     NaN  81730.00  ...  81727.304365  NaN   NaN       NaN        NaN
892  2025-04-23 10:40:46.942378     NaN     NaN     NaN  81730.00  ...  81727.388603  NaN   NaN       NaN        NaN
893  2025-04-23 10:40:46.942378     NaN     NaN     NaN  81730.00  ...  81727.470209  NaN   NaN       NaN        NaN
894  2025-04-23 10:40:46.942378     NaN     NaN     NaN  81730.00  ...  81727.549265  NaN   NaN       NaN        NaN
895  2025-04-23 10:40:46.942378     NaN     NaN     NaN  81730.00  ...  81727.625851  NaN   NaN       NaN        NaN

[896 rows x 13 columns]
2025-04-23 10:40:47,298 INFO:Final row: {'timestamp': Timestamp('2025-04-23 10:40:46.942378'), 'open': nan, 'high': nan, 'low': nan, 'close': 81730.0, 'volume': nan, 'short': 81730.4917525424, 'middle': 81729.77798185605, 'long': 81727.62585075127, 'buy': nan, 'sell': nan, 'buy_exit': nan, 'sell_exit': nan}
2025-04-23 10:40:47,298 INFO:Buy exit signal received
2025-04-23 10:40:47,298 INFO:Sell exit signal received
2025-04-23 10:40:47,298 INFO:Entering while loop with trade_count: 1
2025-04-23 10:40:47,376 INFO:Combined historical with live algo:                       timestamp    open    high     low     close  ...          long  buy  sell  buy_exit  sell_exit
0     2025-04-22 09:15:00+05:30  821.10  821.10  817.00    818.80  ...    818.800000  NaN   NaN       NaN        NaN
1     2025-04-22 09:16:00+05:30  818.75  818.75  814.60    814.60  ...    818.668750  NaN   NaN       NaN        NaN
2     2025-04-22 09:17:00+05:30  814.60  816.00  814.00    815.35  ...    818.565039  NaN   NaN       NaN        NaN
3     2025-04-22 09:18:00+05:30  815.30  816.00  814.75    815.50  ...    818.469257  NaN   NaN       NaN        NaN
4     2025-04-22 09:19:00+05:30  815.55  815.75  814.50    814.60  ...    818.348342  NaN   NaN       NaN        NaN
..                          ...     ...     ...     ...       ...  ...           ...  ...   ...       ...        ...
892  2025-04-23 10:40:46.942378     NaN     NaN     NaN  81730.00  ...  81727.388603  NaN   NaN       NaN        NaN
893  2025-04-23 10:40:46.942378     NaN     NaN     NaN  81730.00  ...  81727.470209  NaN   NaN       NaN        NaN
894  2025-04-23 10:40:46.942378     NaN     NaN     NaN  81730.00  ...  81727.549265  NaN   NaN       NaN        NaN
895  2025-04-23 10:40:46.942378     NaN     NaN     NaN  81730.00  ...  81727.625851  NaN   NaN       NaN        NaN
896  2025-04-23 10:40:46.942378     NaN     NaN     NaN  81730.00  ...  81727.700043  NaN   NaN       NaN        NaN

[897 rows x 13 columns]
2025-04-23 10:40:47,376 INFO:Final row: {'timestamp': Timestamp('2025-04-23 10:40:46.942378'), 'open': nan, 'high': nan, 'low': nan, 'close': 81730.0, 'volume': nan, 'short': 81730.32783502826, 'middle': 81729.79816532368, 'long': 81727.7000429153, 'buy': nan, 'sell': nan, 'buy_exit': nan, 'sell_exit': nan}
2025-04-23 10:40:47,376 INFO:Buy exit signal received
2025-04-23 10:40:47,376 INFO:Sell exit signal received
2025-04-23 10:40:47,376 INFO:Entering while loop with trade_count: 1
2025-04-23 10:40:47,439 INFO:Combined historical with live algo:                       timestamp    open    high     low     close  ...          long  buy  sell  buy_exit  sell_exit
0     2025-04-22 09:15:00+05:30  821.10  821.10  817.00    818.80  ...    818.800000  NaN   NaN       NaN        NaN
1     2025-04-22 09:16:00+05:30  818.75  818.75  814.60    814.60  ...    818.668750  NaN   NaN       NaN        NaN
2     2025-04-22 09:17:00+05:30  814.60  816.00  814.00    815.35  ...    818.565039  NaN   NaN       NaN        NaN
3     2025-04-22 09:18:00+05:30  815.30  816.00  814.75    815.50  ...    818.469257  NaN   NaN       NaN        NaN
4     2025-04-22 09:19:00+05:30  815.55  815.75  814.50    814.60  ...    818.348342  NaN   NaN       NaN        NaN
..                          ...     ...     ...     ...       ...  ...           ...  ...   ...       ...        ...
893  2025-04-23 10:40:46.942378     NaN     NaN     NaN  81730.00  ...  81727.470209  NaN   NaN       NaN        NaN
894  2025-04-23 10:40:46.942378     NaN     NaN     NaN  81730.00  ...  81727.549265  NaN   NaN       NaN        NaN
895  2025-04-23 10:40:46.942378     NaN     NaN     NaN  81730.00  ...  81727.625851  NaN   NaN       NaN        NaN
896  2025-04-23 10:40:46.942378     NaN     NaN     NaN  81730.00  ...  81727.700043  NaN   NaN       NaN        NaN
897  2025-04-23 10:40:47.326723     NaN     NaN     NaN  81730.00  ...  81727.771917  NaN   NaN       NaN        NaN

[898 rows x 13 columns]
2025-04-23 10:40:47,439 INFO:Final row: {'timestamp': Timestamp('2025-04-23 10:40:47.326723'), 'open': nan, 'high': nan, 'low': nan, 'close': 81730.0, 'volume': nan, 'short': 81730.21855668552, 'middle': 81729.81651393061, 'long': 81727.77191657419, 'buy': nan, 'sell': nan, 'buy_exit': nan, 'sell_exit': nan}
2025-04-23 10:40:47,439 INFO:Buy exit signal received
2025-04-23 10:40:47,439 INFO:Sell exit signal received
2025-04-23 10:40:47,439 INFO:Entering while loop with trade_count: 1
2025-04-23 10:40:47,511 INFO:Combined historical with live algo:                       timestamp    open    high     low     close  ...          long  buy  sell  buy_exit  sell_exit
0     2025-04-22 09:15:00+05:30  821.10  821.10  817.00    818.80  ...    818.800000  NaN   NaN       NaN        NaN
1     2025-04-22 09:16:00+05:30  818.75  818.75  814.60    814.60  ...    818.668750  NaN   NaN       NaN        NaN
2     2025-04-22 09:17:00+05:30  814.60  816.00  814.00    815.35  ...    818.565039  NaN   NaN       NaN        NaN
3     2025-04-22 09:18:00+05:30  815.30  816.00  814.75    815.50  ...    818.469257  NaN   NaN       NaN        NaN
4     2025-04-22 09:19:00+05:30  815.55  815.75  814.50    814.60  ...    818.348342  NaN   NaN       NaN        NaN
..                          ...     ...     ...     ...       ...  ...           ...  ...   ...       ...        ...
894  2025-04-23 10:40:46.942378     NaN     NaN     NaN  81730.00  ...  81727.549265  NaN   NaN       NaN        NaN
895  2025-04-23 10:40:46.942378     NaN     NaN     NaN  81730.00  ...  81727.625851  NaN   NaN       NaN        NaN
896  2025-04-23 10:40:46.942378     NaN     NaN     NaN  81730.00  ...  81727.700043  NaN   NaN       NaN        NaN
897  2025-04-23 10:40:47.326723     NaN     NaN     NaN  81730.00  ...  81727.771917  NaN   NaN       NaN        NaN
898  2025-04-23 10:40:47.326723     NaN     NaN     NaN  81730.00  ...  81727.841544  NaN   NaN       NaN        NaN

[899 rows x 13 columns]
2025-04-23 10:40:47,514 INFO:Final row: {'timestamp': Timestamp('2025-04-23 10:40:47.326723'), 'open': nan, 'high': nan, 'low': nan, 'close': 81730.0, 'volume': nan, 'short': 81730.14570445701, 'middle': 81729.83319448237, 'long': 81727.84154418124, 'buy': nan, 'sell': nan, 'buy_exit': nan, 'sell_exit': nan}
2025-04-23 10:40:47,514 INFO:Buy exit signal received
2025-04-23 10:40:47,514 INFO:Sell exit signal received
2025-04-23 10:40:47,514 INFO:Entering while loop with trade_count: 1
2025-04-23 10:40:47,584 INFO:Combined historical with live algo:                       timestamp    open    high     low     close  ...          long  buy  sell  buy_exit  sell_exit
0     2025-04-22 09:15:00+05:30  821.10  821.10  817.00    818.80  ...    818.800000  NaN   NaN       NaN        NaN
1     2025-04-22 09:16:00+05:30  818.75  818.75  814.60    814.60  ...    818.668750  NaN   NaN       NaN        NaN
2     2025-04-22 09:17:00+05:30  814.60  816.00  814.00    815.35  ...    818.565039  NaN   NaN       NaN        NaN
3     2025-04-22 09:18:00+05:30  815.30  816.00  814.75    815.50  ...    818.469257  NaN   NaN       NaN        NaN
4     2025-04-22 09:19:00+05:30  815.55  815.75  814.50    814.60  ...    818.348342  NaN   NaN       NaN        NaN
..                          ...     ...     ...     ...       ...  ...           ...  ...   ...       ...        ...
895  2025-04-23 10:40:46.942378     NaN     NaN     NaN  81730.00  ...  81727.625851  NaN   NaN       NaN        NaN
896  2025-04-23 10:40:46.942378     NaN     NaN     NaN  81730.00  ...  81727.700043  NaN   NaN       NaN        NaN
897  2025-04-23 10:40:47.326723     NaN     NaN     NaN  81730.00  ...  81727.771917  NaN   NaN       NaN        NaN
898  2025-04-23 10:40:47.326723     NaN     NaN     NaN  81730.00  ...  81727.841544  NaN   NaN       NaN        NaN
899  2025-04-23 10:40:47.326723     NaN     NaN     NaN  81730.00  ...  81727.908996  NaN   NaN       NaN        NaN

[900 rows x 13 columns]
2025-04-23 10:40:47,584 INFO:Final row: {'timestamp': Timestamp('2025-04-23 10:40:47.326723'), 'open': nan, 'high': nan, 'low': nan, 'close': 81730.0, 'volume': nan, 'short': 81730.09713630468, 'middle': 81729.84835862034, 'long': 81727.90899592558, 'buy': nan, 'sell': nan, 'buy_exit': nan, 'sell_exit': nan}
2025-04-23 10:40:47,586 INFO:Buy exit signal received
2025-04-23 10:40:47,586 INFO:Sell exit signal received
2025-04-23 10:40:47,586 INFO:Entering while loop with trade_count: 1
2025-04-23 10:40:47,712 INFO:Combined historical with live algo:                       timestamp    open    high     low     close  ...          long  buy  sell  buy_exit  sell_exit
0     2025-04-22 09:15:00+05:30  821.10  821.10  817.00    818.80  ...    818.800000  NaN   NaN       NaN        NaN
1     2025-04-22 09:16:00+05:30  818.75  818.75  814.60    814.60  ...    818.668750  NaN   NaN       NaN        NaN
2     2025-04-22 09:17:00+05:30  814.60  816.00  814.00    815.35  ...    818.565039  NaN   NaN       NaN        NaN
3     2025-04-22 09:18:00+05:30  815.30  816.00  814.75    815.50  ...    818.469257  NaN   NaN       NaN        NaN
4     2025-04-22 09:19:00+05:30  815.55  815.75  814.50    814.60  ...    818.348342  NaN   NaN       NaN        NaN
..                          ...     ...     ...     ...       ...  ...           ...  ...   ...       ...        ...
896  2025-04-23 10:40:46.942378     NaN     NaN     NaN  81730.00  ...  81727.700043  NaN   NaN       NaN        NaN
897  2025-04-23 10:40:47.326723     NaN     NaN     NaN  81730.00  ...  81727.771917  NaN   NaN       NaN        NaN
898  2025-04-23 10:40:47.326723     NaN     NaN     NaN  81730.00  ...  81727.841544  NaN   NaN       NaN        NaN
899  2025-04-23 10:40:47.326723     NaN     NaN     NaN  81730.00  ...  81727.908996  NaN   NaN       NaN        NaN
900  2025-04-23 10:40:47.326723     NaN     NaN     NaN  81730.00  ...  81727.974340  NaN   NaN       NaN        NaN

[901 rows x 13 columns]
2025-04-23 10:40:47,712 INFO:Final row: {'timestamp': Timestamp('2025-04-23 10:40:47.326723'), 'open': nan, 'high': nan, 'low': nan, 'close': 81730.0, 'volume': nan, 'short': 81730.06475753646, 'middle': 81729.8621442003, 'long': 81727.97433980291, 'buy': nan, 'sell': nan, 'buy_exit': nan, 'sell_exit': nan}
2025-04-23 10:40:47,712 INFO:Buy exit signal received
2025-04-23 10:40:47,712 INFO:Sell exit signal received
2025-04-23 10:40:47,712 INFO:Entering while loop with trade_count: 1
2025-04-23 10:40:47,774 INFO:Combined historical with live algo:                       timestamp    open    high     low     close  ...          long  buy  sell  buy_exit  sell_exit
0     2025-04-22 09:15:00+05:30  821.10  821.10  817.00    818.80  ...    818.800000  NaN   NaN       NaN        NaN
1     2025-04-22 09:16:00+05:30  818.75  818.75  814.60    814.60  ...    818.668750  NaN   NaN       NaN        NaN
2     2025-04-22 09:17:00+05:30  814.60  816.00  814.00    815.35  ...    818.565039  NaN   NaN       NaN        NaN
3     2025-04-22 09:18:00+05:30  815.30  816.00  814.75    815.50  ...    818.469257  NaN   NaN       NaN        NaN
4     2025-04-22 09:19:00+05:30  815.55  815.75  814.50    814.60  ...    818.348342  NaN   NaN       NaN        NaN
..                          ...     ...     ...     ...       ...  ...           ...  ...   ...       ...        ...
897  2025-04-23 10:40:47.326723     NaN     NaN     NaN  81730.00  ...  81727.771917  NaN   NaN       NaN        NaN
898  2025-04-23 10:40:47.326723     NaN     NaN     NaN  81730.00  ...  81727.841544  NaN   NaN       NaN        NaN
899  2025-04-23 10:40:47.326723     NaN     NaN     NaN  81730.00  ...  81727.908996  NaN   NaN       NaN        NaN
900  2025-04-23 10:40:47.326723     NaN     NaN     NaN  81730.00  ...  81727.974340  NaN   NaN       NaN        NaN
901  2025-04-23 10:40:47.326723     NaN     NaN     NaN  81730.00  ...  81728.037642  NaN   NaN       NaN        NaN

[902 rows x 13 columns]
2025-04-23 10:40:47,774 INFO:Final row: {'timestamp': Timestamp('2025-04-23 10:40:47.326723'), 'open': nan, 'high': nan, 'low': nan, 'close': 81730.0, 'volume': nan, 'short': 81730.04317169098, 'middle': 81729.87467654573, 'long': 81728.03764168407, 'buy': nan, 'sell': nan, 'buy_exit': nan, 'sell_exit': nan}
2025-04-23 10:40:47,774 INFO:Buy exit signal received
2025-04-23 10:40:47,774 INFO:Sell exit signal received
2025-04-23 10:40:47,774 INFO:Entering while loop with trade_count: 1
2025-04-23 10:40:47,853 INFO:Combined historical with live algo:                       timestamp    open    high     low     close  ...          long  buy  sell  buy_exit  sell_exit
0     2025-04-22 09:15:00+05:30  821.10  821.10  817.00    818.80  ...    818.800000  NaN   NaN       NaN        NaN
1     2025-04-22 09:16:00+05:30  818.75  818.75  814.60    814.60  ...    818.668750  NaN   NaN       NaN        NaN
2     2025-04-22 09:17:00+05:30  814.60  816.00  814.00    815.35  ...    818.565039  NaN   NaN       NaN        NaN
3     2025-04-22 09:18:00+05:30  815.30  816.00  814.75    815.50  ...    818.469257  NaN   NaN       NaN        NaN
4     2025-04-22 09:19:00+05:30  815.55  815.75  814.50    814.60  ...    818.348342  NaN   NaN       NaN        NaN
..                          ...     ...     ...     ...       ...  ...           ...  ...   ...       ...        ...
898  2025-04-23 10:40:47.326723     NaN     NaN     NaN  81730.00  ...  81727.841544  NaN   NaN       NaN        NaN
899  2025-04-23 10:40:47.326723     NaN     NaN     NaN  81730.00  ...  81727.908996  NaN   NaN       NaN        NaN
900  2025-04-23 10:40:47.326723     NaN     NaN     NaN  81730.00  ...  81727.974340  NaN   NaN       NaN        NaN
901  2025-04-23 10:40:47.326723     NaN     NaN     NaN  81730.00  ...  81728.037642  NaN   NaN       NaN        NaN
902  2025-04-23 10:40:47.326723     NaN     NaN     NaN  81730.00  ...  81728.098965  NaN   NaN       NaN        NaN

[903 rows x 13 columns]
2025-04-23 10:40:47,853 INFO:Final row: {'timestamp': Timestamp('2025-04-23 10:40:47.326723'), 'open': nan, 'high': nan, 'low': nan, 'close': 81730.0, 'volume': nan, 'short': 81730.02878112733, 'middle': 81729.88606958702, 'long': 81728.09896538145, 'buy': nan, 'sell': nan, 'buy_exit': nan, 'sell_exit': nan}
2025-04-23 10:40:47,853 INFO:Buy exit signal received
2025-04-23 10:40:47,853 INFO:Sell exit signal received
2025-04-23 10:40:47,853 INFO:Entering while loop with trade_count: 1
2025-04-23 10:40:47,953 INFO:Combined historical with live algo:                       timestamp    open    high     low     close  ...          long  buy  sell  buy_exit  sell_exit
0     2025-04-22 09:15:00+05:30  821.10  821.10  817.00    818.80  ...    818.800000  NaN   NaN       NaN        NaN
1     2025-04-22 09:16:00+05:30  818.75  818.75  814.60    814.60  ...    818.668750  NaN   NaN       NaN        NaN
2     2025-04-22 09:17:00+05:30  814.60  816.00  814.00    815.35  ...    818.565039  NaN   NaN       NaN        NaN
3     2025-04-22 09:18:00+05:30  815.30  816.00  814.75    815.50  ...    818.469257  NaN   NaN       NaN        NaN
4     2025-04-22 09:19:00+05:30  815.55  815.75  814.50    814.60  ...    818.348342  NaN   NaN       NaN        NaN
..                          ...     ...     ...     ...       ...  ...           ...  ...   ...       ...        ...
899  2025-04-23 10:40:47.326723     NaN     NaN     NaN  81730.00  ...  81727.908996  NaN   NaN       NaN        NaN
900  2025-04-23 10:40:47.326723     NaN     NaN     NaN  81730.00  ...  81727.974340  NaN   NaN       NaN        NaN
901  2025-04-23 10:40:47.326723     NaN     NaN     NaN  81730.00  ...  81728.037642  NaN   NaN       NaN        NaN
902  2025-04-23 10:40:47.326723     NaN     NaN     NaN  81730.00  ...  81728.098965  NaN   NaN       NaN        NaN
903  2025-04-23 10:40:47.326723     NaN     NaN     NaN  81730.00  ...  81728.158373  NaN   NaN       NaN        NaN

[904 rows x 13 columns]
2025-04-23 10:40:47,966 INFO:Final row: {'timestamp': Timestamp('2025-04-23 10:40:47.326723'), 'open': nan, 'high': nan, 'low': nan, 'close': 81730.0, 'volume': nan, 'short': 81730.01918741822, 'middle': 81729.89642689729, 'long': 81728.15837271328, 'buy': nan, 'sell': nan, 'buy_exit': nan, 'sell_exit': nan}
2025-04-23 10:40:47,966 INFO:Buy exit signal received
2025-04-23 10:40:47,966 INFO:Sell exit signal received
2025-04-23 10:40:47,969 INFO:Entering while loop with trade_count: 1
2025-04-23 10:40:48,029 INFO:Combined historical with live algo:                       timestamp    open    high     low     close  ...          long  buy  sell  buy_exit  sell_exit
0     2025-04-22 09:15:00+05:30  821.10  821.10  817.00    818.80  ...    818.800000  NaN   NaN       NaN        NaN
1     2025-04-22 09:16:00+05:30  818.75  818.75  814.60    814.60  ...    818.668750  NaN   NaN       NaN        NaN
2     2025-04-22 09:17:00+05:30  814.60  816.00  814.00    815.35  ...    818.565039  NaN   NaN       NaN        NaN
3     2025-04-22 09:18:00+05:30  815.30  816.00  814.75    815.50  ...    818.469257  NaN   NaN       NaN        NaN
4     2025-04-22 09:19:00+05:30  815.55  815.75  814.50    814.60  ...    818.348342  NaN   NaN       NaN        NaN
..                          ...     ...     ...     ...       ...  ...           ...  ...   ...       ...        ...
900  2025-04-23 10:40:47.326723     NaN     NaN     NaN  81730.00  ...  81727.974340  NaN   NaN       NaN        NaN
901  2025-04-23 10:40:47.326723     NaN     NaN     NaN  81730.00  ...  81728.037642  NaN   NaN       NaN        NaN
902  2025-04-23 10:40:47.326723     NaN     NaN     NaN  81730.00  ...  81728.098965  NaN   NaN       NaN        NaN
903  2025-04-23 10:40:47.326723     NaN     NaN     NaN  81730.00  ...  81728.158373  NaN   NaN       NaN        NaN
904  2025-04-23 10:40:47.326723     NaN     NaN     NaN  81730.00  ...  81728.215924  NaN   NaN       NaN        NaN

[905 rows x 13 columns]
2025-04-23 10:40:48,029 INFO:Final row: {'timestamp': Timestamp('2025-04-23 10:40:47.326723'), 'open': nan, 'high': nan, 'low': nan, 'close': 81730.0, 'volume': nan, 'short': 81730.01279161216, 'middle': 81729.9058426339, 'long': 81728.215923566, 'buy': nan, 'sell': nan, 'buy_exit': nan, 'sell_exit': nan}
2025-04-23 10:40:48,029 INFO:Buy exit signal received
2025-04-23 10:40:48,029 INFO:Sell exit signal received
2025-04-23 10:40:48,029 INFO:Entering while loop with trade_count: 1
2025-04-23 10:40:48,085 INFO:Combined historical with live algo:                       timestamp    open    high     low     close  ...          long  buy  sell  buy_exit  sell_exit
0     2025-04-22 09:15:00+05:30  821.10  821.10  817.00    818.80  ...    818.800000  NaN   NaN       NaN        NaN
1     2025-04-22 09:16:00+05:30  818.75  818.75  814.60    814.60  ...    818.668750  NaN   NaN       NaN        NaN
2     2025-04-22 09:17:00+05:30  814.60  816.00  814.00    815.35  ...    818.565039  NaN   NaN       NaN        NaN
3     2025-04-22 09:18:00+05:30  815.30  816.00  814.75    815.50  ...    818.469257  NaN   NaN       NaN        NaN
4     2025-04-22 09:19:00+05:30  815.55  815.75  814.50    814.60  ...    818.348342  NaN   NaN       NaN        NaN
..                          ...     ...     ...     ...       ...  ...           ...  ...   ...       ...        ...
901  2025-04-23 10:40:47.326723     NaN     NaN     NaN  81730.00  ...  81728.037642  NaN   NaN       NaN        NaN
902  2025-04-23 10:40:47.326723     NaN     NaN     NaN  81730.00  ...  81728.098965  NaN   NaN       NaN        NaN
903  2025-04-23 10:40:47.326723     NaN     NaN     NaN  81730.00  ...  81728.158373  NaN   NaN       NaN        NaN
904  2025-04-23 10:40:47.326723     NaN     NaN     NaN  81730.00  ...  81728.215924  NaN   NaN       NaN        NaN
905  2025-04-23 10:40:47.326723     NaN     NaN     NaN  81730.00  ...  81728.271676  NaN   NaN       NaN        NaN

[906 rows x 13 columns]
2025-04-23 10:40:48,087 INFO:Final row: {'timestamp': Timestamp('2025-04-23 10:40:47.326723'), 'open': nan, 'high': nan, 'low': nan, 'close': 81730.0, 'volume': nan, 'short': 81730.00852774145, 'middle': 81729.91440239445, 'long': 81728.27167595456, 'buy': nan, 'sell': nan, 'buy_exit': nan, 'sell_exit': nan}
2025-04-23 10:40:48,087 INFO:Buy exit signal received
2025-04-23 10:40:48,087 INFO:Sell exit signal received
2025-04-23 10:40:48,087 INFO:Entering while loop with trade_count: 1
2025-04-23 10:40:48,136 INFO:Combined historical with live algo:                       timestamp    open    high     low     close  ...          long  buy  sell  buy_exit  sell_exit
0     2025-04-22 09:15:00+05:30  821.10  821.10  817.00    818.80  ...    818.800000  NaN   NaN       NaN        NaN
1     2025-04-22 09:16:00+05:30  818.75  818.75  814.60    814.60  ...    818.668750  NaN   NaN       NaN        NaN
2     2025-04-22 09:17:00+05:30  814.60  816.00  814.00    815.35  ...    818.565039  NaN   NaN       NaN        NaN
3     2025-04-22 09:18:00+05:30  815.30  816.00  814.75    815.50  ...    818.469257  NaN   NaN       NaN        NaN
4     2025-04-22 09:19:00+05:30  815.55  815.75  814.50    814.60  ...    818.348342  NaN   NaN       NaN        NaN
..                          ...     ...     ...     ...       ...  ...           ...  ...   ...       ...        ...
902  2025-04-23 10:40:47.326723     NaN     NaN     NaN  81730.00  ...  81728.098965  NaN   NaN       NaN        NaN
903  2025-04-23 10:40:47.326723     NaN     NaN     NaN  81730.00  ...  81728.158373  NaN   NaN       NaN        NaN
904  2025-04-23 10:40:47.326723     NaN     NaN     NaN  81730.00  ...  81728.215924  NaN   NaN       NaN        NaN
905  2025-04-23 10:40:47.326723     NaN     NaN     NaN  81730.00  ...  81728.271676  NaN   NaN       NaN        NaN
906  2025-04-23 10:40:47.326723     NaN     NaN     NaN  81730.00  ...  81728.325686  NaN   NaN       NaN        NaN

[907 rows x 13 columns]
2025-04-23 10:40:48,136 INFO:Final row: {'timestamp': Timestamp('2025-04-23 10:40:47.326723'), 'open': nan, 'high': nan, 'low': nan, 'close': 81730.0, 'volume': nan, 'short': 81730.00568516097, 'middle': 81729.92218399496, 'long': 81728.32568608098, 'buy': nan, 'sell': nan, 'buy_exit': nan, 'sell_exit': nan}
2025-04-23 10:40:48,136 INFO:Buy exit signal received
2025-04-23 10:40:48,136 INFO:Sell exit signal received
2025-04-23 10:40:48,136 INFO:Entering while loop with trade_count: 1
2025-04-23 10:40:48,204 INFO:Combined historical with live algo:                       timestamp    open    high     low     close  ...          long  buy  sell  buy_exit  sell_exit
0     2025-04-22 09:15:00+05:30  821.10  821.10  817.00    818.80  ...    818.800000  NaN   NaN       NaN        NaN
1     2025-04-22 09:16:00+05:30  818.75  818.75  814.60    814.60  ...    818.668750  NaN   NaN       NaN        NaN
2     2025-04-22 09:17:00+05:30  814.60  816.00  814.00    815.35  ...    818.565039  NaN   NaN       NaN        NaN
3     2025-04-22 09:18:00+05:30  815.30  816.00  814.75    815.50  ...    818.469257  NaN   NaN       NaN        NaN
4     2025-04-22 09:19:00+05:30  815.55  815.75  814.50    814.60  ...    818.348342  NaN   NaN       NaN        NaN
..                          ...     ...     ...     ...       ...  ...           ...  ...   ...       ...        ...
903  2025-04-23 10:40:47.326723     NaN     NaN     NaN  81730.00  ...  81728.158373  NaN   NaN       NaN        NaN
904  2025-04-23 10:40:47.326723     NaN     NaN     NaN  81730.00  ...  81728.215924  NaN   NaN       NaN        NaN
905  2025-04-23 10:40:47.326723     NaN     NaN     NaN  81730.00  ...  81728.271676  NaN   NaN       NaN        NaN
906  2025-04-23 10:40:47.326723     NaN     NaN     NaN  81730.00  ...  81728.325686  NaN   NaN       NaN        NaN
907  2025-04-23 10:40:47.326723     NaN     NaN     NaN  81730.00  ...  81728.378008  NaN   NaN       NaN        NaN

[908 rows x 13 columns]
2025-04-23 10:40:48,204 INFO:Final row: {'timestamp': Timestamp('2025-04-23 10:40:47.326723'), 'open': nan, 'high': nan, 'low': nan, 'close': 81730.0, 'volume': nan, 'short': 81730.00379010732, 'middle': 81729.92925817723, 'long': 81728.37800839095, 'buy': nan, 'sell': nan, 'buy_exit': nan, 'sell_exit': nan}
2025-04-23 10:40:48,204 INFO:Buy exit signal received
2025-04-23 10:40:48,204 INFO:Sell exit signal received
2025-04-23 10:40:48,204 INFO:Entering while loop with trade_count: 1
2025-04-23 10:40:48,270 INFO:Combined historical with live algo:                       timestamp    open    high     low     close  ...          long  buy  sell  buy_exit  sell_exit
0     2025-04-22 09:15:00+05:30  821.10  821.10  817.00    818.80  ...    818.800000  NaN   NaN       NaN        NaN
1     2025-04-22 09:16:00+05:30  818.75  818.75  814.60    814.60  ...    818.668750  NaN   NaN       NaN        NaN
2     2025-04-22 09:17:00+05:30  814.60  816.00  814.00    815.35  ...    818.565039  NaN   NaN       NaN        NaN
3     2025-04-22 09:18:00+05:30  815.30  816.00  814.75    815.50  ...    818.469257  NaN   NaN       NaN        NaN
4     2025-04-22 09:19:00+05:30  815.55  815.75  814.50    814.60  ...    818.348342  NaN   NaN       NaN        NaN
..                          ...     ...     ...     ...       ...  ...           ...  ...   ...       ...        ...
904  2025-04-23 10:40:47.326723     NaN     NaN     NaN  81730.00  ...  81728.215924  NaN   NaN       NaN        NaN
905  2025-04-23 10:40:47.326723     NaN     NaN     NaN  81730.00  ...  81728.271676  NaN   NaN       NaN        NaN
906  2025-04-23 10:40:47.326723     NaN     NaN     NaN  81730.00  ...  81728.325686  NaN   NaN       NaN        NaN
907  2025-04-23 10:40:47.326723     NaN     NaN     NaN  81730.00  ...  81728.378008  NaN   NaN       NaN        NaN
908  2025-04-23 10:40:47.326723     NaN     NaN     NaN  81730.00  ...  81728.428696  NaN   NaN       NaN        NaN

[909 rows x 13 columns]
2025-04-23 10:40:48,276 INFO:Final row: {'timestamp': Timestamp('2025-04-23 10:40:47.326723'), 'open': nan, 'high': nan, 'low': nan, 'close': 81730.0, 'volume': nan, 'short': 81730.00252673822, 'middle': 81729.93568925203, 'long': 81728.42869562874, 'buy': nan, 'sell': nan, 'buy_exit': nan, 'sell_exit': nan}
2025-04-23 10:40:48,276 INFO:Buy exit signal received
2025-04-23 10:40:48,276 INFO:Sell exit signal received
2025-04-23 10:40:48,276 INFO:Entering while loop with trade_count: 1
2025-04-23 10:40:48,336 INFO:Combined historical with live algo:                       timestamp    open    high     low     close  ...          long  buy  sell  buy_exit  sell_exit
0     2025-04-22 09:15:00+05:30  821.10  821.10  817.00    818.80  ...    818.800000  NaN   NaN       NaN        NaN
1     2025-04-22 09:16:00+05:30  818.75  818.75  814.60    814.60  ...    818.668750  NaN   NaN       NaN        NaN
2     2025-04-22 09:17:00+05:30  814.60  816.00  814.00    815.35  ...    818.565039  NaN   NaN       NaN        NaN
3     2025-04-22 09:18:00+05:30  815.30  816.00  814.75    815.50  ...    818.469257  NaN   NaN       NaN        NaN
4     2025-04-22 09:19:00+05:30  815.55  815.75  814.50    814.60  ...    818.348342  NaN   NaN       NaN        NaN
..                          ...     ...     ...     ...       ...  ...           ...  ...   ...       ...        ...
905  2025-04-23 10:40:47.326723     NaN     NaN     NaN  81730.00  ...  81728.271676  NaN   NaN       NaN        NaN
906  2025-04-23 10:40:47.326723     NaN     NaN     NaN  81730.00  ...  81728.325686  NaN   NaN       NaN        NaN
907  2025-04-23 10:40:47.326723     NaN     NaN     NaN  81730.00  ...  81728.378008  NaN   NaN       NaN        NaN
908  2025-04-23 10:40:47.326723     NaN     NaN     NaN  81730.00  ...  81728.428696  NaN   NaN       NaN        NaN
909  2025-04-23 10:40:47.326723     NaN     NaN     NaN  81730.00  ...  81728.477799  NaN   NaN       NaN        NaN

[910 rows x 13 columns]
2025-04-23 10:40:48,341 INFO:Final row: {'timestamp': Timestamp('2025-04-23 10:40:47.326723'), 'open': nan, 'high': nan, 'low': nan, 'close': 81730.0, 'volume': nan, 'short': 81730.00168449215, 'middle': 81729.94153568365, 'long': 81728.47779889034, 'buy': nan, 'sell': nan, 'buy_exit': nan, 'sell_exit': nan}
2025-04-23 10:40:48,341 INFO:Buy exit signal received
2025-04-23 10:40:48,341 INFO:Sell exit signal received
2025-04-23 10:40:48,341 INFO:Entering while loop with trade_count: 1
2025-04-23 10:40:48,402 INFO:Combined historical with live algo:                       timestamp    open    high     low     close  ...          long  buy  sell  buy_exit  sell_exit
0     2025-04-22 09:15:00+05:30  821.10  821.10  817.00    818.80  ...    818.800000  NaN   NaN       NaN        NaN
1     2025-04-22 09:16:00+05:30  818.75  818.75  814.60    814.60  ...    818.668750  NaN   NaN       NaN        NaN
2     2025-04-22 09:17:00+05:30  814.60  816.00  814.00    815.35  ...    818.565039  NaN   NaN       NaN        NaN
3     2025-04-22 09:18:00+05:30  815.30  816.00  814.75    815.50  ...    818.469257  NaN   NaN       NaN        NaN
4     2025-04-22 09:19:00+05:30  815.55  815.75  814.50    814.60  ...    818.348342  NaN   NaN       NaN        NaN
..                          ...     ...     ...     ...       ...  ...           ...  ...   ...       ...        ...
906  2025-04-23 10:40:47.326723     NaN     NaN     NaN  81730.00  ...  81728.325686  NaN   NaN       NaN        NaN
907  2025-04-23 10:40:47.326723     NaN     NaN     NaN  81730.00  ...  81728.378008  NaN   NaN       NaN        NaN
908  2025-04-23 10:40:47.326723     NaN     NaN     NaN  81730.00  ...  81728.428696  NaN   NaN       NaN        NaN
909  2025-04-23 10:40:47.326723     NaN     NaN     NaN  81730.00  ...  81728.477799  NaN   NaN       NaN        NaN
910  2025-04-23 10:40:48.318002     NaN     NaN     NaN  81730.00  ...  81728.525368  NaN   NaN       NaN        NaN

[911 rows x 13 columns]
2025-04-23 10:40:48,403 INFO:Final row: {'timestamp': Timestamp('2025-04-23 10:40:48.318002'), 'open': nan, 'high': nan, 'low': nan, 'close': 81730.0, 'volume': nan, 'short': 81730.00112299477, 'middle': 81729.9468506215, 'long': 81728.52536767501, 'buy': nan, 'sell': nan, 'buy_exit': nan, 'sell_exit': nan}
2025-04-23 10:40:48,403 INFO:Buy exit signal received
2025-04-23 10:40:48,403 INFO:Sell exit signal received
2025-04-23 10:40:48,403 INFO:Entering while loop with trade_count: 1
2025-04-23 10:40:48,466 INFO:Combined historical with live algo:                       timestamp    open    high     low     close  ...          long  buy  sell  buy_exit  sell_exit
0     2025-04-22 09:15:00+05:30  821.10  821.10  817.00    818.80  ...    818.800000  NaN   NaN       NaN        NaN
1     2025-04-22 09:16:00+05:30  818.75  818.75  814.60    814.60  ...    818.668750  NaN   NaN       NaN        NaN
2     2025-04-22 09:17:00+05:30  814.60  816.00  814.00    815.35  ...    818.565039  NaN   NaN       NaN        NaN
3     2025-04-22 09:18:00+05:30  815.30  816.00  814.75    815.50  ...    818.469257  NaN   NaN       NaN        NaN
4     2025-04-22 09:19:00+05:30  815.55  815.75  814.50    814.60  ...    818.348342  NaN   NaN       NaN        NaN
..                          ...     ...     ...     ...       ...  ...           ...  ...   ...       ...        ...
907  2025-04-23 10:40:47.326723     NaN     NaN     NaN  81730.00  ...  81728.378008  NaN   NaN       NaN        NaN
908  2025-04-23 10:40:47.326723     NaN     NaN     NaN  81730.00  ...  81728.428696  NaN   NaN       NaN        NaN
909  2025-04-23 10:40:47.326723     NaN     NaN     NaN  81730.00  ...  81728.477799  NaN   NaN       NaN        NaN
910  2025-04-23 10:40:48.318002     NaN     NaN     NaN  81730.00  ...  81728.525368  NaN   NaN       NaN        NaN
911  2025-04-23 10:40:48.318002     NaN     NaN     NaN  81730.00  ...  81728.571450  NaN   NaN       NaN        NaN

[912 rows x 13 columns]
2025-04-23 10:40:48,467 INFO:Final row: {'timestamp': Timestamp('2025-04-23 10:40:48.318002'), 'open': nan, 'high': nan, 'low': nan, 'close': 81730.0, 'volume': nan, 'short': 81730.00074866318, 'middle': 81729.95168238318, 'long': 81728.57144993517, 'buy': nan, 'sell': nan, 'buy_exit': nan, 'sell_exit': nan}
2025-04-23 10:40:48,467 INFO:Buy exit signal received
2025-04-23 10:40:48,467 INFO:Sell exit signal received
2025-04-23 10:40:48,467 INFO:Entering while loop with trade_count: 1
2025-04-23 10:40:48,529 INFO:Combined historical with live algo:                       timestamp    open    high     low     close  ...          long  buy  sell  buy_exit  sell_exit
0     2025-04-22 09:15:00+05:30  821.10  821.10  817.00    818.80  ...    818.800000  NaN   NaN       NaN        NaN
1     2025-04-22 09:16:00+05:30  818.75  818.75  814.60    814.60  ...    818.668750  NaN   NaN       NaN        NaN
2     2025-04-22 09:17:00+05:30  814.60  816.00  814.00    815.35  ...    818.565039  NaN   NaN       NaN        NaN
3     2025-04-22 09:18:00+05:30  815.30  816.00  814.75    815.50  ...    818.469257  NaN   NaN       NaN        NaN
4     2025-04-22 09:19:00+05:30  815.55  815.75  814.50    814.60  ...    818.348342  NaN   NaN       NaN        NaN
..                          ...     ...     ...     ...       ...  ...           ...  ...   ...       ...        ...
908  2025-04-23 10:40:47.326723     NaN     NaN     NaN  81730.00  ...  81728.428696  NaN   NaN       NaN        NaN
909  2025-04-23 10:40:47.326723     NaN     NaN     NaN  81730.00  ...  81728.477799  NaN   NaN       NaN        NaN
910  2025-04-23 10:40:48.318002     NaN     NaN     NaN  81730.00  ...  81728.525368  NaN   NaN       NaN        NaN
911  2025-04-23 10:40:48.318002     NaN     NaN     NaN  81730.00  ...  81728.571450  NaN   NaN       NaN        NaN
912  2025-04-23 10:40:48.318002     NaN     NaN     NaN  81730.00  ...  81728.616092  NaN   NaN       NaN        NaN

[913 rows x 13 columns]
2025-04-23 10:40:48,532 INFO:Final row: {'timestamp': Timestamp('2025-04-23 10:40:48.318002'), 'open': nan, 'high': nan, 'low': nan, 'close': 81730.0, 'volume': nan, 'short': 81730.00049910879, 'middle': 81729.9560748938, 'long': 81728.6160921247, 'buy': nan, 'sell': nan, 'buy_exit': nan, 'sell_exit': nan}
2025-04-23 10:40:48,532 INFO:Buy exit signal received
2025-04-23 10:40:48,532 INFO:Sell exit signal received
2025-04-23 10:40:48,532 INFO:Entering while loop with trade_count: 1
2025-04-23 10:40:48,588 INFO:Combined historical with live algo:                       timestamp    open    high     low     close  ...          long  buy  sell  buy_exit  sell_exit
0     2025-04-22 09:15:00+05:30  821.10  821.10  817.00    818.80  ...    818.800000  NaN   NaN       NaN        NaN
1     2025-04-22 09:16:00+05:30  818.75  818.75  814.60    814.60  ...    818.668750  NaN   NaN       NaN        NaN
2     2025-04-22 09:17:00+05:30  814.60  816.00  814.00    815.35  ...    818.565039  NaN   NaN       NaN        NaN
3     2025-04-22 09:18:00+05:30  815.30  816.00  814.75    815.50  ...    818.469257  NaN   NaN       NaN        NaN
4     2025-04-22 09:19:00+05:30  815.55  815.75  814.50    814.60  ...    818.348342  NaN   NaN       NaN        NaN
..                          ...     ...     ...     ...       ...  ...           ...  ...   ...       ...        ...
909  2025-04-23 10:40:47.326723     NaN     NaN     NaN  81730.00  ...  81728.477799  NaN   NaN       NaN        NaN
910  2025-04-23 10:40:48.318002     NaN     NaN     NaN  81730.00  ...  81728.525368  NaN   NaN       NaN        NaN
911  2025-04-23 10:40:48.318002     NaN     NaN     NaN  81730.00  ...  81728.571450  NaN   NaN       NaN        NaN
912  2025-04-23 10:40:48.318002     NaN     NaN     NaN  81730.00  ...  81728.616092  NaN   NaN       NaN        NaN
913  2025-04-23 10:40:48.318002     NaN     NaN     NaN  81730.00  ...  81728.659339  NaN   NaN       NaN        NaN

[914 rows x 13 columns]
2025-04-23 10:40:48,588 INFO:Final row: {'timestamp': Timestamp('2025-04-23 10:40:48.318002'), 'open': nan, 'high': nan, 'low': nan, 'close': 81730.0, 'volume': nan, 'short': 81730.0003327392, 'middle': 81729.96006808526, 'long': 81728.65933924582, 'buy': nan, 'sell': nan, 'buy_exit': nan, 'sell_exit': nan}
2025-04-23 10:40:48,588 INFO:Buy exit signal received
2025-04-23 10:40:48,588 INFO:Sell exit signal received
2025-04-23 10:40:48,588 INFO:Entering while loop with trade_count: 1
2025-04-23 10:40:48,653 INFO:Combined historical with live algo:                       timestamp    open    high     low     close  ...          long  buy  sell  buy_exit  sell_exit
0     2025-04-22 09:15:00+05:30  821.10  821.10  817.00    818.80  ...    818.800000  NaN   NaN       NaN        NaN
1     2025-04-22 09:16:00+05:30  818.75  818.75  814.60    814.60  ...    818.668750  NaN   NaN       NaN        NaN
2     2025-04-22 09:17:00+05:30  814.60  816.00  814.00    815.35  ...    818.565039  NaN   NaN       NaN        NaN
3     2025-04-22 09:18:00+05:30  815.30  816.00  814.75    815.50  ...    818.469257  NaN   NaN       NaN        NaN
4     2025-04-22 09:19:00+05:30  815.55  815.75  814.50    814.60  ...    818.348342  NaN   NaN       NaN        NaN
..                          ...     ...     ...     ...       ...  ...           ...  ...   ...       ...        ...
910  2025-04-23 10:40:48.318002     NaN     NaN     NaN  81730.00  ...  81728.525368  NaN   NaN       NaN        NaN
911  2025-04-23 10:40:48.318002     NaN     NaN     NaN  81730.00  ...  81728.571450  NaN   NaN       NaN        NaN
912  2025-04-23 10:40:48.318002     NaN     NaN     NaN  81730.00  ...  81728.616092  NaN   NaN       NaN        NaN
913  2025-04-23 10:40:48.318002     NaN     NaN     NaN  81730.00  ...  81728.659339  NaN   NaN       NaN        NaN
914  2025-04-23 10:40:48.318002     NaN     NaN     NaN  81730.00  ...  81728.701235  NaN   NaN       NaN        NaN

[915 rows x 13 columns]
2025-04-23 10:40:48,653 INFO:Final row: {'timestamp': Timestamp('2025-04-23 10:40:48.318002'), 'open': nan, 'high': nan, 'low': nan, 'close': 81730.0, 'volume': nan, 'short': 81730.00022182614, 'middle': 81729.96369825932, 'long': 81728.70123489438, 'buy': nan, 'sell': nan, 'buy_exit': nan, 'sell_exit': nan}
2025-04-23 10:40:48,653 INFO:Buy exit signal received
2025-04-23 10:40:48,653 INFO:Sell exit signal received
2025-04-23 10:40:48,653 INFO:Entering while loop with trade_count: 1
2025-04-23 10:40:48,726 INFO:Combined historical with live algo:                       timestamp    open    high     low     close  ...          long  buy  sell  buy_exit  sell_exit
0     2025-04-22 09:15:00+05:30  821.10  821.10  817.00    818.80  ...    818.800000  NaN   NaN       NaN        NaN
1     2025-04-22 09:16:00+05:30  818.75  818.75  814.60    814.60  ...    818.668750  NaN   NaN       NaN        NaN
2     2025-04-22 09:17:00+05:30  814.60  816.00  814.00    815.35  ...    818.565039  NaN   NaN       NaN        NaN
3     2025-04-22 09:18:00+05:30  815.30  816.00  814.75    815.50  ...    818.469257  NaN   NaN       NaN        NaN
4     2025-04-22 09:19:00+05:30  815.55  815.75  814.50    814.60  ...    818.348342  NaN   NaN       NaN        NaN
..                          ...     ...     ...     ...       ...  ...           ...  ...   ...       ...        ...
911  2025-04-23 10:40:48.318002     NaN     NaN     NaN  81730.00  ...  81728.571450  NaN   NaN       NaN        NaN
912  2025-04-23 10:40:48.318002     NaN     NaN     NaN  81730.00  ...  81728.616092  NaN   NaN       NaN        NaN
913  2025-04-23 10:40:48.318002     NaN     NaN     NaN  81730.00  ...  81728.659339  NaN   NaN       NaN        NaN
914  2025-04-23 10:40:48.318002     NaN     NaN     NaN  81730.00  ...  81728.701235  NaN   NaN       NaN        NaN
915  2025-04-23 10:40:48.318002     NaN     NaN     NaN  81730.00  ...  81728.741821  NaN   NaN       NaN        NaN

[916 rows x 13 columns]
2025-04-23 10:40:48,726 INFO:Final row: {'timestamp': Timestamp('2025-04-23 10:40:48.318002'), 'open': nan, 'high': nan, 'low': nan, 'close': 81730.0, 'volume': nan, 'short': 81730.0001478841, 'middle': 81729.96699841756, 'long': 81728.74182130393, 'buy': nan, 'sell': nan, 'buy_exit': nan, 'sell_exit': nan}
2025-04-23 10:40:48,726 INFO:Buy exit signal received
2025-04-23 10:40:48,726 INFO:Sell exit signal received
2025-04-23 10:40:48,726 INFO:Entering while loop with trade_count: 1
2025-04-23 10:40:48,784 INFO:Combined historical with live algo:                       timestamp    open    high     low     close  ...          long  buy  sell  buy_exit  sell_exit
0     2025-04-22 09:15:00+05:30  821.10  821.10  817.00    818.80  ...    818.800000  NaN   NaN       NaN        NaN
1     2025-04-22 09:16:00+05:30  818.75  818.75  814.60    814.60  ...    818.668750  NaN   NaN       NaN        NaN
2     2025-04-22 09:17:00+05:30  814.60  816.00  814.00    815.35  ...    818.565039  NaN   NaN       NaN        NaN
3     2025-04-22 09:18:00+05:30  815.30  816.00  814.75    815.50  ...    818.469257  NaN   NaN       NaN        NaN
4     2025-04-22 09:19:00+05:30  815.55  815.75  814.50    814.60  ...    818.348342  NaN   NaN       NaN        NaN
..                          ...     ...     ...     ...       ...  ...           ...  ...   ...       ...        ...
912  2025-04-23 10:40:48.318002     NaN     NaN     NaN  81730.00  ...  81728.616092  NaN   NaN       NaN        NaN
913  2025-04-23 10:40:48.318002     NaN     NaN     NaN  81730.00  ...  81728.659339  NaN   NaN       NaN        NaN
914  2025-04-23 10:40:48.318002     NaN     NaN     NaN  81730.00  ...  81728.701235  NaN   NaN       NaN        NaN
915  2025-04-23 10:40:48.318002     NaN     NaN     NaN  81730.00  ...  81728.741821  NaN   NaN       NaN        NaN
916  2025-04-23 10:40:48.318002     NaN     NaN     NaN  81730.00  ...  81728.781139  NaN   NaN       NaN        NaN

[917 rows x 13 columns]
2025-04-23 10:40:48,784 INFO:Final row: {'timestamp': Timestamp('2025-04-23 10:40:48.318002'), 'open': nan, 'high': nan, 'low': nan, 'close': 81730.0, 'volume': nan, 'short': 81730.0000985894, 'middle': 81729.96999856141, 'long': 81728.78113938819, 'buy': nan, 'sell': nan, 'buy_exit': nan, 'sell_exit': nan}
2025-04-23 10:40:48,784 INFO:Buy exit signal received
2025-04-23 10:40:48,784 INFO:Sell exit signal received
2025-04-23 10:40:48,784 INFO:Entering while loop with trade_count: 1
2025-04-23 10:40:48,837 INFO:Combined historical with live algo:                       timestamp    open    high     low     close  ...          long  buy  sell  buy_exit  sell_exit
0     2025-04-22 09:15:00+05:30  821.10  821.10  817.00    818.80  ...    818.800000  NaN   NaN       NaN        NaN
1     2025-04-22 09:16:00+05:30  818.75  818.75  814.60    814.60  ...    818.668750  NaN   NaN       NaN        NaN
2     2025-04-22 09:17:00+05:30  814.60  816.00  814.00    815.35  ...    818.565039  NaN   NaN       NaN        NaN
3     2025-04-22 09:18:00+05:30  815.30  816.00  814.75    815.50  ...    818.469257  NaN   NaN       NaN        NaN
4     2025-04-22 09:19:00+05:30  815.55  815.75  814.50    814.60  ...    818.348342  NaN   NaN       NaN        NaN
..                          ...     ...     ...     ...       ...  ...           ...  ...   ...       ...        ...
913  2025-04-23 10:40:48.318002     NaN     NaN     NaN  81730.00  ...  81728.659339  NaN   NaN       NaN        NaN
914  2025-04-23 10:40:48.318002     NaN     NaN     NaN  81730.00  ...  81728.701235  NaN   NaN       NaN        NaN
915  2025-04-23 10:40:48.318002     NaN     NaN     NaN  81730.00  ...  81728.741821  NaN   NaN       NaN        NaN
916  2025-04-23 10:40:48.318002     NaN     NaN     NaN  81730.00  ...  81728.781139  NaN   NaN       NaN        NaN
917  2025-04-23 10:40:48.318002     NaN     NaN     NaN  81730.00  ...  81728.819229  NaN   NaN       NaN        NaN

[918 rows x 13 columns]
2025-04-23 10:40:48,837 INFO:Final row: {'timestamp': Timestamp('2025-04-23 10:40:48.318002'), 'open': nan, 'high': nan, 'low': nan, 'close': 81730.0, 'volume': nan, 'short': 81730.00006572627, 'middle': 81729.97272596492, 'long': 81728.8192287823, 'buy': nan, 'sell': nan, 'buy_exit': nan, 'sell_exit': nan}
2025-04-23 10:40:48,837 INFO:Buy exit signal received
2025-04-23 10:40:48,837 INFO:Sell exit signal received
2025-04-23 10:40:48,837 INFO:Entering while loop with trade_count: 1
2025-04-23 10:40:48,887 INFO:Combined historical with live algo:                       timestamp    open    high     low     close  ...          long  buy  sell  buy_exit  sell_exit
0     2025-04-22 09:15:00+05:30  821.10  821.10  817.00    818.80  ...    818.800000  NaN   NaN       NaN        NaN
1     2025-04-22 09:16:00+05:30  818.75  818.75  814.60    814.60  ...    818.668750  NaN   NaN       NaN        NaN
2     2025-04-22 09:17:00+05:30  814.60  816.00  814.00    815.35  ...    818.565039  NaN   NaN       NaN        NaN
3     2025-04-22 09:18:00+05:30  815.30  816.00  814.75    815.50  ...    818.469257  NaN   NaN       NaN        NaN
4     2025-04-22 09:19:00+05:30  815.55  815.75  814.50    814.60  ...    818.348342  NaN   NaN       NaN        NaN
..                          ...     ...     ...     ...       ...  ...           ...  ...   ...       ...        ...
914  2025-04-23 10:40:48.318002     NaN     NaN     NaN  81730.00  ...  81728.701235  NaN   NaN       NaN        NaN
915  2025-04-23 10:40:48.318002     NaN     NaN     NaN  81730.00  ...  81728.741821  NaN   NaN       NaN        NaN
916  2025-04-23 10:40:48.318002     NaN     NaN     NaN  81730.00  ...  81728.781139  NaN   NaN       NaN        NaN
917  2025-04-23 10:40:48.318002     NaN     NaN     NaN  81730.00  ...  81728.819229  NaN   NaN       NaN        NaN
918  2025-04-23 10:40:48.318002     NaN     NaN     NaN  81730.00  ...  81728.856128  NaN   NaN       NaN        NaN

[919 rows x 13 columns]
2025-04-23 10:40:48,887 INFO:Final row: {'timestamp': Timestamp('2025-04-23 10:40:48.318002'), 'open': nan, 'high': nan, 'low': nan, 'close': 81730.0, 'volume': nan, 'short': 81730.00004381752, 'middle': 81729.97520542266, 'long': 81728.85612788286, 'buy': nan, 'sell': nan, 'buy_exit': nan, 'sell_exit': nan}
2025-04-23 10:40:48,887 INFO:Buy exit signal received
2025-04-23 10:40:48,887 INFO:Sell exit signal received
2025-04-23 10:40:48,887 INFO:Entering while loop with trade_count: 1
2025-04-23 10:40:48,944 INFO:Combined historical with live algo:                       timestamp    open    high     low     close  ...          long  buy  sell  buy_exit  sell_exit
0     2025-04-22 09:15:00+05:30  821.10  821.10  817.00    818.80  ...    818.800000  NaN   NaN       NaN        NaN
1     2025-04-22 09:16:00+05:30  818.75  818.75  814.60    814.60  ...    818.668750  NaN   NaN       NaN        NaN
2     2025-04-22 09:17:00+05:30  814.60  816.00  814.00    815.35  ...    818.565039  NaN   NaN       NaN        NaN
3     2025-04-22 09:18:00+05:30  815.30  816.00  814.75    815.50  ...    818.469257  NaN   NaN       NaN        NaN
4     2025-04-22 09:19:00+05:30  815.55  815.75  814.50    814.60  ...    818.348342  NaN   NaN       NaN        NaN
..                          ...     ...     ...     ...       ...  ...           ...  ...   ...       ...        ...
915  2025-04-23 10:40:48.318002     NaN     NaN     NaN  81730.00  ...  81728.741821  NaN   NaN       NaN        NaN
916  2025-04-23 10:40:48.318002     NaN     NaN     NaN  81730.00  ...  81728.781139  NaN   NaN       NaN        NaN
917  2025-04-23 10:40:48.318002     NaN     NaN     NaN  81730.00  ...  81728.819229  NaN   NaN       NaN        NaN
918  2025-04-23 10:40:48.318002     NaN     NaN     NaN  81730.00  ...  81728.856128  NaN   NaN       NaN        NaN
919  2025-04-23 10:40:48.318002     NaN     NaN     NaN  81730.00  ...  81728.891874  NaN   NaN       NaN        NaN

[920 rows x 13 columns]
2025-04-23 10:40:48,945 INFO:Final row: {'timestamp': Timestamp('2025-04-23 10:40:48.318002'), 'open': nan, 'high': nan, 'low': nan, 'close': 81730.0, 'volume': nan, 'short': 81730.00002921169, 'middle': 81729.97745947514, 'long': 81728.89187388652, 'buy': nan, 'sell': nan, 'buy_exit': nan, 'sell_exit': nan}
2025-04-23 10:40:48,946 INFO:Buy exit signal received
2025-04-23 10:40:48,946 INFO:Sell exit signal received
2025-04-23 10:40:48,946 INFO:Entering while loop with trade_count: 1
2025-04-23 10:40:49,001 INFO:Combined historical with live algo:                       timestamp    open    high     low     close  ...          long  buy  sell  buy_exit  sell_exit
0     2025-04-22 09:15:00+05:30  821.10  821.10  817.00    818.80  ...    818.800000  NaN   NaN       NaN        NaN
1     2025-04-22 09:16:00+05:30  818.75  818.75  814.60    814.60  ...    818.668750  NaN   NaN       NaN        NaN
2     2025-04-22 09:17:00+05:30  814.60  816.00  814.00    815.35  ...    818.565039  NaN   NaN       NaN        NaN
3     2025-04-22 09:18:00+05:30  815.30  816.00  814.75    815.50  ...    818.469257  NaN   NaN       NaN        NaN
4     2025-04-22 09:19:00+05:30  815.55  815.75  814.50    814.60  ...    818.348342  NaN   NaN       NaN        NaN
..                          ...     ...     ...     ...       ...  ...           ...  ...   ...       ...        ...
916  2025-04-23 10:40:48.318002     NaN     NaN     NaN  81730.00  ...  81728.781139  NaN   NaN       NaN        NaN
917  2025-04-23 10:40:48.318002     NaN     NaN     NaN  81730.00  ...  81728.819229  NaN   NaN       NaN        NaN
918  2025-04-23 10:40:48.318002     NaN     NaN     NaN  81730.00  ...  81728.856128  NaN   NaN       NaN        NaN
919  2025-04-23 10:40:48.318002     NaN     NaN     NaN  81730.00  ...  81728.891874  NaN   NaN       NaN        NaN
920  2025-04-23 10:40:48.318002     NaN     NaN     NaN  81730.00  ...  81728.926503  NaN   NaN       NaN        NaN

[921 rows x 13 columns]
2025-04-23 10:40:49,001 INFO:Final row: {'timestamp': Timestamp('2025-04-23 10:40:48.318002'), 'open': nan, 'high': nan, 'low': nan, 'close': 81730.0, 'volume': nan, 'short': 81730.00001947446, 'middle': 81729.97950861376, 'long': 81728.92650282757, 'buy': nan, 'sell': nan, 'buy_exit': nan, 'sell_exit': nan}
2025-04-23 10:40:49,001 INFO:Buy exit signal received
2025-04-23 10:40:49,001 INFO:Sell exit signal received
2025-04-23 10:40:49,001 INFO:Entering while loop with trade_count: 1
2025-04-23 10:40:49,065 INFO:Combined historical with live algo:                       timestamp    open    high     low     close  ...          long  buy  sell  buy_exit  sell_exit
0     2025-04-22 09:15:00+05:30  821.10  821.10  817.00    818.80  ...    818.800000  NaN   NaN       NaN        NaN
1     2025-04-22 09:16:00+05:30  818.75  818.75  814.60    814.60  ...    818.668750  NaN   NaN       NaN        NaN
2     2025-04-22 09:17:00+05:30  814.60  816.00  814.00    815.35  ...    818.565039  NaN   NaN       NaN        NaN
3     2025-04-22 09:18:00+05:30  815.30  816.00  814.75    815.50  ...    818.469257  NaN   NaN       NaN        NaN
4     2025-04-22 09:19:00+05:30  815.55  815.75  814.50    814.60  ...    818.348342  NaN   NaN       NaN        NaN
..                          ...     ...     ...     ...       ...  ...           ...  ...   ...       ...        ...
917  2025-04-23 10:40:48.318002     NaN     NaN     NaN  81730.00  ...  81728.819229  NaN   NaN       NaN        NaN
918  2025-04-23 10:40:48.318002     NaN     NaN     NaN  81730.00  ...  81728.856128  NaN   NaN       NaN        NaN
919  2025-04-23 10:40:48.318002     NaN     NaN     NaN  81730.00  ...  81728.891874  NaN   NaN       NaN        NaN
920  2025-04-23 10:40:48.318002     NaN     NaN     NaN  81730.00  ...  81728.926503  NaN   NaN       NaN        NaN
921  2025-04-23 10:40:48.992221     NaN     NaN     NaN  81735.00  ...  81729.116300  NaN   NaN       NaN        NaN

[922 rows x 13 columns]
2025-04-23 10:40:49,067 INFO:Final row: {'timestamp': Timestamp('2025-04-23 10:40:48.992221'), 'open': nan, 'high': nan, 'low': nan, 'close': 81735.0, 'volume': nan, 'short': 81731.66667964964, 'middle': 81730.43591692159, 'long': 81729.11629961421, 'buy': nan, 'sell': nan, 'buy_exit': nan, 'sell_exit': nan}
2025-04-23 10:40:49,067 INFO:Buy exit signal received
2025-04-23 10:40:49,067 INFO:Sell exit signal received
2025-04-23 10:40:49,067 INFO:Entering while loop with trade_count: 1
2025-04-23 10:40:49,118 INFO:Combined historical with live algo:                       timestamp    open    high     low     close  ...          long  buy  sell  buy_exit  sell_exit
0     2025-04-22 09:15:00+05:30  821.10  821.10  817.00    818.80  ...    818.800000  NaN   NaN       NaN        NaN
1     2025-04-22 09:16:00+05:30  818.75  818.75  814.60    814.60  ...    818.668750  NaN   NaN       NaN        NaN
2     2025-04-22 09:17:00+05:30  814.60  816.00  814.00    815.35  ...    818.565039  NaN   NaN       NaN        NaN
3     2025-04-22 09:18:00+05:30  815.30  816.00  814.75    815.50  ...    818.469257  NaN   NaN       NaN        NaN
4     2025-04-22 09:19:00+05:30  815.55  815.75  814.50    814.60  ...    818.348342  NaN   NaN       NaN        NaN
..                          ...     ...     ...     ...       ...  ...           ...  ...   ...       ...        ...
918  2025-04-23 10:40:48.318002     NaN     NaN     NaN  81730.00  ...  81728.856128  NaN   NaN       NaN        NaN
919  2025-04-23 10:40:48.318002     NaN     NaN     NaN  81730.00  ...  81728.891874  NaN   NaN       NaN        NaN
920  2025-04-23 10:40:48.318002     NaN     NaN     NaN  81730.00  ...  81728.926503  NaN   NaN       NaN        NaN
921  2025-04-23 10:40:48.992221     NaN     NaN     NaN  81735.00  ...  81729.116300  NaN   NaN       NaN        NaN
922  2025-04-23 10:40:48.992221     NaN     NaN     NaN  81735.00  ...  81729.300165  NaN   NaN       NaN        NaN

[923 rows x 13 columns]
2025-04-23 10:40:49,120 INFO:Final row: {'timestamp': Timestamp('2025-04-23 10:40:48.992221'), 'open': nan, 'high': nan, 'low': nan, 'close': 81735.0, 'volume': nan, 'short': 81732.7777864331, 'middle': 81730.85083356508, 'long': 81729.30016525126, 'buy': nan, 'sell': nan, 'buy_exit': nan, 'sell_exit': nan}
2025-04-23 10:40:49,120 INFO:Buy exit signal received
2025-04-23 10:40:49,120 INFO:Sell exit signal received
2025-04-23 10:40:49,120 INFO:Entering while loop with trade_count: 1
2025-04-23 10:40:49,169 INFO:Combined historical with live algo:                       timestamp    open    high     low     close  ...          long  buy  sell  buy_exit  sell_exit
0     2025-04-22 09:15:00+05:30  821.10  821.10  817.00    818.80  ...    818.800000  NaN   NaN       NaN        NaN
1     2025-04-22 09:16:00+05:30  818.75  818.75  814.60    814.60  ...    818.668750  NaN   NaN       NaN        NaN
2     2025-04-22 09:17:00+05:30  814.60  816.00  814.00    815.35  ...    818.565039  NaN   NaN       NaN        NaN
3     2025-04-22 09:18:00+05:30  815.30  816.00  814.75    815.50  ...    818.469257  NaN   NaN       NaN        NaN
4     2025-04-22 09:19:00+05:30  815.55  815.75  814.50    814.60  ...    818.348342  NaN   NaN       NaN        NaN
..                          ...     ...     ...     ...       ...  ...           ...  ...   ...       ...        ...
919  2025-04-23 10:40:48.318002     NaN     NaN     NaN  81730.00  ...  81728.891874  NaN   NaN       NaN        NaN
920  2025-04-23 10:40:48.318002     NaN     NaN     NaN  81730.00  ...  81728.926503  NaN   NaN       NaN        NaN
921  2025-04-23 10:40:48.992221     NaN     NaN     NaN  81735.00  ...  81729.116300  NaN   NaN       NaN        NaN
922  2025-04-23 10:40:48.992221     NaN     NaN     NaN  81735.00  ...  81729.300165  NaN   NaN       NaN        NaN
923  2025-04-23 10:40:48.992221     NaN     NaN     NaN  81735.00  ...  81729.478285  NaN   NaN       NaN        NaN

[924 rows x 13 columns]
2025-04-23 10:40:49,169 INFO:Final row: {'timestamp': Timestamp('2025-04-23 10:40:48.992221'), 'open': nan, 'high': nan, 'low': nan, 'close': 81735.0, 'volume': nan, 'short': 81733.51852428874, 'middle': 81731.22803051371, 'long': 81729.47828508716, 'buy': nan, 'sell': nan, 'buy_exit': nan, 'sell_exit': nan}
2025-04-23 10:40:49,169 INFO:Buy exit signal received
2025-04-23 10:40:49,169 INFO:Sell exit signal received
2025-04-23 10:40:49,169 INFO:Entering while loop with trade_count: 1
2025-04-23 10:40:49,236 INFO:Combined historical with live algo:                       timestamp    open    high     low     close  ...          long  buy  sell  buy_exit  sell_exit
0     2025-04-22 09:15:00+05:30  821.10  821.10  817.00    818.80  ...    818.800000  NaN   NaN       NaN        NaN
1     2025-04-22 09:16:00+05:30  818.75  818.75  814.60    814.60  ...    818.668750  NaN   NaN       NaN        NaN
2     2025-04-22 09:17:00+05:30  814.60  816.00  814.00    815.35  ...    818.565039  NaN   NaN       NaN        NaN
3     2025-04-22 09:18:00+05:30  815.30  816.00  814.75    815.50  ...    818.469257  NaN   NaN       NaN        NaN
4     2025-04-22 09:19:00+05:30  815.55  815.75  814.50    814.60  ...    818.348342  NaN   NaN       NaN        NaN
..                          ...     ...     ...     ...       ...  ...           ...  ...   ...       ...        ...
920  2025-04-23 10:40:48.318002     NaN     NaN     NaN  81730.00  ...  81728.926503  NaN   NaN       NaN        NaN
921  2025-04-23 10:40:48.992221     NaN     NaN     NaN  81735.00  ...  81729.116300  NaN   NaN       NaN        NaN
922  2025-04-23 10:40:48.992221     NaN     NaN     NaN  81735.00  ...  81729.300165  NaN   NaN       NaN        NaN
923  2025-04-23 10:40:48.992221     NaN     NaN     NaN  81735.00  ...  81729.478285  NaN   NaN       NaN        NaN
924  2025-04-23 10:40:48.992221     NaN     NaN     NaN  81735.00  ...  81729.650839  NaN   NaN       NaN        NaN

[925 rows x 13 columns]
2025-04-23 10:40:49,236 INFO:Final row: {'timestamp': Timestamp('2025-04-23 10:40:48.992221'), 'open': nan, 'high': nan, 'low': nan, 'close': 81735.0, 'volume': nan, 'short': 81734.01234952583, 'middle': 81731.57093683064, 'long': 81729.65083867818, 'buy': nan, 'sell': nan, 'buy_exit': nan, 'sell_exit': nan}
2025-04-23 10:40:49,236 INFO:Buy exit signal received
2025-04-23 10:40:49,236 INFO:Sell exit signal received
2025-04-23 10:40:49,236 INFO:Entering while loop with trade_count: 1
2025-04-23 10:40:49,293 INFO:Combined historical with live algo:                       timestamp    open    high     low     close  ...          long  buy  sell  buy_exit  sell_exit
0     2025-04-22 09:15:00+05:30  821.10  821.10  817.00    818.80  ...    818.800000  NaN   NaN       NaN        NaN
1     2025-04-22 09:16:00+05:30  818.75  818.75  814.60    814.60  ...    818.668750  NaN   NaN       NaN        NaN
2     2025-04-22 09:17:00+05:30  814.60  816.00  814.00    815.35  ...    818.565039  NaN   NaN       NaN        NaN
3     2025-04-22 09:18:00+05:30  815.30  816.00  814.75    815.50  ...    818.469257  NaN   NaN       NaN        NaN
4     2025-04-22 09:19:00+05:30  815.55  815.75  814.50    814.60  ...    818.348342  NaN   NaN       NaN        NaN
..                          ...     ...     ...     ...       ...  ...           ...  ...   ...       ...        ...
921  2025-04-23 10:40:48.992221     NaN     NaN     NaN  81735.00  ...  81729.116300  NaN   NaN       NaN        NaN
922  2025-04-23 10:40:48.992221     NaN     NaN     NaN  81735.00  ...  81729.300165  NaN   NaN       NaN        NaN
923  2025-04-23 10:40:48.992221     NaN     NaN     NaN  81735.00  ...  81729.478285  NaN   NaN       NaN        NaN
924  2025-04-23 10:40:48.992221     NaN     NaN     NaN  81735.00  ...  81729.650839  NaN   NaN       NaN        NaN
925  2025-04-23 10:40:48.992221     NaN     NaN     NaN  81735.00  ...  81729.818000  NaN   NaN       NaN        NaN

[926 rows x 13 columns]
2025-04-23 10:40:49,293 INFO:Final row: {'timestamp': Timestamp('2025-04-23 10:40:48.992221'), 'open': nan, 'high': nan, 'low': nan, 'close': 81735.0, 'volume': nan, 'short': 81734.34156635056, 'middle': 81731.88266984603, 'long': 81729.81799996948, 'buy': nan, 'sell': nan, 'buy_exit': nan, 'sell_exit': nan}
2025-04-23 10:40:49,293 INFO:Buy exit signal received
2025-04-23 10:40:49,293 INFO:Sell exit signal received
2025-04-23 10:40:49,293 INFO:Entering while loop with trade_count: 1
2025-04-23 10:40:49,386 INFO:Combined historical with live algo:                       timestamp    open    high     low     close  ...          long  buy  sell  buy_exit  sell_exit
0     2025-04-22 09:15:00+05:30  821.10  821.10  817.00    818.80  ...    818.800000  NaN   NaN       NaN        NaN
1     2025-04-22 09:16:00+05:30  818.75  818.75  814.60    814.60  ...    818.668750  NaN   NaN       NaN        NaN
2     2025-04-22 09:17:00+05:30  814.60  816.00  814.00    815.35  ...    818.565039  NaN   NaN       NaN        NaN
3     2025-04-22 09:18:00+05:30  815.30  816.00  814.75    815.50  ...    818.469257  NaN   NaN       NaN        NaN
4     2025-04-22 09:19:00+05:30  815.55  815.75  814.50    814.60  ...    818.348342  NaN   NaN       NaN        NaN
..                          ...     ...     ...     ...       ...  ...           ...  ...   ...       ...        ...
922  2025-04-23 10:40:48.992221     NaN     NaN     NaN  81735.00  ...  81729.300165  NaN   NaN       NaN        NaN
923  2025-04-23 10:40:48.992221     NaN     NaN     NaN  81735.00  ...  81729.478285  NaN   NaN       NaN        NaN
924  2025-04-23 10:40:48.992221     NaN     NaN     NaN  81735.00  ...  81729.650839  NaN   NaN       NaN        NaN
925  2025-04-23 10:40:48.992221     NaN     NaN     NaN  81735.00  ...  81729.818000  NaN   NaN       NaN        NaN
926  2025-04-23 10:40:48.992221     NaN     NaN     NaN  81735.00  ...  81729.979937  NaN   NaN       NaN        NaN

[927 rows x 13 columns]
2025-04-23 10:40:49,386 INFO:Final row: {'timestamp': Timestamp('2025-04-23 10:40:48.992221'), 'open': nan, 'high': nan, 'low': nan, 'close': 81735.0, 'volume': nan, 'short': 81734.5610442337, 'middle': 81732.16606349639, 'long': 81729.97993747043, 'buy': nan, 'sell': nan, 'buy_exit': nan, 'sell_exit': nan}
2025-04-23 10:40:49,386 INFO:Buy exit signal received
2025-04-23 10:40:49,386 INFO:Sell exit signal received
2025-04-23 10:40:49,386 INFO:Entering while loop with trade_count: 1
2025-04-23 10:40:49,468 INFO:Combined historical with live algo:                       timestamp    open    high     low     close  ...          long  buy  sell  buy_exit  sell_exit
0     2025-04-22 09:15:00+05:30  821.10  821.10  817.00    818.80  ...    818.800000  NaN   NaN       NaN        NaN
1     2025-04-22 09:16:00+05:30  818.75  818.75  814.60    814.60  ...    818.668750  NaN   NaN       NaN        NaN
2     2025-04-22 09:17:00+05:30  814.60  816.00  814.00    815.35  ...    818.565039  NaN   NaN       NaN        NaN
3     2025-04-22 09:18:00+05:30  815.30  816.00  814.75    815.50  ...    818.469257  NaN   NaN       NaN        NaN
4     2025-04-22 09:19:00+05:30  815.55  815.75  814.50    814.60  ...    818.348342  NaN   NaN       NaN        NaN
..                          ...     ...     ...     ...       ...  ...           ...  ...   ...       ...        ...
923  2025-04-23 10:40:48.992221     NaN     NaN     NaN  81735.00  ...  81729.478285  NaN   NaN       NaN        NaN
924  2025-04-23 10:40:48.992221     NaN     NaN     NaN  81735.00  ...  81729.650839  NaN   NaN       NaN        NaN
925  2025-04-23 10:40:48.992221     NaN     NaN     NaN  81735.00  ...  81729.818000  NaN   NaN       NaN        NaN
926  2025-04-23 10:40:48.992221     NaN     NaN     NaN  81735.00  ...  81729.979937  NaN   NaN       NaN        NaN
927  2025-04-23 10:40:48.992221     NaN     NaN     NaN  81735.00  ...  81730.136814  NaN   NaN       NaN        NaN

[928 rows x 13 columns]
2025-04-23 10:40:49,468 INFO:Final row: {'timestamp': Timestamp('2025-04-23 10:40:48.992221'), 'open': nan, 'high': nan, 'low': nan, 'close': 81735.0, 'volume': nan, 'short': 81734.70736282248, 'middle': 81732.42369408763, 'long': 81730.13681442448, 'buy': nan, 'sell': nan, 'buy_exit': nan, 'sell_exit': nan}
2025-04-23 10:40:49,468 INFO:Buy exit signal received
2025-04-23 10:40:49,468 INFO:Sell exit signal received
2025-04-23 10:40:49,468 INFO:Entering while loop with trade_count: 1
2025-04-23 10:40:49,535 INFO:Combined historical with live algo:                       timestamp    open    high     low     close  ...          long  buy  sell  buy_exit  sell_exit
0     2025-04-22 09:15:00+05:30  821.10  821.10  817.00    818.80  ...    818.800000  NaN   NaN       NaN        NaN
1     2025-04-22 09:16:00+05:30  818.75  818.75  814.60    814.60  ...    818.668750  NaN   NaN       NaN        NaN
2     2025-04-22 09:17:00+05:30  814.60  816.00  814.00    815.35  ...    818.565039  NaN   NaN       NaN        NaN
3     2025-04-22 09:18:00+05:30  815.30  816.00  814.75    815.50  ...    818.469257  NaN   NaN       NaN        NaN
4     2025-04-22 09:19:00+05:30  815.55  815.75  814.50    814.60  ...    818.348342  NaN   NaN       NaN        NaN
..                          ...     ...     ...     ...       ...  ...           ...  ...   ...       ...        ...
924  2025-04-23 10:40:48.992221     NaN     NaN     NaN  81735.00  ...  81729.650839  NaN   NaN       NaN        NaN
925  2025-04-23 10:40:48.992221     NaN     NaN     NaN  81735.00  ...  81729.818000  NaN   NaN       NaN        NaN
926  2025-04-23 10:40:48.992221     NaN     NaN     NaN  81735.00  ...  81729.979937  NaN   NaN       NaN        NaN
927  2025-04-23 10:40:48.992221     NaN     NaN     NaN  81735.00  ...  81730.136814  NaN   NaN       NaN        NaN
928  2025-04-23 10:40:48.992221     NaN     NaN     NaN  81735.00  ...  81730.288789  NaN   NaN       NaN        NaN

[929 rows x 13 columns]
2025-04-23 10:40:49,535 INFO:Final row: {'timestamp': Timestamp('2025-04-23 10:40:48.992221'), 'open': nan, 'high': nan, 'low': nan, 'close': 81735.0, 'volume': nan, 'short': 81734.80490854832, 'middle': 81732.65790371603, 'long': 81730.28878897372, 'buy': nan, 'sell': nan, 'buy_exit': nan, 'sell_exit': nan}
2025-04-23 10:40:49,535 INFO:Buy exit signal received
2025-04-23 10:40:49,535 INFO:Sell exit signal received
2025-04-23 10:40:49,535 INFO:Entering while loop with trade_count: 1
2025-04-23 10:40:49,585 INFO:Combined historical with live algo:                       timestamp    open    high     low     close  ...          long  buy  sell  buy_exit  sell_exit
0     2025-04-22 09:15:00+05:30  821.10  821.10  817.00    818.80  ...    818.800000  NaN   NaN       NaN        NaN
1     2025-04-22 09:16:00+05:30  818.75  818.75  814.60    814.60  ...    818.668750  NaN   NaN       NaN        NaN
2     2025-04-22 09:17:00+05:30  814.60  816.00  814.00    815.35  ...    818.565039  NaN   NaN       NaN        NaN
3     2025-04-22 09:18:00+05:30  815.30  816.00  814.75    815.50  ...    818.469257  NaN   NaN       NaN        NaN
4     2025-04-22 09:19:00+05:30  815.55  815.75  814.50    814.60  ...    818.348342  NaN   NaN       NaN        NaN
..                          ...     ...     ...     ...       ...  ...           ...  ...   ...       ...        ...
925  2025-04-23 10:40:48.992221     NaN     NaN     NaN  81735.00  ...  81729.818000  NaN   NaN       NaN        NaN
926  2025-04-23 10:40:48.992221     NaN     NaN     NaN  81735.00  ...  81729.979937  NaN   NaN       NaN        NaN
927  2025-04-23 10:40:48.992221     NaN     NaN     NaN  81735.00  ...  81730.136814  NaN   NaN       NaN        NaN
928  2025-04-23 10:40:48.992221     NaN     NaN     NaN  81735.00  ...  81730.288789  NaN   NaN       NaN        NaN
929  2025-04-23 10:40:49.505650     NaN     NaN     NaN  81735.00  ...  81730.436014  NaN   NaN       NaN        NaN

[930 rows x 13 columns]
2025-04-23 10:40:49,585 INFO:Final row: {'timestamp': Timestamp('2025-04-23 10:40:49.505650'), 'open': nan, 'high': nan, 'low': nan, 'close': 81735.0, 'volume': nan, 'short': 81734.86993903221, 'middle': 81732.87082156002, 'long': 81730.43601431829, 'buy': nan, 'sell': nan, 'buy_exit': nan, 'sell_exit': nan}
2025-04-23 10:40:49,585 INFO:Buy exit signal received
2025-04-23 10:40:49,585 INFO:Sell exit signal received
2025-04-23 10:40:49,585 INFO:Entering while loop with trade_count: 1
2025-04-23 10:40:49,674 INFO:Combined historical with live algo:                       timestamp    open    high     low     close  ...          long  buy  sell  buy_exit  sell_exit
0     2025-04-22 09:15:00+05:30  821.10  821.10  817.00    818.80  ...    818.800000  NaN   NaN       NaN        NaN
1     2025-04-22 09:16:00+05:30  818.75  818.75  814.60    814.60  ...    818.668750  NaN   NaN       NaN        NaN
2     2025-04-22 09:17:00+05:30  814.60  816.00  814.00    815.35  ...    818.565039  NaN   NaN       NaN        NaN
3     2025-04-22 09:18:00+05:30  815.30  816.00  814.75    815.50  ...    818.469257  NaN   NaN       NaN        NaN
4     2025-04-22 09:19:00+05:30  815.55  815.75  814.50    814.60  ...    818.348342  NaN   NaN       NaN        NaN
..                          ...     ...     ...     ...       ...  ...           ...  ...   ...       ...        ...
926  2025-04-23 10:40:48.992221     NaN     NaN     NaN  81735.00  ...  81729.979937  NaN   NaN       NaN        NaN
927  2025-04-23 10:40:48.992221     NaN     NaN     NaN  81735.00  ...  81730.136814  NaN   NaN       NaN        NaN
928  2025-04-23 10:40:48.992221     NaN     NaN     NaN  81735.00  ...  81730.288789  NaN   NaN       NaN        NaN
929  2025-04-23 10:40:49.505650     NaN     NaN     NaN  81735.00  ...  81730.436014  NaN   NaN       NaN        NaN
930  2025-04-23 10:40:49.505650     NaN     NaN     NaN  81735.00  ...  81730.578639  NaN   NaN       NaN        NaN

[931 rows x 13 columns]
2025-04-23 10:40:49,675 INFO:Final row: {'timestamp': Timestamp('2025-04-23 10:40:49.505650'), 'open': nan, 'high': nan, 'low': nan, 'close': 81735.0, 'volume': nan, 'short': 81734.91329268814, 'middle': 81733.06438323637, 'long': 81730.57863887084, 'buy': nan, 'sell': nan, 'buy_exit': nan, 'sell_exit': nan}
2025-04-23 10:40:49,675 INFO:Buy exit signal received
2025-04-23 10:40:49,675 INFO:Sell exit signal received
2025-04-23 10:40:49,675 INFO:Entering while loop with trade_count: 1
2025-04-23 10:40:49,756 INFO:Combined historical with live algo:                       timestamp    open    high     low     close  ...          long  buy  sell  buy_exit  sell_exit
0     2025-04-22 09:15:00+05:30  821.10  821.10  817.00    818.80  ...    818.800000  NaN   NaN       NaN        NaN
1     2025-04-22 09:16:00+05:30  818.75  818.75  814.60    814.60  ...    818.668750  NaN   NaN       NaN        NaN
2     2025-04-22 09:17:00+05:30  814.60  816.00  814.00    815.35  ...    818.565039  NaN   NaN       NaN        NaN
3     2025-04-22 09:18:00+05:30  815.30  816.00  814.75    815.50  ...    818.469257  NaN   NaN       NaN        NaN
4     2025-04-22 09:19:00+05:30  815.55  815.75  814.50    814.60  ...    818.348342  NaN   NaN       NaN        NaN
..                          ...     ...     ...     ...       ...  ...           ...  ...   ...       ...        ...
927  2025-04-23 10:40:48.992221     NaN     NaN     NaN  81735.00  ...  81730.136814  NaN   NaN       NaN        NaN
928  2025-04-23 10:40:48.992221     NaN     NaN     NaN  81735.00  ...  81730.288789  NaN   NaN       NaN        NaN
929  2025-04-23 10:40:49.505650     NaN     NaN     NaN  81735.00  ...  81730.436014  NaN   NaN       NaN        NaN
930  2025-04-23 10:40:49.505650     NaN     NaN     NaN  81735.00  ...  81730.578639  NaN   NaN       NaN        NaN
931  2025-04-23 10:40:49.505650     NaN     NaN     NaN  81735.00  ...  81730.716806  NaN   NaN       NaN        NaN

[932 rows x 13 columns]
2025-04-23 10:40:49,756 INFO:Final row: {'timestamp': Timestamp('2025-04-23 10:40:49.505650'), 'open': nan, 'high': nan, 'low': nan, 'close': 81735.0, 'volume': nan, 'short': 81734.94219512543, 'middle': 81733.24034839669, 'long': 81730.71680640613, 'buy': nan, 'sell': nan, 'buy_exit': nan, 'sell_exit': nan}
2025-04-23 10:40:49,756 INFO:Buy exit signal received
2025-04-23 10:40:49,756 INFO:Sell exit signal received
2025-04-23 10:40:49,756 INFO:Entering while loop with trade_count: 1
2025-04-23 10:40:49,818 INFO:Combined historical with live algo:                       timestamp    open    high     low     close  ...          long  buy  sell  buy_exit  sell_exit
0     2025-04-22 09:15:00+05:30  821.10  821.10  817.00    818.80  ...    818.800000  NaN   NaN       NaN        NaN
1     2025-04-22 09:16:00+05:30  818.75  818.75  814.60    814.60  ...    818.668750  NaN   NaN       NaN        NaN
2     2025-04-22 09:17:00+05:30  814.60  816.00  814.00    815.35  ...    818.565039  NaN   NaN       NaN        NaN
3     2025-04-22 09:18:00+05:30  815.30  816.00  814.75    815.50  ...    818.469257  NaN   NaN       NaN        NaN
4     2025-04-22 09:19:00+05:30  815.55  815.75  814.50    814.60  ...    818.348342  NaN   NaN       NaN        NaN
..                          ...     ...     ...     ...       ...  ...           ...  ...   ...       ...        ...
928  2025-04-23 10:40:48.992221     NaN     NaN     NaN  81735.00  ...  81730.288789  NaN   NaN       NaN        NaN
929  2025-04-23 10:40:49.505650     NaN     NaN     NaN  81735.00  ...  81730.436014  NaN   NaN       NaN        NaN
930  2025-04-23 10:40:49.505650     NaN     NaN     NaN  81735.00  ...  81730.578639  NaN   NaN       NaN        NaN
931  2025-04-23 10:40:49.505650     NaN     NaN     NaN  81735.00  ...  81730.716806  NaN   NaN       NaN        NaN
932  2025-04-23 10:40:49.505650     NaN     NaN     NaN  81735.00  ...  81730.850656  NaN   NaN       NaN        NaN

[933 rows x 13 columns]
2025-04-23 10:40:49,834 INFO:Final row: {'timestamp': Timestamp('2025-04-23 10:40:49.505650'), 'open': nan, 'high': nan, 'low': nan, 'close': 81735.0, 'volume': nan, 'short': 81734.96146341696, 'middle': 81733.40031672426, 'long': 81730.85065620593, 'buy': nan, 'sell': nan, 'buy_exit': nan, 'sell_exit': nan}
2025-04-23 10:40:49,834 INFO:Buy exit signal received
2025-04-23 10:40:49,834 INFO:Sell exit signal received
2025-04-23 10:40:49,834 INFO:Entering while loop with trade_count: 1
2025-04-23 10:40:49,919 INFO:Combined historical with live algo:                       timestamp    open    high     low     close  ...          long  buy  sell  buy_exit  sell_exit
0     2025-04-22 09:15:00+05:30  821.10  821.10  817.00    818.80  ...    818.800000  NaN   NaN       NaN        NaN
1     2025-04-22 09:16:00+05:30  818.75  818.75  814.60    814.60  ...    818.668750  NaN   NaN       NaN        NaN
2     2025-04-22 09:17:00+05:30  814.60  816.00  814.00    815.35  ...    818.565039  NaN   NaN       NaN        NaN
3     2025-04-22 09:18:00+05:30  815.30  816.00  814.75    815.50  ...    818.469257  NaN   NaN       NaN        NaN
4     2025-04-22 09:19:00+05:30  815.55  815.75  814.50    814.60  ...    818.348342  NaN   NaN       NaN        NaN
..                          ...     ...     ...     ...       ...  ...           ...  ...   ...       ...        ...
929  2025-04-23 10:40:49.505650     NaN     NaN     NaN  81735.00  ...  81730.436014  NaN   NaN       NaN        NaN
930  2025-04-23 10:40:49.505650     NaN     NaN     NaN  81735.00  ...  81730.578639  NaN   NaN       NaN        NaN
931  2025-04-23 10:40:49.505650     NaN     NaN     NaN  81735.00  ...  81730.716806  NaN   NaN       NaN        NaN
932  2025-04-23 10:40:49.505650     NaN     NaN     NaN  81735.00  ...  81730.850656  NaN   NaN       NaN        NaN
933  2025-04-23 10:40:49.505650     NaN     NaN     NaN  81735.00  ...  81730.980323  NaN   NaN       NaN        NaN

[934 rows x 13 columns]
2025-04-23 10:40:49,919 INFO:Final row: {'timestamp': Timestamp('2025-04-23 10:40:49.505650'), 'open': nan, 'high': nan, 'low': nan, 'close': 81735.0, 'volume': nan, 'short': 81734.97430894464, 'middle': 81733.54574247659, 'long': 81730.9803231995, 'buy': nan, 'sell': nan, 'buy_exit': nan, 'sell_exit': nan}
2025-04-23 10:40:49,919 INFO:Buy exit signal received
2025-04-23 10:40:49,919 INFO:Sell exit signal received
2025-04-23 10:40:49,919 INFO:Entering while loop with trade_count: 1
2025-04-23 10:40:49,981 INFO:Combined historical with live algo:                       timestamp    open    high     low     close  ...          long  buy  sell  buy_exit  sell_exit
0     2025-04-22 09:15:00+05:30  821.10  821.10  817.00    818.80  ...    818.800000  NaN   NaN       NaN        NaN
1     2025-04-22 09:16:00+05:30  818.75  818.75  814.60    814.60  ...    818.668750  NaN   NaN       NaN        NaN
2     2025-04-22 09:17:00+05:30  814.60  816.00  814.00    815.35  ...    818.565039  NaN   NaN       NaN        NaN
3     2025-04-22 09:18:00+05:30  815.30  816.00  814.75    815.50  ...    818.469257  NaN   NaN       NaN        NaN
4     2025-04-22 09:19:00+05:30  815.55  815.75  814.50    814.60  ...    818.348342  NaN   NaN       NaN        NaN
..                          ...     ...     ...     ...       ...  ...           ...  ...   ...       ...        ...
930  2025-04-23 10:40:49.505650     NaN     NaN     NaN  81735.00  ...  81730.578639  NaN   NaN       NaN        NaN
931  2025-04-23 10:40:49.505650     NaN     NaN     NaN  81735.00  ...  81730.716806  NaN   NaN       NaN        NaN
932  2025-04-23 10:40:49.505650     NaN     NaN     NaN  81735.00  ...  81730.850656  NaN   NaN       NaN        NaN
933  2025-04-23 10:40:49.505650     NaN     NaN     NaN  81735.00  ...  81730.980323  NaN   NaN       NaN        NaN
934  2025-04-23 10:40:49.919125     NaN     NaN     NaN  81735.00  ...  81731.105938  NaN   NaN       NaN        NaN

[935 rows x 13 columns]
2025-04-23 10:40:49,981 INFO:Final row: {'timestamp': Timestamp('2025-04-23 10:40:49.919125'), 'open': nan, 'high': nan, 'low': nan, 'close': 81735.0, 'volume': nan, 'short': 81734.98287262977, 'middle': 81733.67794770599, 'long': 81731.10593809951, 'buy': nan, 'sell': nan, 'buy_exit': nan, 'sell_exit': nan}
2025-04-23 10:40:49,981 INFO:Buy exit signal received
2025-04-23 10:40:49,981 INFO:Sell exit signal received
2025-04-23 10:40:49,981 INFO:Entering while loop with trade_count: 1
2025-04-23 10:40:50,035 INFO:Combined historical with live algo:                       timestamp    open    high     low     close  ...          long  buy  sell  buy_exit  sell_exit
0     2025-04-22 09:15:00+05:30  821.10  821.10  817.00    818.80  ...    818.800000  NaN   NaN       NaN        NaN
1     2025-04-22 09:16:00+05:30  818.75  818.75  814.60    814.60  ...    818.668750  NaN   NaN       NaN        NaN
2     2025-04-22 09:17:00+05:30  814.60  816.00  814.00    815.35  ...    818.565039  NaN   NaN       NaN        NaN
3     2025-04-22 09:18:00+05:30  815.30  816.00  814.75    815.50  ...    818.469257  NaN   NaN       NaN        NaN
4     2025-04-22 09:19:00+05:30  815.55  815.75  814.50    814.60  ...    818.348342  NaN   NaN       NaN        NaN
..                          ...     ...     ...     ...       ...  ...           ...  ...   ...       ...        ...
931  2025-04-23 10:40:49.505650     NaN     NaN     NaN  81735.00  ...  81730.716806  NaN   NaN       NaN        NaN
932  2025-04-23 10:40:49.505650     NaN     NaN     NaN  81735.00  ...  81730.850656  NaN   NaN       NaN        NaN
933  2025-04-23 10:40:49.505650     NaN     NaN     NaN  81735.00  ...  81730.980323  NaN   NaN       NaN        NaN
934  2025-04-23 10:40:49.919125     NaN     NaN     NaN  81735.00  ...  81731.105938  NaN   NaN       NaN        NaN
935  2025-04-23 10:40:49.919125     NaN     NaN     NaN  81735.00  ...  81731.227628  NaN   NaN       NaN        NaN

[936 rows x 13 columns]
2025-04-23 10:40:50,035 INFO:Final row: {'timestamp': Timestamp('2025-04-23 10:40:49.919125'), 'open': nan, 'high': nan, 'low': nan, 'close': 81735.0, 'volume': nan, 'short': 81734.98858175319, 'middle': 81733.79813427817, 'long': 81731.22762753391, 'buy': nan, 'sell': nan, 'buy_exit': nan, 'sell_exit': nan}
2025-04-23 10:40:50,035 INFO:Buy exit signal received
2025-04-23 10:40:50,035 INFO:Sell exit signal received
2025-04-23 10:40:50,035 INFO:Entering while loop with trade_count: 1
2025-04-23 10:40:50,111 INFO:Combined historical with live algo:                       timestamp    open    high     low     close  ...          long  buy  sell  buy_exit  sell_exit
0     2025-04-22 09:15:00+05:30  821.10  821.10  817.00    818.80  ...    818.800000  NaN   NaN       NaN        NaN
1     2025-04-22 09:16:00+05:30  818.75  818.75  814.60    814.60  ...    818.668750  NaN   NaN       NaN        NaN
2     2025-04-22 09:17:00+05:30  814.60  816.00  814.00    815.35  ...    818.565039  NaN   NaN       NaN        NaN
3     2025-04-22 09:18:00+05:30  815.30  816.00  814.75    815.50  ...    818.469257  NaN   NaN       NaN        NaN
4     2025-04-22 09:19:00+05:30  815.55  815.75  814.50    814.60  ...    818.348342  NaN   NaN       NaN        NaN
..                          ...     ...     ...     ...       ...  ...           ...  ...   ...       ...        ...
932  2025-04-23 10:40:49.505650     NaN     NaN     NaN  81735.00  ...  81730.850656  NaN   NaN       NaN        NaN
933  2025-04-23 10:40:49.505650     NaN     NaN     NaN  81735.00  ...  81730.980323  NaN   NaN       NaN        NaN
934  2025-04-23 10:40:49.919125     NaN     NaN     NaN  81735.00  ...  81731.105938  NaN   NaN       NaN        NaN
935  2025-04-23 10:40:49.919125     NaN     NaN     NaN  81735.00  ...  81731.227628  NaN   NaN       NaN        NaN
936  2025-04-23 10:40:49.919125     NaN     NaN     NaN  81735.00  ...  81731.345514  NaN   NaN       NaN        NaN

[937 rows x 13 columns]
2025-04-23 10:40:50,114 INFO:Final row: {'timestamp': Timestamp('2025-04-23 10:40:49.919125'), 'open': nan, 'high': nan, 'low': nan, 'close': 81735.0, 'volume': nan, 'short': 81734.99238783546, 'middle': 81733.90739479833, 'long': 81731.34551417347, 'buy': nan, 'sell': nan, 'buy_exit': nan, 'sell_exit': nan}
2025-04-23 10:40:50,114 INFO:Buy exit signal received
2025-04-23 10:40:50,114 INFO:Sell exit signal received
2025-04-23 10:40:50,114 INFO:Entering while loop with trade_count: 1
2025-04-23 10:40:50,184 INFO:Combined historical with live algo:                       timestamp    open    high     low     close  ...          long  buy  sell  buy_exit  sell_exit
0     2025-04-22 09:15:00+05:30  821.10  821.10  817.00    818.80  ...    818.800000  NaN   NaN       NaN        NaN
1     2025-04-22 09:16:00+05:30  818.75  818.75  814.60    814.60  ...    818.668750  NaN   NaN       NaN        NaN
2     2025-04-22 09:17:00+05:30  814.60  816.00  814.00    815.35  ...    818.565039  NaN   NaN       NaN        NaN
3     2025-04-22 09:18:00+05:30  815.30  816.00  814.75    815.50  ...    818.469257  NaN   NaN       NaN        NaN
4     2025-04-22 09:19:00+05:30  815.55  815.75  814.50    814.60  ...    818.348342  NaN   NaN       NaN        NaN
..                          ...     ...     ...     ...       ...  ...           ...  ...   ...       ...        ...
933  2025-04-23 10:40:49.505650     NaN     NaN     NaN  81735.00  ...  81730.980323  NaN   NaN       NaN        NaN
934  2025-04-23 10:40:49.919125     NaN     NaN     NaN  81735.00  ...  81731.105938  NaN   NaN       NaN        NaN
935  2025-04-23 10:40:49.919125     NaN     NaN     NaN  81735.00  ...  81731.227628  NaN   NaN       NaN        NaN
936  2025-04-23 10:40:49.919125     NaN     NaN     NaN  81735.00  ...  81731.345514  NaN   NaN       NaN        NaN
937  2025-04-23 10:40:49.919125     NaN     NaN     NaN  81735.00  ...  81731.459717  NaN   NaN       NaN        NaN

[938 rows x 13 columns]
2025-04-23 10:40:50,184 INFO:Final row: {'timestamp': Timestamp('2025-04-23 10:40:49.919125'), 'open': nan, 'high': nan, 'low': nan, 'close': 81735.0, 'volume': nan, 'short': 81734.99492522364, 'middle': 81734.00672254393, 'long': 81731.45971685555, 'buy': nan, 'sell': nan, 'buy_exit': nan, 'sell_exit': nan}
2025-04-23 10:40:50,184 INFO:Buy exit signal received
2025-04-23 10:40:50,184 INFO:Sell exit signal received
2025-04-23 10:40:50,184 INFO:Entering while loop with trade_count: 1
2025-04-23 10:40:50,237 INFO:Combined historical with live algo:                       timestamp    open    high     low     close  ...          long  buy  sell  buy_exit  sell_exit
0     2025-04-22 09:15:00+05:30  821.10  821.10  817.00    818.80  ...    818.800000  NaN   NaN       NaN        NaN
1     2025-04-22 09:16:00+05:30  818.75  818.75  814.60    814.60  ...    818.668750  NaN   NaN       NaN        NaN
2     2025-04-22 09:17:00+05:30  814.60  816.00  814.00    815.35  ...    818.565039  NaN   NaN       NaN        NaN
3     2025-04-22 09:18:00+05:30  815.30  816.00  814.75    815.50  ...    818.469257  NaN   NaN       NaN        NaN
4     2025-04-22 09:19:00+05:30  815.55  815.75  814.50    814.60  ...    818.348342  NaN   NaN       NaN        NaN
..                          ...     ...     ...     ...       ...  ...           ...  ...   ...       ...        ...
934  2025-04-23 10:40:49.919125     NaN     NaN     NaN  81735.00  ...  81731.105938  NaN   NaN       NaN        NaN
935  2025-04-23 10:40:49.919125     NaN     NaN     NaN  81735.00  ...  81731.227628  NaN   NaN       NaN        NaN
936  2025-04-23 10:40:49.919125     NaN     NaN     NaN  81735.00  ...  81731.345514  NaN   NaN       NaN        NaN
937  2025-04-23 10:40:49.919125     NaN     NaN     NaN  81735.00  ...  81731.459717  NaN   NaN       NaN        NaN
938  2025-04-23 10:40:49.919125     NaN     NaN     NaN  81735.00  ...  81731.570351  NaN   NaN       NaN        NaN

[939 rows x 13 columns]
2025-04-23 10:40:50,237 INFO:Final row: {'timestamp': Timestamp('2025-04-23 10:40:49.919125'), 'open': nan, 'high': nan, 'low': nan, 'close': 81735.0, 'volume': nan, 'short': 81734.99661681577, 'middle': 81734.09702049448, 'long': 81731.57035070381, 'buy': nan, 'sell': nan, 'buy_exit': nan, 'sell_exit': nan}
2025-04-23 10:40:50,237 INFO:Buy exit signal received
2025-04-23 10:40:50,237 INFO:Sell exit signal received
2025-04-23 10:40:50,237 INFO:Entering while loop with trade_count: 1
2025-04-23 10:40:50,300 INFO:Combined historical with live algo:                       timestamp    open    high     low     close  ...          long  buy  sell  buy_exit  sell_exit
0     2025-04-22 09:15:00+05:30  821.10  821.10  817.00    818.80  ...    818.800000  NaN   NaN       NaN        NaN
1     2025-04-22 09:16:00+05:30  818.75  818.75  814.60    814.60  ...    818.668750  NaN   NaN       NaN        NaN
2     2025-04-22 09:17:00+05:30  814.60  816.00  814.00    815.35  ...    818.565039  NaN   NaN       NaN        NaN
3     2025-04-22 09:18:00+05:30  815.30  816.00  814.75    815.50  ...    818.469257  NaN   NaN       NaN        NaN
4     2025-04-22 09:19:00+05:30  815.55  815.75  814.50    814.60  ...    818.348342  NaN   NaN       NaN        NaN
..                          ...     ...     ...     ...       ...  ...           ...  ...   ...       ...        ...
935  2025-04-23 10:40:49.919125     NaN     NaN     NaN  81735.00  ...  81731.227628  NaN   NaN       NaN        NaN
936  2025-04-23 10:40:49.919125     NaN     NaN     NaN  81735.00  ...  81731.345514  NaN   NaN       NaN        NaN
937  2025-04-23 10:40:49.919125     NaN     NaN     NaN  81735.00  ...  81731.459717  NaN   NaN       NaN        NaN
938  2025-04-23 10:40:49.919125     NaN     NaN     NaN  81735.00  ...  81731.570351  NaN   NaN       NaN        NaN
939  2025-04-23 10:40:49.919125     NaN     NaN     NaN  81735.00  ...  81731.677527  NaN   NaN       NaN        NaN

[940 rows x 13 columns]
2025-04-23 10:40:50,300 INFO:Final row: {'timestamp': Timestamp('2025-04-23 10:40:49.919125'), 'open': nan, 'high': nan, 'low': nan, 'close': 81735.0, 'volume': nan, 'short': 81734.99774454386, 'middle': 81734.17910954043, 'long': 81731.67752724432, 'buy': nan, 'sell': nan, 'buy_exit': nan, 'sell_exit': nan}
2025-04-23 10:40:50,300 INFO:Buy exit signal received
2025-04-23 10:40:50,300 INFO:Sell exit signal received
2025-04-23 10:40:50,300 INFO:Entering while loop with trade_count: 1
2025-04-23 10:40:50,350 INFO:Combined historical with live algo:                       timestamp    open    high     low     close  ...          long  buy  sell  buy_exit  sell_exit
0     2025-04-22 09:15:00+05:30  821.10  821.10  817.00    818.80  ...    818.800000  NaN   NaN       NaN        NaN
1     2025-04-22 09:16:00+05:30  818.75  818.75  814.60    814.60  ...    818.668750  NaN   NaN       NaN        NaN
2     2025-04-22 09:17:00+05:30  814.60  816.00  814.00    815.35  ...    818.565039  NaN   NaN       NaN        NaN
3     2025-04-22 09:18:00+05:30  815.30  816.00  814.75    815.50  ...    818.469257  NaN   NaN       NaN        NaN
4     2025-04-22 09:19:00+05:30  815.55  815.75  814.50    814.60  ...    818.348342  NaN   NaN       NaN        NaN
..                          ...     ...     ...     ...       ...  ...           ...  ...   ...       ...        ...
936  2025-04-23 10:40:49.919125     NaN     NaN     NaN  81735.00  ...  81731.345514  NaN   NaN       NaN        NaN
937  2025-04-23 10:40:49.919125     NaN     NaN     NaN  81735.00  ...  81731.459717  NaN   NaN       NaN        NaN
938  2025-04-23 10:40:49.919125     NaN     NaN     NaN  81735.00  ...  81731.570351  NaN   NaN       NaN        NaN
939  2025-04-23 10:40:49.919125     NaN     NaN     NaN  81735.00  ...  81731.677527  NaN   NaN       NaN        NaN
940  2025-04-23 10:40:49.919125     NaN     NaN     NaN  81735.00  ...  81731.781355  NaN   NaN       NaN        NaN

[941 rows x 13 columns]
2025-04-23 10:40:50,350 INFO:Final row: {'timestamp': Timestamp('2025-04-23 10:40:49.919125'), 'open': nan, 'high': nan, 'low': nan, 'close': 81735.0, 'volume': nan, 'short': 81734.99849636258, 'middle': 81734.25373594585, 'long': 81731.78135451794, 'buy': nan, 'sell': nan, 'buy_exit': nan, 'sell_exit': nan}
2025-04-23 10:40:50,350 INFO:Buy exit signal received
2025-04-23 10:40:50,350 INFO:Sell exit signal received
2025-04-23 10:40:50,350 INFO:Entering while loop with trade_count: 1
2025-04-23 10:40:50,419 INFO:Combined historical with live algo:                       timestamp    open    high     low     close  ...          long  buy  sell  buy_exit  sell_exit
0     2025-04-22 09:15:00+05:30  821.10  821.10  817.00    818.80  ...    818.800000  NaN   NaN       NaN        NaN
1     2025-04-22 09:16:00+05:30  818.75  818.75  814.60    814.60  ...    818.668750  NaN   NaN       NaN        NaN
2     2025-04-22 09:17:00+05:30  814.60  816.00  814.00    815.35  ...    818.565039  NaN   NaN       NaN        NaN
3     2025-04-22 09:18:00+05:30  815.30  816.00  814.75    815.50  ...    818.469257  NaN   NaN       NaN        NaN
4     2025-04-22 09:19:00+05:30  815.55  815.75  814.50    814.60  ...    818.348342  NaN   NaN       NaN        NaN
..                          ...     ...     ...     ...       ...  ...           ...  ...   ...       ...        ...
937  2025-04-23 10:40:49.919125     NaN     NaN     NaN  81735.00  ...  81731.459717  NaN   NaN       NaN        NaN
938  2025-04-23 10:40:49.919125     NaN     NaN     NaN  81735.00  ...  81731.570351  NaN   NaN       NaN        NaN
939  2025-04-23 10:40:49.919125     NaN     NaN     NaN  81735.00  ...  81731.677527  NaN   NaN       NaN        NaN
940  2025-04-23 10:40:49.919125     NaN     NaN     NaN  81735.00  ...  81731.781355  NaN   NaN       NaN        NaN
941  2025-04-23 10:40:49.919125     NaN     NaN     NaN  81735.00  ...  81731.881937  NaN   NaN       NaN        NaN

[942 rows x 13 columns]
2025-04-23 10:40:50,419 INFO:Final row: {'timestamp': Timestamp('2025-04-23 10:40:49.919125'), 'open': nan, 'high': nan, 'low': nan, 'close': 81735.0, 'volume': nan, 'short': 81734.99899757505, 'middle': 81734.32157813259, 'long': 81731.88193718925, 'buy': nan, 'sell': nan, 'buy_exit': nan, 'sell_exit': nan}
2025-04-23 10:40:50,419 INFO:Buy exit signal received
2025-04-23 10:40:50,419 INFO:Sell exit signal received
2025-04-23 10:40:50,419 INFO:Entering while loop with trade_count: 1
2025-04-23 10:40:50,485 INFO:Combined historical with live algo:                       timestamp    open    high     low     close  ...          long  buy  sell  buy_exit  sell_exit
0     2025-04-22 09:15:00+05:30  821.10  821.10  817.00    818.80  ...    818.800000  NaN   NaN       NaN        NaN
1     2025-04-22 09:16:00+05:30  818.75  818.75  814.60    814.60  ...    818.668750  NaN   NaN       NaN        NaN
2     2025-04-22 09:17:00+05:30  814.60  816.00  814.00    815.35  ...    818.565039  NaN   NaN       NaN        NaN
3     2025-04-22 09:18:00+05:30  815.30  816.00  814.75    815.50  ...    818.469257  NaN   NaN       NaN        NaN
4     2025-04-22 09:19:00+05:30  815.55  815.75  814.50    814.60  ...    818.348342  NaN   NaN       NaN        NaN
..                          ...     ...     ...     ...       ...  ...           ...  ...   ...       ...        ...
938  2025-04-23 10:40:49.919125     NaN     NaN     NaN  81735.00  ...  81731.570351  NaN   NaN       NaN        NaN
939  2025-04-23 10:40:49.919125     NaN     NaN     NaN  81735.00  ...  81731.677527  NaN   NaN       NaN        NaN
940  2025-04-23 10:40:49.919125     NaN     NaN     NaN  81735.00  ...  81731.781355  NaN   NaN       NaN        NaN
941  2025-04-23 10:40:49.919125     NaN     NaN     NaN  81735.00  ...  81731.881937  NaN   NaN       NaN        NaN
942  2025-04-23 10:40:49.919125     NaN     NaN     NaN  81735.00  ...  81731.979377  NaN   NaN       NaN        NaN

[943 rows x 13 columns]
2025-04-23 10:40:50,485 INFO:Final row: {'timestamp': Timestamp('2025-04-23 10:40:49.919125'), 'open': nan, 'high': nan, 'low': nan, 'close': 81735.0, 'volume': nan, 'short': 81734.99933171671, 'middle': 81734.3832528478, 'long': 81731.97937665209, 'buy': nan, 'sell': nan, 'buy_exit': nan, 'sell_exit': nan}
2025-04-23 10:40:50,485 INFO:Buy exit signal received
2025-04-23 10:40:50,485 INFO:Sell exit signal received
2025-04-23 10:40:50,485 INFO:Entering while loop with trade_count: 1
2025-04-23 10:40:50,550 INFO:Combined historical with live algo:                       timestamp    open    high     low     close  ...          long  buy  sell  buy_exit  sell_exit
0     2025-04-22 09:15:00+05:30  821.10  821.10  817.00    818.80  ...    818.800000  NaN   NaN       NaN        NaN
1     2025-04-22 09:16:00+05:30  818.75  818.75  814.60    814.60  ...    818.668750  NaN   NaN       NaN        NaN
2     2025-04-22 09:17:00+05:30  814.60  816.00  814.00    815.35  ...    818.565039  NaN   NaN       NaN        NaN
3     2025-04-22 09:18:00+05:30  815.30  816.00  814.75    815.50  ...    818.469257  NaN   NaN       NaN        NaN
4     2025-04-22 09:19:00+05:30  815.55  815.75  814.50    814.60  ...    818.348342  NaN   NaN       NaN        NaN
..                          ...     ...     ...     ...       ...  ...           ...  ...   ...       ...        ...
939  2025-04-23 10:40:49.919125     NaN     NaN     NaN  81735.00  ...  81731.677527  NaN   NaN       NaN        NaN
940  2025-04-23 10:40:49.919125     NaN     NaN     NaN  81735.00  ...  81731.781355  NaN   NaN       NaN        NaN
941  2025-04-23 10:40:49.919125     NaN     NaN     NaN  81735.00  ...  81731.881937  NaN   NaN       NaN        NaN
942  2025-04-23 10:40:49.919125     NaN     NaN     NaN  81735.00  ...  81731.979377  NaN   NaN       NaN        NaN
943  2025-04-23 10:40:49.919125     NaN     NaN     NaN  81735.00  ...  81732.073771  NaN   NaN       NaN        NaN

[944 rows x 13 columns]
2025-04-23 10:40:50,551 INFO:Final row: {'timestamp': Timestamp('2025-04-23 10:40:49.919125'), 'open': nan, 'high': nan, 'low': nan, 'close': 81735.0, 'volume': nan, 'short': 81734.9995544778, 'middle': 81734.43932077072, 'long': 81732.0737711317, 'buy': nan, 'sell': nan, 'buy_exit': nan, 'sell_exit': nan}
2025-04-23 10:40:50,551 INFO:Buy exit signal received
2025-04-23 10:40:50,551 INFO:Sell exit signal received
2025-04-23 10:40:50,551 INFO:Entering while loop with trade_count: 1
2025-04-23 10:40:50,608 INFO:Combined historical with live algo:                       timestamp    open    high     low     close  ...          long  buy  sell  buy_exit  sell_exit
0     2025-04-22 09:15:00+05:30  821.10  821.10  817.00    818.80  ...    818.800000  NaN   NaN       NaN        NaN
1     2025-04-22 09:16:00+05:30  818.75  818.75  814.60    814.60  ...    818.668750  NaN   NaN       NaN        NaN
2     2025-04-22 09:17:00+05:30  814.60  816.00  814.00    815.35  ...    818.565039  NaN   NaN       NaN        NaN
3     2025-04-22 09:18:00+05:30  815.30  816.00  814.75    815.50  ...    818.469257  NaN   NaN       NaN        NaN
4     2025-04-22 09:19:00+05:30  815.55  815.75  814.50    814.60  ...    818.348342  NaN   NaN       NaN        NaN
..                          ...     ...     ...     ...       ...  ...           ...  ...   ...       ...        ...
940  2025-04-23 10:40:49.919125     NaN     NaN     NaN  81735.00  ...  81731.781355  NaN   NaN       NaN        NaN
941  2025-04-23 10:40:49.919125     NaN     NaN     NaN  81735.00  ...  81731.881937  NaN   NaN       NaN        NaN
942  2025-04-23 10:40:49.919125     NaN     NaN     NaN  81735.00  ...  81731.979377  NaN   NaN       NaN        NaN
943  2025-04-23 10:40:49.919125     NaN     NaN     NaN  81735.00  ...  81732.073771  NaN   NaN       NaN        NaN
944  2025-04-23 10:40:50.516632     NaN     NaN     NaN  81740.00  ...  81732.321466  NaN   NaN       NaN        NaN

[945 rows x 13 columns]
2025-04-23 10:40:50,608 INFO:Final row: {'timestamp': Timestamp('2025-04-23 10:40:50.516632'), 'open': nan, 'high': nan, 'low': nan, 'close': 81740.0, 'volume': nan, 'short': 81736.66636965188, 'middle': 81734.94483706428, 'long': 81732.32146578384, 'buy': nan, 'sell': nan, 'buy_exit': nan, 'sell_exit': nan}
2025-04-23 10:40:50,608 INFO:Buy exit signal received
2025-04-23 10:40:50,608 INFO:Sell exit signal received
2025-04-23 10:40:50,608 INFO:Entering while loop with trade_count: 1
2025-04-23 10:40:50,664 INFO:Combined historical with live algo:                       timestamp    open    high     low     close  ...          long  buy  sell  buy_exit  sell_exit
0     2025-04-22 09:15:00+05:30  821.10  821.10  817.00    818.80  ...    818.800000  NaN   NaN       NaN        NaN
1     2025-04-22 09:16:00+05:30  818.75  818.75  814.60    814.60  ...    818.668750  NaN   NaN       NaN        NaN
2     2025-04-22 09:17:00+05:30  814.60  816.00  814.00    815.35  ...    818.565039  NaN   NaN       NaN        NaN
3     2025-04-22 09:18:00+05:30  815.30  816.00  814.75    815.50  ...    818.469257  NaN   NaN       NaN        NaN
4     2025-04-22 09:19:00+05:30  815.55  815.75  814.50    814.60  ...    818.348342  NaN   NaN       NaN        NaN
..                          ...     ...     ...     ...       ...  ...           ...  ...   ...       ...        ...
941  2025-04-23 10:40:49.919125     NaN     NaN     NaN  81735.00  ...  81731.881937  NaN   NaN       NaN        NaN
942  2025-04-23 10:40:49.919125     NaN     NaN     NaN  81735.00  ...  81731.979377  NaN   NaN       NaN        NaN
943  2025-04-23 10:40:49.919125     NaN     NaN     NaN  81735.00  ...  81732.073771  NaN   NaN       NaN        NaN
944  2025-04-23 10:40:50.516632     NaN     NaN     NaN  81740.00  ...  81732.321466  NaN   NaN       NaN        NaN
945  2025-04-23 10:40:50.516632     NaN     NaN     NaN  81740.00  ...  81732.561420  NaN   NaN       NaN        NaN

[946 rows x 13 columns]
2025-04-23 10:40:50,667 INFO:Final row: {'timestamp': Timestamp('2025-04-23 10:40:50.516632'), 'open': nan, 'high': nan, 'low': nan, 'close': 81740.0, 'volume': nan, 'short': 81737.77757976792, 'middle': 81735.40439733116, 'long': 81732.5614199781, 'buy': nan, 'sell': nan, 'buy_exit': nan, 'sell_exit': nan}
2025-04-23 10:40:50,667 INFO:Buy exit signal received
2025-04-23 10:40:50,667 INFO:Sell exit signal received
2025-04-23 10:40:50,667 INFO:Entering while loop with trade_count: 1
2025-04-23 10:40:50,724 INFO:Combined historical with live algo:                       timestamp    open    high     low     close  ...          long  buy  sell  buy_exit  sell_exit
0     2025-04-22 09:15:00+05:30  821.10  821.10  817.00    818.80  ...    818.800000  NaN   NaN       NaN        NaN
1     2025-04-22 09:16:00+05:30  818.75  818.75  814.60    814.60  ...    818.668750  NaN   NaN       NaN        NaN
2     2025-04-22 09:17:00+05:30  814.60  816.00  814.00    815.35  ...    818.565039  NaN   NaN       NaN        NaN
3     2025-04-22 09:18:00+05:30  815.30  816.00  814.75    815.50  ...    818.469257  NaN   NaN       NaN        NaN
4     2025-04-22 09:19:00+05:30  815.55  815.75  814.50    814.60  ...    818.348342  NaN   NaN       NaN        NaN
..                          ...     ...     ...     ...       ...  ...           ...  ...   ...       ...        ...
942  2025-04-23 10:40:49.919125     NaN     NaN     NaN  81735.00  ...  81731.979377  NaN   NaN       NaN        NaN
943  2025-04-23 10:40:49.919125     NaN     NaN     NaN  81735.00  ...  81732.073771  NaN   NaN       NaN        NaN
944  2025-04-23 10:40:50.516632     NaN     NaN     NaN  81740.00  ...  81732.321466  NaN   NaN       NaN        NaN
945  2025-04-23 10:40:50.516632     NaN     NaN     NaN  81740.00  ...  81732.561420  NaN   NaN       NaN        NaN
946  2025-04-23 10:40:50.516632     NaN     NaN     NaN  81740.00  ...  81732.793876  NaN   NaN       NaN        NaN

[947 rows x 13 columns]
2025-04-23 10:40:50,731 INFO:Final row: {'timestamp': Timestamp('2025-04-23 10:40:50.516632'), 'open': nan, 'high': nan, 'low': nan, 'close': 81740.0, 'volume': nan, 'short': 81738.51838651195, 'middle': 81735.82217939197, 'long': 81732.79387560378, 'buy': nan, 'sell': nan, 'buy_exit': nan, 'sell_exit': nan}
2025-04-23 10:40:50,731 INFO:Buy exit signal received
2025-04-23 10:40:50,733 INFO:Sell exit signal received
2025-04-23 10:40:50,733 INFO:Entering while loop with trade_count: 1
2025-04-23 10:40:50,785 INFO:Combined historical with live algo:                       timestamp    open    high     low     close  ...          long  buy  sell  buy_exit  sell_exit
0     2025-04-22 09:15:00+05:30  821.10  821.10  817.00    818.80  ...    818.800000  NaN   NaN       NaN        NaN
1     2025-04-22 09:16:00+05:30  818.75  818.75  814.60    814.60  ...    818.668750  NaN   NaN       NaN        NaN
2     2025-04-22 09:17:00+05:30  814.60  816.00  814.00    815.35  ...    818.565039  NaN   NaN       NaN        NaN
3     2025-04-22 09:18:00+05:30  815.30  816.00  814.75    815.50  ...    818.469257  NaN   NaN       NaN        NaN
4     2025-04-22 09:19:00+05:30  815.55  815.75  814.50    814.60  ...    818.348342  NaN   NaN       NaN        NaN
..                          ...     ...     ...     ...       ...  ...           ...  ...   ...       ...        ...
943  2025-04-23 10:40:49.919125     NaN     NaN     NaN  81735.00  ...  81732.073771  NaN   NaN       NaN        NaN
944  2025-04-23 10:40:50.516632     NaN     NaN     NaN  81740.00  ...  81732.321466  NaN   NaN       NaN        NaN
945  2025-04-23 10:40:50.516632     NaN     NaN     NaN  81740.00  ...  81732.561420  NaN   NaN       NaN        NaN
946  2025-04-23 10:40:50.516632     NaN     NaN     NaN  81740.00  ...  81732.793876  NaN   NaN       NaN        NaN
947  2025-04-23 10:40:50.516632     NaN     NaN     NaN  81740.00  ...  81733.019067  NaN   NaN       NaN        NaN

[948 rows x 13 columns]
2025-04-23 10:40:50,785 INFO:Final row: {'timestamp': Timestamp('2025-04-23 10:40:50.516632'), 'open': nan, 'high': nan, 'low': nan, 'close': 81740.0, 'volume': nan, 'short': 81739.01225767464, 'middle': 81736.20198126542, 'long': 81733.01906699115, 'buy': nan, 'sell': nan, 'buy_exit': nan, 'sell_exit': nan}
2025-04-23 10:40:50,785 INFO:Buy exit signal received
2025-04-23 10:40:50,785 INFO:Sell exit signal received
2025-04-23 10:40:50,785 INFO:Entering while loop with trade_count: 1
2025-04-23 10:40:50,842 INFO:Combined historical with live algo:                       timestamp    open    high     low     close  ...          long  buy  sell  buy_exit  sell_exit
0     2025-04-22 09:15:00+05:30  821.10  821.10  817.00    818.80  ...    818.800000  NaN   NaN       NaN        NaN
1     2025-04-22 09:16:00+05:30  818.75  818.75  814.60    814.60  ...    818.668750  NaN   NaN       NaN        NaN
2     2025-04-22 09:17:00+05:30  814.60  816.00  814.00    815.35  ...    818.565039  NaN   NaN       NaN        NaN
3     2025-04-22 09:18:00+05:30  815.30  816.00  814.75    815.50  ...    818.469257  NaN   NaN       NaN        NaN
4     2025-04-22 09:19:00+05:30  815.55  815.75  814.50    814.60  ...    818.348342  NaN   NaN       NaN        NaN
..                          ...     ...     ...     ...       ...  ...           ...  ...   ...       ...        ...
944  2025-04-23 10:40:50.516632     NaN     NaN     NaN  81740.00  ...  81732.321466  NaN   NaN       NaN        NaN
945  2025-04-23 10:40:50.516632     NaN     NaN     NaN  81740.00  ...  81732.561420  NaN   NaN       NaN        NaN
946  2025-04-23 10:40:50.516632     NaN     NaN     NaN  81740.00  ...  81732.793876  NaN   NaN       NaN        NaN
947  2025-04-23 10:40:50.516632     NaN     NaN     NaN  81740.00  ...  81733.019067  NaN   NaN       NaN        NaN
948  2025-04-23 10:40:50.516632     NaN     NaN     NaN  81740.00  ...  81733.237221  NaN   NaN       NaN        NaN

[949 rows x 13 columns]
2025-04-23 10:40:50,842 INFO:Final row: {'timestamp': Timestamp('2025-04-23 10:40:50.516632'), 'open': nan, 'high': nan, 'low': nan, 'close': 81740.0, 'volume': nan, 'short': 81739.34150511643, 'middle': 81736.54725569583, 'long': 81733.23722114768, 'buy': nan, 'sell': nan, 'buy_exit': nan, 'sell_exit': nan}
2025-04-23 10:40:50,842 INFO:Buy exit signal received
2025-04-23 10:40:50,842 INFO:Sell exit signal received
2025-04-23 10:40:50,842 INFO:Entering while loop with trade_count: 1
2025-04-23 10:40:50,898 INFO:Combined historical with live algo:                       timestamp    open    high     low     close  ...          long  buy  sell  buy_exit  sell_exit
0     2025-04-22 09:15:00+05:30  821.10  821.10  817.00    818.80  ...    818.800000  NaN   NaN       NaN        NaN
1     2025-04-22 09:16:00+05:30  818.75  818.75  814.60    814.60  ...    818.668750  NaN   NaN       NaN        NaN
2     2025-04-22 09:17:00+05:30  814.60  816.00  814.00    815.35  ...    818.565039  NaN   NaN       NaN        NaN
3     2025-04-22 09:18:00+05:30  815.30  816.00  814.75    815.50  ...    818.469257  NaN   NaN       NaN        NaN
4     2025-04-22 09:19:00+05:30  815.55  815.75  814.50    814.60  ...    818.348342  NaN   NaN       NaN        NaN
..                          ...     ...     ...     ...       ...  ...           ...  ...   ...       ...        ...
945  2025-04-23 10:40:50.516632     NaN     NaN     NaN  81740.00  ...  81732.561420  NaN   NaN       NaN        NaN
946  2025-04-23 10:40:50.516632     NaN     NaN     NaN  81740.00  ...  81732.793876  NaN   NaN       NaN        NaN
947  2025-04-23 10:40:50.516632     NaN     NaN     NaN  81740.00  ...  81733.019067  NaN   NaN       NaN        NaN
948  2025-04-23 10:40:50.516632     NaN     NaN     NaN  81740.00  ...  81733.237221  NaN   NaN       NaN        NaN
949  2025-04-23 10:40:50.516632     NaN     NaN     NaN  81740.00  ...  81733.448558  NaN   NaN       NaN        NaN

[950 rows x 13 columns]
2025-04-23 10:40:50,900 INFO:Final row: {'timestamp': Timestamp('2025-04-23 10:40:50.516632'), 'open': nan, 'high': nan, 'low': nan, 'close': 81740.0, 'volume': nan, 'short': 81739.56100341096, 'middle': 81736.86114154165, 'long': 81733.4485579868, 'buy': nan, 'sell': nan, 'buy_exit': nan, 'sell_exit': nan}
2025-04-23 10:40:50,900 INFO:Buy exit signal received
2025-04-23 10:40:50,900 INFO:Sell exit signal received
2025-04-23 10:40:50,900 INFO:Entering while loop with trade_count: 1
2025-04-23 10:40:50,951 INFO:Combined historical with live algo:                       timestamp    open    high     low     close  ...          long  buy  sell  buy_exit  sell_exit
0     2025-04-22 09:15:00+05:30  821.10  821.10  817.00    818.80  ...    818.800000  NaN   NaN       NaN        NaN
1     2025-04-22 09:16:00+05:30  818.75  818.75  814.60    814.60  ...    818.668750  NaN   NaN       NaN        NaN
2     2025-04-22 09:17:00+05:30  814.60  816.00  814.00    815.35  ...    818.565039  NaN   NaN       NaN        NaN
3     2025-04-22 09:18:00+05:30  815.30  816.00  814.75    815.50  ...    818.469257  NaN   NaN       NaN        NaN
4     2025-04-22 09:19:00+05:30  815.55  815.75  814.50    814.60  ...    818.348342  NaN   NaN       NaN        NaN
..                          ...     ...     ...     ...       ...  ...           ...  ...   ...       ...        ...
946  2025-04-23 10:40:50.516632     NaN     NaN     NaN  81740.00  ...  81732.793876  NaN   NaN       NaN        NaN
947  2025-04-23 10:40:50.516632     NaN     NaN     NaN  81740.00  ...  81733.019067  NaN   NaN       NaN        NaN
948  2025-04-23 10:40:50.516632     NaN     NaN     NaN  81740.00  ...  81733.237221  NaN   NaN       NaN        NaN
949  2025-04-23 10:40:50.516632     NaN     NaN     NaN  81740.00  ...  81733.448558  NaN   NaN       NaN        NaN
950  2025-04-23 10:40:50.516632     NaN     NaN     NaN  81740.00  ...  81733.653291  NaN   NaN       NaN        NaN

[951 rows x 13 columns]
2025-04-23 10:40:50,951 INFO:Final row: {'timestamp': Timestamp('2025-04-23 10:40:50.516632'), 'open': nan, 'high': nan, 'low': nan, 'close': 81740.0, 'volume': nan, 'short': 81739.70733560731, 'middle': 81737.14649231058, 'long': 81733.65329054972, 'buy': nan, 'sell': nan, 'buy_exit': nan, 'sell_exit': nan}
2025-04-23 10:40:50,951 INFO:Buy exit signal received
2025-04-23 10:40:50,951 INFO:Sell exit signal received
2025-04-23 10:40:50,951 INFO:Entering while loop with trade_count: 1
2025-04-23 10:40:51,003 INFO:Combined historical with live algo:                       timestamp    open    high     low     close  ...          long  buy  sell  buy_exit  sell_exit
0     2025-04-22 09:15:00+05:30  821.10  821.10  817.00    818.80  ...    818.800000  NaN   NaN       NaN        NaN
1     2025-04-22 09:16:00+05:30  818.75  818.75  814.60    814.60  ...    818.668750  NaN   NaN       NaN        NaN
2     2025-04-22 09:17:00+05:30  814.60  816.00  814.00    815.35  ...    818.565039  NaN   NaN       NaN        NaN
3     2025-04-22 09:18:00+05:30  815.30  816.00  814.75    815.50  ...    818.469257  NaN   NaN       NaN        NaN
4     2025-04-22 09:19:00+05:30  815.55  815.75  814.50    814.60  ...    818.348342  NaN   NaN       NaN        NaN
..                          ...     ...     ...     ...       ...  ...           ...  ...   ...       ...        ...
947  2025-04-23 10:40:50.516632     NaN     NaN     NaN  81740.00  ...  81733.019067  NaN   NaN       NaN        NaN
948  2025-04-23 10:40:50.516632     NaN     NaN     NaN  81740.00  ...  81733.237221  NaN   NaN       NaN        NaN
949  2025-04-23 10:40:50.516632     NaN     NaN     NaN  81740.00  ...  81733.448558  NaN   NaN       NaN        NaN
950  2025-04-23 10:40:50.516632     NaN     NaN     NaN  81740.00  ...  81733.653291  NaN   NaN       NaN        NaN
951  2025-04-23 10:40:50.516632     NaN     NaN     NaN  81740.00  ...  81733.851625  NaN   NaN       NaN        NaN

[952 rows x 13 columns]
2025-04-23 10:40:51,006 INFO:Final row: {'timestamp': Timestamp('2025-04-23 10:40:50.516632'), 'open': nan, 'high': nan, 'low': nan, 'close': 81740.0, 'volume': nan, 'short': 81739.80489040488, 'middle': 81737.40590210052, 'long': 81733.85162522004, 'buy': nan, 'sell': nan, 'buy_exit': nan, 'sell_exit': nan}
2025-04-23 10:40:51,006 INFO:Buy exit signal received
2025-04-23 10:40:51,006 INFO:Sell exit signal received
2025-04-23 10:40:51,006 INFO:Entering while loop with trade_count: 1
2025-04-23 10:40:51,060 INFO:Combined historical with live algo:                       timestamp    open    high     low     close  ...          long  buy  sell  buy_exit  sell_exit
0     2025-04-22 09:15:00+05:30  821.10  821.10  817.00    818.80  ...    818.800000  NaN   NaN       NaN        NaN
1     2025-04-22 09:16:00+05:30  818.75  818.75  814.60    814.60  ...    818.668750  NaN   NaN       NaN        NaN
2     2025-04-22 09:17:00+05:30  814.60  816.00  814.00    815.35  ...    818.565039  NaN   NaN       NaN        NaN
3     2025-04-22 09:18:00+05:30  815.30  816.00  814.75    815.50  ...    818.469257  NaN   NaN       NaN        NaN
4     2025-04-22 09:19:00+05:30  815.55  815.75  814.50    814.60  ...    818.348342  NaN   NaN       NaN        NaN
..                          ...     ...     ...     ...       ...  ...           ...  ...   ...       ...        ...
948  2025-04-23 10:40:50.516632     NaN     NaN     NaN  81740.00  ...  81733.237221  NaN   NaN       NaN        NaN
949  2025-04-23 10:40:50.516632     NaN     NaN     NaN  81740.00  ...  81733.448558  NaN   NaN       NaN        NaN
950  2025-04-23 10:40:50.516632     NaN     NaN     NaN  81740.00  ...  81733.653291  NaN   NaN       NaN        NaN
951  2025-04-23 10:40:50.516632     NaN     NaN     NaN  81740.00  ...  81733.851625  NaN   NaN       NaN        NaN
952  2025-04-23 10:40:50.516632     NaN     NaN     NaN  81740.00  ...  81734.043762  NaN   NaN       NaN        NaN

[953 rows x 13 columns]
2025-04-23 10:40:51,060 INFO:Final row: {'timestamp': Timestamp('2025-04-23 10:40:50.516632'), 'open': nan, 'high': nan, 'low': nan, 'close': 81740.0, 'volume': nan, 'short': 81739.86992693659, 'middle': 81737.64172918229, 'long': 81734.04376193191, 'buy': nan, 'sell': nan, 'buy_exit': nan, 'sell_exit': nan}
2025-04-23 10:40:51,065 INFO:Buy exit signal received
2025-04-23 10:40:51,065 INFO:Sell exit signal received
2025-04-23 10:40:51,065 INFO:Entering while loop with trade_count: 1
2025-04-23 10:40:51,133 INFO:Combined historical with live algo:                       timestamp    open    high     low     close  ...          long  buy  sell  buy_exit  sell_exit
0     2025-04-22 09:15:00+05:30  821.10  821.10  817.00    818.80  ...    818.800000  NaN   NaN       NaN        NaN
1     2025-04-22 09:16:00+05:30  818.75  818.75  814.60    814.60  ...    818.668750  NaN   NaN       NaN        NaN
2     2025-04-22 09:17:00+05:30  814.60  816.00  814.00    815.35  ...    818.565039  NaN   NaN       NaN        NaN
3     2025-04-22 09:18:00+05:30  815.30  816.00  814.75    815.50  ...    818.469257  NaN   NaN       NaN        NaN
4     2025-04-22 09:19:00+05:30  815.55  815.75  814.50    814.60  ...    818.348342  NaN   NaN       NaN        NaN
..                          ...     ...     ...     ...       ...  ...           ...  ...   ...       ...        ...
949  2025-04-23 10:40:50.516632     NaN     NaN     NaN  81740.00  ...  81733.448558  NaN   NaN       NaN        NaN
950  2025-04-23 10:40:50.516632     NaN     NaN     NaN  81740.00  ...  81733.653291  NaN   NaN       NaN        NaN
951  2025-04-23 10:40:50.516632     NaN     NaN     NaN  81740.00  ...  81733.851625  NaN   NaN       NaN        NaN
952  2025-04-23 10:40:50.516632     NaN     NaN     NaN  81740.00  ...  81734.043762  NaN   NaN       NaN        NaN
953  2025-04-23 10:40:51.034731     NaN     NaN     NaN  81715.00  ...  81733.448644  NaN   NaN       NaN        NaN

[954 rows x 13 columns]
2025-04-23 10:40:51,133 INFO:Final row: {'timestamp': Timestamp('2025-04-23 10:40:51.034731'), 'open': nan, 'high': nan, 'low': nan, 'close': 81715.0, 'volume': nan, 'short': 81731.57995129106, 'middle': 81735.58339016572, 'long': 81733.44864437154, 'buy': nan, 'sell': nan, 'buy_exit': nan, 'sell_exit': nan}
2025-04-23 10:40:51,133 INFO:Buy exit signal received
2025-04-23 10:40:51,133 INFO:Sell exit signal received
2025-04-23 10:40:51,133 INFO:Entering while loop with trade_count: 1
2025-04-23 10:40:51,201 INFO:Combined historical with live algo:                       timestamp    open    high     low     close  ...          long  buy  sell  buy_exit  sell_exit
0     2025-04-22 09:15:00+05:30  821.10  821.10  817.00    818.80  ...    818.800000  NaN   NaN       NaN        NaN
1     2025-04-22 09:16:00+05:30  818.75  818.75  814.60    814.60  ...    818.668750  NaN   NaN       NaN        NaN
2     2025-04-22 09:17:00+05:30  814.60  816.00  814.00    815.35  ...    818.565039  NaN   NaN       NaN        NaN
3     2025-04-22 09:18:00+05:30  815.30  816.00  814.75    815.50  ...    818.469257  NaN   NaN       NaN        NaN
4     2025-04-22 09:19:00+05:30  815.55  815.75  814.50    814.60  ...    818.348342  NaN   NaN       NaN        NaN
..                          ...     ...     ...     ...       ...  ...           ...  ...   ...       ...        ...
950  2025-04-23 10:40:50.516632     NaN     NaN     NaN  81740.00  ...  81733.653291  NaN   NaN       NaN        NaN
951  2025-04-23 10:40:50.516632     NaN     NaN     NaN  81740.00  ...  81733.851625  NaN   NaN       NaN        NaN
952  2025-04-23 10:40:50.516632     NaN     NaN     NaN  81740.00  ...  81734.043762  NaN   NaN       NaN        NaN
953  2025-04-23 10:40:51.034731     NaN     NaN     NaN  81715.00  ...  81733.448644  NaN   NaN       NaN        NaN
954  2025-04-23 10:40:51.034731     NaN     NaN     NaN  81715.00  ...  81732.872124  NaN   NaN       NaN        NaN

[955 rows x 13 columns]
2025-04-23 10:40:51,201 INFO:Final row: {'timestamp': Timestamp('2025-04-23 10:40:51.034731'), 'open': nan, 'high': nan, 'low': nan, 'close': 81715.0, 'volume': nan, 'short': 81726.05330086072, 'middle': 81733.71217287793, 'long': 81732.87212423493, 'buy': nan, 'sell': nan, 'buy_exit': nan, 'sell_exit': nan}
2025-04-23 10:40:51,201 INFO:Buy exit signal received
2025-04-23 10:40:51,201 INFO:Sell exit signal received
2025-04-23 10:40:51,201 INFO:Entering while loop with trade_count: 1
2025-04-23 10:40:51,266 INFO:Combined historical with live algo:                       timestamp    open    high     low     close  ...          long  buy  sell  buy_exit  sell_exit
0     2025-04-22 09:15:00+05:30  821.10  821.10  817.00    818.80  ...    818.800000  NaN   NaN       NaN        NaN
1     2025-04-22 09:16:00+05:30  818.75  818.75  814.60    814.60  ...    818.668750  NaN   NaN       NaN        NaN
2     2025-04-22 09:17:00+05:30  814.60  816.00  814.00    815.35  ...    818.565039  NaN   NaN       NaN        NaN
3     2025-04-22 09:18:00+05:30  815.30  816.00  814.75    815.50  ...    818.469257  NaN   NaN       NaN        NaN
4     2025-04-22 09:19:00+05:30  815.55  815.75  814.50    814.60  ...    818.348342  NaN   NaN       NaN        NaN
..                          ...     ...     ...     ...       ...  ...           ...  ...   ...       ...        ...
951  2025-04-23 10:40:50.516632     NaN     NaN     NaN  81740.00  ...  81733.851625  NaN   NaN       NaN        NaN
952  2025-04-23 10:40:50.516632     NaN     NaN     NaN  81740.00  ...  81734.043762  NaN   NaN       NaN        NaN
953  2025-04-23 10:40:51.034731     NaN     NaN     NaN  81715.00  ...  81733.448644  NaN   NaN       NaN        NaN
954  2025-04-23 10:40:51.034731     NaN     NaN     NaN  81715.00  ...  81732.872124  NaN   NaN       NaN        NaN
955  2025-04-23 10:40:51.034731     NaN     NaN     NaN  81715.00  ...  81732.313620  NaN   1.0       NaN        NaN

[956 rows x 13 columns]
2025-04-23 10:40:51,267 INFO:Final row: {'timestamp': Timestamp('2025-04-23 10:40:51.034731'), 'open': nan, 'high': nan, 'low': nan, 'close': 81715.0, 'volume': nan, 'short': 81722.36886724048, 'middle': 81732.01106625267, 'long': 81732.31362035258, 'buy': nan, 'sell': 1.0, 'buy_exit': nan, 'sell_exit': nan}
2025-04-23 10:40:51,267 INFO:Sell signal received
2025-04-23 10:40:51,267 INFO:Order params for sell: {'variety': 'NORMAL', 'tradingsymbol': 'SBIN-EQ', 'symboltoken': '3045', 'transactiontype': 'SELL', 'exchange': 'NSE', 'ordertype': 'MARKET', 'producttype': 'INTRADAY', 'duration': 'DAY', 'price': '0', 'squareoff': '0', 'stoploss': '0', 'quantity': 150}
2025-04-23 10:40:51,907 INFO:Order placed for user_id=1, stock_token=3045
2025-04-23 10:40:51,910 INFO:Buy exit signal received
2025-04-23 10:40:51,910 INFO:Sell exit signal received
2025-04-23 10:40:51,910 INFO:Entering while loop with trade_count: 0
2025-04-23 10:40:51,910 INFO:Exiting while loop as trade_count is less than or equal to 0
